Mario Party 4 -- native port, PowerPC Edition 0.9.16 (milestone M48)
port> machine: model PowerMac3,5, 2 CPUs at 1000 MHz, 7450 (G4), AltiVec yes, 1536 MB RAM, Mac OS X 10.5.4
port> machine: GL ATI Technologies Inc. / ATI Radeon 9000 OpenGL Engine / 1.3 ATI-1.5.28, VRAM 64 MB, 6 texture units, max texture 2048
port> machine:   GL_ARB_multitexture                  present  required
port> machine:   GL_ARB_texture_env_combine           present  required
port> machine:   GL_ARB_texture_env_crossbar          present  required
port> machine:   GL_ATI_texture_env_combine3          present  required
port> machine:   GL_EXT_secondary_color               present  required
port> machine:   GL_ARB_vertex_program                present  degraded without
port> machine:   GL_APPLE_vertex_array_range          present  degraded without
port> machine:   GL_APPLE_fence                       present  degraded without
port> machine:   GL_EXT_multi_draw_arrays             present  degraded without
port> machine:   GL_EXT_blend_subtract                present  degraded without
port> machine:   GL_EXT_gpu_program_parameters        present  optional
port> machine:   GL_EXT_fog_coord                     present  optional
port> machine:   GL_EXT_texture_compression_s3tc      present  optional
port> machine:   GL_ARB_depth_texture                 MISSING  optional
port> machine:   GL_ATI_text_fragment_shader          present  not used
port> machine: verdict ok
port> machine:   - every probe within the G4's envelope
port> machine: tier: the reference class (dual 1 GHz G4, 64 MB Radeon 9000 or better), whose promise is 30 fps everywhere: 75 of 82 screens there today (0.9.16, docs/fps-scoreboard.md)
port> machine: applying --resident 256 (1536 MB of RAM; 0 under 768 MB, 128 at 1 GB, 256 at 1.5 GB+, 584 MB kept for the OS and the game)
port> machine: the roulette prefetch is on (every machine; --noprefetch)
port> machine: coroutine stacks x2 over the game's sizes (the default since M31; --stackmul N)
port> DVD: disc image /Users/zach/MarioParty4/mp4.nkit.iso, 357 files in the FST
port> GL: ATI Radeon 9000 OpenGL Engine / 1.3 ATI-1.5.28, 6 texture units
port> GL feature set used: combine3 1, crossbar 1, s3tc 1, blend_subtract 1, depth_texture 0, text_fragment_shader 1, 6 units
---- vprog probe ----
GL_ARB_vertex_program                     present
MAX_PROGRAM_INSTRUCTIONS            262144
MAX_PROGRAM_NATIVE_INSTRUCTIONS        128
MAX_PROGRAM_PARAMETERS                1024
MAX_PROGRAM_NATIVE_PARAMETERS          192
MAX_PROGRAM_TEMPORARIES              65535
MAX_PROGRAM_NATIVE_TEMPORARIES          12
MAX_PROGRAM_ATTRIBS                     32
MAX_PROGRAM_NATIVE_ATTRIBS              16
MAX_PROGRAM_ADDRESS_REGISTERS            2
MAX_PROGRAM_ENV_PARAMETERS             256
MAX_PROGRAM_LOCAL_PARAMETERS          1024
GL_EXT_gpu_program_parameters       present (one call per palette upload)
trivial program            loaded, 6 instructions (6 native), under native limits: YES
palette program (ARL)      loaded, 10 instructions (15 native), under native limits: YES
matrix palette             18 slots of 6 params from env[82]
---- end vprog probe ----
port> cpu: 2 cores (hw.ncpu); workers ON
port> loader: prefetch on (a thread); resident set 256 MB: 73 of the list's 73 files fit (103.1 of 103.1 MB), filling on the thread
port> vertex ring: 8192 KB in 4 chunks (+8192 KB static-geometry cache), vertex_array_range on, multi_draw_arrays yes
port> render thread: on, overlapped (the join at the gate) (--renderthread 3); stream 16384 KB
port> render thread: the display-list decode split per drawn frame between the two threads (auto, M33) (--rtdecode 3)
port> options: Mario Party 4 PowerPC Edition 0.9.16 (M48), the effective options
port> options: machine       ok: PowerMac3,5, 2 x 1000 MHz 7450 (G4), 1536 MB RAM, ATI Radeon 9000 OpenGL Engine, 64 MB VRAM, 6 units, OS 10.5.4
port> options: disc image    /Users/zach/MarioParty4/mp4.nkit.iso
port> options: data folder   /Users/zach/Library/Application Support/MarioParty4  (card image, config, log)
port> options: log           (stdout only)
port> options: fullscreen    0  (--noconfig: not remembered)
port> options: cores         2; workers on (--threads -1); render thread mode 3 (--renderthread -1: 0 direct, 1 inline twin, 2 joined, 3 overlapped); decode on it 3 (--rtdecode; 3 = auto)
port> options: pacing        realtime (deterministic clock); stack multiplier x2; texture budget 40 MB; resampler linear, depop on
port> options: loading       roulette prefetch on (--noprefetch); resident set 256 MB (--resident MB; the machine check's rule by the installed RAM)
port> options: every field of PortOptions (0/NULL = off or unset):
port> options:   image=/Users/zach/MarioParty4/mp4.nkit.iso  log=NULL  gxlog=0  deterministic=1  
port> options:   stub_trace=0  max_frames=9000  turbo=0  watchdog=0  verbose=0  reldir=NULL  gxdemo=0  
port> options:   reltest=0  memmap=0  guardtest=NULL  relzerobss=0  nodatareset=0  noaudio=0  glcheck=0  
port> options:   glinfo=0  seed=3838914000000000  perf=1  gxsplit=0  drawlog=0  dumptex=0  texhash_full=0  
port> options:   gxwarn=0  headless=0  dumpframe=800,3000,7000  shotdir=/Users/zach/fps-board-m48/front  
port> options:   scale=0  drawlog_frame=0  nocard=0  reldlclose=0  nopad=0  pad_debug=0  kbport=0  
port> options:   pad_play=board-start-com4.play  pad_record=NULL  scenelog=NULL  ovllog=1  nanwatch=0  
port> options:   wav=NULL  mute=0  audiolog=0  rtc=1041472800  rtc_set=1  rtc_seen=1  rtc_offset=0  
port> options:   card=NULL  freshcard=1  minigame=NULL  com4=1  cast=NULL  dvdheap=0  turns=0  status=1  
port> options:   stuckwatch=0  soak=0  depop=1  resample4=0  clickstat=0  dlcache=0  vcache=3  
port> options:   vcache_mb=8  vcache_fit=28  vcache_vbo=0  cardwait=0  synclog=0  noaicb=0  olddecode=0  
port> options:   perfwin=NULL  nodraw=0  ffto=0  ffto_warm=1  snap_every=0  snap_keep=3  snap_dir=NULL  
port> options:   restore=NULL  snap_now=0  snapdiff=0  vprobe=0  cpuxf=0  vprogstats=0  vproglog=0  
port> options:   oldtev=0  tevstats=0  oldnulltev=0  tlutlog=0  oldsubmit=0  novar=0  batchmax=0  
port> options:   segrebase=0  gltrace=0  endlog=NULL  nomerge=0  nomultidraw=0  noindexed=1  nohilite=0  
port> options:   noenvbulk=0  nofixbase=0  submitstats=0  nohilitetex=0  nocopyhalf=0  copylog=0  
port> options:   noefbflip=0  oldfirsthash=0  norekey=0  dumpcopy=0  notint=0  tintlog=0  texdecodelog=0  
port> options:   threads=-1  nomixthread=0  renderthread=-1  rtsplit=0  rtgate_ms=4  stackmul=2  
port> options:   rtdecode=-1  rtauto_fit_ms=30  rtauto_max=0.75  fake_machine=NULL  machinecheck=0  
port> options:   force=0  mgdump=NULL  mgend=0  viewtexgen=0  nrmfrac0=0  vtxdivide=0  mghold=0  
port> options:   fullscreen=0  fullscreen_set=0  noconfig=1  print_defaults=0  print_keys=0  
port> options:   texbudget_set=0  predecode=0  predecodelog=0  regfix2dbg=0  lazyflush=0  premerge_max=0  
port> options:   cmpmask=8191  oldkonst=0  tfs=0  tfsprobe=0  tfslog=0  tfsdbg=0  tfsnorebind=0  
port> options:   tfscopycpu=0  tfssqcopy=0  tfsmtx=0  tfsforcebind=0  tfsenvreset=0  tfsdump=0  tfsall=0  
port> options:   oldspec0=0  nolitalpha=0  oldczero=0  clrasclr=0  nohoistmtx=0  nofastconcat=0  
port> options:   nostripes=0  nounitmemo=0  norotmemo=0  nopacklights=0  nofastsin=0  nomtxmemo=0  
port> options:   norotl=0  nowb=0  notexskip=0  nostripepool=0  giveitem=NULL  waterlook=1  pondlook=0  
port> options:   pondmix=0  wavegain=0  rgbcopy=0  novcposoff=1  nowaterpt=0  affinetex=0  halfwatch=0  
port> options:   presentdump=NULL  motlog=0  nolights=0  nopendlast=0  noskindecode=1  skinverify=0  
port> options:   oldvcskin=1  fullskinsig=0  noskindcbz=0  skinfree=0  oldwake=0  skinround=0  skinvec=0  
port> options:   dcbtdist=1  keytest=NULL  oldscissor=0  readbacktest=0  nodcbz=0  novpgen=0  
port> options:   notevdirty=0  noattrmemo=0  nowordhash=0  water=-1  watergrid=1  norastermemo=0  
port> options:   novcpos=0  wbpart=1  oldvtxjoin=0  rtgx=0  rtgx_fit=29  texmtxlog=0  maxbatchverts=0  
port> options:   skinreadwatch=0  nocompiled=1  compiled_mode=1  nocompiledpf=0  compiled_mb=8  glists=0  
port> options:   glists_mb=8  pmc=0  nomotionexec=0  nodirtyfilter=0  nodirty=0  oldakonst=0  mdposonly=0  
port> options:   mdmax=0  nospot=0  oldfog=0  noregchain=0  nocarry=0  forceobj=NULL  forceobj_flags=0  
port> options:   skipobj=NULL  zprepass=1  probeverts=0  skipverts=0  probeobj=NULL  nolinewidth=0  
port> options:   noregfix=0  realtime=1  lockstep=0  maxskip=0  
port> options:   perfdump=/Users/zach/fps-board-m48/front.csv  mpgl=0  olddecode2=0  altivec=0  nodcbt=0  
port> options:   olddecode3=0  decodestats=0  audiolead_set=0  audiolead=100  cpuskin=0  palette=0  
port> options:   nopalette=0  skinstats=0  palsize=0  palnoarl=0  palnofog=0  noskinlifetime=0  
port> options:   restore_lax=0  skindeferall=0  mixtrace=NULL  mixcheck=0  nosincos=0  snapsync=0  
port> options:   nomatwalk=0  nocurvememo=1  nosparsemtx=0  nofastsqrt=1  nodraw_user=0  noprefetch=0  
port> options:   resident=256  dvdlog=0  nomovies=1  thpyuv=0  gotoovl=NULL  board=0  boardcycle=0  
port> options:   boarddump=NULL  foldxbar=0  foldcap=0  thplog=0  nothpslice=0  thpguard_set=0  
port> options:   thpguard=60  
port> audio: 32000 Hz, 2 ch, 512-frame buffer, 256 KB ring (2048 ms)
port> --com4: all four players are CPU; instDll will dismiss its own instruction screen (src/REL/instDll/main.c:294)
port> frame mode: --realtime (retrace at 60 Hz on the wall clock, present at most every 2nd retrace, at least every 6th; --lockstep for the old gate)
port> audio: 100 ms of lead queued ahead of the mix (--audiolead)
port> entering the game's own main()

port> OSInit: MEM1 24 MB [0x3970000, 0x5170000), ARAM 16 MB, bus 162 MHz
port> OSInit: RTC pinned to 1041472800 (2003-01-02T02:00:00Z), OSGetTime origin 3838914000000000 ticks
port> DVDInit
port> VIInit
port> controls: a scripted run (--play/--record/--soak/--noconfig/--com4/--nopad): PowerPCube's controls file and gamecontrollerdb.txt are not read
port> PADInit: controller 1 = keyboard
port> PADInit: rumble not available on controller 1
port> PADInit: controllers 2-4 unplugged (reference config: CPU players)
port> pad: --play: board-start-com4.play -> /Users/zach/mp4-m48final.app/Contents/Resources/movies/board-start-com4.play
port> pad: --play board-start-com4.play: 460 directives, 0 marks
port> OSCreateHeap 0: 0x3a9c000..0x5170000 (23375 KB)
port> VIConfigure: 640x480 xfb, 640x480 efb, tv mode 0
port> GXInit: FIFO 0x3a9c00c, 1048576 bytes (the port keeps no FIFO; the write-gather writers are ordinary calls under TARGET_PC)
port> frame 1: overlay 0 (next 0) event 0
port> loader: list sound/mpgcsnd.msm 36823392 bytes in 427 ms, resident (asked at frame 0, done at 1)
port> roulette: frame 1 dealt mg 401 (m401dll, type 0)
port> OSCreateThread 0x259448 func 0x4210c (the soft-reset watcher; polled once per retrace, not run on a thread)
HuMem> left memory space 2383KB(2441120)
port> ARInit: 16 MB of ARAM
port> MusyX SAL: 32000 Hz, 4 x 640-byte AI buffers (20 ms), 32-sample sub-frame
port> musyx_mix: CPU mixer up, 50 voices, 1 studios, 32000 Hz
port> MusyX SAL: mixing started
port> musyx_aram: region [0x000000, 0x800000) zero_buf [0x000000, 0x000500) sample heap starts at 0x000500
port> AI: DMA callback registered (one call per 160-sample DSP frame)
port> CARD: --freshcard with no --card: using the scratch image /Users/zach/Library/Application Support/MarioParty4/scratch-slot-a.raw
            rather than formatting the save file next to it
port> CARD: slot A = /Users/zach/Library/Application Support/MarioParty4/scratch-slot-a.raw (--freshcard: formatted, 59 free blocks)
port> workers: the game thread's FPSCR control bits are 0x00 at job 0 (NI 0, RN 0)
DLL DBG OUT
objman>Call New Ovl 1(1)
port> frame 2: overlay -1 (next 1) event 0
++++++++++++++++++++ Start New OVL 1 (EVT:0 STAT:0x00000000) ++++++++++++++++++
======== HuMem heap dump 03b9c018 ========
MCB-----+Size----+MG+FL+Prev----+Next----+UNum----+Body----+Call----
03b9c018 0000a020 a5 01 03baa1f8 03ba6038 ffffff00 03b9c038 000088c4
03ba6038 000041c0 a5 01 03b9c018 03baa1f8 ffffff00 03ba6058 0003c558
03baa1f8 00231e20 cd 00 03ba6038 03b9c018 00000000 03baa218 0003c558
MCB:3(2/1) MEM:00240000(0000e1e0/00231e20)
======== HuMem heap dump 03b9c018 end =====
======== HuMem heap dump 03f1c030 ========
MCB-----+Size----+MG+FL+Prev----+Next----+UNum----+Body----+Call----
03f1c030 00a80000 cd 00 03f1c030 03f1c030 ffffff00 03f1c050 cdcdcdcd
MCB:1(0/1) MEM:00a80000(00000000/00a80000)
======== HuMem heap dump 03f1c030 end =====
======== HuMem heap dump 0499c03c ========
MCB-----+Size----+MG+FL+Prev----+Next----+UNum----+Body----+Call----
0499c03c 00580000 cd 00 0499c03c 0499c03c ffffff00 0499c05c cdcdcdcd
MCB:1(0/1) MEM:00580000(00000000/00580000)
======== HuMem heap dump 0499c03c end =====
objman>Used Memory Size:0000e1e0
objman>Used Memory Cnt:2
objman>Init esp
objman>Call objectsetup
DLLStart 1 0
Search:dll/bootdll.rel
objdll>Link DLL:dll/bootdll.rel
Rest Memory 580000
port> REL bundles: 99 in /Users/zach/mp4-m48final.app/Contents/MacOS/rels
===== DLL Module Info dump ====
                   ID:0x00000001
             LinkPrev:0x00000000
             LinkNext:0x00000000
          Section num:14
Section info tbl ofst:0x00000048
           nameOffset:0x00000000
             nameSize:47
              version:0x00000002
===============================
==== DLL Module Header dump ====
          bss Size:0x0000005c
        rel Offset:0x00005c9d
        imp Offset:0x00007a4d
    prolog Section:1
    epilog Section:1
unresolved Section:0
       prolog func:0x00000000
       epilog func:0x00000054
   unresolved func:0x00000000
================================
objdll>LinkOK 03baa578 30100000
objdll> dll/bootdll.rel prolog start
******* Boot ObjectSetup *********
objman>InitObjMan start
objman>InitObjMan end
objdll> dll/bootdll.rel prolog end
objman>ObjectSetup end
port> lazy flush: off; premerge: off (max 0 vertices an object) -- both measured and off by default, PLAN.md 37
port> matrix palette: off (opt-in: --palette; PLAN.md 33.2)
port> frame 3: overlay 1 (next -1) event 0
DLL DBG OUT
Rest Memory 57d540
ARAM Trans 808000
Rest Memory 55d020
ARAM Trans 80aaa0
Rest Memory 506400
ARAM Trans 82da60
Rest Memory 564f40
ARAM Trans 8a7640
Rest Memory 5395a0
data num 74000b
port> dvdheap: 3733270 bytes mode 1 num 10000000  caller 0x10fa8  caller2 0xeb4c
Rest Memory 1f08c0
port> stall: frame 35 took 131 ms (game 129 gx 1 present 1 aud 0) tex: 0 decoded (0 KB -> 0 KB) dec 0 up 0 hash 1 ms, 0 re-keyed; staged 0 (0 ms saved) claimed 0 unstaged 0; frees 9, dll 0 ms
port> status f60      bootdll      board 0 turn 0/0  mg 401 (m401dll)  coins/stars 0/0c 0/0c 0/0c 0/0c  aud 0.01 ms  speed 0%  0.0 fps presented  tex 1/2048 KB  rss 177 MB  res 103/256 MB  cpu 2  rt 0.3 ms dec 0.0+0.0  machine ok  ur 20
port> status f120     bootdll      board 0 turn 0/0  mg 401 (m401dll)  coins/stars 0/0c 0/0c 0/0c 0/0c  aud 0.01 ms  speed 100%  30.0 fps presented  tex 1/2048 KB  rss 177 MB  res 103/256 MB  cpu 2  rt 0.4 ms dec 0.0+0.0  machine ok  ur 20
port> status f180     bootdll      board 0 turn 0/0  mg 401 (m401dll)  coins/stars 0/0c 0/0c 0/0c 0/0c  aud 0.01 ms  speed 100%  30.0 fps presented  tex 1/2048 KB  rss 177 MB  res 103/256 MB  cpu 2  rt 0.2 ms dec 0.0+0.0  machine ok  ur 20
port> status f240     bootdll      board 0 turn 0/0  mg 401 (m401dll)  coins/stars 0/0c 0/0c 0/0c 0/0c  aud 0.01 ms  speed 100%  30.0 fps presented  tex 1/2048 KB  rss 177 MB  res 103/256 MB  cpu 2  rt 0.3 ms dec 0.0+0.0  machine ok  ur 20
port> status f300     bootdll      board 0 turn 0/0  mg 401 (m401dll)  coins/stars 0/0c 0/0c 0/0c 0/0c  aud 0.01 ms  speed 100%  29.0 fps presented  tex 2/4096 KB  rss 179 MB  res 103/256 MB  cpu 2  rt 0.3 ms dec 0.0+0.0  machine ok  ur 20
port> status f360     bootdll      board 0 turn 0/0  mg 401 (m401dll)  coins/stars 0/0c 0/0c 0/0c 0/0c  aud 0.01 ms  speed 100%  29.0 fps presented  tex 2/4096 KB  rss 181 MB  res 103/256 MB  cpu 2  rt 0.3 ms dec 0.0+0.0  machine ok  ur 20
port> status f420     bootdll      board 0 turn 0/0  mg 401 (m401dll)  coins/stars 0/0c 0/0c 0/0c 0/0c  aud 0.01 ms  speed 100%  30.0 fps presented  tex 2/4096 KB  rss 181 MB  res 103/256 MB  cpu 2  rt 0.2 ms dec 0.0+0.0  machine ok  ur 20
port> status f480     bootdll      board 0 turn 0/0  mg 401 (m401dll)  coins/stars 0/0c 0/0c 0/0c 0/0c  aud 0.01 ms  speed 100%  30.0 fps presented  tex 2/4096 KB  rss 181 MB  res 103/256 MB  cpu 2  rt 0.2 ms dec 0.0+0.0  machine ok  ur 20
port> status f540     bootdll      board 0 turn 0/0  mg 401 (m401dll)  coins/stars 0/0c 0/0c 0/0c 0/0c  aud 0.01 ms  speed 100%  30.0 fps presented  tex 2/4096 KB  rss 181 MB  res 103/256 MB  cpu 2  rt 1.0 ms dec 0.0+0.0  machine ok  ur 20
0
GroupSet 0
***********GroupSet Error 0
port> status f600     bootdll      board 0 turn 0/0  mg 401 (m401dll)  coins/stars 0/0c 0/0c 0/0c 0/0c  aud 0.01 ms  speed 100%  30.0 fps presented  tex 2/4096 KB  rss 181 MB  res 103/256 MB  cpu 2  rt 0.7 ms dec 0.0+0.0  machine ok  ur 20
port> THP: movie/opmov_a00.thp skipped (--nomovies)
port> HuSprBegin: group 3 slot 0 names sprite 7, which is not a live sprite (data 0x0, attr 0010, data NULL) -- dropped [1/32]
port> HuSprBegin: audit: group 4 slot 0 sprite 8 bg 0x42764d0 fails counts -- drawn anyway [1/32]
port> HuSprBegin: audit: group 4 slot 0 sprite 8 bg 0x42764d0 fails counts -- drawn anyway [2/32]
port> HuSprBegin: audit: group 4 slot 0 sprite 8 bg 0x42764d0 fails counts -- drawn anyway [3/32]
port> HuSprBegin: audit: group 4 slot 0 sprite 8 bg 0x42764d0 fails counts -- drawn anyway [4/32]
port> HuSprBegin: audit: group 4 slot 0 sprite 8 bg 0x42764d0 fails counts -- drawn anyway [5/32]
port> HuSprBegin: audit: group 4 slot 0 sprite 8 bg 0x42764d0 fails counts -- drawn anyway [6/32]
port> HuSprBegin: audit: group 4 slot 0 sprite 8 bg 0x42764d0 fails counts -- drawn anyway [7/32]
port> HuSprBegin: audit: group 4 slot 0 sprite 8 bg 0x42764d0 fails counts -- drawn anyway [8/32]
port> HuSprBegin: audit: group 4 slot 0 sprite 8 bg 0x42764d0 fails counts -- drawn anyway [9/32]
port> HuSprBegin: audit: group 4 slot 0 sprite 8 bg 0x42764d0 fails counts -- drawn anyway [10/32]
port> HuSprBegin: audit: group 4 slot 0 sprite 8 bg 0x42764d0 fails counts -- drawn anyway [11/32]
port> HuSprBegin: audit: group 4 slot 0 sprite 8 bg 0x42764d0 fails counts -- drawn anyway [12/32]
port> HuSprBegin: audit: group 4 slot 0 sprite 8 bg 0x42764d0 fails counts -- drawn anyway [13/32]
port> HuSprBegin: audit: group 4 slot 0 sprite 8 bg 0x42764d0 fails counts -- drawn anyway [14/32]
port> HuSprBegin: audit: group 4 slot 0 sprite 8 bg 0x42764d0 fails counts -- drawn anyway [15/32]
port> HuSprBegin: audit: group 4 slot 0 sprite 8 bg 0x42764d0 fails counts -- drawn anyway [16/32]
port> HuSprBegin: audit: group 4 slot 0 sprite 8 bg 0x42764d0 fails counts -- drawn anyway [17/32]
port> HuSprBegin: audit: group 4 slot 0 sprite 8 bg 0x42764d0 fails counts -- drawn anyway [18/32]
port> HuSprBegin: audit: group 4 slot 0 sprite 8 bg 0x42764d0 fails counts -- drawn anyway [19/32]
port> HuSprBegin: audit: group 4 slot 0 sprite 8 bg 0x42764d0 fails counts -- drawn anyway [20/32]
port> HuSprBegin: audit: group 4 slot 0 sprite 8 bg 0x42764d0 fails counts -- drawn anyway [21/32]
port> HuSprBegin: audit: group 4 slot 0 sprite 8 bg 0x42764d0 fails counts -- drawn anyway [22/32]
port> HuSprBegin: audit: group 4 slot 0 sprite 8 bg 0x42764d0 fails counts -- drawn anyway [23/32]
port> HuSprBegin: audit: group 4 slot 0 sprite 8 bg 0x42764d0 fails counts -- drawn anyway [24/32]
port> HuSprBegin: audit: group 4 slot 0 sprite 8 bg 0x42764d0 fails counts -- drawn anyway [25/32]
port> HuSprBegin: audit: group 4 slot 0 sprite 8 bg 0x42764d0 fails counts -- drawn anyway [26/32]
port> HuSprBegin: audit: group 4 slot 0 sprite 8 bg 0x42764d0 fails counts -- drawn anyway [27/32]
port> HuSprBegin: audit: group 4 slot 0 sprite 8 bg 0x42764d0 fails counts -- drawn anyway [28/32]
port> HuSprBegin: audit: group 4 slot 0 sprite 8 bg 0x42764d0 fails counts -- drawn anyway [29/32]
port> HuSprBegin: audit: group 4 slot 0 sprite 8 bg 0x42764d0 fails counts -- drawn anyway [30/32]
port> HuSprBegin: audit: group 4 slot 0 sprite 8 bg 0x42764d0 fails counts -- drawn anyway [31/32]
port> HuSprBegin: audit: group 4 slot 0 sprite 8 bg 0x42764d0 fails counts -- drawn anyway [32/32]
port> status f660     bootdll      board 0 turn 0/0  mg 401 (m401dll)  coins/stars 0/0c 0/0c 0/0c 0/0c  aud 0.01 ms  speed 100%  30.0 fps presented  tex 2/4096 KB  rss 182 MB  res 103/256 MB  cpu 2  rt 0.3 ms dec 0.0+0.0  machine ok  ur 20
port> status f720     bootdll      board 0 turn 0/0  mg 401 (m401dll)  coins/stars 0/0c 0/0c 0/0c 0/0c  aud 0.01 ms  speed 100%  30.0 fps presented  tex 2/4096 KB  rss 182 MB  res 103/256 MB  cpu 2  rt 0.2 ms dec 0.0+0.0  machine ok  ur 20
>>>>>>>>MSM_SE_SEL_01 0
>>>>>>>>SE Num 0
port> stall: frame 720 took 297 ms (game 7 gx 289 present 0 aud 0) tex: 60 decoded (2235 KB -> 6388 KB) dec 78 up 14 hash 8 ms, 0 re-keyed; staged 0 (0 ms saved) claimed 0 unstaged 0; frees 0, dll 0 ms
port> audio: first non-silent sample at retrace 726 (12.03 s of mixed audio)
port> status f780     bootdll      board 0 turn 0/0  mg 401 (m401dll)  coins/stars 0/0c 0/0c 0/0c 0/0c  aud 0.05 ms  speed 100%  20.9 fps presented  tex 63/12178 KB  rss 195 MB  res 103/256 MB  cpu 2  rt 11.1 ms dec 16.8+0.0  machine ok  ur 31
port> --dumpframe: wrote /Users/zach/fps-board-m48/front/frame-00800.ppm
port> stall: frame 800 took 114 ms (game 10 gx 9 present 95 aud 0) tex: 1 decoded (15 KB -> 59 KB) dec 1 up 1 hash 0 ms, 0 re-keyed; staged 0 (0 ms saved) claimed 0 unstaged 0; frees 0, dll 0 ms
port> status f840     bootdll      board 0 turn 0/0  mg 401 (m401dll)  coins/stars 0/0c 0/0c 0/0c 0/0c  aud 0.05 ms  speed 100%  27.1 fps presented  tex 64/12306 KB  rss 198 MB  res 103/256 MB  cpu 2  rt 6.8 ms dec 0.1+0.0  machine ok  ur 31
objman>Call New Ovl 74(1)
OvlKill 1
objdll>omDLLNumEnd 1 1
Search:dll/bootdll.rel
+++++++++++ Find0: dll/bootdll.rel
objdll>omDLLEnd 0 1
objdll>End DLL:dll/bootdll.rel
odjdll>Unlink DLL:dll/bootdll.rel
objdll>Unlink DLL epilog
objdll>Unlink DLL epilog finish
objdll>End DLL finish
port> frame 877: overlay -1 (next 74) event 0
objman>Destory ObjMan
++++++++++++++++++++ Start New OVL 74 (EVT:0 STAT:0x00000000) ++++++++++++++++++
======== HuMem heap dump 03b9c018 ========
MCB-----+Size----+MG+FL+Prev----+Next----+UNum----+Body----+Call----
03b9c018 0000a020 a5 01 03bc21d8 03ba6038 ffffff00 03b9c038 000088c4
03ba6038 000041c0 a5 01 03b9c018 03baa1f8 ffffff00 03ba6058 0003c558
03baa1f8 00017640 cd 00 03ba6038 03bc1838 ffffff00 03baa218 0003ce8c
03bc1838 00000100 a5 01 03baa1f8 03bc1938 ffffff00 03bc1858 000375dc
03bc1938 00000400 a5 01 03bc1838 03bc1d38 ffffff00 03bc1958 0003762c
03bc1d38 00000400 a5 01 03bc1938 03bc2138 ffffff00 03bc1d58 00037678
03bc2138 00000060 a5 01 03bc1d38 03bc2198 ffffff00 03bc2158 000376c4
03bc2198 00000040 a5 01 03bc2138 03bc21d8 ffffff00 03bc21b8 00037710
03bc21d8 00219e40 cd 00 03bc2198 03b9c018 ffffff00 03bc21f8 0003ce8c
MCB:9(7/2) MEM:00240000(0000eb80/00231480)
======== HuMem heap dump 03b9c018 end =====
======== HuMem heap dump 03f1c030 ========
MCB-----+Size----+MG+FL+Prev----+Next----+UNum----+Body----+Call----
03f1c030 00a80000 cd 00 03f1c030 03f1c030 ffffff00 03f1c050 00040064
MCB:1(0/1) MEM:00a80000(00000000/00a80000)
======== HuMem heap dump 03f1c030 end =====
======== HuMem heap dump 0499c03c ========
MCB-----+Size----+MG+FL+Prev----+Next----+UNum----+Body----+Call----
0499c03c 00580000 cd 00 0499c03c 0499c03c 10000000 0499c05c 0000ff14
MCB:1(0/1) MEM:00580000(00000000/00580000)
======== HuMem heap dump 0499c03c end =====
objman>Used Memory Size:0000eb80
objman>Used Memory Cnt:7
objman>Init esp
objman>Call objectsetup
############CharGrpSet
Del Group OK
SOUND ##########################
500
Timed Out! Mus 0:SE 1
GroupSet 0
***********GroupSet Error 0
Change AUX 0,1
##########################
DLLStart 74 0
Search:dll/modeseldll.rel
objdll>Link DLL:dll/modeseldll.rel
Rest Memory 580000
===== DLL Module Info dump ====
                   ID:0x00000001
             LinkPrev:0x00000000
             LinkNext:0x00000000
          Section num:15
Section info tbl ofst:0x00000048
           nameOffset:0x00000000
             nameSize:53
              version:0x00000002
===============================
==== DLL Module Header dump ====
          bss Size:0x000001ca
        rel Offset:0x0000d154
        imp Offset:0x0001664c
    prolog Section:1
    epilog Section:1
unresolved Section:0
       prolog func:0x00000000
       epilog func:0x00000054
   unresolved func:0x00000000
================================
objdll>LinkOK 03baa578 34700000
objdll> dll/modeseldll.rel prolog start
******* MS ObjectSetup *********
objman>InitObjMan start
objman>InitObjMan end
Rest Memory 5395a0
objdll> dll/modeseldll.rel prolog end
objman>ObjectSetup end
port> frame 879: overlay 74 (next -1) event 0
DLL DBG OUT
data num 630000
port> dvdheap: 1303268 bytes mode 1 num 10000000  caller 0x10fa8  caller2 0xeb4c
Rest Memory 441ce0
port> stall: frame 880 took 101 ms (game 53 gx 47 present 1 aud 0) tex: 5 decoded (202 KB -> 1202 KB) dec 24 up 14 hash 1 ms, 0 re-keyed; staged 0 (0 ms saved) claimed 0 unstaged 0; frees 21, dll 0 ms
port> status f900     modeseldll   board 0 turn 0/0  mg 401 (m401dll)  coins/stars 0/0c 0/0c 0/0c 0/0c  aud 0.11 ms  speed 100%  28.0 fps presented  tex 70/15570 KB  rss 210 MB  res 111/256 MB  cpu 2  rt 0.5 ms dec 0.0+0.0  machine ok  ur 31
port> status f960     modeseldll   board 0 turn 0/0  mg 401 (m401dll)  coins/stars 0/0c 0/0c 0/0c 0/0c  aud 0.14 ms  speed 100%  29.0 fps presented  tex 76/16646 KB  rss 211 MB  res 111/256 MB  cpu 2  rt 1.2 ms dec 0.1+0.0  machine ok  ur 31
port> status f1020    modeseldll   board 0 turn 0/0  mg 401 (m401dll)  coins/stars 0/0c 0/0c 0/0c 0/0c  aud 0.19 ms  speed 100%  30.0 fps presented  tex 76/16646 KB  rss 211 MB  res 111/256 MB  cpu 2  rt 1.4 ms dec 0.1+0.0  machine ok  ur 31
port> status f1080    modeseldll   board 0 turn 0/0  mg 401 (m401dll)  coins/stars 0/0c 0/0c 0/0c 0/0c  aud 0.21 ms  speed 100%  30.0 fps presented  tex 76/16646 KB  rss 211 MB  res 111/256 MB  cpu 2  rt 1.1 ms dec 0.1+0.0  machine ok  ur 31
port> status f1140    modeseldll   board 0 turn 0/0  mg 401 (m401dll)  coins/stars 0/0c 0/0c 0/0c 0/0c  aud 0.22 ms  speed 100%  30.0 fps presented  tex 76/16646 KB  rss 211 MB  res 111/256 MB  cpu 2  rt 1.1 ms dec 0.1+0.0  machine ok  ur 31
port> status f1200    modeseldll   board 0 turn 0/0  mg 401 (m401dll)  coins/stars 0/0c 0/0c 0/0c 0/0c  aud 0.22 ms  speed 100%  30.0 fps presented  tex 76/16646 KB  rss 211 MB  res 111/256 MB  cpu 2  rt 1.0 ms dec 0.1+0.0  machine ok  ur 31
Init
port> status f1260    modeseldll   board 0 turn 0/0  mg 401 (m401dll)  coins/stars 0/0c 0/0c 0/0c 0/0c  aud 0.21 ms  speed 100%  30.0 fps presented  tex 110/18490 KB  rss 214 MB  res 111/256 MB  cpu 2  rt 3.7 ms dec 0.9+0.0  machine ok  ur 31
ARAM data num 86001f
port> status f1320    modeseldll   board 0 turn 0/0  mg 401 (m401dll)  coins/stars 0/0c 0/0c 0/0c 0/0c  aud 0.32 ms  speed 100%  30.0 fps presented  tex 110/18490 KB  rss 214 MB  res 111/256 MB  cpu 2  rt 4.2 ms dec 0.9+0.0  machine ok  ur 31
port> CARD: created "MARIPA4BOX0", 16384 bytes (2 blocks)
port> status f1380    modeseldll   board 0 turn 0/0  mg 401 (m401dll)  coins/stars 0/0c 0/0c 0/0c 0/0c  aud 0.26 ms  speed 100%  30.0 fps presented  tex 110/18490 KB  rss 215 MB  res 111/256 MB  cpu 2  rt 3.9 ms dec 1.4+0.0  machine ok  ur 31
port> THP: movie/opmov_s00.thp skipped (--nomovies)
port> HuSprBegin: group 1 slot 0 names sprite 12, which is not a live sprite (data 0x0, attr 0010, data NULL) -- dropped [2/32]
port> status f1440    modeseldll   board 0 turn 0/0  mg 401 (m401dll)  coins/stars 0/0c 0/0c 0/0c 0/0c  aud 0.21 ms  speed 100%  28.0 fps presented  tex 123/21546 KB  rss 218 MB  res 111/256 MB  cpu 2  rt 4.2 ms dec 1.1+0.0  machine ok  ur 31
port> status f1500    modeseldll   board 0 turn 0/0  mg 401 (m401dll)  coins/stars 0/0c 0/0c 0/0c 0/0c  aud 0.26 ms  speed 100%  30.0 fps presented  tex 123/21546 KB  rss 218 MB  res 111/256 MB  cpu 2  rt 6.6 ms dec 1.2+0.0  machine ok  ur 31
port> status f1560    modeseldll   board 0 turn 0/0  mg 401 (m401dll)  coins/stars 0/0c 0/0c 0/0c 0/0c  aud 0.21 ms  speed 100%  30.0 fps presented  tex 123/21546 KB  rss 218 MB  res 111/256 MB  cpu 2  rt 4.4 ms dec 1.2+0.0  machine ok  ur 31
port> status f1620    modeseldll   board 0 turn 0/0  mg 401 (m401dll)  coins/stars 0/0c 0/0c 0/0c 0/0c  aud 0.26 ms  speed 100%  30.0 fps presented  tex 123/21546 KB  rss 218 MB  res 111/256 MB  cpu 2  rt 4.2 ms dec 1.0+0.0  machine ok  ur 31
port> status f1680    modeseldll   board 0 turn 0/0  mg 401 (m401dll)  coins/stars 0/0c 0/0c 0/0c 0/0c  aud 0.23 ms  speed 100%  30.0 fps presented  tex 124/21674 KB  rss 219 MB  res 111/256 MB  cpu 2  rt 4.2 ms dec 1.0+0.0  machine ok  ur 31
port> status f1740    modeseldll   board 0 turn 0/0  mg 401 (m401dll)  coins/stars 0/0c 0/0c 0/0c 0/0c  aud 0.23 ms  speed 100%  30.0 fps presented  tex 124/21674 KB  rss 219 MB  res 111/256 MB  cpu 2  rt 4.8 ms dec 1.2+0.0  machine ok  ur 31
port> THP: movie/opmov_c00.thp skipped (--nomovies)
port> HuSprBegin: group 2 slot 0 names sprite 14, which is not a live sprite (data 0x0, attr 0010, data NULL) -- dropped [3/32]
port> status f1800    modeseldll   board 0 turn 0/0  mg 401 (m401dll)  coins/stars 0/0c 0/0c 0/0c 0/0c  aud 0.21 ms  speed 100%  30.0 fps presented  tex 126/21930 KB  rss 219 MB  res 111/256 MB  cpu 2  rt 4.3 ms dec 1.1+0.0  machine ok  ur 31
port> status f1860    modeseldll   board 0 turn 0/0  mg 401 (m401dll)  coins/stars 0/0c 0/0c 0/0c 0/0c  aud 0.01 ms  speed 100%  30.0 fps presented  tex 126/21930 KB  rss 219 MB  res 111/256 MB  cpu 2  rt 4.6 ms dec 1.2+0.0  machine ok  ur 31
port> status f1920    modeseldll   board 0 turn 0/0  mg 401 (m401dll)  coins/stars 0/0c 0/0c 0/0c 0/0c  aud 0.01 ms  speed 100%  30.0 fps presented  tex 126/21930 KB  rss 219 MB  res 111/256 MB  cpu 2  rt 4.3 ms dec 1.5+0.0  machine ok  ur 31
objman>Call New Ovl 70(1)
OvlKill 1
objdll>omDLLNumEnd 74 1
Search:dll/modeseldll.rel
+++++++++++ Find0: dll/modeseldll.rel
objdll>omDLLEnd 0 1
objdll>End DLL:dll/modeseldll.rel
odjdll>Unlink DLL:dll/modeseldll.rel
objdll>Unlink DLL epilog
objdll>Unlink DLL epilog finish
objdll>End DLL finish
port> frame 1960: overlay -1 (next 70) event 0
objman>Destory ObjMan
++++++++++++++++++++ Start New OVL 70 (EVT:0 STAT:0x00000000) ++++++++++++++++++
======== HuMem heap dump 03b9c018 ========
MCB-----+Size----+MG+FL+Prev----+Next----+UNum----+Body----+Call----
03b9c018 0000a020 a5 01 03bc21d8 03ba6038 ffffff00 03b9c038 000088c4
03ba6038 000041c0 a5 01 03b9c018 03baa1f8 ffffff00 03ba6058 0003c558
03baa1f8 00017640 cd 00 03ba6038 03bc1838 ffffff00 03baa218 0003879c
03bc1838 00000100 a5 01 03baa1f8 03bc1938 ffffff00 03bc1858 000375dc
03bc1938 00000400 a5 01 03bc1838 03bc1d38 ffffff00 03bc1958 0003762c
03bc1d38 00000400 a5 01 03bc1938 03bc2138 ffffff00 03bc1d58 00037678
03bc2138 00000060 a5 01 03bc1d38 03bc2198 ffffff00 03bc2158 000376c4
03bc2198 00000040 a5 01 03bc2138 03bc21d8 ffffff00 03bc21b8 00037710
03bc21d8 00219e40 cd 00 03bc2198 03b9c018 ffffff00 03bc21f8 0003ce8c
MCB:9(7/2) MEM:00240000(0000eb80/00231480)
======== HuMem heap dump 03b9c018 end =====
======== HuMem heap dump 03f1c030 ========
MCB-----+Size----+MG+FL+Prev----+Next----+UNum----+Body----+Call----
03f1c030 00a80000 cd 00 03f1c030 03f1c030 ffffff00 03f1c050 00039248
MCB:1(0/1) MEM:00a80000(00000000/00a80000)
======== HuMem heap dump 03f1c030 end =====
======== HuMem heap dump 0499c03c ========
MCB-----+Size----+MG+FL+Prev----+Next----+UNum----+Body----+Call----
0499c03c 00580000 cd 00 0499c03c 0499c03c 10000000 0499c05c 0000ff14
MCB:1(0/1) MEM:00580000(00000000/00580000)
======== HuMem heap dump 0499c03c end =====
objman>Used Memory Size:0000eb80
objman>Used Memory Cnt:7
objman>Init esp
objman>Call objectsetup
DLLStart 70 0
Search:dll/mentdll.rel
objdll>Link DLL:dll/mentdll.rel
Rest Memory 580000
===== DLL Module Info dump ====
                   ID:0x00000001
             LinkPrev:0x00000000
             LinkNext:0x00000000
          Section num:15
Section info tbl ofst:0x00000048
           nameOffset:0x00000000
             nameSize:47
              version:0x00000002
===============================
==== DLL Module Header dump ====
          bss Size:0x000036c4
        rel Offset:0x000246f8
        imp Offset:0x00036a90
    prolog Section:1
    epilog Section:1
unresolved Section:0
       prolog func:0x000000a4
       epilog func:0x000000f8
   unresolved func:0x00000000
================================
objdll>LinkOK 03bc21f8 34300000
objdll> dll/mentdll.rel prolog start
objman>InitObjMan start
objman>InitObjMan end
Rest Memory 5395a0
0
GroupSet 7
***********GroupSet Error 0
objdll> dll/mentdll.rel prolog end
objman>ObjectSetup end
port> frame 1961: overlay 70 (next -1) event 0
DLL DBG OUT
data num 600008
port> dvdheap: 4008196 bytes mode 1 num 10000000  caller 0x10fa8  caller2 0xeb4c
Rest Memory 1ad6c0
ARAM data num 120006
port> stall: frame 1962 took 120 ms (game 120 gx 0 present 0 aud 0) [consumed] tex: 0 decoded (0 KB -> 0 KB) dec 0 up 0 hash 0 ms, 0 re-keyed; staged 0 (0 ms saved) claimed 0 unstaged 0; frees 21, dll 0 ms
port> stall: frame 1967 took 258 ms (game 12 gx 245 present 0 aud 0) tex: 100 decoded (1760 KB -> 6064 KB) dec 117 up 33 hash 8 ms, 1 re-keyed; staged 0 (0 ms saved) claimed 0 unstaged 0; frees 0, dll 0 ms
port> status f1980    mentdll      board 0 turn 0/0  mg 401 (m401dll)  coins/stars 0/0c 0/0c 0/0c 0/0c  aud 0.01 ms  speed 79%  19.7 fps presented  tex 226/30138 KB  rss 230 MB  res 111/256 MB  cpu 2  rt 19.4 ms dec 1.0+2.6  machine ok  ur 31
########### ME_MainProcFunc000
port> status f2040    mentdll      board 0 turn 0/0  mg 401 (m401dll)  coins/stars 0/0c 0/0c 0/0c 0/0c  aud 0.02 ms  speed 136%  31.3 fps presented  tex 226/30138 KB  rss 231 MB  res 111/256 MB  cpu 2  rt 15.5 ms dec 4.4+0.0  machine ok  ur 31
port> status f2100    mentdll      board 0 turn 0/0  mg 401 (m401dll)  coins/stars 0/0c 0/0c 0/0c 0/0c  aud 0.05 ms  speed 100%  30.0 fps presented  tex 226/30138 KB  rss 231 MB  res 111/256 MB  cpu 2  rt 14.5 ms dec 4.8+0.0  machine ok  ur 31
port> status f2160    mentdll      board 0 turn 0/0  mg 401 (m401dll)  coins/stars 0/0c 0/0c 0/0c 0/0c  aud 0.05 ms  speed 99%  22.8 fps presented  tex 228/30650 KB  rss 231 MB  res 111/256 MB  cpu 2  rt 22.1 ms dec 7.1+0.0  machine ok  ur 31
port> status f2220    mentdll      board 0 turn 0/0  mg 401 (m401dll)  coins/stars 0/0c 0/0c 0/0c 0/0c  aud 0.05 ms  speed 99%  28.6 fps presented  tex 228/30650 KB  rss 231 MB  res 111/256 MB  cpu 2  rt 22.2 ms dec 7.7+0.0  machine ok  ur 31
port> status f2280    mentdll      board 0 turn 0/0  mg 401 (m401dll)  coins/stars 0/0c 0/0c 0/0c 0/0c  aud 0.05 ms  speed 101%  30.3 fps presented  tex 228/30650 KB  rss 231 MB  res 111/256 MB  cpu 2  rt 21.8 ms dec 7.6+0.0  machine ok  ur 31
port> status f2340    mentdll      board 0 turn 0/0  mg 401 (m401dll)  coins/stars 0/0c 0/0c 0/0c 0/0c  aud 0.06 ms  speed 100%  30.0 fps presented  tex 228/30650 KB  rss 231 MB  res 111/256 MB  cpu 2  rt 21.8 ms dec 7.0+0.0  machine ok  ur 31
port> status f2400    mentdll      board 0 turn 0/0  mg 401 (m401dll)  coins/stars 0/0c 0/0c 0/0c 0/0c  aud 0.06 ms  speed 100%  29.9 fps presented  tex 229/30654 KB  rss 231 MB  res 111/256 MB  cpu 2  rt 20.1 ms dec 6.9+0.0  machine ok  ur 31
port> status f2460    mentdll      board 0 turn 0/0  mg 401 (m401dll)  coins/stars 0/0c 0/0c 0/0c 0/0c  aud 0.14 ms  speed 99%  29.7 fps presented  tex 229/30654 KB  rss 232 MB  res 111/256 MB  cpu 2  rt 21.0 ms dec 7.2+0.0  machine ok  ur 31
port> status f2520    mentdll      board 0 turn 0/0  mg 401 (m401dll)  coins/stars 0/0c 0/0c 0/0c 0/0c  aud 0.38 ms  speed 101%  30.2 fps presented  tex 229/30654 KB  rss 232 MB  res 111/256 MB  cpu 2  rt 21.3 ms dec 7.4+0.0  machine ok  ur 31
port> status f2580    mentdll      board 0 turn 0/0  mg 401 (m401dll)  coins/stars 0/0c 0/0c 0/0c 0/0c  aud 0.29 ms  speed 100%  30.0 fps presented  tex 230/30662 KB  rss 232 MB  res 111/256 MB  cpu 2  rt 20.6 ms dec 7.0+0.0  machine ok  ur 31
port> status f2640    mentdll      board 0 turn 0/0  mg 401 (m401dll)  coins/stars 0/0c 0/0c 0/0c 0/0c  aud 0.41 ms  speed 100%  29.9 fps presented  tex 230/30662 KB  rss 232 MB  res 111/256 MB  cpu 2  rt 20.0 ms dec 6.5+1.8  machine ok  ur 31
port> status f2700    mentdll      board 0 turn 0/0  mg 401 (m401dll)  coins/stars 0/0c 0/0c 0/0c 0/0c  aud 0.16 ms  speed 100%  30.1 fps presented  tex 230/30662 KB  rss 232 MB  res 111/256 MB  cpu 2  rt 20.1 ms dec 7.1+0.0  machine ok  ur 31
port> status f2760    mentdll      board 0 turn 0/0  mg 401 (m401dll)  coins/stars 0/0c 0/0c 0/0c 0/0c  aud 0.31 ms  speed 99%  29.6 fps presented  tex 230/30662 KB  rss 232 MB  res 111/256 MB  cpu 2  rt 21.6 ms dec 7.0+0.0  machine ok  ur 31
port> status f2820    mentdll      board 0 turn 0/0  mg 401 (m401dll)  coins/stars 0/0c 0/0c 0/0c 0/0c  aud 0.17 ms  speed 102%  29.6 fps presented  tex 233/30710 KB  rss 232 MB  res 111/256 MB  cpu 2  rt 21.1 ms dec 7.3+0.0  machine ok  ur 31
port> status f2880    mentdll      board 0 turn 0/0  mg 401 (m401dll)  coins/stars 0/0c 0/0c 0/0c 0/0c  aud 0.23 ms  speed 100%  30.0 fps presented  tex 233/30710 KB  rss 232 MB  res 111/256 MB  cpu 2  rt 21.2 ms dec 7.3+0.0  machine ok  ur 31
port> status f2940    mentdll      board 0 turn 0/0  mg 401 (m401dll)  coins/stars 0/0c 0/0c 0/0c 0/0c  aud 0.20 ms  speed 100%  30.0 fps presented  tex 235/30902 KB  rss 232 MB  res 111/256 MB  cpu 2  rt 20.6 ms dec 7.8+0.0  machine ok  ur 31
port> status f3000    mentdll      board 0 turn 0/0  mg 401 (m401dll)  coins/stars 0/0c 0/0c 0/0c 0/0c  aud 0.33 ms  speed 99%  28.6 fps presented  tex 235/30902 KB  rss 232 MB  res 111/256 MB  cpu 2  rt 20.4 ms dec 6.0+0.0  machine ok  ur 31
port> --dumpframe: wrote /Users/zach/fps-board-m48/front/frame-03000.ppm
port> status f3060    mentdll      board 0 turn 0/0  mg 401 (m401dll)  coins/stars 0/0c 0/0c 0/0c 0/0c  aud 0.36 ms  speed 100%  28.1 fps presented  tex 235/30902 KB  rss 232 MB  res 111/256 MB  cpu 2  rt 20.8 ms dec 7.0+0.0  machine ok  ur 31
port> status f3120    mentdll      board 0 turn 0/0  mg 401 (m401dll)  coins/stars 0/0c 0/0c 0/0c 0/0c  aud 0.27 ms  speed 100%  30.0 fps presented  tex 235/30902 KB  rss 232 MB  res 111/256 MB  cpu 2  rt 20.5 ms dec 7.1+0.0  machine ok  ur 31
port> status f3180    mentdll      board 0 turn 0/0  mg 401 (m401dll)  coins/stars 0/0c 0/0c 0/0c 0/0c  aud 0.32 ms  speed 101%  30.2 fps presented  tex 237/31094 KB  rss 233 MB  res 111/256 MB  cpu 2  rt 20.2 ms dec 6.9+0.0  machine ok  ur 31
port> status f3240    mentdll      board 0 turn 0/0  mg 401 (m401dll)  coins/stars 0/0c 0/0c 0/0c 0/0c  aud 0.31 ms  speed 100%  27.0 fps presented  tex 239/31174 KB  rss 233 MB  res 111/256 MB  cpu 2  rt 22.8 ms dec 7.9+0.0  machine ok  ur 31
port> status f3300    mentdll      board 0 turn 0/0  mg 401 (m401dll)  coins/stars 0/0c 0/0c 0/0c 0/0c  aud 0.39 ms  speed 100%  29.0 fps presented  tex 240/31302 KB  rss 233 MB  res 111/256 MB  cpu 2  rt 20.2 ms dec 8.2+0.0  machine ok  ur 31
port> status f3360    mentdll      board 0 turn 0/0  mg 401 (m401dll)  coins/stars 0/0c 0/0c 0/0c 0/0c  aud 0.20 ms  speed 100%  30.0 fps presented  tex 240/31302 KB  rss 233 MB  res 111/256 MB  cpu 2  rt 21.2 ms dec 7.3+0.0  machine ok  ur 31
port> status f3420    mentdll      board 0 turn 0/0  mg 401 (m401dll)  coins/stars 0/0c 0/0c 0/0c 0/0c  aud 0.36 ms  speed 100%  28.9 fps presented  tex 240/31302 KB  rss 233 MB  res 111/256 MB  cpu 2  rt 21.5 ms dec 7.2+0.0  machine ok  ur 31
port> status f3480    mentdll      board 0 turn 0/0  mg 401 (m401dll)  coins/stars 0/0c 0/0c 0/0c 0/0c  aud 0.42 ms  speed 99%  28.7 fps presented  tex 240/31302 KB  rss 233 MB  res 111/256 MB  cpu 2  rt 20.8 ms dec 7.1+0.0  machine ok  ur 31
port> status f3540    mentdll      board 0 turn 0/0  mg 401 (m401dll)  coins/stars 0/0c 0/0c 0/0c 0/0c  aud 0.33 ms  speed 100%  30.1 fps presented  tex 240/31302 KB  rss 233 MB  res 111/256 MB  cpu 2  rt 20.4 ms dec 7.0+0.0  machine ok  ur 31
port> status f3600    mentdll      board 0 turn 0/0  mg 401 (m401dll)  coins/stars 0/0c 0/0c 0/0c 0/0c  aud 0.27 ms  speed 100%  30.0 fps presented  tex 240/31302 KB  rss 233 MB  res 111/256 MB  cpu 2  rt 19.7 ms dec 7.5+0.0  machine ok  ur 31
port> status f3660    mentdll      board 0 turn 0/0  mg 401 (m401dll)  coins/stars 0/0c 0/0c 0/0c 0/0c  aud 0.20 ms  speed 101%  30.2 fps presented  tex 244/31382 KB  rss 233 MB  res 111/256 MB  cpu 2  rt 20.5 ms dec 6.9+0.0  machine ok  ur 31
port> status f3720    mentdll      board 0 turn 0/0  mg 401 (m401dll)  coins/stars 0/0c 0/0c 0/0c 0/0c  aud 0.32 ms  speed 100%  30.0 fps presented  tex 244/31382 KB  rss 233 MB  res 111/256 MB  cpu 2  rt 21.0 ms dec 7.0+0.0  machine ok  ur 31
port> status f3780    mentdll      board 0 turn 0/0  mg 401 (m401dll)  coins/stars 0/0c 0/0c 0/0c 0/0c  aud 0.33 ms  speed 99%  28.7 fps presented  tex 248/32282 KB  rss 234 MB  res 111/256 MB  cpu 2  rt 21.1 ms dec 6.8+0.0  machine ok  ur 31
port> status f3840    mentdll      board 0 turn 0/0  mg 401 (m401dll)  coins/stars 0/0c 0/0c 0/0c 0/0c  aud 0.38 ms  speed 100%  30.0 fps presented  tex 248/32282 KB  rss 234 MB  res 111/256 MB  cpu 2  rt 21.6 ms dec 7.4+0.0  machine ok  ur 31
port> status f3900    mentdll      board 0 turn 0/0  mg 401 (m401dll)  coins/stars 0/0c 0/0c 0/0c 0/0c  aud 0.24 ms  speed 100%  30.0 fps presented  tex 248/32282 KB  rss 234 MB  res 111/256 MB  cpu 2  rt 21.3 ms dec 7.7+0.0  machine ok  ur 31
port> status f3960    mentdll      board 0 turn 0/0  mg 401 (m401dll)  coins/stars 0/0c 0/0c 0/0c 0/0c  aud 0.24 ms  speed 100%  29.9 fps presented  tex 248/32282 KB  rss 234 MB  res 111/256 MB  cpu 2  rt 23.2 ms dec 6.4+2.4  machine ok  ur 31
port> status f4020    mentdll      board 0 turn 0/0  mg 401 (m401dll)  coins/stars 0/0c 0/0c 0/0c 0/0c  aud 0.24 ms  speed 101%  30.3 fps presented  tex 248/32282 KB  rss 234 MB  res 111/256 MB  cpu 2  rt 19.5 ms dec 7.0+0.0  machine ok  ur 31
port> status f4080    mentdll      board 0 turn 0/0  mg 401 (m401dll)  coins/stars 0/0c 0/0c 0/0c 0/0c  aud 0.16 ms  speed 100%  30.0 fps presented  tex 248/32282 KB  rss 234 MB  res 111/256 MB  cpu 2  rt 20.7 ms dec 7.1+0.0  machine ok  ur 31
port> status f4140    mentdll      board 0 turn 0/0  mg 401 (m401dll)  coins/stars 0/0c 0/0c 0/0c 0/0c  aud 0.21 ms  speed 100%  30.0 fps presented  tex 252/32362 KB  rss 234 MB  res 111/256 MB  cpu 2  rt 22.6 ms dec 7.6+0.0  machine ok  ur 31
port> status f4200    mentdll      board 0 turn 0/0  mg 401 (m401dll)  coins/stars 0/0c 0/0c 0/0c 0/0c  aud 0.28 ms  speed 100%  29.9 fps presented  tex 252/32362 KB  rss 234 MB  res 111/256 MB  cpu 2  rt 20.9 ms dec 7.2+0.0  machine ok  ur 31
port> status f4260    mentdll      board 0 turn 0/0  mg 401 (m401dll)  coins/stars 0/0c 0/0c 0/0c 0/0c  aud 0.38 ms  speed 99%  28.8 fps presented  tex 252/32362 KB  rss 234 MB  res 111/256 MB  cpu 2  rt 22.3 ms dec 7.4+0.0  machine ok  ur 31
port> status f4320    mentdll      board 0 turn 0/0  mg 401 (m401dll)  coins/stars 0/0c 0/0c 0/0c 0/0c  aud 0.27 ms  speed 100%  29.9 fps presented  tex 252/32362 KB  rss 234 MB  res 111/256 MB  cpu 2  rt 20.7 ms dec 6.9+0.0  machine ok  ur 31
port> status f4380    mentdll      board 0 turn 0/0  mg 401 (m401dll)  coins/stars 0/0c 0/0c 0/0c 0/0c  aud 0.31 ms  speed 100%  30.0 fps presented  tex 252/32362 KB  rss 234 MB  res 111/256 MB  cpu 2  rt 22.0 ms dec 7.6+0.0  machine ok  ur 31
port> status f4440    mentdll      board 0 turn 0/0  mg 401 (m401dll)  coins/stars 0/0c 0/0c 0/0c 0/0c  aud 0.31 ms  speed 101%  30.3 fps presented  tex 252/32362 KB  rss 234 MB  res 111/256 MB  cpu 2  rt 24.9 ms dec 7.2+0.0  machine ok  ur 31
port> status f4500    mentdll      board 0 turn 0/0  mg 401 (m401dll)  coins/stars 0/0c 0/0c 0/0c 0/0c  aud 0.40 ms  speed 99%  27.6 fps presented  tex 255/32402 KB  rss 234 MB  res 111/256 MB  cpu 2  rt 21.5 ms dec 7.2+0.0  machine ok  ur 31
port> status f4560    mentdll      board 0 turn 0/0  mg 401 (m401dll)  coins/stars 0/0c 0/0c 0/0c 0/0c  aud 0.25 ms  speed 101%  30.4 fps presented  tex 255/32402 KB  rss 234 MB  res 111/256 MB  cpu 2  rt 21.3 ms dec 7.5+0.0  machine ok  ur 31
port> status f4620    mentdll      board 0 turn 0/0  mg 401 (m401dll)  coins/stars 0/0c 0/0c 0/0c 0/0c  aud 0.30 ms  speed 100%  28.9 fps presented  tex 255/32402 KB  rss 235 MB  res 111/256 MB  cpu 2  rt 19.5 ms dec 6.8+0.0  machine ok  ur 31
port> status f4680    mentdll      board 0 turn 0/0  mg 401 (m401dll)  coins/stars 0/0c 0/0c 0/0c 0/0c  aud 0.39 ms  speed 100%  30.0 fps presented  tex 255/32402 KB  rss 235 MB  res 111/256 MB  cpu 2  rt 21.3 ms dec 6.9+0.0  machine ok  ur 31
port> status f4740    mentdll      board 0 turn 1/20  mg 401 (m401dll)  coins/stars 0/0c 0/0c 0/0c 0/0c  aud 0.35 ms  speed 100%  30.0 fps presented  tex 260/32614 KB  rss 235 MB  res 111/256 MB  cpu 2  rt 16.0 ms dec 6.3+0.0  machine ok  ur 31
port> dvdheap: 1615946 bytes mode 0 num 0  caller 0xf224  caller2 0x34303aa0
Rest Memory 3f5780
port> dvdheap: 1438648 bytes mode 0 num 0  caller 0xf224  caller2 0x34303b68
Rest Memory 420c20
port> status f4800    mentdll      board 0 turn 1/20  mg 401 (m401dll)  coins/stars 0/0c 0/0c 0/0c 0/0c  aud 0.26 ms  speed 100%  28.9 fps presented  tex 260/32614 KB  rss 235 MB  res 111/256 MB  cpu 2  rt 16.0 ms dec 6.0+0.0  machine ok  ur 31
port> status f4860    mentdll      board 0 turn 1/20  mg 401 (m401dll)  coins/stars 0/0c 0/0c 0/0c 0/0c  aud 0.22 ms  speed 100%  30.0 fps presented  tex 260/32614 KB  rss 235 MB  res 111/256 MB  cpu 2  rt 15.9 ms dec 5.8+0.0  machine ok  ur 31
port> status f4920    mentdll      board 0 turn 1/20  mg 401 (m401dll)  coins/stars 0/0c 0/0c 0/0c 0/0c  aud 0.28 ms  speed 100%  29.9 fps presented  tex 260/32614 KB  rss 235 MB  res 111/256 MB  cpu 2  rt 18.3 ms dec 5.9+0.0  machine ok  ur 31
port> status f4980    mentdll      board 0 turn 1/20  mg 401 (m401dll)  coins/stars 0/0c 0/0c 0/0c 0/0c  aud 0.41 ms  speed 100%  30.0 fps presented  tex 260/32614 KB  rss 235 MB  res 111/256 MB  cpu 2  rt 16.2 ms dec 6.3+0.0  machine ok  ur 31
port> status f5040    mentdll      board 0 turn 1/20  mg 401 (m401dll)  coins/stars 0/0c 0/0c 0/0c 0/0c  aud 0.41 ms  speed 100%  30.0 fps presented  tex 260/32614 KB  rss 235 MB  res 111/256 MB  cpu 2  rt 18.0 ms dec 6.1+0.0  machine ok  ur 31
port> status f5100    mentdll      board 0 turn 1/20  mg 401 (m401dll)  coins/stars 0/0c 0/0c 0/0c 0/0c  aud 0.23 ms  speed 100%  30.0 fps presented  tex 260/32614 KB  rss 235 MB  res 111/256 MB  cpu 2  rt 18.9 ms dec 5.7+0.0  machine ok  ur 31
port> dvdheap: 1301598 bytes mode 0 num 0  caller 0x10f10  caller2 0xef70
Rest Memory 2e2fa0
ARAM Trans a4cf40
port> dvdheap: 1336948 bytes mode 0 num 0  caller 0x10f10  caller2 0xef70
Rest Memory 2da580
ARAM Trans b8aba0
port> dvdheap: 1260022 bytes mode 0 num 0  caller 0x10f10  caller2 0xef70
Rest Memory 2ed200
ARAM Trans cd1220
port> dvdheap: 1413496 bytes mode 0 num 0  caller 0x10f10  caller2 0xef70
Rest Memory 2c7a80
ARAM Trans e04c20
objman>Call New Ovl 89(1)
OvlKill 1
objdll>omDLLNumEnd 70 1
Search:dll/mentdll.rel
+++++++++++ Find0: dll/mentdll.rel
objdll>omDLLEnd 0 1
objdll>End DLL:dll/mentdll.rel
odjdll>Unlink DLL:dll/mentdll.rel
objdll>Unlink DLL epilog
objdll>Unlink DLL epilog finish
objdll>End DLL finish
port> frame 5101: overlay -1 (next 89) event 0
objman>Destory ObjMan
++++++++++++++++++++ Start New OVL 89 (EVT:0 STAT:0x00000000) ++++++++++++++++++
======== HuMem heap dump 03b9c018 ========
MCB-----+Size----+MG+FL+Prev----+Next----+UNum----+Body----+Call----
03b9c018 0000a020 a5 01 03c8f178 03ba6038 ffffff00 03b9c038 000088c4
03ba6038 000041c0 a5 01 03b9c018 03baa1f8 ffffff00 03ba6058 0003c558
03baa1f8 00016c80 cd 00 03ba6038 03bc0e78 ffffff00 03baa218 0003ce8c
03bc0e78 00000260 a5 01 03baa1f8 03bc10d8 ffffff00 03bc0e98 000090d8
03bc10d8 00000260 a5 01 03bc0e78 03bc1338 ffffff00 03bc10f8 000090d8
03bc1338 000002c0 a5 01 03bc10d8 03bc15f8 ffffff00 03bc1358 000090d8
03bc15f8 00000240 cd 00 03bc1338 03bc1838 10000000 03bc1618 00039228
03bc1838 00000100 a5 01 03bc15f8 03bc1938 ffffff00 03bc1858 000375dc
03bc1938 00000400 a5 01 03bc1838 03bc1d38 ffffff00 03bc1958 0003762c
03bc1d38 00000400 a5 01 03bc1938 03bc2138 ffffff00 03bc1d58 00037678
03bc2138 00000060 a5 01 03bc1d38 03bc2198 ffffff00 03bc2158 000376c4
03bc2198 00000040 a5 01 03bc2138 03bc21d8 ffffff00 03bc21b8 00037710
03bc21d8 000befc0 cd 00 03bc2198 03c81198 ffffff00 03bc21f8 0003ce8c
03c81198 00002100 a5 01 03bc21d8 03c83298 ffffff00 03c811b8 000090d8
03c83298 00000f80 a5 01 03c81198 03c84218 ffffff00 03c832b8 000090d8
03c84218 000041c0 a5 01 03c83298 03c883d8 ffffff00 03c84238 000090d8
03c883d8 000041c0 a5 01 03c84218 03c8c598 ffffff00 03c883f8 000090d8
03c8c598 00002be0 a5 01 03c883d8 03c8f178 ffffff00 03c8c5b8 000090d8
03c8f178 0014cea0 cd 00 03c8c598 03b9c018 ffffff00 03c8f198 0003ce8c
MCB:19(15/4) MEM:00240000(0001d2e0/00222d20)
======== HuMem heap dump 03b9c018 end =====
======== HuMem heap dump 03f1c030 ========
MCB-----+Size----+MG+FL+Prev----+Next----+UNum----+Body----+Call----
03f1c030 00a80000 cd 00 03f1c030 03f1c030 ffffff00 03f1c050 00040064
MCB:1(0/1) MEM:00a80000(00000000/00a80000)
======== HuMem heap dump 03f1c030 end =====
======== HuMem heap dump 0499c03c ========
MCB-----+Size----+MG+FL+Prev----+Next----+UNum----+Body----+Call----
0499c03c 0015f3e0 a5 01 04afb41c 04afb41c ffffff00 0499c05c 00010b1c
04afb41c 00420c20 cd 00 0499c03c 0499c03c ffffff00 04afb43c 0000ff14
MCB:2(1/1) MEM:00580000(0015f3e0/00420c20)
======== HuMem heap dump 0499c03c end =====
objman>Used Memory Size:0001d2e0
objman>Used Memory Cnt:15
objman>Init esp
objman>Call objectsetup
SOUND ##########################
0
GroupSet 9
***********GroupSet Error 0
##########################
DLLStart 89 0
Search:dll/w01dll.rel
objdll>Link DLL:dll/w01dll.rel
Rest Memory 420c20
===== DLL Module Info dump ====
                   ID:0x00000001
             LinkPrev:0x00000000
             LinkNext:0x00000000
          Section num:16
Section info tbl ofst:0x00000048
           nameOffset:0x00000000
             nameSize:45
              version:0x00000002
===============================
==== DLL Module Header dump ====
          bss Size:0x0000081c
        rel Offset:0x00012e34
        imp Offset:0x0001f174
    prolog Section:1
    epilog Section:1
unresolved Section:0
       prolog func:0x00000030
       epilog func:0x00000094
   unresolved func:0x00000000
================================
objdll>LinkOK 03bc21f8 35600000
objdll> dll/w01dll.rel prolog start
objman>InitObjMan start
objman>InitObjMan end
objdll> dll/w01dll.rel prolog end
objman>ObjectSetup end
port> frame 5102: overlay 89 (next -1) event 0
DLL DBG OUT
Rest Memory 37b3c0
Rest Memory 334960
data num 5e0000
Rest Memory 31dea0
ARAM data num 120006
data num 190000
Rest Memory 322ae0
data num 6c0000
Rest Memory 302e20
data num 890000
Rest Memory 31a860
ARAM data num 7001d
data num 50000
Rest Memory 136ce0
data num 90000
Rest Memory 1424a0
port> stall: frame 5104 took 684 ms (game 366 gx 318 present 0 aud 0) tex: 100 decoded (950 KB -> 5820 KB) dec 103 up 57 hash 5 ms, 8 re-keyed; staged 0 (0 ms saved) claimed 0 unstaged 0; frees 113, dll 0 ms
port> stall: frame 5110 took 178 ms (game 15 gx 162 present 0 aud 0) tex: 136 decoded (500 KB -> 3025 KB) dec 55 up 4 hash 5 ms, 3 re-keyed; staged 0 (0 ms saved) claimed 0 unstaged 0; frees 0, dll 0 ms
port> status f5160    w01dll       board 0 turn 1/20  mg 65936 ((none))  coins/stars 0/0c 0/0c 0/0c 0/0c  aud 0.06 ms  speed 69%  7.5 fps presented  tex 495/40385 KB  rss 246 MB  res 111/256 MB  cpu 2  rt 26.7 ms dec 7.1+0.0  machine ok  ur 62
port> status f5220    w01dll       board 0 turn 1/20  mg 65936 ((none))  coins/stars 0/0c 0/0c 0/0c 0/0c  aud 0.08 ms  speed 179%  17.8 fps presented  tex 495/40385 KB  rss 246 MB  res 111/256 MB  cpu 2  rt 22.5 ms dec 1.8+0.0  machine ok  ur 62
port> status f5280    w01dll       board 0 turn 1/20  mg 65936 ((none))  coins/stars 0/0c 0/0c 0/0c 0/0c  aud 0.09 ms  speed 101%  27.3 fps presented  tex 495/40385 KB  rss 246 MB  res 111/256 MB  cpu 2  rt 22.4 ms dec 1.7+0.0  machine ok  ur 62
port> status f5340    w01dll       board 0 turn 1/20  mg 65936 ((none))  coins/stars 0/0c 0/0c 0/0c 0/0c  aud 0.09 ms  speed 99%  27.6 fps presented  tex 495/40385 KB  rss 246 MB  res 111/256 MB  cpu 2  rt 23.1 ms dec 1.8+0.0  machine ok  ur 62
port> status f5400    w01dll       board 0 turn 1/20  mg 65936 ((none))  coins/stars 0/0c 0/0c 0/0c 0/0c  aud 0.07 ms  speed 101%  26.2 fps presented  tex 495/40385 KB  rss 246 MB  res 111/256 MB  cpu 2  rt 21.9 ms dec 1.7+0.0  machine ok  ur 62
port> status f5460    w01dll       board 0 turn 1/20  mg 65936 ((none))  coins/stars 0/0c 0/0c 0/0c 0/0c  aud 0.06 ms  speed 101%  27.2 fps presented  tex 495/40385 KB  rss 246 MB  res 111/256 MB  cpu 2  rt 23.6 ms dec 1.7+0.0  machine ok  ur 62
port> status f5520    w01dll       board 0 turn 1/20  mg 65936 ((none))  coins/stars 0/0c 0/0c 0/0c 0/0c  aud 0.07 ms  speed 100%  27.9 fps presented  tex 495/40385 KB  rss 246 MB  res 111/256 MB  cpu 2  rt 19.0 ms dec 0.7+0.0  machine ok  ur 62
port> status f5580    w01dll       board 0 turn 1/20  mg 65936 ((none))  coins/stars 0/0c 0/0c 0/0c 0/0c  aud 0.05 ms  speed 101%  30.1 fps presented  tex 495/40385 KB  rss 246 MB  res 111/256 MB  cpu 2  rt 15.5 ms dec 5.1+0.0  machine ok  ur 62
port> status f5640    w01dll       board 0 turn 1/20  mg 65936 ((none))  coins/stars 0/0c 0/0c 0/0c 0/0c  aud 0.05 ms  speed 100%  30.0 fps presented  tex 495/40385 KB  rss 246 MB  res 111/256 MB  cpu 2  rt 11.1 ms dec 3.4+0.0  machine ok  ur 62
port> status f5700    w01dll       board 0 turn 1/20  mg 65936 ((none))  coins/stars 0/0c 0/0c 0/0c 0/0c  aud 0.06 ms  speed 100%  30.0 fps presented  tex 495/40385 KB  rss 246 MB  res 111/256 MB  cpu 2  rt 9.9 ms dec 3.1+0.0  machine ok  ur 62
port> status f5760    w01dll       board 0 turn 1/20  mg 65936 ((none))  coins/stars 0/0c 0/0c 0/0c 0/0c  aud 0.07 ms  speed 100%  30.0 fps presented  tex 495/40385 KB  rss 246 MB  res 111/256 MB  cpu 2  rt 10.5 ms dec 2.9+0.0  machine ok  ur 62
port> status f5820    w01dll       board 0 turn 1/20  mg 65936 ((none))  coins/stars 0/0c 0/0c 0/0c 0/0c  aud 0.07 ms  speed 100%  30.0 fps presented  tex 495/40385 KB  rss 246 MB  res 111/256 MB  cpu 2  rt 10.2 ms dec 3.2+0.0  machine ok  ur 62
port> status f5880    w01dll       board 0 turn 1/20  mg 65936 ((none))  coins/stars 0/0c 0/0c 0/0c 0/0c  aud 0.23 ms  speed 100%  29.9 fps presented  tex 495/40385 KB  rss 246 MB  res 111/256 MB  cpu 2  rt 14.1 ms dec 4.8+0.0  machine ok  ur 62
port> status f5940    w01dll       board 0 turn 1/20  mg 65936 ((none))  coins/stars 0/0c 0/0c 0/0c 0/0c  aud 0.34 ms  speed 100%  29.8 fps presented  tex 495/40385 KB  rss 246 MB  res 111/256 MB  cpu 2  rt 14.2 ms dec 7.0+0.0  machine ok  ur 62
port> status f6000    w01dll       board 0 turn 1/20  mg 65936 ((none))  coins/stars 0/0c 0/0c 0/0c 0/0c  aud 0.34 ms  speed 100%  30.0 fps presented  tex 496/40449 KB  rss 247 MB  res 111/256 MB  cpu 2  rt 15.1 ms dec 8.5+0.0  machine ok  ur 62
port> status f6060    w01dll       board 0 turn 1/20  mg 65936 ((none))  coins/stars 0/0c 0/0c 0/0c 0/0c  aud 0.32 ms  speed 100%  30.0 fps presented  tex 496/40449 KB  rss 247 MB  res 111/256 MB  cpu 2  rt 17.4 ms dec 8.2+0.0  machine ok  ur 62
port> status f6120    w01dll       board 0 turn 1/20  mg 65936 ((none))  coins/stars 0/0c 0/0c 0/0c 0/0c  aud 0.34 ms  speed 100%  29.9 fps presented  tex 496/40449 KB  rss 247 MB  res 111/256 MB  cpu 2  rt 14.8 ms dec 8.2+0.0  machine ok  ur 62
port> status f6180    w01dll       board 0 turn 1/20  mg 65936 ((none))  coins/stars 0/0c 0/0c 0/0c 0/0c  aud 0.31 ms  speed 100%  30.0 fps presented  tex 496/40449 KB  rss 247 MB  res 111/256 MB  cpu 2  rt 16.4 ms dec 7.4+0.0  machine ok  ur 62
port> status f6240    w01dll       board 0 turn 1/20  mg 65936 ((none))  coins/stars 0/0c 0/0c 0/0c 0/0c  aud 0.30 ms  speed 100%  30.0 fps presented  tex 496/40449 KB  rss 247 MB  res 111/256 MB  cpu 2  rt 15.1 ms dec 8.0+0.0  machine ok  ur 62
#########SE Entry Error<SE 770:ErrorNo -33>
#########SE Entry Error<SE 770:ErrorNo -33>
#########SE Entry Error<SE 770:ErrorNo -33>
port> status f6300    w01dll       board 0 turn 1/20  mg 65936 ((none))  coins/stars 0/0c 0/0c 0/0c 0/0c  aud 0.32 ms  speed 100%  28.9 fps presented  tex 512/40705 KB  rss 247 MB  res 111/256 MB  cpu 2  rt 16.4 ms dec 7.9+0.0  machine ok  ur 62
#########SE Entry Error<SE 771:ErrorNo -33>
port> status f6360    w01dll       board 0 turn 1/20  mg 65936 ((none))  coins/stars 0/0c 0/0c 0/0c 0/0c  aud 0.40 ms  speed 101%  30.2 fps presented  tex 532/40928 KB  rss 248 MB  res 111/256 MB  cpu 2  rt 18.7 ms dec 8.5+0.0  machine ok  ur 62
port> status f6420    w01dll       board 0 turn 1/20  mg 65936 ((none))  coins/stars 0/0c 0/0c 0/0c 0/0c  aud 0.35 ms  speed 99%  28.7 fps presented  tex 534/40933 KB  rss 248 MB  res 111/256 MB  cpu 2  rt 15.5 ms dec 8.5+0.0  machine ok  ur 62
port> status f6480    w01dll       board 0 turn 1/20  mg 65936 ((none))  coins/stars 0/0c 0/0c 0/0c 0/0c  aud 0.28 ms  speed 101%  30.3 fps presented  tex 534/40933 KB  rss 248 MB  res 111/256 MB  cpu 2  rt 15.7 ms dec 7.7+0.0  machine ok  ur 62
port> status f6540    w01dll       board 0 turn 1/20  mg 65936 ((none))  coins/stars 0/0c 0/0c 0/0c 0/0c  aud 0.24 ms  speed 100%  30.0 fps presented  tex 534/40933 KB  rss 248 MB  res 111/256 MB  cpu 2  rt 16.1 ms dec 7.9+0.0  machine ok  ur 62
port> status f6600    w01dll       board 0 turn 1/20  mg 65936 ((none))  coins/stars 0/0c 0/0c 0/0c 0/0c  aud 0.28 ms  speed 100%  30.0 fps presented  tex 534/40933 KB  rss 248 MB  res 111/256 MB  cpu 2  rt 16.4 ms dec 7.4+0.0  machine ok  ur 62
port> status f6660    w01dll       board 0 turn 1/20  mg 65936 ((none))  coins/stars 0/0c 0/0c 0/0c 0/0c  aud 0.33 ms  speed 100%  30.0 fps presented  tex 534/40933 KB  rss 248 MB  res 111/256 MB  cpu 2  rt 18.0 ms dec 7.7+0.0  machine ok  ur 62
port> status f6720    w01dll       board 0 turn 1/20  mg 65936 ((none))  coins/stars 0/0c 0/0c 0/0c 0/0c  aud 0.31 ms  speed 100%  30.0 fps presented  tex 535/40949 KB  rss 248 MB  res 111/256 MB  cpu 2  rt 15.0 ms dec 8.3+0.0  machine ok  ur 62
port> status f6780    w01dll       board 0 turn 1/20  mg 65936 ((none))  coins/stars 0/0c 0/0c 0/0c 0/0c  aud 0.30 ms  speed 100%  30.0 fps presented  tex 535/40949 KB  rss 248 MB  res 111/256 MB  cpu 2  rt 15.6 ms dec 7.5+0.0  machine ok  ur 62
port> status f6840    w01dll       board 0 turn 1/20  mg 65936 ((none))  coins/stars 0/0c 0/0c 0/0c 0/0c  aud 0.34 ms  speed 99%  28.8 fps presented  tex 535/40949 KB  rss 248 MB  res 111/256 MB  cpu 2  rt 14.6 ms dec 8.3+0.0  machine ok  ur 62
port> status f6900    w01dll       board 0 turn 1/20  mg 65936 ((none))  coins/stars 0/0c 0/0c 0/0c 0/0c  aud 0.37 ms  speed 100%  30.0 fps presented  tex 535/40949 KB  rss 248 MB  res 111/256 MB  cpu 2  rt 14.5 ms dec 8.0+0.0  machine ok  ur 62
port> status f6960    w01dll       board 0 turn 1/20  mg 65936 ((none))  coins/stars 0/0c 0/0c 0/0c 0/0c  aud 0.31 ms  speed 100%  29.9 fps presented  tex 535/40949 KB  rss 248 MB  res 111/256 MB  cpu 2  rt 14.8 ms dec 7.4+0.0  machine ok  ur 62
port> --dumpframe: wrote /Users/zach/fps-board-m48/front/frame-07000.ppm
port> status f7020    w01dll       board 0 turn 1/20  mg 65936 ((none))  coins/stars 0/0c 0/0c 0/0c 0/0c  aud 0.31 ms  speed 99%  27.6 fps presented  tex 535/40949 KB  rss 248 MB  res 111/256 MB  cpu 2  rt 18.0 ms dec 11.6+0.0  machine ok  ur 62
port> status f7080    w01dll       board 0 turn 1/20  mg 65936 ((none))  coins/stars 0/0c 0/0c 0/0c 0/0c  aud 0.33 ms  speed 102%  30.6 fps presented  tex 535/40949 KB  rss 248 MB  res 111/256 MB  cpu 2  rt 16.1 ms dec 8.4+0.0  machine ok  ur 62
port> status f7140    w01dll       board 0 turn 1/20  mg 65936 ((none))  coins/stars 0/0c 0/0c 0/0c 0/0c  aud 0.32 ms  speed 100%  30.0 fps presented  tex 535/40949 KB  rss 248 MB  res 111/256 MB  cpu 2  rt 15.4 ms dec 7.4+0.0  machine ok  ur 62
port> status f7200    w01dll       board 0 turn 1/20  mg 65936 ((none))  coins/stars 0/0c 0/0c 0/0c 0/0c  aud 0.25 ms  speed 100%  30.0 fps presented  tex 535/40949 KB  rss 248 MB  res 111/256 MB  cpu 2  rt 15.1 ms dec 8.0+0.0  machine ok  ur 62
port> status f7260    w01dll       board 0 turn 1/20  mg 65936 ((none))  coins/stars 0/0c 0/0c 0/0c 0/0c  aud 0.27 ms  speed 100%  30.0 fps presented  tex 535/40949 KB  rss 248 MB  res 111/256 MB  cpu 2  rt 14.0 ms dec 7.4+0.0  machine ok  ur 62
port> status f7320    w01dll       board 0 turn 1/20  mg 65936 ((none))  coins/stars 9/0c 9/0c 9/0c 9/0c  aud 0.35 ms  speed 100%  30.0 fps presented  tex 535/40949 KB  rss 248 MB  res 111/256 MB  cpu 2  rt 16.5 ms dec 7.4+0.0  machine ok  ur 62
port> status f7380    w01dll       board 0 turn 1/20  mg 65936 ((none))  coins/stars 10/0c 10/0c 10/0c 10/0c  aud 0.35 ms  speed 100%  30.0 fps presented  tex 538/40885 KB  rss 248 MB  res 111/256 MB  cpu 2  rt 15.5 ms dec 7.6+0.0  machine ok  ur 62
port> status f7440    w01dll       board 0 turn 1/20  mg 65936 ((none))  coins/stars 10/0c 10/0c 10/0c 10/0c  aud 0.30 ms  speed 100%  30.0 fps presented  tex 538/40885 KB  rss 248 MB  res 111/256 MB  cpu 2  rt 14.9 ms dec 8.4+0.0  machine ok  ur 62
port> status f7500    w01dll       board 0 turn 1/20  mg 65936 ((none))  coins/stars 10/0c 10/0c 10/0c 10/0c  aud 0.30 ms  speed 100%  30.0 fps presented  tex 538/40885 KB  rss 248 MB  res 111/256 MB  cpu 2  rt 15.0 ms dec 7.7+0.0  machine ok  ur 62
port> status f7560    w01dll       board 0 turn 1/20  mg 65936 ((none))  coins/stars 10/0c 10/0c 10/0c 10/0c  aud 0.30 ms  speed 100%  30.0 fps presented  tex 538/40885 KB  rss 248 MB  res 111/256 MB  cpu 2  rt 14.7 ms dec 7.9+0.0  machine ok  ur 62
port> status f7620    w01dll       board 0 turn 1/20  mg 65936 ((none))  coins/stars 10/0c 10/0c 10/0c 10/0c  aud 0.32 ms  speed 100%  30.0 fps presented  tex 538/40885 KB  rss 248 MB  res 111/256 MB  cpu 2  rt 17.0 ms dec 8.0+0.0  machine ok  ur 62
port> status f7680    w01dll       board 0 turn 1/20  mg 65936 ((none))  coins/stars 10/0c 10/0c 10/0c 10/0c  aud 0.31 ms  speed 99%  28.8 fps presented  tex 538/40885 KB  rss 248 MB  res 111/256 MB  cpu 2  rt 13.4 ms dec 7.1+0.0  machine ok  ur 62
port> status f7740    w01dll       board 0 turn 1/20  mg 65936 ((none))  coins/stars 10/0c 10/0c 10/0c 10/0c  aud 0.33 ms  speed 100%  30.0 fps presented  tex 538/40885 KB  rss 249 MB  res 111/256 MB  cpu 2  rt 13.9 ms dec 5.8+0.0  machine ok  ur 62
port> status f7800    w01dll       board 0 turn 1/20  mg 65936 ((none))  coins/stars 10/0c 10/0c 10/0c 10/0c  aud 0.29 ms  speed 100%  30.0 fps presented  tex 538/40885 KB  rss 249 MB  res 111/256 MB  cpu 2  rt 14.4 ms dec 5.1+0.0  machine ok  ur 62
port> status f7860    w01dll       board 0 turn 1/20  mg 65936 ((none))  coins/stars 10/0c 10/0c 10/0c 10/0c  aud 0.30 ms  speed 100%  29.9 fps presented  tex 538/40885 KB  rss 249 MB  res 111/256 MB  cpu 2  rt 15.9 ms dec 4.3+0.0  machine ok  ur 62
port> status f7920    w01dll       board 0 turn 1/20  mg 65936 ((none))  coins/stars 10/0c 10/0c 10/0c 10/0c  aud 0.33 ms  speed 100%  30.1 fps presented  tex 541/40935 KB  rss 249 MB  res 111/256 MB  cpu 2  rt 14.2 ms dec 4.3+0.0  machine ok  ur 62
port> status f7980    w01dll       board 0 turn 1/20  mg 65936 ((none))  coins/stars 10/0c 10/0c 10/0c 10/0c  aud 0.26 ms  speed 100%  30.0 fps presented  tex 541/40935 KB  rss 249 MB  res 111/256 MB  cpu 2  rt 13.2 ms dec 4.2+0.0  machine ok  ur 62
port> status f8040    w01dll       board 0 turn 1/20  mg 65936 ((none))  coins/stars 10/0c 10/0c 10/0c 10/0c  aud 0.28 ms  speed 100%  29.9 fps presented  tex 541/40935 KB  rss 249 MB  res 111/256 MB  cpu 2  rt 12.5 ms dec 4.2+0.0  machine ok  ur 62
port> status f8100    w01dll       board 0 turn 1/20  mg 65936 ((none))  coins/stars 10/0c 10/0c 10/0c 10/0c  aud 0.24 ms  speed 100%  30.0 fps presented  tex 542/39143 KB  rss 247 MB  res 111/256 MB  cpu 2  rt 14.2 ms dec 5.9+0.0  machine ok  ur 62
port> status f8160    w01dll       board 0 turn 1/20  mg 65936 ((none))  coins/stars 10/0c 10/0c 10/0c 10/0c  aud 0.26 ms  speed 100%  29.9 fps presented  tex 544/39167 KB  rss 247 MB  res 111/256 MB  cpu 2  rt 11.9 ms dec 6.2+0.0  machine ok  ur 62
port> status f8220    w01dll       board 0 turn 1/20  mg 65936 ((none))  coins/stars 10/0c 10/0c 10/0c 10/0c  aud 0.29 ms  speed 100%  30.1 fps presented  tex 544/39167 KB  rss 247 MB  res 111/256 MB  cpu 2  rt 13.6 ms dec 6.8+0.0  machine ok  ur 62
port> status f8280    w01dll       board 0 turn 1/20  mg 65936 ((none))  coins/stars 10/0c 10/0c 10/0c 10/0c  aud 0.23 ms  speed 100%  29.8 fps presented  tex 546/39679 KB  rss 248 MB  res 111/256 MB  cpu 2  rt 14.0 ms dec 7.3+0.0  machine ok  ur 62
port> status f8340    w01dll       board 0 turn 1/20  mg 65936 ((none))  coins/stars 10/0c 10/0c 10/0c 10/0c  aud 0.26 ms  speed 100%  30.0 fps presented  tex 546/39679 KB  rss 248 MB  res 111/256 MB  cpu 2  rt 14.9 ms dec 7.2+0.0  machine ok  ur 62
port> status f8400    w01dll       board 0 turn 1/20  mg 65936 ((none))  coins/stars 10/0c 10/0c 10/0c 10/0c  aud 0.30 ms  speed 101%  30.1 fps presented  tex 546/39679 KB  rss 248 MB  res 111/256 MB  cpu 2  rt 15.0 ms dec 4.0+0.0  machine ok  ur 62
port> status f8460    w01dll       board 0 turn 1/20  mg 65936 ((none))  coins/stars 10/0c 10/0c 10/0c 10/0c  aud 0.34 ms  speed 100%  29.9 fps presented  tex 553/39903 KB  rss 248 MB  res 111/256 MB  cpu 2  rt 11.3 ms dec 4.1+0.0  machine ok  ur 62
port> status f8520    w01dll       board 0 turn 1/20  mg 65936 ((none))  coins/stars 10/0c 10/0c 10/0c 10/0c  aud 0.41 ms  speed 100%  30.0 fps presented  tex 553/39903 KB  rss 248 MB  res 111/256 MB  cpu 2  rt 12.6 ms dec 3.9+0.0  machine ok  ur 62
port> status f8580    w01dll       board 0 turn 1/20  mg 65936 ((none))  coins/stars 10/0c 10/0c 10/0c 10/0c  aud 0.28 ms  speed 100%  30.0 fps presented  tex 554/39967 KB  rss 248 MB  res 111/256 MB  cpu 2  rt 13.1 ms dec 4.0+0.0  machine ok  ur 62
port> status f8640    w01dll       board 0 turn 1/20  mg 65936 ((none))  coins/stars 10/0c 10/0c 10/0c 10/0c  aud 0.32 ms  speed 100%  29.9 fps presented  tex 555/40031 KB  rss 248 MB  res 111/256 MB  cpu 2  rt 11.0 ms dec 4.1+0.0  machine ok  ur 62
port> status f8700    w01dll       board 0 turn 1/20  mg 65936 ((none))  coins/stars 10/0c 10/0c 10/0c 10/0c  aud 0.39 ms  speed 99%  28.5 fps presented  tex 555/40031 KB  rss 248 MB  res 111/256 MB  cpu 2  rt 11.5 ms dec 4.3+0.0  machine ok  ur 62
port> status f8760    w01dll       board 0 turn 1/20  mg 65936 ((none))  coins/stars 10/0c 10/0c 10/0c 10/0c  aud 0.31 ms  speed 101%  26.4 fps presented  tex 556/42079 KB  rss 248 MB  res 111/256 MB  cpu 2  rt 16.7 ms dec 5.3+0.0  machine ok  ur 62
port> status f8820    w01dll       board 0 turn 1/20  mg 65936 ((none))  coins/stars 10/0c 10/0c 10/0c 10/0c  aud 0.27 ms  speed 100%  29.9 fps presented  tex 556/42079 KB  rss 249 MB  res 111/256 MB  cpu 2  rt 14.1 ms dec 5.8+0.0  machine ok  ur 62
port> status f8880    w01dll       board 0 turn 1/20  mg 65936 ((none))  coins/stars 10/0c 10/0c 10/0c 10/0c  aud 0.28 ms  speed 100%  30.1 fps presented  tex 556/42079 KB  rss 249 MB  res 111/256 MB  cpu 2  rt 13.0 ms dec 5.3+0.0  machine ok  ur 62
port> status f8940    w01dll       board 0 turn 1/20  mg 65936 ((none))  coins/stars 10/0c 10/0c 10/0c 10/0c  aud 0.26 ms  speed 100%  30.0 fps presented  tex 556/42079 KB  rss 249 MB  res 111/256 MB  cpu 2  rt 14.1 ms dec 5.9+0.0  machine ok  ur 62
port> status f9000    w01dll       board 0 turn 1/20  mg 65936 ((none))  coins/stars 10/0c 12/0c 10/0c 10/0c  aud 0.28 ms  speed 100%  30.0 fps presented  tex 557/40905 KB  rss 247 MB  res 111/256 MB  cpu 2  rt 15.4 ms dec 5.6+0.0  machine ok  ur 62

port> --frames 9000 reached: 9000 retraces in 150.15 s wall (game clock 150.15 s)
port> tev: konst collision (two constants in one stage): 0 of 900596 draws carry one, in 0 distinct configs (PLAN.md 31.4)
port> tev: 14868 hilite stage emissions folded into the specular colour sum (PLAN.md 36)
port> tev: 5596 unit emissions of the M22 register shapes (the mask/reflect triple, the lerp-by-konst pair; 0 tinted pairs had the tint dropped, 2274 drawn tinted with K_c = 1, M23) (PLAN.md 37)
port> tev: 115533 unit emissions through the register rewrite (PLAN.md 31.3), 0 stage emissions still folding a register write to PREV
port> --perfdump: 8999 frames written to /Users/zach/fps-board-m48/front.csv

---- --perf: 8999 frames ----
  game     mean   7.04  median   5.51  p95  14.58  worst 365.90 ms
  gx       mean   4.35  median   0.13  p95  14.14  worst 317.61 ms
  present  mean   0.21  median   0.02  p95   0.49  worst  95.23 ms
  aud      mean   0.23  median   0.24  p95   0.45  worst   3.17 ms
  frame    mean  11.83  median   5.93  p95  28.28  worst 683.95 ms
  budget   16.68 ms/frame at 59.94 Hz; 3211 of 8999 frames over it (35.7%)
  clocks   game 150.13 s vs wall 150.38 s -- ratio 1.002  (keeping up)
  fps      59.8 effective

---- --realtime: 9000 paced retraces ----
  clocks   game 150.15 s vs wall 150.40 s -- speed 99.8%
  present  4377 drawn of 9000 (51.4% skipped), 29.1 presented fps, 30 forced by the skip cap, 3 by --dumpframe
  late     worst 778.9 ms behind the schedule; 0 resync(s) dropping 0.00 s of game time
  rt       26 frame(s) consumed because the render thread was still busy past --rtgate 4 ms

port> MusyX: 30016 frames of 160 samples mixed (150.08 s of audio) over 8996 retraces
port> audio: first sound at retrace 726; Dolphin's own DSP dump of the same boot starts at 10.95 s = retrace ~656
port> musyx_mix: 30016 frames mixed, 6000 voices started, 4146 voices ended, peak |sample| 32767 (near full scale), 0 clamped ARAM reads, 25 max concurrent voices (of 50 allocated)
port> musyx_mix: resampler linear, depop on; 2373 voice(s) cut mid-frame
port> musyx_mix: 325 start(s) refused by start_voice_init (a zero-length one-shot, an envelope done at once, an unreadable sample); the slot's entry cleared on both halves (M25)
port> musyx_mix: --perf: mean 331.4 us/frame, worst 1424.6 us/frame, over 30016 timed frames
port> musyx_mix: split frames: 30016 control halves on the game thread, 30016 value halves (9946 ms), 9008 joins, 0 position mismatches
port> audio: M24 mixer job: 8996 ticks split (90048 steps), 0 ticks fused for a MEM1/vsample voice, 0 poisoned mid-tick, 0 out of pool, 0 jobs run at submit, 22 jobs finished mid-tick (ARAM writes)
port> musyx_aram: samples stored 650 (9945 KB), removed 132, refused 0
port> musyx_aram: region=[0x000000,0x800000) (8388608 bytes) zero_buf=[0x000000,0x000500) initialized=1
port> musyx_aram: sample heap write=0x666ae0 high_water=0x6de860 (7201632 bytes at peak), stream cursor=0x7ee200
port> musyx_aram: stream buffers active=2 peak=2 of 64 slots
port> musyx_aram: bytes uploaded=11216512 -- rejected: store=0 stream=0 upload=0, remove mismatches=0
port> audio out: 150.08 s queued, 9395 callbacks, peak L 32767 R 32767 (of 32767)
port> audio out: 62 underrun(s) totalling 939.0 ms, 0.0 ms dropped to overrun
port> audio out: (the ring tracks the frame rate: audio is paced by the
port>             retrace, so under 60 fps it starves and under --turbo it
port>             overruns.  --wav is written before the ring and is whole.)
port> OS clock: 6075000000 ticks in 150.59 s = 40.341 MHz (console 40.500)
port> decode jobs (M43): 157003618 vertices; specialised 100.0%, the walker's by pick_fast's first failed test:
port> vcache (M40, auto): 2243265 list calls (858567 left to the ring as animated), 1384698 primitives, 42278819 vertices; 1361414 hits (40805945 vertices, 96.5%; per drawn frame 98.2% over 1435 frames)
port> vcache (M44): 1873 positions refreshes (58498 vertices): stored runs whose position array alone had moved, copied and their positions decoded again
port> vcache (M45): on the frames the auto keyed off, 0 lists looked up refresh-only, 0 refreshes served there (--novcposoff)
port> vcache: misses -- new 6536 (342366 v), plan changed 1084 (61201 v), arrays changed 13791 (1010809 v), list bytes changed 0 lists; ineligible 0 (0 v, skinned/palette/premerge); not stored (region full this frame) 0 (0 v); stored 965738 v
port> vcache: auto keyed 1435 drawn frame(s), left 2569 to the decode (fit 28.0 ms); 49994 list hash(es) memoised, 86826 memo end(s) leaving module code
port> vcache (M47): the skin body named its arrays 0 times (0 scans), 0 array memos ended by them (--oldvcskin: every memo, the epoch)
port> vcache: hashed 2.9 MB of lists and 212.3 MB of arrays (0.1 KB a list call); 5832 ms keying on the game thread (sampled 1 in 8: lists 2545, hits 3037, misses 251); region 8192 KB, peak 8191 KB, 3 reset(s), 0 cooldown(s); 645 entries, 1341 arrays live, 0 clear(s)
port> GX draw: 4449145 primitives, 203941920 vertices, 1314230 glDrawArrays, 4194533 display lists replayed
port> GX draw: M44 layout memo: 3849985 primitives kept the last one's, 599160 settled anew
port> GX draw: 158104503 vertices through the specialised decode loops (77.5%)
port> GX draw: M29: 2304191 display-list runs (157003618 vertices, 77.0%) handed to the render thread's decode, 0 runs decoded here instead, 37326 kept here by --rtdecode auto (M33)
port> GX draw: M33: 633 draw(s) issued twice, depth first, for the Z of alpha-killed fragments (--zprepass 1)
port> GX draw: 0 primitive(s) off-world (|position matrix translation| over 10000)
port> skin: deferred CPU skinning; EnvelopeProc 44836 calls: 44836 deferred, 0 run by the game; 18 HSFs registered (0 rebuilt); 30107 deferred bodies run at the draw (0 of them at the array bind), 152216 syncs skipped on consumed frames; palette: 44836 bone syncs, 0 pose builds
port> skin: lifetime: 8 entries dropped by the game's frees, 0 guard hits (must be 0); signatures: 189 full, 44647 by the pointers alone (M47)
port> GL state: 3923006 calls emitted, 22089620 elided (84.9% of 26012626)
port> texture cache: 761601 hits, 563 misses, 3 re-uploads, 557 entries, 36366 KB decoded, 172 padded to a power of two, 40905 KB held by GL
port> texture budget: 40 MB; 18 evictions (7512 KB) to stay under it
port> texture decode (M23): 564 decodes, 543 ms decoding, 191 ms uploading, 2736 ms hashing; 9 frames over 20 ms of it; 89 re-keyed by content (5650 KB not decoded again)
port> texture stripes (M41): 0 rewritten textures updated by their changed tile rows (0 of 624 rows decoded), 26 found unchanged
port> texture dirty ranges (M35): 483795 DC store/flush calls, 2688 entries marked, 2215 hashed clean, 3 decoded again; 98959 calls touched no texture page (M41)
port> texture hash: 76514 KB hashed in full, 361122 KB sampled, 441413 revalidations (of 762167 binds)
port> EFB copies: 2068 colour copies into the cache (on consumed frames from the front buffer: 0 whole-screen, 0 region; 2152 clear-after copies kept from the last drawn frame, M21; 2067 half-scale copies kept at source size, M23)
port> indirect tiling: 29 composed backgrounds, 10174 cache hits

port> render thread: mode 3 (thread, overlapped)
  stream   10170263 records, 583545 KB (59 B/record); 4375 frames presented, peak 345 KB a frame; 0 KB of payload copies; 592 names handed out; 595 owned uploads freed
  replay   64863 ms in all; per presented frame mean 14.83 ms, worst 267.0 ms (4375 frames); present tail (swap executed - swap recorded) mean 4.1 ms, worst 57.6 ms
  decode   2304191 runs recorded, 2304191 decoded ahead by the decode cursor, 0 by the replay (late); 157003618 vertices; 23345 ms in all, per presented frame mean 5.34 ms, worst 18.4 ms (--rtdecode 3)
  auto     4377 drawn frames planned, 108 split (share mean 0.25, max 0.75); 1100885 vertices decoded on the game thread (226 ms) vs 157003618 on the render thread; last plan: game 20.1 + consumed 5.3 vs replay 15.4 + decode 5.8 -> 0.0 ms moved (--rtdecode auto, fit 30 ms, max share 0.75)
  gate     4250 drained, 90 waited (165 ms, worst 7.1 ms), 26 busy (the frame was consumed instead)
  ring     0 reuse waits for the issue, 0 for the GPU (0 ms, worst 0.0 ms); stream full 0 times (0 ms); reader slept 13630 times, woken 39340
  join     retrace                  9000 (695 ms, worst 28.0 ms)
  join     call                     45 (463 ms, worst 72.2 ms)
  join     gate (forced frame)      37 (117 ms, worst 30.9 ms)
  join     glReadPixels             3 (140 ms, worst 77.7 ms)
  join     skin body                23070 (11 ms, worst 9.4 ms)
  join     ClusterProc range        3 (4 ms, worst 1.7 ms)
  join     skin free                8 (0 ms, worst 0.0 ms)
  join     shutdown                 1 (0 ms, worst 0.0 ms)
  rewrite  513 buffer range(s) named by ClusterProc/ShapeProc (M43): 510 free at once, 3 waited for their pages' records; 665 record array(s) outside MEM1
  fences   the ring's chunks by epoch: the writer waited 0 time(s) for the GPU (the `ring' line above); the reader tests pending fences after every present, every 256 records and while idle
port> DVD: 135 reads, 35300287 bytes, 0 ms in reads, 0 over 100 ms

port> loader (M36): prefetch on, 91 jobs, 90 files read ahead (1 skipped as resident), 112.3 MB in 1181 ms off the game thread (worst 427 ms); 0 inline slices on one CPU (0 ms)
port> loader: disk reads after a prefetch of the same file: 0, 0 of them over 100 ms
port> loader: resident set 256 MB: 83 files held (111 MB, 73 of them from the list), 134 reads (33.6 MB) served from memory, 1 (0.0 MB, 0 ms) from the disk, 1 adopted from the game's own reads, 0 evicted (0.0 MB); mlock allowed (111 MB locked)
port> THP: 3 movie(s) skipped, first movie/opmov_a00.thp
port> CARD: 0 reads, 1 writes, 1 files created, 0 deleted, 3 image flushes, 57 of 59 blocks free
port> CARD: flushes on a thread (M29): 9 ms on the game thread in all, 66 ms behind it (worst 48 ms); 0 flush(es) waited for the previous one (0 ms)
port> CARD: M40: 2 flush(es) found the writer busy and left their image for it (1 replaced by a newer one before it started)
port> REL bundles: 4 loads, 3 unloads, 0 re-entries, 0 modules dlclose would not unload

port> cpu 2: workers on
port> workers: the game thread's FPSCR adopted 8281 time(s) (the GL driver's FPU mode, for the reverb's floats)
port> worker mixer   8986 jobs: 8986 finished by the worker, 0 late (run inline by the game thread, 0 ms), 12 waited for (4 ms, worst 1.7 ms); 10630 ms of work on the second core
port> sincos memo: 3559465 hits, 1248937 misses (74.0% hit)
port> fast sin/cos (M42): 1247421 pairs without libm, 1516 through libm
port> rotation memo (M42): mtxRot 48361 hits / 14326 misses, mtxRotCat 346529 hits / 91374 misses
port> motion exec (M42): 131338 calls through the port's body
port> vertex rewriters (M43): 513 ClusterProc, 0 ShapeProc calls, 513 ranges named; the joins are the render thread's report (precise)
port> write barrier (M42, --wbpart: the ends' partial pages too): 1894 pages armed in 1064 calls, 726 faults (284 pages hot), 855 disarmed by kernel writes/frees; arrays clean 1657654 (611868 by their ends' hash) / written 379, 882.4 MB of hashing skipped
port> material walk on consumed frames: skipped; 3474598 faces skipped, 604382 material changes (500580 Hu3DLightSet, 1334 Hu3DAnimSet kept)
port> sparse concats (bone walk): 6961186 sparse, 0 general
port> sqrtf: 0 through frsqrte, 14128666 through libm (--nofastsqrt)
port> soft-reset watcher: running, body polled 8996 times

---- SDK surface hit at boot: 0 distinct stubs, in first-call order ----
---- 0 stub calls total ----
