Mario Party 4 -- native port, PowerPC Edition 0.9.16 (milestone M48)
port> machine: model PowerMac3,5, 2 CPUs at 1000 MHz, 7450 (G4), AltiVec yes, 1536 MB RAM, Mac OS X 10.5.4
port> machine: GL ATI Technologies Inc. / ATI Radeon 9000 OpenGL Engine / 1.3 ATI-1.5.28, VRAM 64 MB, 6 texture units, max texture 2048
port> machine:   GL_ARB_multitexture                  present  required
port> machine:   GL_ARB_texture_env_combine           present  required
port> machine:   GL_ARB_texture_env_crossbar          present  required
port> machine:   GL_ATI_texture_env_combine3          present  required
port> machine:   GL_EXT_secondary_color               present  required
port> machine:   GL_ARB_vertex_program                present  degraded without
port> machine:   GL_APPLE_vertex_array_range          present  degraded without
port> machine:   GL_APPLE_fence                       present  degraded without
port> machine:   GL_EXT_multi_draw_arrays             present  degraded without
port> machine:   GL_EXT_blend_subtract                present  degraded without
port> machine:   GL_EXT_gpu_program_parameters        present  optional
port> machine:   GL_EXT_fog_coord                     present  optional
port> machine:   GL_EXT_texture_compression_s3tc      present  optional
port> machine:   GL_ARB_depth_texture                 MISSING  optional
port> machine:   GL_ATI_text_fragment_shader          present  not used
port> machine: verdict ok
port> machine:   - every probe within the G4's envelope
port> machine: tier: the reference class (dual 1 GHz G4, 64 MB Radeon 9000 or better), whose promise is 30 fps everywhere: 75 of 82 screens there today (0.9.16, docs/fps-scoreboard.md)
port> machine: applying --resident 256 (1536 MB of RAM; 0 under 768 MB, 128 at 1 GB, 256 at 1.5 GB+, 584 MB kept for the OS and the game)
port> machine: the roulette prefetch is on (every machine; --noprefetch)
port> machine: coroutine stacks x2 over the game's sizes (the default since M31; --stackmul N)
port> DVD: disc image /Users/zach/MarioParty4/mp4.nkit.iso, 357 files in the FST
port> GL: ATI Radeon 9000 OpenGL Engine / 1.3 ATI-1.5.28, 6 texture units
port> GL feature set used: combine3 1, crossbar 1, s3tc 1, blend_subtract 1, depth_texture 0, text_fragment_shader 1, 6 units
---- vprog probe ----
GL_ARB_vertex_program                     present
MAX_PROGRAM_INSTRUCTIONS            262144
MAX_PROGRAM_NATIVE_INSTRUCTIONS        128
MAX_PROGRAM_PARAMETERS                1024
MAX_PROGRAM_NATIVE_PARAMETERS          192
MAX_PROGRAM_TEMPORARIES              65535
MAX_PROGRAM_NATIVE_TEMPORARIES          12
MAX_PROGRAM_ATTRIBS                     32
MAX_PROGRAM_NATIVE_ATTRIBS              16
MAX_PROGRAM_ADDRESS_REGISTERS            2
MAX_PROGRAM_ENV_PARAMETERS             256
MAX_PROGRAM_LOCAL_PARAMETERS          1024
GL_EXT_gpu_program_parameters       present (one call per palette upload)
trivial program            loaded, 6 instructions (6 native), under native limits: YES
palette program (ARL)      loaded, 10 instructions (15 native), under native limits: YES
matrix palette             18 slots of 6 params from env[82]
---- end vprog probe ----
port> cpu: 2 cores (hw.ncpu); workers ON
port> loader: prefetch on (a thread); resident set 256 MB: 73 of the list's 73 files fit (103.1 of 103.1 MB), filling on the thread
port> vertex ring: 8192 KB in 4 chunks (+8192 KB static-geometry cache), vertex_array_range on, multi_draw_arrays yes
port> render thread: on, overlapped (the join at the gate) (--renderthread 3); stream 16384 KB
port> render thread: the display-list decode split per drawn frame between the two threads (auto, M33) (--rtdecode 3)
port> options: Mario Party 4 PowerPC Edition 0.9.16 (M48), the effective options
port> options: machine       ok: PowerMac3,5, 2 x 1000 MHz 7450 (G4), 1536 MB RAM, ATI Radeon 9000 OpenGL Engine, 64 MB VRAM, 6 units, OS 10.5.4
port> options: disc image    /Users/zach/MarioParty4/mp4.nkit.iso
port> options: data folder   /Users/zach/Library/Application Support/MarioParty4  (card image, config, log)
port> options: log           (stdout only)
port> options: fullscreen    0  (--noconfig: not remembered)
port> options: cores         2; workers on (--threads -1); render thread mode 3 (--renderthread -1: 0 direct, 1 inline twin, 2 joined, 3 overlapped); decode on it 3 (--rtdecode; 3 = auto)
port> options: pacing        realtime (deterministic clock); stack multiplier x2; texture budget 40 MB; resampler linear, depop on
port> options: loading       roulette prefetch on (--noprefetch); resident set 256 MB (--resident MB; the machine check's rule by the installed RAM)
port> options: every field of PortOptions (0/NULL = off or unset):
port> options:   image=/Users/zach/MarioParty4/mp4.nkit.iso  log=NULL  gxlog=0  deterministic=1  
port> options:   stub_trace=0  max_frames=2400  turbo=0  watchdog=0  verbose=0  reldir=NULL  gxdemo=0  
port> options:   reltest=0  memmap=0  guardtest=NULL  relzerobss=0  nodatareset=0  noaudio=0  glcheck=0  
port> options:   glinfo=0  seed=3838914000000000  perf=1  gxsplit=0  drawlog=0  dumptex=0  texhash_full=0  
port> options:   gxwarn=0  headless=0  dumpframe=NULL  shotdir=/Users/zach/fps-board-m48/goto-mstorydll  
port> options:   scale=0  drawlog_frame=0  nocard=0  reldlclose=0  nopad=0  pad_debug=0  kbport=0  
port> options:   pad_play=NULL  pad_record=NULL  scenelog=NULL  ovllog=1  nanwatch=0  wav=NULL  mute=0  
port> options:   audiolog=0  rtc=1041472800  rtc_set=1  rtc_seen=1  rtc_offset=0  card=NULL  freshcard=1  
port> options:   minigame=NULL  com4=0  cast=NULL  dvdheap=0  turns=0  status=1  stuckwatch=0  soak=0  
port> options:   depop=1  resample4=0  clickstat=0  dlcache=0  vcache=3  vcache_mb=8  vcache_fit=28  
port> options:   vcache_vbo=0  cardwait=0  synclog=0  noaicb=0  olddecode=0  perfwin=NULL  nodraw=0  
port> options:   ffto=0  ffto_warm=1  snap_every=0  snap_keep=3  snap_dir=NULL  restore=NULL  snap_now=0  
port> options:   snapdiff=0  vprobe=0  cpuxf=0  vprogstats=0  vproglog=0  oldtev=0  tevstats=0  
port> options:   oldnulltev=0  tlutlog=0  oldsubmit=0  novar=0  batchmax=0  segrebase=0  gltrace=0  
port> options:   endlog=NULL  nomerge=0  nomultidraw=0  noindexed=1  nohilite=0  noenvbulk=0  nofixbase=0  
port> options:   submitstats=0  nohilitetex=0  nocopyhalf=0  copylog=0  noefbflip=0  oldfirsthash=0  
port> options:   norekey=0  dumpcopy=0  notint=0  tintlog=0  texdecodelog=0  threads=-1  nomixthread=0  
port> options:   renderthread=-1  rtsplit=0  rtgate_ms=4  stackmul=2  rtdecode=-1  rtauto_fit_ms=30  
port> options:   rtauto_max=0.75  fake_machine=NULL  machinecheck=0  force=0  mgdump=NULL  mgend=0  
port> options:   viewtexgen=0  nrmfrac0=0  vtxdivide=0  mghold=0  fullscreen=0  fullscreen_set=0  
port> options:   noconfig=1  print_defaults=0  print_keys=0  texbudget_set=0  predecode=0  predecodelog=0  
port> options:   regfix2dbg=0  lazyflush=0  premerge_max=0  cmpmask=8191  oldkonst=0  tfs=0  tfsprobe=0  
port> options:   tfslog=0  tfsdbg=0  tfsnorebind=0  tfscopycpu=0  tfssqcopy=0  tfsmtx=0  tfsforcebind=0  
port> options:   tfsenvreset=0  tfsdump=0  tfsall=0  oldspec0=0  nolitalpha=0  oldczero=0  clrasclr=0  
port> options:   nohoistmtx=0  nofastconcat=0  nostripes=0  nounitmemo=0  norotmemo=0  nopacklights=0  
port> options:   nofastsin=0  nomtxmemo=0  norotl=0  nowb=0  notexskip=0  nostripepool=0  giveitem=NULL  
port> options:   waterlook=1  pondlook=0  pondmix=0  wavegain=0  rgbcopy=0  novcposoff=1  nowaterpt=0  
port> options:   affinetex=0  halfwatch=0  presentdump=NULL  motlog=0  nolights=0  nopendlast=0  
port> options:   noskindecode=1  skinverify=0  oldvcskin=1  fullskinsig=0  noskindcbz=0  skinfree=0  
port> options:   oldwake=0  skinround=0  skinvec=0  dcbtdist=1  keytest=NULL  oldscissor=0  
port> options:   readbacktest=0  nodcbz=0  novpgen=0  notevdirty=0  noattrmemo=0  nowordhash=0  water=-1  
port> options:   watergrid=1  norastermemo=0  novcpos=0  wbpart=1  oldvtxjoin=0  rtgx=0  rtgx_fit=29  
port> options:   texmtxlog=0  maxbatchverts=0  skinreadwatch=0  nocompiled=1  compiled_mode=1  
port> options:   nocompiledpf=0  compiled_mb=8  glists=0  glists_mb=8  pmc=0  nomotionexec=0  
port> options:   nodirtyfilter=0  nodirty=0  oldakonst=0  mdposonly=0  mdmax=0  nospot=0  oldfog=0  
port> options:   noregchain=0  nocarry=0  forceobj=NULL  forceobj_flags=0  skipobj=NULL  zprepass=1  
port> options:   probeverts=0  skipverts=0  probeobj=NULL  nolinewidth=0  noregfix=0  realtime=1  
port> options:   lockstep=0  maxskip=0  perfdump=/Users/zach/fps-board-m48/goto-mstorydll.csv  mpgl=0  
port> options:   olddecode2=0  altivec=0  nodcbt=0  olddecode3=0  decodestats=0  audiolead_set=0  
port> options:   audiolead=100  cpuskin=0  palette=0  nopalette=0  skinstats=0  palsize=0  palnoarl=0  
port> options:   palnofog=0  noskinlifetime=0  restore_lax=0  skindeferall=0  mixtrace=NULL  mixcheck=0  
port> options:   nosincos=0  snapsync=0  nomatwalk=0  nocurvememo=1  nosparsemtx=0  nofastsqrt=1  
port> options:   nodraw_user=0  noprefetch=0  resident=256  dvdlog=0  nomovies=0  thpyuv=0  
port> options:   gotoovl=mstorydll:0:0  board=0  boardcycle=0  boarddump=NULL  foldxbar=0  foldcap=0  
port> options:   thplog=0  nothpslice=0  thpguard_set=0  thpguard=60  
port> audio: 32000 Hz, 2 ch, 512-frame buffer, 256 KB ring (2048 ms)
port> frame mode: --realtime (retrace at 60 Hz on the wall clock, present at most every 2nd retrace, at least every 6th; --lockstep for the old gate)
port> audio: 100 ms of lead queued ahead of the mix (--audiolead)
port> entering the game's own main()

port> OSInit: MEM1 24 MB [0x3970000, 0x5170000), ARAM 16 MB, bus 162 MHz
port> OSInit: RTC pinned to 1041472800 (2003-01-02T02:00:00Z), OSGetTime origin 3838914000000000 ticks
port> DVDInit
port> VIInit
port> controls: a scripted run (--play/--record/--soak/--noconfig/--com4/--nopad): PowerPCube's controls file and gamecontrollerdb.txt are not read
port> PADInit: controller 1 = keyboard
port> PADInit: rumble not available on controller 1
port> PADInit: controllers 2-4 unplugged (reference config: CPU players)
port> OSCreateHeap 0: 0x3a9c000..0x5170000 (23375 KB)
port> VIConfigure: 640x480 xfb, 640x480 efb, tv mode 0
port> GXInit: FIFO 0x3a9c00c, 1048576 bytes (the port keeps no FIFO; the write-gather writers are ordinary calls under TARGET_PC)
port> frame 1: overlay 0 (next 0) event 0
port> loader: list sound/mpgcsnd.msm 36823392 bytes in 387 ms, resident (asked at frame 0, done at 1)
port> roulette: frame 1 dealt mg 401 (m401dll, type 0)
port> OSCreateThread 0x259448 func 0x4210c (the soft-reset watcher; polled once per retrace, not run on a thread)
HuMem> left memory space 2383KB(2441120)
port> ARInit: 16 MB of ARAM
port> MusyX SAL: 32000 Hz, 4 x 640-byte AI buffers (20 ms), 32-sample sub-frame
port> musyx_mix: CPU mixer up, 50 voices, 1 studios, 32000 Hz
port> MusyX SAL: mixing started
port> musyx_aram: region [0x000000, 0x800000) zero_buf [0x000000, 0x000500) sample heap starts at 0x000500
port> AI: DMA callback registered (one call per 160-sample DSP frame)
port> CARD: --freshcard with no --card: using the scratch image /Users/zach/Library/Application Support/MarioParty4/scratch-slot-a.raw
            rather than formatting the save file next to it
port> CARD: slot A = /Users/zach/Library/Application Support/MarioParty4/scratch-slot-a.raw (--freshcard: formatted, 59 free blocks)
port> workers: the game thread's FPSCR control bits are 0x00 at job 0 (NI 0, RN 0)
DLL DBG OUT
objman>Call New Ovl 1(1)
port> frame 2: overlay -1 (next 1) event 0
++++++++++++++++++++ Start New OVL 1 (EVT:0 STAT:0x00000000) ++++++++++++++++++
======== HuMem heap dump 03b9c018 ========
MCB-----+Size----+MG+FL+Prev----+Next----+UNum----+Body----+Call----
03b9c018 0000a020 a5 01 03baa1f8 03ba6038 ffffff00 03b9c038 000088c4
03ba6038 000041c0 a5 01 03b9c018 03baa1f8 ffffff00 03ba6058 0003c558
03baa1f8 00231e20 cd 00 03ba6038 03b9c018 00000000 03baa218 0003c558
MCB:3(2/1) MEM:00240000(0000e1e0/00231e20)
======== HuMem heap dump 03b9c018 end =====
======== HuMem heap dump 03f1c030 ========
MCB-----+Size----+MG+FL+Prev----+Next----+UNum----+Body----+Call----
03f1c030 00a80000 cd 00 03f1c030 03f1c030 ffffff00 03f1c050 cdcdcdcd
MCB:1(0/1) MEM:00a80000(00000000/00a80000)
======== HuMem heap dump 03f1c030 end =====
======== HuMem heap dump 0499c03c ========
MCB-----+Size----+MG+FL+Prev----+Next----+UNum----+Body----+Call----
0499c03c 00580000 cd 00 0499c03c 0499c03c ffffff00 0499c05c cdcdcdcd
MCB:1(0/1) MEM:00580000(00000000/00580000)
======== HuMem heap dump 0499c03c end =====
objman>Used Memory Size:0000e1e0
objman>Used Memory Cnt:2
objman>Init esp
objman>Call objectsetup
DLLStart 1 0
Search:dll/bootdll.rel
objdll>Link DLL:dll/bootdll.rel
Rest Memory 580000
port> REL bundles: 99 in /Users/zach/mp4-m48final.app/Contents/MacOS/rels
===== DLL Module Info dump ====
                   ID:0x00000001
             LinkPrev:0x00000000
             LinkNext:0x00000000
          Section num:14
Section info tbl ofst:0x00000048
           nameOffset:0x00000000
             nameSize:47
              version:0x00000002
===============================
==== DLL Module Header dump ====
          bss Size:0x0000005c
        rel Offset:0x00005c9d
        imp Offset:0x00007a4d
    prolog Section:1
    epilog Section:1
unresolved Section:0
       prolog func:0x00000000
       epilog func:0x00000054
   unresolved func:0x00000000
================================
objdll>LinkOK 03baa578 30100000
objdll> dll/bootdll.rel prolog start
******* Boot ObjectSetup *********
objman>InitObjMan start
objman>InitObjMan end
objdll> dll/bootdll.rel prolog end
objman>ObjectSetup end
port> lazy flush: off; premerge: off (max 0 vertices an object) -- both measured and off by default, PLAN.md 37
port> matrix palette: off (opt-in: --palette; PLAN.md 33.2)
port> frame 3: overlay 1 (next -1) event 0
DLL DBG OUT
Rest Memory 57d540
ARAM Trans 808000
Rest Memory 55d020
ARAM Trans 80aaa0
Rest Memory 506400
ARAM Trans 82da60
Rest Memory 564f40
ARAM Trans 8a7640
Rest Memory 5395a0
data num 74000b
port> dvdheap: 3733270 bytes mode 1 num 10000000  caller 0x10fa8  caller2 0xeb4c
Rest Memory 1f08c0
port> stall: frame 35 took 131 ms (game 129 gx 1 present 1 aud 0) tex: 0 decoded (0 KB -> 0 KB) dec 0 up 0 hash 1 ms, 0 re-keyed; staged 0 (0 ms saved) claimed 0 unstaged 0; frees 9, dll 0 ms
port> status f60      bootdll      board 0 turn 0/0  mg 401 (m401dll)  coins/stars 0/0h 0/0h 0/0h 0/0h  aud 0.01 ms  speed 0%  0.0 fps presented  tex 1/2048 KB  rss 176 MB  res 103/256 MB  cpu 2  rt 0.3 ms dec 0.0+0.0  machine ok  ur 39
port> status f120     bootdll      board 0 turn 0/0  mg 401 (m401dll)  coins/stars 0/0h 0/0h 0/0h 0/0h  aud 0.01 ms  speed 100%  30.0 fps presented  tex 1/2048 KB  rss 177 MB  res 103/256 MB  cpu 2  rt 0.3 ms dec 0.0+0.0  machine ok  ur 39
port> status f180     bootdll      board 0 turn 0/0  mg 401 (m401dll)  coins/stars 0/0h 0/0h 0/0h 0/0h  aud 0.01 ms  speed 100%  30.0 fps presented  tex 1/2048 KB  rss 177 MB  res 103/256 MB  cpu 2  rt 0.4 ms dec 0.0+0.0  machine ok  ur 39
port> status f240     bootdll      board 0 turn 0/0  mg 401 (m401dll)  coins/stars 0/0h 0/0h 0/0h 0/0h  aud 0.01 ms  speed 100%  30.0 fps presented  tex 1/2048 KB  rss 177 MB  res 103/256 MB  cpu 2  rt 0.4 ms dec 0.0+0.0  machine ok  ur 39
port> status f300     bootdll      board 0 turn 0/0  mg 401 (m401dll)  coins/stars 0/0h 0/0h 0/0h 0/0h  aud 0.01 ms  speed 100%  29.0 fps presented  tex 2/4096 KB  rss 179 MB  res 103/256 MB  cpu 2  rt 0.7 ms dec 0.0+0.0  machine ok  ur 39
port> status f360     bootdll      board 0 turn 0/0  mg 401 (m401dll)  coins/stars 0/0h 0/0h 0/0h 0/0h  aud 0.01 ms  speed 100%  29.0 fps presented  tex 2/4096 KB  rss 181 MB  res 103/256 MB  cpu 2  rt 0.2 ms dec 0.0+0.0  machine ok  ur 39
port> status f420     bootdll      board 0 turn 0/0  mg 401 (m401dll)  coins/stars 0/0h 0/0h 0/0h 0/0h  aud 0.01 ms  speed 100%  30.0 fps presented  tex 2/4096 KB  rss 181 MB  res 103/256 MB  cpu 2  rt 0.3 ms dec 0.0+0.0  machine ok  ur 39
port> status f480     bootdll      board 0 turn 0/0  mg 401 (m401dll)  coins/stars 0/0h 0/0h 0/0h 0/0h  aud 0.01 ms  speed 100%  30.0 fps presented  tex 2/4096 KB  rss 181 MB  res 103/256 MB  cpu 2  rt 0.3 ms dec 0.0+0.0  machine ok  ur 39
port> status f540     bootdll      board 0 turn 0/0  mg 401 (m401dll)  coins/stars 0/0h 0/0h 0/0h 0/0h  aud 0.01 ms  speed 100%  30.0 fps presented  tex 2/4096 KB  rss 181 MB  res 103/256 MB  cpu 2  rt 0.4 ms dec 0.0+0.0  machine ok  ur 39
0
GroupSet 0
***********GroupSet Error 0
port> status f600     bootdll      board 0 turn 0/0  mg 401 (m401dll)  coins/stars 0/0h 0/0h 0/0h 0/0h  aud 0.01 ms  speed 100%  30.0 fps presented  tex 2/4096 KB  rss 181 MB  res 103/256 MB  cpu 2  rt 0.7 ms dec 0.0+0.0  machine ok  ur 39
port> --goto: from the boot into mstorydll (overlay 80) at event 0, character 0 first
objman>Call New Ovl 80(1)
OvlKill 1
objdll>omDLLNumEnd 1 1
Search:dll/bootdll.rel
+++++++++++ Find0: dll/bootdll.rel
objdll>omDLLEnd 0 1
objdll>End DLL:dll/bootdll.rel
odjdll>Unlink DLL:dll/bootdll.rel
objdll>Unlink DLL epilog
objdll>Unlink DLL epilog finish
objdll>End DLL finish
port> frame 609: overlay -1 (next 80) event 0
objman>Destory ObjMan
++++++++++++++++++++ Start New OVL 80 (EVT:0 STAT:0x00000000) ++++++++++++++++++
======== HuMem heap dump 03b9c018 ========
MCB-----+Size----+MG+FL+Prev----+Next----+UNum----+Body----+Call----
03b9c018 0000a020 a5 01 03bc21d8 03ba6038 ffffff00 03b9c038 000088c4
03ba6038 000041c0 a5 01 03b9c018 03baa1f8 ffffff00 03ba6058 0003c558
03baa1f8 00017640 cd 00 03ba6038 03bc1838 ffffff00 03baa218 0003ce8c
03bc1838 00000100 a5 01 03baa1f8 03bc1938 ffffff00 03bc1858 000375dc
03bc1938 00000400 a5 01 03bc1838 03bc1d38 ffffff00 03bc1958 0003762c
03bc1d38 00000400 a5 01 03bc1938 03bc2138 ffffff00 03bc1d58 00037678
03bc2138 00000060 a5 01 03bc1d38 03bc2198 ffffff00 03bc2158 000376c4
03bc2198 00000040 a5 01 03bc2138 03bc21d8 ffffff00 03bc21b8 00037710
03bc21d8 00219e40 cd 00 03bc2198 03b9c018 ffffff00 03bc21f8 0003ce8c
MCB:9(7/2) MEM:00240000(0000eb80/00231480)
======== HuMem heap dump 03b9c018 end =====
======== HuMem heap dump 03f1c030 ========
MCB-----+Size----+MG+FL+Prev----+Next----+UNum----+Body----+Call----
03f1c030 00a80000 cd 00 03f1c030 03f1c030 ffffff00 03f1c050 00040064
MCB:1(0/1) MEM:00a80000(00000000/00a80000)
======== HuMem heap dump 03f1c030 end =====
======== HuMem heap dump 0499c03c ========
MCB-----+Size----+MG+FL+Prev----+Next----+UNum----+Body----+Call----
0499c03c 00580000 cd 00 0499c03c 0499c03c 10000000 0499c05c 0000ff14
MCB:1(0/1) MEM:00580000(00000000/00580000)
======== HuMem heap dump 0499c03c end =====
objman>Used Memory Size:0000eb80
objman>Used Memory Cnt:7
objman>Init esp
objman>Call objectsetup
############CharGrpSet
Del Group OK
SOUND ##########################
0
GroupSet 5
***********GroupSet Error 0
Change AUX 0,1
##########################
DLLStart 80 0
Search:dll/mstorydll.rel
objdll>Link DLL:dll/mstorydll.rel
Rest Memory 580000
===== DLL Module Info dump ====
                   ID:0x00000001
             LinkPrev:0x00000000
             LinkNext:0x00000000
          Section num:15
Section info tbl ofst:0x00000048
           nameOffset:0x00000000
             nameSize:51
              version:0x00000002
===============================
==== DLL Module Header dump ====
          bss Size:0x000008c0
        rel Offset:0x000154d0
        imp Offset:0x00020050
    prolog Section:1
    epilog Section:1
unresolved Section:0
       prolog func:0x000003e8
       epilog func:0x0000043c
   unresolved func:0x00000000
================================
objdll>LinkOK 03bc21f8 34d00000
objdll> dll/mstorydll.rel prolog start
objman>InitObjMan start
objman>InitObjMan end
Rest Memory 5395a0
objdll> dll/mstorydll.rel prolog end
objman>ObjectSetup end
port> frame 611: overlay 80 (next -1) event 0
DLL DBG OUT
data num 650038
port> dvdheap: 2807338 bytes mode 1 num 10000000  caller 0x10fa8  caller2 0xeb4c
Rest Memory 2d29a0
port> DVD: read of data/mstory.bin (2807338 bytes at 0) took 160 ms (frame 611)
ARAM data num 120006
data num 5e0001
Rest Memory 275480
Error: data none on ARAM 5f0000
ARAM DUMP ======================
AMemPtr  Stat Length
00808000:0001,00002aa0,00000012
0080aaa0:0001,00022fc0,00000086
0082da60:0001,00079be0,00000013
008a7640:0001,0001b0a0,00000061
008c26e0:0000,0073d920,0000ffff
ffffffff:0001,00000000
================================
data num 5f0000
port> dvdheap: 1301598 bytes mode 1 num 10000000  caller 0x10fa8  caller2 0xeb4c
Rest Memory 137800
Error: data none on ARAM 5f0003
ARAM DUMP ======================
AMemPtr  Stat Length
00808000:0001,00002aa0,00000012
0080aaa0:0001,00022fc0,00000086
0082da60:0001,00079be0,00000013
008a7640:0001,0001b0a0,00000061
008c26e0:0000,0073d920,0000ffff
ffffffff:0001,00000000
================================
Error: data none on ARAM 5f0005
ARAM DUMP ======================
AMemPtr  Stat Length
00808000:0001,00002aa0,00000012
0080aaa0:0001,00022fc0,00000086
0082da60:0001,00079be0,00000013
008a7640:0001,0001b0a0,00000061
008c26e0:0000,0073d920,0000ffff
ffffffff:0001,00000000
================================
Error: data none on ARAM 5f006d
ARAM DUMP ======================
AMemPtr  Stat Length
00808000:0001,00002aa0,00000012
0080aaa0:0001,00022fc0,00000086
0082da60:0001,00079be0,00000013
008a7640:0001,0001b0a0,00000061
008c26e0:0000,0073d920,0000ffff
ffffffff:0001,00000000
================================
data num 190001
Rest Memory 21cba0
Error: data none on ARAM 1a0000
ARAM DUMP ======================
AMemPtr  Stat Length
00808000:0001,00002aa0,00000012
0080aaa0:0001,00022fc0,00000086
0082da60:0001,00079be0,00000013
008a7640:0001,0001b0a0,00000061
008c26e0:0000,0073d920,0000ffff
ffffffff:0001,00000000
================================
data num 1a0000
port> dvdheap: 1336948 bytes mode 1 num 10000000  caller 0x10fa8  caller2 0xeb4c
Rest Memory d6500
Error: data none on ARAM 1a0003
ARAM DUMP ======================
AMemPtr  Stat Length
00808000:0001,00002aa0,00000012
0080aaa0:0001,00022fc0,00000086
0082da60:0001,00079be0,00000013
008a7640:0001,0001b0a0,00000061
008c26e0:0000,0073d920,0000ffff
ffffffff:0001,00000000
================================
Error: data none on ARAM 1a0005
ARAM DUMP ======================
AMemPtr  Stat Length
00808000:0001,00002aa0,00000012
0080aaa0:0001,00022fc0,00000086
0082da60:0001,00079be0,00000013
008a7640:0001,0001b0a0,00000061
008c26e0:0000,0073d920,0000ffff
ffffffff:0001,00000000
================================
Error: data none on ARAM 1a006d
ARAM DUMP ======================
AMemPtr  Stat Length
00808000:0001,00002aa0,00000012
0080aaa0:0001,00022fc0,00000086
0082da60:0001,00079be0,00000013
008a7640:0001,0001b0a0,00000061
008c26e0:0000,0073d920,0000ffff
ffffffff:0001,00000000
================================
data num 6c0001
Rest Memory 1a4600
Error: data none on ARAM 6d0000
ARAM DUMP ======================
AMemPtr  Stat Length
00808000:0001,00002aa0,00000012
0080aaa0:0001,00022fc0,00000086
0082da60:0001,00079be0,00000013
008a7640:0001,0001b0a0,00000061
008c26e0:0000,0073d920,0000ffff
ffffffff:0001,00000000
================================
data num 6d0000
port> dvdheap: 1260022 bytes mode 1 num 10000000  caller 0x10fa8  caller2 0xeb4c
Rest Memory 70be0
Error: data none on ARAM 6d0003
ARAM DUMP ======================
AMemPtr  Stat Length
00808000:0001,00002aa0,00000012
0080aaa0:0001,00022fc0,00000086
0082da60:0001,00079be0,00000013
008a7640:0001,0001b0a0,00000061
008c26e0:0000,0073d920,0000ffff
ffffffff:0001,00000000
================================
Error: data none on ARAM 6d0005
ARAM DUMP ======================
AMemPtr  Stat Length
00808000:0001,00002aa0,00000012
0080aaa0:0001,00022fc0,00000086
0082da60:0001,00079be0,00000013
008a7640:0001,0001b0a0,00000061
008c26e0:0000,0073d920,0000ffff
ffffffff:0001,00000000
================================
Error: data none on ARAM 6d006d
ARAM DUMP ======================
AMemPtr  Stat Length
00808000:0001,00002aa0,00000012
0080aaa0:0001,00022fc0,00000086
0082da60:0001,00079be0,00000013
008a7640:0001,0001b0a0,00000061
008c26e0:0000,0073d920,0000ffff
ffffffff:0001,00000000
================================
data num 890001
Rest Memory 143aa0
Error: data none on ARAM 8a0000
ARAM DUMP ======================
AMemPtr  Stat Length
00808000:0001,00002aa0,00000012
0080aaa0:0001,00022fc0,00000086
0082da60:0001,00079be0,00000013
008a7640:0001,0001b0a0,00000061
008c26e0:0000,0073d920,0000ffff
ffffffff:0001,00000000
================================
data num 8a0000
port> dvdheap: 1413496 bytes mode 1 num 10000000  caller 0x10fa8  caller2 0xeb4c
port> dvdheap: 1413496 bytes mode 1 num 10000000  caller 0x10fa8  caller2 0xeb4c
HuMem>memory alloc error 00159180(10000000): Call 00010bcc
======== HuMem heap dump 0499c03c ========
MCB-----+Size----+MG+FL+Prev----+Next----+UNum----+Body----+Call----
0499c03c 002ad660 a5 01 04dd859c 04c4969c 10000000 0499c05c 00010bcc
04c4969c 0005d520 a5 01 0499c03c 04ca6bbc 10000000 04c496bc 00010bcc
04ca6bbc 000588e0 a5 01 04c4969c 04cff49c 10000000 04ca6bdc 00010bcc
04cff49c 000785a0 a5 01 04ca6bbc 04d77a3c 10000000 04cff4bc 00010bcc
04d77a3c 00060b60 a5 01 04cff49c 04dd859c 10000000 04d77a5c 00010bcc
04dd859c 00143aa0 cd 00 04d77a3c 0499c03c f76a504f 04dd85bc 00010bcc
MCB:6(5/1) MEM:00580000(0043c560/00143aa0)
======== HuMem heap dump 0499c03c end =====
dvd.c: Memory Allocation Error (Length 159178) (mode 1)
Rest Memory 143aa0

*** OSPanic in "dvd.c" on line 75: 


---- SDK surface hit at boot: 0 distinct stubs, in first-call order ----
---- 0 stub calls total ----
HuMem>memory alloc error 00159180(10000000): Call 00010bcc
======== HuMem heap dump 0499c03c ========
MCB-----+Size----+MG+FL+Prev----+Next----+UNum----+Body----+Call----
0499c03c 002ad660 a5 01 04dd859c 04c4969c 10000000 0499c05c 00010bcc
04c4969c 0005d520 a5 01 0499c03c 04ca6bbc 10000000 04c496bc 00010bcc
04ca6bbc 000588e0 a5 01 04c4969c 04cff49c 10000000 04ca6bdc 00010bcc
04cff49c 000785a0 a5 01 04ca6bbc 04d77a3c 10000000 04cff4bc 00010bcc
04d77a3c 00060b60 a5 01 04cff49c 04dd859c 10000000 04d77a5c 00010bcc
04dd859c 00143aa0 cd 00 04d77a3c 0499c03c f76a504f 04dd85bc 00010bcc
MCB:6(5/1) MEM:00580000(0043c560/00143aa0)
======== HuMem heap dump 0499c03c end =====
dvd.c: Memory Allocation Error (Length 159178) (mode 1)
Rest Memory 143aa0
