Mario Party 4 -- native port, milestone M1
port> DVD: disc image ../orig/GMPE01_01/Mario Party 4 (USA) (Rev 1).nkit.iso, 357 files in the FST
port> entering the game's own main()

port> OSInit: MEM1 24 MB, ARAM 16 MB, bus 162 MHz
port> DVDInit
port> VIInit
port> PADInit: no controllers (M3 brings SDL2 + the Xbox One driver)
port> OSCreateHeap 0: 0x108100000..0x1097d4000 (23375 KB)
port> VIConfigure: 640x480 xfb, 640x480 efb, tv mode 0
stub> GXInit (first call)
stub> GXSetViewport (first call)
stub> GXSetScissor (first call)
stub> GXSetDispCopySrc (first call)
stub> GXSetDispCopyDst (first call)
stub> GXSetDispCopyYScale (first call)
stub> GXSetCopyFilter (first call)
stub> GXSetPixelFmt (first call)
stub> GXCopyDisp (first call)
stub> GXSetDispCopyGamma (first call)
port> OSCreateThread 0x102b2bc90 func 0x102a4adb4 (the soft-reset watcher; not started)
HuMem> left memory space 2383KB(2441120)
stub> sndIsInstalled (first call)
MSM(Sound Manager) Error:Error Code -121
port> little-endian host: the game's own MSM parser cannot read the disc's big-endian sound bank; continuing without audio
port> ARInit: 16 MB of ARAM
port> CARDInit: no card in either slot
port> PADInit: no controllers (M3 brings SDL2 + the Xbox One driver)
stub> GXSetFog (first call)
stub> GXSetDrawSyncCallback (first call)
DLL DBG OUT
objman>Call New Ovl 1(1)
stub> GXInvalidateVtxCache (first call)
stub> GXInvalidateTexAll (first call)
stub> GXSetGPMetric (first call)
stub> GXClearGPMetric (first call)
stub> GXSetVCacheMetric (first call)
stub> GXClearVCacheMetric (first call)
stub> GXClearPixMetric (first call)
stub> GXClearMemMetric (first call)
stub> GXSetCopyClear (first call)
stub> GXSetDrawSync (first call)
stub> GXSetCurrentMtx (first call)
stub> GXSetProjection (first call)
stub> GXClearVtxDesc (first call)
stub> GXSetVtxDesc (first call)
stub> GXSetVtxAttrFmt (first call)
stub> GXSetCullMode (first call)
stub> GXSetZMode (first call)
stub> GXLoadPosMtxImm (first call)
stub> GXSetChanMatColor (first call)
stub> GXSetNumChans (first call)
stub> GXSetChanCtrl (first call)
stub> GXSetTevOrder (first call)
stub> GXSetTevOp (first call)
stub> GXSetNumTexGens (first call)
stub> GXSetNumTevStages (first call)
stub> GXSetAlphaUpdate (first call)
stub> GXSetColorUpdate (first call)
stub> GXSetAlphaCompare (first call)
stub> GXSetBlendMode (first call)
stub> GXBegin (first call)
stub> GXPosition2u16 (first call)
stub> GXEnd (first call)
stub> GXSetArray (first call)
stub> GXInitTexObj (first call)
stub> GXInitTexObjLOD (first call)
stub> GXLoadTexObj (first call)
stub> GXSetTexCoordGen2 (first call)
stub> GXSetZCompLoc (first call)
stub> GXDrawDone (first call)
stub> GXReadGPMetric (first call)
stub> GXReadVCacheMetric (first call)
stub> GXReadPixMetric (first call)
stub> GXReadMemMetric (first call)
++++++++++++++++++++ Start New OVL 1 (EVT:0 STAT:0x00000000) ++++++++++++++++++
======== HuMem heap dump 08200020 ========
MCB-----+Size----+MG+FL+Prev----+Next----+UNum----+Body----+Call----
08200020 0000a020 a5 01 08212220 0820a040 ffffff00 08200040 02a157f4
0820a040 000081e0 a5 01 08200020 08212220 ffffff00 0820a060 02a45a28
08212220 0022de00 cd 00 0820a040 08200020 00000000 08212240 02a45a28
MCB:3(2/1) MEM:00240000(00012200/0022de00)
======== HuMem heap dump 08200020 end =====
======== HuMem heap dump 08580040 ========
MCB-----+Size----+MG+FL+Prev----+Next----+UNum----+Body----+Call----
08580040 00a80000 cd 00 08580040 08580040 ffffff00 08580060 cdcdcdcd
MCB:1(0/1) MEM:00a80000(00000000/00a80000)
======== HuMem heap dump 08580040 end =====
======== HuMem heap dump 09000050 ========
MCB-----+Size----+MG+FL+Prev----+Next----+UNum----+Body----+Call----
09000050 00580000 cd 00 09000050 09000050 ffffff00 09000070 cdcdcdcd
MCB:1(0/1) MEM:00580000(00000000/00580000)
======== HuMem heap dump 09000050 end =====
objman>Used Memory Size:00012200
objman>Used Memory Cnt:2
objman>Init esp
objman>Call objectsetup
DLLStart 1 0
Search:dll/bootdll.rel
objdll>Link DLL:dll/bootdll.rel
Rest Memory 580000
port> OSLink(0x1082125a0): REL relocation is M2 (one dlopen'ed bundle per module); returning FALSE
objdll>++++++++++++++++ DLL Link Failed
===== DLL Module Info dump ====
                   ID:0x01000000
             LinkPrev:0x48000000
             LinkNext:0x00000000
          Section num:788529152
Section info tbl ofst:0x02000000
           nameOffset:0x5c000000
             nameSize:-1654915072
              version:0x4d7a0000
===============================
==== DLL Module Header dump ====
          bss Size:0x00000101
        rel Offset:0x00000000
        imp Offset:0x54000000
    prolog Section:0
    epilog Section:0
unresolved Section:0
       prolog func:0x08000000
       epilog func:0x00000000
   unresolved func:0x00000000
================================
objman>ObjectSetup end

*** port: watchdog fired (the game is not making progress): signal 14 at address 0x102a45c68
    pc   0000000102a45c68  (image base 0000000102a10000, offset 35c68)
    sp   0000000108212140
    atos -o <binary> -l 0x102a10000 0x102a45c68

---- SDK surface hit at boot: 56 distinct stubs, in first-call order ----
   1  GXInit                                  1
   2  GXSetViewport                           6
   3  GXSetScissor                            4
   4  GXSetDispCopySrc                        1
   5  GXSetDispCopyDst                        1
   6  GXSetDispCopyYScale                     1
   7  GXSetCopyFilter                         1
   8  GXSetPixelFmt                           1
   9  GXCopyDisp                              2
  10  GXSetDispCopyGamma                      1
  11  sndIsInstalled                          1
  12  GXSetFog                                1
  13  GXSetDrawSyncCallback                   1
  14  GXInvalidateVtxCache                    2
  15  GXInvalidateTexAll                      4
  16  GXSetGPMetric                           2
  17  GXClearGPMetric                         2
  18  GXSetVCacheMetric                       2
  19  GXClearVCacheMetric                     2
  20  GXClearPixMetric                        2
  21  GXClearMemMetric                        2
  22  GXSetCopyClear                          2
  23  GXSetDrawSync                           2
  24  GXSetCurrentMtx                         3
  25  GXSetProjection                         3
  26  GXClearVtxDesc                          3
  27  GXSetVtxDesc                            6
  28  GXSetVtxAttrFmt                         6
  29  GXSetCullMode                           1
  30  GXSetZMode                              4
  31  GXLoadPosMtxImm                         2
  32  GXSetChanMatColor                       2
  33  GXSetNumChans                           2
  34  GXSetChanCtrl                           2
  35  GXSetTevOrder                           2
  36  GXSetTevOp                              2
  37  GXSetNumTexGens                         2
  38  GXSetNumTevStages                       2
  39  GXSetAlphaUpdate                        2
  40  GXSetColorUpdate                        2
  41  GXSetAlphaCompare                       2
  42  GXSetBlendMode                          2
  43  GXBegin                                 1
  44  GXPosition2u16                          4
  45  GXEnd                                   1
  46  GXSetArray                              1
  47  GXInitTexObj                            1
  48  GXInitTexObjLOD                         1
  49  GXLoadTexObj                            1
  50  GXSetTexCoordGen2                       1
  51  GXSetZCompLoc                           1
  52  GXDrawDone                              1
  53  GXReadGPMetric                          1
  54  GXReadVCacheMetric                      1
  55  GXReadPixMetric                         1
  56  GXReadMemMetric                         1
---- 111 stub calls total ----
