port> soak: press B on mstory3dll at frame 103923
port> soak: press START on mstory3dll at frame 103983
port> soak: press A on mstory3dll at frame 104043
port> soak: press B on mstory3dll at frame 104103
port> soak: press START on mstory3dll at frame 104163
port> soak: press B on mstory3dll at frame 104223
port> soak: press START on mstory3dll at frame 104283
port> soak: press B on mstory3dll at frame 104343
port> soak: press START on mstory3dll at frame 104403
port> soak: press A on mstory3dll at frame 104463
port> soak: press B on mstory3dll at frame 104523
port> soak: press START on mstory3dll at frame 104583
port> soak: press B on mstory3dll at frame 104643
port> soak: press START on mstory3dll at frame 104703
port> soak: press B on mstory3dll at frame 104763
port> soak: press START on mstory3dll at frame 104823
port> soak: press A on mstory3dll at frame 104883
port> soak: press B on mstory3dll at frame 104943
port> soak: press START on mstory3dll at frame 105003
port> snapshot: cannot write ~/m12snaps/f105000.snap.tmp
port> soak: press B on mstory3dll at frame 105063
port> soak: press START on mstory3dll at frame 105123
port> soak: press B on mstory3dll at frame 105183
port> soak: press START on mstory3dll at frame 105243
port> soak: press A on mstory3dll at frame 105303
port> soak: press B on mstory3dll at frame 105363
port> soak: press START on mstory3dll at frame 105423
port> soak: press B on mstory3dll at frame 105483
port> soak: press START on mstory3dll at frame 105543
port> soak: press B on mstory3dll at frame 105603
port> soak: press START on mstory3dll at frame 105663
port> soak: press A on mstory3dll at frame 105723
port> soak: press B on mstory3dll at frame 105783
port> soak: press START on mstory3dll at frame 105843
port> soak: press B on mstory3dll at frame 105903
port> soak: press START on mstory3dll at frame 105963
port> soak: press B on mstory3dll at frame 106023
port> soak: press START on mstory3dll at frame 106083
port> soak: press A on mstory3dll at frame 106143
port> soak: press B on mstory3dll at frame 106203
port> soak: press START on mstory3dll at frame 106263
port> soak: press B on mstory3dll at frame 106323
port> soak: press START on mstory3dll at frame 106383
port> soak: press B on mstory3dll at frame 106443
port> soak: press START on mstory3dll at frame 106503
port> soak: press A on mstory3dll at frame 106563
port> soak: press B on mstory3dll at frame 106623
port> soak: press START on mstory3dll at frame 106683
port> soak: press B on mstory3dll at frame 106743
port> soak: press START on mstory3dll at frame 106803
port> soak: press B on mstory3dll at frame 106863
port> soak: press START on mstory3dll at frame 106923
port> soak: press A on mstory3dll at frame 106983
port> soak: press B on mstory3dll at frame 107043
port> soak: press START on mstory3dll at frame 107103
port> soak: press B on mstory3dll at frame 107163
port> soak: press START on mstory3dll at frame 107223
port> soak: press B on mstory3dll at frame 107283
port> soak: press START on mstory3dll at frame 107343
port> soak: press A on mstory3dll at frame 107403
port> soak: press B on mstory3dll at frame 107463
port> soak: press START on mstory3dll at frame 107523
port> soak: press B on mstory3dll at frame 107583
port> soak: press START on mstory3dll at frame 107643
port> soak: press B on mstory3dll at frame 107703
port> STUCK: frame 107703, 990 s with no progress (limit 90 s here).  live screen mstory3dll (overlay 78, event 1, previous mstory3dll), turn 3/3, mg_next 427 (m427dll)
port> soak: press START on mstory3dll at frame 107763
port> soak: press A on mstory3dll at frame 107823
port> soak: press B on mstory3dll at frame 107883
port> soak: press START on mstory3dll at frame 107943
port> soak: press B on mstory3dll at frame 108003
port> soak: press START on mstory3dll at frame 108063
port> soak: press B on mstory3dll at frame 108123
port> soak: press START on mstory3dll at frame 108183
port> soak: press A on mstory3dll at frame 108243
port> soak: press B on mstory3dll at frame 108303
port> soak: press START on mstory3dll at frame 108363
port> soak: press B on mstory3dll at frame 108423
port> soak: press START on mstory3dll at frame 108483
port> soak: press B on mstory3dll at frame 108543
port> soak: press START on mstory3dll at frame 108603
port> soak: press A on mstory3dll at frame 108663
port> soak: press B on mstory3dll at frame 108723
port> soak: press START on mstory3dll at frame 108783
port> soak: press B on mstory3dll at frame 108843
port> soak: press START on mstory3dll at frame 108903
port> soak: press B on mstory3dll at frame 108963
port> soak: press START on mstory3dll at frame 109023
port> soak: press A on mstory3dll at frame 109083
port> soak: press B on mstory3dll at frame 109143
port> soak: press START on mstory3dll at frame 109203
port> soak: press B on mstory3dll at frame 109263
port> soak: press START on mstory3dll at frame 109323
port> soak: press B on mstory3dll at frame 109383
port> soak: press START on mstory3dll at frame 109443
port> soak: press A on mstory3dll at frame 109503
port> soak: press B on mstory3dll at frame 109563
port> soak: press START on mstory3dll at frame 109623
port> soak: press B on mstory3dll at frame 109683
port> soak: press START on mstory3dll at frame 109743
port> soak: press B on mstory3dll at frame 109803
port> soak: press START on mstory3dll at frame 109863
port> soak: press A on mstory3dll at frame 109923
port> soak: press B on mstory3dll at frame 109983
port> snapshot: cannot write ~/m12snaps/f110000.snap.tmp
port> soak: press START on mstory3dll at frame 110043
port> soak: press B on mstory3dll at frame 110103
port> soak: press START on mstory3dll at frame 110163
port> soak: press B on mstory3dll at frame 110223
port> soak: press START on mstory3dll at frame 110283
port> soak: press A on mstory3dll at frame 110343
port> soak: press B on mstory3dll at frame 110403
port> soak: press START on mstory3dll at frame 110463
port> soak: press B on mstory3dll at frame 110523
port> soak: press START on mstory3dll at frame 110583
port> soak: press B on mstory3dll at frame 110643
port> soak: press START on mstory3dll at frame 110703
port> soak: press A on mstory3dll at frame 110763
port> soak: press B on mstory3dll at frame 110823
port> soak: press START on mstory3dll at frame 110883
port> soak: press B on mstory3dll at frame 110943
port> soak: press START on mstory3dll at frame 111003
port> soak: press B on mstory3dll at frame 111063
port> soak: press START on mstory3dll at frame 111123
port> soak: press A on mstory3dll at frame 111183
port> soak: press B on mstory3dll at frame 111243
port> soak: press START on mstory3dll at frame 111303
port> soak: press B on mstory3dll at frame 111363
port> soak: press START on mstory3dll at frame 111423
port> soak: press B on mstory3dll at frame 111483
port> soak: press START on mstory3dll at frame 111543
port> soak: press A on mstory3dll at frame 111603
port> soak: press B on mstory3dll at frame 111663
port> soak: press START on mstory3dll at frame 111723
port> soak: press B on mstory3dll at frame 111783
port> soak: press START on mstory3dll at frame 111843
port> soak: press B on mstory3dll at frame 111903
port> soak: press START on mstory3dll at frame 111963
port> soak: press A on mstory3dll at frame 112023
port> soak: press B on mstory3dll at frame 112083
port> soak: press START on mstory3dll at frame 112143
port> soak: press B on mstory3dll at frame 112203
port> soak: press START on mstory3dll at frame 112263
port> soak: press B on mstory3dll at frame 112323
port> soak: press START on mstory3dll at frame 112383
port> soak: press A on mstory3dll at frame 112443
port> soak: press B on mstory3dll at frame 112503
port> soak: press START on mstory3dll at frame 112563
port> soak: press B on mstory3dll at frame 112623
port> soak: press START on mstory3dll at frame 112683
port> soak: press B on mstory3dll at frame 112743
port> soak: press START on mstory3dll at frame 112803
port> soak: press A on mstory3dll at frame 112863
port> soak: press B on mstory3dll at frame 112923
port> soak: press START on mstory3dll at frame 112983
port> soak: press B on mstory3dll at frame 113043
port> soak: press START on mstory3dll at frame 113103
port> STUCK: frame 113103, 1080 s with no progress (limit 90 s here).  live screen mstory3dll (overlay 78, event 1, previous mstory3dll), turn 3/3, mg_next 427 (m427dll)
port> soak: press B on mstory3dll at frame 113163
port> soak: press START on mstory3dll at frame 113223
port> soak: press A on mstory3dll at frame 113283
port> soak: press B on mstory3dll at frame 113343
port> soak: press START on mstory3dll at frame 113403
port> soak: press B on mstory3dll at frame 113463
port> soak: press START on mstory3dll at frame 113523
port> soak: press B on mstory3dll at frame 113583
port> soak: press START on mstory3dll at frame 113643
port> soak: press A on mstory3dll at frame 113703
port> soak: press B on mstory3dll at frame 113763
port> soak: press START on mstory3dll at frame 113823
port> soak: press B on mstory3dll at frame 113883
port> soak: press START on mstory3dll at frame 113943
port> soak: press B on mstory3dll at frame 114003
port> soak: press START on mstory3dll at frame 114063
port> soak: press A on mstory3dll at frame 114123
port> soak: press B on mstory3dll at frame 114183
port> soak: press START on mstory3dll at frame 114243
port> soak: press B on mstory3dll at frame 114303
port> soak: press START on mstory3dll at frame 114363
port> soak: press B on mstory3dll at frame 114423
port> soak: press START on mstory3dll at frame 114483
port> soak: press A on mstory3dll at frame 114543
port> soak: press B on mstory3dll at frame 114603
port> soak: press START on mstory3dll at frame 114663
port> soak: press B on mstory3dll at frame 114723
port> soak: press START on mstory3dll at frame 114783
port> soak: press B on mstory3dll at frame 114843
port> soak: press START on mstory3dll at frame 114903
port> soak: press A on mstory3dll at frame 114963
port> snapshot: cannot write ~/m12snaps/f115000.snap.tmp
port> soak: press B on mstory3dll at frame 115023
port> soak: press START on mstory3dll at frame 115083
port> soak: press B on mstory3dll at frame 115143
port> soak: press START on mstory3dll at frame 115203
port> soak: press B on mstory3dll at frame 115263
port> soak: press START on mstory3dll at frame 115323
port> soak: press A on mstory3dll at frame 115383
port> soak: press B on mstory3dll at frame 115443
port> soak: press START on mstory3dll at frame 115503
port> soak: press B on mstory3dll at frame 115563
port> soak: press START on mstory3dll at frame 115623
port> soak: press B on mstory3dll at frame 115683
port> soak: press START on mstory3dll at frame 115743
port> soak: press A on mstory3dll at frame 115803
port> soak: press B on mstory3dll at frame 115863
port> soak: press START on mstory3dll at frame 115923
port> soak: press B on mstory3dll at frame 115983
port> soak: press START on mstory3dll at frame 116043
port> soak: press B on mstory3dll at frame 116103
port> soak: press START on mstory3dll at frame 116163
port> soak: press A on mstory3dll at frame 116223
port> soak: press B on mstory3dll at frame 116283
port> soak: press START on mstory3dll at frame 116343
port> soak: press B on mstory3dll at frame 116403
port> soak: press START on mstory3dll at frame 116463
port> soak: press B on mstory3dll at frame 116523
port> soak: press START on mstory3dll at frame 116583
port> soak: press A on mstory3dll at frame 116643
port> soak: press B on mstory3dll at frame 116703
port> soak: press START on mstory3dll at frame 116763
port> soak: press B on mstory3dll at frame 116823
port> soak: press START on mstory3dll at frame 116883
port> soak: press B on mstory3dll at frame 116943
port> soak: press START on mstory3dll at frame 117003
port> soak: press A on mstory3dll at frame 117063
port> soak: press B on mstory3dll at frame 117123
port> soak: press START on mstory3dll at frame 117183
port> soak: press B on mstory3dll at frame 117243
port> soak: press START on mstory3dll at frame 117303
port> soak: press B on mstory3dll at frame 117363
port> soak: press START on mstory3dll at frame 117423
port> soak: press A on mstory3dll at frame 117483
port> soak: press B on mstory3dll at frame 117543
port> soak: press START on mstory3dll at frame 117603
port> soak: press B on mstory3dll at frame 117663
port> soak: press START on mstory3dll at frame 117723
port> soak: press B on mstory3dll at frame 117783
port> soak: press START on mstory3dll at frame 117843
port> soak: press A on mstory3dll at frame 117903
port> soak: press B on mstory3dll at frame 117963
port> soak: press START on mstory3dll at frame 118023
port> soak: press B on mstory3dll at frame 118083
port> soak: press START on mstory3dll at frame 118143
port> soak: press B on mstory3dll at frame 118203
port> soak: press START on mstory3dll at frame 118263
port> soak: press A on mstory3dll at frame 118323
port> soak: press B on mstory3dll at frame 118383
port> soak: press START on mstory3dll at frame 118443
port> soak: press B on mstory3dll at frame 118503
port> STUCK: frame 118503, 1170 s with no progress (limit 90 s here).  live screen mstory3dll (overlay 78, event 1, previous mstory3dll), turn 3/3, mg_next 427 (m427dll)
port> soak: press START on mstory3dll at frame 118563
port> soak: press B on mstory3dll at frame 118623
port> soak: press START on mstory3dll at frame 118683
port> soak: press A on mstory3dll at frame 118743
port> soak: press B on mstory3dll at frame 118803
port> soak: press START on mstory3dll at frame 118863
port> soak: press B on mstory3dll at frame 118923
port> soak: press START on mstory3dll at frame 118983
port> soak: press B on mstory3dll at frame 119043
port> soak: press START on mstory3dll at frame 119103
port> soak: press A on mstory3dll at frame 119163
port> soak: press B on mstory3dll at frame 119223
port> soak: press START on mstory3dll at frame 119283
port> soak: press B on mstory3dll at frame 119343
port> soak: press START on mstory3dll at frame 119403
port> soak: press B on mstory3dll at frame 119463
port> soak: press START on mstory3dll at frame 119523
port> soak: press A on mstory3dll at frame 119583
port> soak: press B on mstory3dll at frame 119643
port> soak: press START on mstory3dll at frame 119703
port> soak: press B on mstory3dll at frame 119763
port> soak: press START on mstory3dll at frame 119823
port> soak: press B on mstory3dll at frame 119883
port> soak: press START on mstory3dll at frame 119943
port> soak: press A on mstory3dll at frame 120003
port> snapshot: cannot write ~/m12snaps/f120000.snap.tmp
port> soak: press B on mstory3dll at frame 120063
port> soak: press START on mstory3dll at frame 120123
port> soak: press B on mstory3dll at frame 120183
port> soak: press START on mstory3dll at frame 120243
port> soak: press B on mstory3dll at frame 120303
port> soak: press START on mstory3dll at frame 120363
port> soak: press A on mstory3dll at frame 120423
port> soak: press B on mstory3dll at frame 120483
port> soak: press START on mstory3dll at frame 120543
port> soak: press B on mstory3dll at frame 120603
port> soak: press START on mstory3dll at frame 120663
port> soak: press B on mstory3dll at frame 120723
port> soak: press START on mstory3dll at frame 120783
port> soak: press A on mstory3dll at frame 120843
port> soak: press B on mstory3dll at frame 120903
port> soak: press START on mstory3dll at frame 120963
port> soak: press B on mstory3dll at frame 121023
port> soak: press START on mstory3dll at frame 121083
port> soak: press B on mstory3dll at frame 121143
port> soak: press START on mstory3dll at frame 121203
port> soak: press A on mstory3dll at frame 121263
port> soak: press B on mstory3dll at frame 121323
port> soak: press START on mstory3dll at frame 121383
port> soak: press B on mstory3dll at frame 121443
port> soak: press START on mstory3dll at frame 121503
port> soak: press B on mstory3dll at frame 121563
port> soak: press START on mstory3dll at frame 121623
port> soak: press A on mstory3dll at frame 121683
port> soak: press B on mstory3dll at frame 121743
port> soak: press START on mstory3dll at frame 121803
port> soak: press B on mstory3dll at frame 121863
port> soak: press START on mstory3dll at frame 121923
port> soak: press B on mstory3dll at frame 121983
port> soak: press START on mstory3dll at frame 122043
port> soak: press A on mstory3dll at frame 122103
port> soak: press B on mstory3dll at frame 122163
port> soak: press START on mstory3dll at frame 122223
port> soak: press B on mstory3dll at frame 122283
port> soak: press START on mstory3dll at frame 122343
port> soak: press B on mstory3dll at frame 122403
port> soak: press START on mstory3dll at frame 122463
port> soak: press A on mstory3dll at frame 122523
port> soak: press B on mstory3dll at frame 122583
port> soak: press START on mstory3dll at frame 122643
port> soak: press B on mstory3dll at frame 122703
port> soak: press START on mstory3dll at frame 122763
port> soak: press B on mstory3dll at frame 122823
port> soak: press START on mstory3dll at frame 122883
port> soak: press A on mstory3dll at frame 122943
port> soak: press B on mstory3dll at frame 123003
port> soak: press START on mstory3dll at frame 123063
port> soak: press B on mstory3dll at frame 123123
port> soak: press START on mstory3dll at frame 123183
port> soak: press B on mstory3dll at frame 123243
port> soak: press START on mstory3dll at frame 123303
port> soak: press A on mstory3dll at frame 123363
port> soak: press B on mstory3dll at frame 123423
port> soak: press START on mstory3dll at frame 123483
port> soak: press B on mstory3dll at frame 123543
port> soak: press START on mstory3dll at frame 123603
port> soak: press B on mstory3dll at frame 123663
port> soak: press START on mstory3dll at frame 123723
port> soak: press A on mstory3dll at frame 123783
port> soak: press B on mstory3dll at frame 123843
port> soak: press START on mstory3dll at frame 123903
port> STUCK: frame 123903, 1260 s with no progress (limit 90 s here).  live screen mstory3dll (overlay 78, event 1, previous mstory3dll), turn 3/3, mg_next 427 (m427dll)
port> soak: press B on mstory3dll at frame 123963
port> soak: press START on mstory3dll at frame 124023
port> soak: press B on mstory3dll at frame 124083
port> soak: press START on mstory3dll at frame 124143
port> soak: press A on mstory3dll at frame 124203
port> soak: press B on mstory3dll at frame 124263
port> soak: press START on mstory3dll at frame 124323
port> soak: press B on mstory3dll at frame 124383
port> soak: press START on mstory3dll at frame 124443
port> soak: press B on mstory3dll at frame 124503
port> soak: press START on mstory3dll at frame 124563
port> soak: press A on mstory3dll at frame 124623
port> soak: press B on mstory3dll at frame 124683
port> soak: press START on mstory3dll at frame 124743
port> soak: press B on mstory3dll at frame 124803
port> soak: press START on mstory3dll at frame 124863
port> soak: press B on mstory3dll at frame 124923
port> soak: press START on mstory3dll at frame 124983
port> snapshot: cannot write ~/m12snaps/f125000.snap.tmp
port> soak: press A on mstory3dll at frame 125043
port> soak: press B on mstory3dll at frame 125103
port> soak: press START on mstory3dll at frame 125163
port> soak: press B on mstory3dll at frame 125223
port> soak: press START on mstory3dll at frame 125283
port> soak: press B on mstory3dll at frame 125343
port> soak: press START on mstory3dll at frame 125403
port> soak: press A on mstory3dll at frame 125463
port> soak: press B on mstory3dll at frame 125523
port> soak: press START on mstory3dll at frame 125583
port> soak: press B on mstory3dll at frame 125643
port> soak: press START on mstory3dll at frame 125703
port> soak: press B on mstory3dll at frame 125763
port> soak: press START on mstory3dll at frame 125823
port> soak: press A on mstory3dll at frame 125883
port> soak: press B on mstory3dll at frame 125943
port> soak: press START on mstory3dll at frame 126003
port> soak: press B on mstory3dll at frame 126063
port> soak: press START on mstory3dll at frame 126123
port> soak: press B on mstory3dll at frame 126183
port> soak: press START on mstory3dll at frame 126243
port> soak: press A on mstory3dll at frame 126303
port> soak: press B on mstory3dll at frame 126363
port> soak: press START on mstory3dll at frame 126423
port> soak: press B on mstory3dll at frame 126483
port> soak: press START on mstory3dll at frame 126543
port> soak: press B on mstory3dll at frame 126603
port> soak: press START on mstory3dll at frame 126663
port> soak: press A on mstory3dll at frame 126723
port> soak: press B on mstory3dll at frame 126783
port> soak: press START on mstory3dll at frame 126843
port> soak: press B on mstory3dll at frame 126903
port> soak: press START on mstory3dll at frame 126963
port> soak: press B on mstory3dll at frame 127023
port> soak: press START on mstory3dll at frame 127083
port> soak: press A on mstory3dll at frame 127143
port> soak: press B on mstory3dll at frame 127203
port> soak: press START on mstory3dll at frame 127263
port> soak: press B on mstory3dll at frame 127323
