Mario Party 4 -- native port, PowerPC Edition 0.9.16 (milestone M47)
port> machine: model PowerMac3,5, 2 CPUs at 1000 MHz, 7450 (G4), AltiVec yes, 1536 MB RAM, Mac OS X 10.5.4
port> machine: GL ATI Technologies Inc. / ATI Radeon 9000 OpenGL Engine / 1.3 ATI-1.5.28, VRAM 64 MB, 6 texture units, max texture 2048
port> machine:   GL_ARB_multitexture                  present  required
port> machine:   GL_ARB_texture_env_combine           present  required
port> machine:   GL_ARB_texture_env_crossbar          present  required
port> machine:   GL_ATI_texture_env_combine3          present  required
port> machine:   GL_EXT_secondary_color               present  required
port> machine:   GL_ARB_vertex_program                present  degraded without
port> machine:   GL_APPLE_vertex_array_range          present  degraded without
port> machine:   GL_APPLE_fence                       present  degraded without
port> machine:   GL_EXT_multi_draw_arrays             present  degraded without
port> machine:   GL_EXT_blend_subtract                present  degraded without
port> machine:   GL_EXT_gpu_program_parameters        present  optional
port> machine:   GL_EXT_fog_coord                     present  optional
port> machine:   GL_EXT_texture_compression_s3tc      present  optional
port> machine:   GL_ARB_depth_texture                 MISSING  optional
port> machine:   GL_ATI_text_fragment_shader          present  not used
port> machine: verdict ok
port> machine:   - every probe within the G4's envelope
port> machine: tier: the reference class (dual 1 GHz G4, 64 MB Radeon 9000 or better), whose promise is 30 fps everywhere: 75 of 82 screens there today (0.9.16, docs/fps-scoreboard.md)
port> machine: applying --resident 256 (1536 MB of RAM; 0 under 768 MB, 128 at 1 GB, 256 at 1.5 GB+, 584 MB kept for the OS and the game)
port> machine: the roulette prefetch is on (every machine; --noprefetch)
port> machine: coroutine stacks x2 over the game's sizes (the default since M31; --stackmul N)
port> DVD: disc image /Users/zach/MarioParty4/mp4.nkit.iso, 357 files in the FST
port> GL: ATI Radeon 9000 OpenGL Engine / 1.3 ATI-1.5.28, 6 texture units
port> GL feature set used: combine3 1, crossbar 1, s3tc 1, blend_subtract 1, depth_texture 0, text_fragment_shader 1, 6 units
---- vprog probe ----
GL_ARB_vertex_program                     present
MAX_PROGRAM_INSTRUCTIONS            262144
MAX_PROGRAM_NATIVE_INSTRUCTIONS        128
MAX_PROGRAM_PARAMETERS                1024
MAX_PROGRAM_NATIVE_PARAMETERS          192
MAX_PROGRAM_TEMPORARIES              65535
MAX_PROGRAM_NATIVE_TEMPORARIES          12
MAX_PROGRAM_ATTRIBS                     32
MAX_PROGRAM_NATIVE_ATTRIBS              16
MAX_PROGRAM_ADDRESS_REGISTERS            2
MAX_PROGRAM_ENV_PARAMETERS             256
MAX_PROGRAM_LOCAL_PARAMETERS          1024
GL_EXT_gpu_program_parameters       present (one call per palette upload)
trivial program            loaded, 6 instructions (6 native), under native limits: YES
palette program (ARL)      loaded, 10 instructions (15 native), under native limits: YES
matrix palette             18 slots of 6 params from env[82]
---- end vprog probe ----
port> cpu: 2 cores (hw.ncpu); workers ON
port> loader: prefetch on (a thread); resident set 256 MB: 73 of the list's 73 files fit (103.1 of 103.1 MB), filling on the thread
port> vertex ring: 8192 KB in 4 chunks (+8192 KB static-geometry cache), vertex_array_range on, multi_draw_arrays yes
port> render thread: on, overlapped (the join at the gate) (--renderthread 3); stream 16384 KB
port> render thread: the display-list decode split per drawn frame between the two threads (auto, M33) (--rtdecode 3)
port> options: Mario Party 4 PowerPC Edition 0.9.16 (M47), the effective options
port> options: machine       ok: PowerMac3,5, 2 x 1000 MHz 7450 (G4), 1536 MB RAM, ATI Radeon 9000 OpenGL Engine, 64 MB VRAM, 6 units, OS 10.5.4
port> options: disc image    /Users/zach/MarioParty4/mp4.nkit.iso
port> options: data folder   /Users/zach/Library/Application Support/MarioParty4  (card image, config, log)
port> options: log           (stdout only)
port> options: fullscreen    0  (--noconfig: not remembered)
port> options: cores         2; workers on (--threads -1); render thread mode 3 (--renderthread -1: 0 direct, 1 inline twin, 2 joined, 3 overlapped); decode on it 3 (--rtdecode; 3 = auto)
port> options: pacing        realtime (deterministic clock); stack multiplier x2; texture budget 40 MB; resampler linear, depop on
port> options: loading       roulette prefetch on (--noprefetch); resident set 256 MB (--resident MB; the machine check's rule by the installed RAM)
port> options: every field of PortOptions (0/NULL = off or unset):
port> options:   image=/Users/zach/MarioParty4/mp4.nkit.iso  log=NULL  gxlog=0  deterministic=1  
port> options:   stub_trace=0  max_frames=20000  turbo=0  watchdog=0  verbose=0  reldir=NULL  gxdemo=0  
port> options:   reltest=0  memmap=0  guardtest=NULL  relzerobss=0  nodatareset=0  noaudio=0  glcheck=0  
port> options:   glinfo=0  seed=3838914000000000  perf=1  gxsplit=0  drawlog=0  dumptex=0  texhash_full=0  
port> options:   gxwarn=0  headless=0  dumpframe=NULL  shotdir=/Users/zach/m48/A-m433-old-3  scale=0  
port> options:   drawlog_frame=0  nocard=0  reldlclose=0  nopad=0  pad_debug=0  kbport=0  
port> options:   pad_play=board-start-com4.play  pad_record=NULL  scenelog=NULL  ovllog=1  nanwatch=0  
port> options:   wav=NULL  mute=0  audiolog=0  rtc=1041472800  rtc_set=1  rtc_seen=1  rtc_offset=0  
port> options:   card=NULL  freshcard=1  minigame=m433  com4=1  cast=NULL  dvdheap=0  turns=1  status=1  
port> options:   stuckwatch=0  soak=0  depop=1  resample4=0  clickstat=0  dlcache=0  vcache=3  
port> options:   vcache_mb=8  vcache_fit=28  vcache_vbo=0  cardwait=0  synclog=0  noaicb=0  olddecode=0  
port> options:   perfwin=NULL  nodraw=1  ffto=14000  ffto_warm=1  snap_every=0  snap_keep=3  
port> options:   snap_dir=NULL  restore=NULL  snap_now=0  snapdiff=0  vprobe=0  cpuxf=0  vprogstats=0  
port> options:   vproglog=0  oldtev=0  tevstats=0  oldnulltev=0  tlutlog=0  oldsubmit=0  novar=0  
port> options:   batchmax=0  segrebase=0  gltrace=0  endlog=NULL  nomerge=0  nomultidraw=0  noindexed=1  
port> options:   nohilite=0  noenvbulk=0  nofixbase=0  submitstats=0  nohilitetex=0  nocopyhalf=0  
port> options:   copylog=0  noefbflip=0  oldfirsthash=0  norekey=0  dumpcopy=0  notint=0  tintlog=0  
port> options:   texdecodelog=0  threads=-1  nomixthread=0  renderthread=-1  rtsplit=0  rtgate_ms=4  
port> options:   stackmul=2  rtdecode=-1  rtauto_fit_ms=30  rtauto_max=0.75  fake_machine=NULL  
port> options:   machinecheck=0  force=0  mgdump=NULL  mgend=1800  viewtexgen=0  nrmfrac0=0  vtxdivide=0  
port> options:   mghold=0  fullscreen=0  fullscreen_set=0  noconfig=1  print_defaults=0  print_keys=0  
port> options:   texbudget_set=0  predecode=0  predecodelog=0  regfix2dbg=0  lazyflush=0  premerge_max=0  
port> options:   cmpmask=8191  oldkonst=0  tfs=0  tfsprobe=0  tfslog=0  tfsdbg=0  tfsnorebind=0  
port> options:   tfscopycpu=0  tfssqcopy=0  tfsmtx=0  tfsforcebind=0  tfsenvreset=0  tfsdump=0  tfsall=0  
port> options:   oldspec0=0  nolitalpha=0  oldczero=0  clrasclr=0  nohoistmtx=0  nofastconcat=0  
port> options:   nostripes=0  nounitmemo=0  norotmemo=0  nopacklights=0  nofastsin=0  nomtxmemo=0  
port> options:   norotl=0  nowb=0  notexskip=0  nostripepool=0  giveitem=NULL  waterlook=1  pondlook=0  
port> options:   pondmix=0  wavegain=0  rgbcopy=0  novcposoff=1  nowaterpt=0  affinetex=0  halfwatch=0  
port> options:   presentdump=NULL  motlog=0  nolights=0  nopendlast=0  noskindecode=1  skinverify=0  
port> options:   oldvcskin=1  fullskinsig=0  noskindcbz=0  skinfree=0  oldwake=0  skinround=0  skinvec=0  
port> options:   dcbtdist=1  keytest=NULL  oldscissor=0  readbacktest=0  nodcbz=0  novpgen=0  
port> options:   notevdirty=0  noattrmemo=0  nowordhash=0  water=-1  watergrid=1  norastermemo=0  
port> options:   novcpos=0  wbpart=1  oldvtxjoin=0  rtgx=0  rtgx_fit=29  pmc=0  nomotionexec=0  
port> options:   nodirtyfilter=0  nodirty=0  oldakonst=0  mdposonly=0  mdmax=0  nospot=0  oldfog=0  
port> options:   noregchain=0  nocarry=0  forceobj=NULL  forceobj_flags=0  skipobj=NULL  zprepass=1  
port> options:   probeverts=0  skipverts=0  probeobj=NULL  nolinewidth=0  noregfix=0  realtime=1  
port> options:   lockstep=0  maxskip=0  perfdump=/Users/zach/m48/A-m433-old-3.csv  mpgl=0  olddecode2=0  
port> options:   altivec=0  nodcbt=0  olddecode3=0  decodestats=0  audiolead_set=0  audiolead=100  
port> options:   cpuskin=0  palette=0  nopalette=0  skinstats=0  palsize=0  palnoarl=0  palnofog=0  
port> options:   noskinlifetime=0  restore_lax=0  skindeferall=0  mixtrace=NULL  mixcheck=0  nosincos=0  
port> options:   snapsync=0  nomatwalk=0  nocurvememo=1  nosparsemtx=0  nofastsqrt=1  nodraw_user=0  
port> options:   noprefetch=0  resident=256  dvdlog=0  nomovies=1  thpyuv=0  gotoovl=NULL  board=0  
port> options:   boardcycle=0  boarddump=NULL  foldxbar=0  foldcap=0  thplog=0  nothpslice=0  
port> options:   thpguard_set=0  thpguard=60  
port> audio: 32000 Hz, 2 ch, 512-frame buffer, 256 KB ring (2048 ms)
port> --minigame m433: parking the roulette on m433dll (mg 433, type 7)
port> --com4: all four players are CPU; instDll will dismiss its own instruction screen (src/REL/instDll/main.c:294)
port> --nodraw: the GX command streams are consumed and nothing is drawn
port> --ffto 14000: drawing is off until frame 14000 (warm-up 1)
port> frame mode: --realtime (retrace at 60 Hz on the wall clock, present at most every 2nd retrace, at least every 6th; --lockstep for the old gate)
port> audio: 100 ms of lead queued ahead of the mix (--audiolead)
port> entering the game's own main()

port> OSInit: MEM1 24 MB [0x3970000, 0x5170000), ARAM 16 MB, bus 162 MHz
port> OSInit: RTC pinned to 1041472800 (2003-01-02T02:00:00Z), OSGetTime origin 3838914000000000 ticks
port> DVDInit
port> VIInit
port> controls: a scripted run (--play/--record/--soak/--noconfig/--com4/--nopad): PowerPCube's controls file and gamecontrollerdb.txt are not read
port> PADInit: controller 1 = keyboard
port> PADInit: rumble not available on controller 1
port> PADInit: controllers 2-4 unplugged (reference config: CPU players)
port> pad: --play: board-start-com4.play -> /Users/zach/MarioParty4.app/Contents/Resources/movies/board-start-com4.play
port> pad: --play board-start-com4.play: 460 directives, 0 marks
port> OSCreateHeap 0: 0x3a9c000..0x5170000 (23375 KB)
port> VIConfigure: 640x480 xfb, 640x480 efb, tv mode 0
port> GXInit: FIFO 0x3a9c00c, 1048576 bytes (the port keeps no FIFO; the write-gather writers are ordinary calls under TARGET_PC)
port> frame 1: overlay 0 (next 0) event 0
port> loader: list sound/mpgcsnd.msm 36823392 bytes in 370 ms, resident (asked at frame 0, done at 1)
port> roulette: frame 1 dealt mg 401 (m401dll, type 0)  -- overridden by --minigame
port> OSCreateThread 0x249448 func 0x41eac (the soft-reset watcher; polled once per retrace, not run on a thread)
HuMem> left memory space 2383KB(2441120)
port> ARInit: 16 MB of ARAM
port> MusyX SAL: 32000 Hz, 4 x 640-byte AI buffers (20 ms), 32-sample sub-frame
port> musyx_mix: CPU mixer up, 50 voices, 1 studios, 32000 Hz
port> MusyX SAL: mixing started
port> musyx_aram: region [0x000000, 0x800000) zero_buf [0x000000, 0x000500) sample heap starts at 0x000500
port> AI: DMA callback registered (one call per 160-sample DSP frame)
port> CARD: --freshcard with no --card: using the scratch image /Users/zach/Library/Application Support/MarioParty4/scratch-slot-a.raw
            rather than formatting the save file next to it
port> CARD: slot A = /Users/zach/Library/Application Support/MarioParty4/scratch-slot-a.raw (--freshcard: formatted, 59 free blocks)
port> workers: the game thread's FPSCR control bits are 0x00 at job 0 (NI 0, RN 0)
DLL DBG OUT
objman>Call New Ovl 1(1)
port> frame 2: overlay -1 (next 1) event 0
++++++++++++++++++++ Start New OVL 1 (EVT:0 STAT:0x00000000) ++++++++++++++++++
======== HuMem heap dump 03b9c018 ========
MCB-----+Size----+MG+FL+Prev----+Next----+UNum----+Body----+Call----
03b9c018 0000a020 a5 01 03baa1f8 03ba6038 ffffff00 03b9c038 00008664
03ba6038 000041c0 a5 01 03b9c018 03baa1f8 ffffff00 03ba6058 0003c2f8
03baa1f8 00231e20 cd 00 03ba6038 03b9c018 00000000 03baa218 0003c2f8
MCB:3(2/1) MEM:00240000(0000e1e0/00231e20)
======== HuMem heap dump 03b9c018 end =====
======== HuMem heap dump 03f1c030 ========
MCB-----+Size----+MG+FL+Prev----+Next----+UNum----+Body----+Call----
03f1c030 00a80000 cd 00 03f1c030 03f1c030 ffffff00 03f1c050 cdcdcdcd
MCB:1(0/1) MEM:00a80000(00000000/00a80000)
======== HuMem heap dump 03f1c030 end =====
======== HuMem heap dump 0499c03c ========
MCB-----+Size----+MG+FL+Prev----+Next----+UNum----+Body----+Call----
0499c03c 00580000 cd 00 0499c03c 0499c03c ffffff00 0499c05c cdcdcdcd
MCB:1(0/1) MEM:00580000(00000000/00580000)
======== HuMem heap dump 0499c03c end =====
objman>Used Memory Size:0000e1e0
objman>Used Memory Cnt:2
objman>Init esp
objman>Call objectsetup
DLLStart 1 0
Search:dll/bootdll.rel
objdll>Link DLL:dll/bootdll.rel
Rest Memory 580000
port> REL bundles: 99 in /Users/zach/MarioParty4.app/Contents/MacOS/rels
===== DLL Module Info dump ====
                   ID:0x00000001
             LinkPrev:0x00000000
             LinkNext:0x00000000
          Section num:14
Section info tbl ofst:0x00000048
           nameOffset:0x00000000
             nameSize:47
              version:0x00000002
===============================
==== DLL Module Header dump ====
          bss Size:0x0000005c
        rel Offset:0x00005c9d
        imp Offset:0x00007a4d
    prolog Section:1
    epilog Section:1
unresolved Section:0
       prolog func:0x00000000
       epilog func:0x00000054
   unresolved func:0x00000000
================================
objdll>LinkOK 03baa578 30100000
objdll> dll/bootdll.rel prolog start
******* Boot ObjectSetup *********
objman>InitObjMan start
objman>InitObjMan end
objdll> dll/bootdll.rel prolog end
objman>ObjectSetup end
port> frame 3: overlay 1 (next -1) event 0
DLL DBG OUT
Rest Memory 57d540
ARAM Trans 808000
Rest Memory 55d020
ARAM Trans 80aaa0
Rest Memory 506400
ARAM Trans 82da60
Rest Memory 564f40
ARAM Trans 8a7640
Rest Memory 5395a0
data num 74000b
port> dvdheap: 3733270 bytes mode 1 num 10000000  caller 0x10d48  caller2 0xe8ec
Rest Memory 1f08c0
port> stall: frame 35 took 169 ms (game 169 gx 0 present 0 aud 0) tex: 0 decoded (0 KB -> 0 KB) dec 0 up 0 hash 0 ms, 0 re-keyed; staged 0 (0 ms saved) claimed 0 unstaged 0; frees 9, dll 0 ms
port> status f60      bootdll      board 0 turn 0/1  mg 433 (m433dll)  coins/stars 0/0c 0/0c 0/0c 0/0c  aud 0.01 ms  0.0 fps
port> status f120     bootdll      board 0 turn 0/1  mg 433 (m433dll)  coins/stars 0/0c 0/0c 0/0c 0/0c  aud 0.01 ms  1899.2 fps
port> status f180     bootdll      board 0 turn 0/1  mg 433 (m433dll)  coins/stars 0/0c 0/0c 0/0c 0/0c  aud 0.00 ms  2312.0 fps
port> status f240     bootdll      board 0 turn 0/1  mg 433 (m433dll)  coins/stars 0/0c 0/0c 0/0c 0/0c  aud 0.01 ms  3622.1 fps
port> status f300     bootdll      board 0 turn 0/1  mg 433 (m433dll)  coins/stars 0/0c 0/0c 0/0c 0/0c  aud 0.01 ms  3188.3 fps
port> status f360     bootdll      board 0 turn 0/1  mg 433 (m433dll)  coins/stars 0/0c 0/0c 0/0c 0/0c  aud 0.01 ms  1023.3 fps
port> status f420     bootdll      board 0 turn 0/1  mg 433 (m433dll)  coins/stars 0/0c 0/0c 0/0c 0/0c  aud 0.01 ms  3596.1 fps
port> status f480     bootdll      board 0 turn 0/1  mg 433 (m433dll)  coins/stars 0/0c 0/0c 0/0c 0/0c  aud 0.01 ms  3388.7 fps
port> status f540     bootdll      board 0 turn 0/1  mg 433 (m433dll)  coins/stars 0/0c 0/0c 0/0c 0/0c  aud 0.01 ms  3634.5 fps
0
GroupSet 0
***********GroupSet Error 0
port> status f600     bootdll      board 0 turn 0/1  mg 433 (m433dll)  coins/stars 0/0c 0/0c 0/0c 0/0c  aud 0.01 ms  2221.1 fps
port> THP: movie/opmov_a00.thp skipped (--nomovies)
port> HuSprBegin: group 3 slot 0 names sprite 7, which is not a live sprite (data 0x0, attr 0010, data NULL) -- dropped [1/32]
port> HuSprBegin: audit: group 4 slot 0 sprite 8 bg 0x42764d0 fails counts -- drawn anyway [1/32]
port> HuSprBegin: audit: group 4 slot 0 sprite 8 bg 0x42764d0 fails counts -- drawn anyway [2/32]
port> HuSprBegin: audit: group 4 slot 0 sprite 8 bg 0x42764d0 fails counts -- drawn anyway [3/32]
port> HuSprBegin: audit: group 4 slot 0 sprite 8 bg 0x42764d0 fails counts -- drawn anyway [4/32]
port> HuSprBegin: audit: group 4 slot 0 sprite 8 bg 0x42764d0 fails counts -- drawn anyway [5/32]
port> HuSprBegin: audit: group 4 slot 0 sprite 8 bg 0x42764d0 fails counts -- drawn anyway [6/32]
port> HuSprBegin: audit: group 4 slot 0 sprite 8 bg 0x42764d0 fails counts -- drawn anyway [7/32]
port> HuSprBegin: audit: group 4 slot 0 sprite 8 bg 0x42764d0 fails counts -- drawn anyway [8/32]
port> HuSprBegin: audit: group 4 slot 0 sprite 8 bg 0x42764d0 fails counts -- drawn anyway [9/32]
port> HuSprBegin: audit: group 4 slot 0 sprite 8 bg 0x42764d0 fails counts -- drawn anyway [10/32]
port> HuSprBegin: audit: group 4 slot 0 sprite 8 bg 0x42764d0 fails counts -- drawn anyway [11/32]
port> HuSprBegin: audit: group 4 slot 0 sprite 8 bg 0x42764d0 fails counts -- drawn anyway [12/32]
port> HuSprBegin: audit: group 4 slot 0 sprite 8 bg 0x42764d0 fails counts -- drawn anyway [13/32]
port> HuSprBegin: audit: group 4 slot 0 sprite 8 bg 0x42764d0 fails counts -- drawn anyway [14/32]
port> HuSprBegin: audit: group 4 slot 0 sprite 8 bg 0x42764d0 fails counts -- drawn anyway [15/32]
port> HuSprBegin: audit: group 4 slot 0 sprite 8 bg 0x42764d0 fails counts -- drawn anyway [16/32]
port> HuSprBegin: audit: group 4 slot 0 sprite 8 bg 0x42764d0 fails counts -- drawn anyway [17/32]
port> HuSprBegin: audit: group 4 slot 0 sprite 8 bg 0x42764d0 fails counts -- drawn anyway [18/32]
port> HuSprBegin: audit: group 4 slot 0 sprite 8 bg 0x42764d0 fails counts -- drawn anyway [19/32]
port> HuSprBegin: audit: group 4 slot 0 sprite 8 bg 0x42764d0 fails counts -- drawn anyway [20/32]
port> HuSprBegin: audit: group 4 slot 0 sprite 8 bg 0x42764d0 fails counts -- drawn anyway [21/32]
port> HuSprBegin: audit: group 4 slot 0 sprite 8 bg 0x42764d0 fails counts -- drawn anyway [22/32]
port> HuSprBegin: audit: group 4 slot 0 sprite 8 bg 0x42764d0 fails counts -- drawn anyway [23/32]
port> HuSprBegin: audit: group 4 slot 0 sprite 8 bg 0x42764d0 fails counts -- drawn anyway [24/32]
port> HuSprBegin: audit: group 4 slot 0 sprite 8 bg 0x42764d0 fails counts -- drawn anyway [25/32]
port> HuSprBegin: audit: group 4 slot 0 sprite 8 bg 0x42764d0 fails counts -- drawn anyway [26/32]
port> HuSprBegin: audit: group 4 slot 0 sprite 8 bg 0x42764d0 fails counts -- drawn anyway [27/32]
port> HuSprBegin: audit: group 4 slot 0 sprite 8 bg 0x42764d0 fails counts -- drawn anyway [28/32]
port> HuSprBegin: audit: group 4 slot 0 sprite 8 bg 0x42764d0 fails counts -- drawn anyway [29/32]
port> HuSprBegin: audit: group 4 slot 0 sprite 8 bg 0x42764d0 fails counts -- drawn anyway [30/32]
port> HuSprBegin: audit: group 4 slot 0 sprite 8 bg 0x42764d0 fails counts -- drawn anyway [31/32]
port> HuSprBegin: audit: group 4 slot 0 sprite 8 bg 0x42764d0 fails counts -- drawn anyway [32/32]
port> status f660     bootdll      board 0 turn 0/1  mg 433 (m433dll)  coins/stars 0/0c 0/0c 0/0c 0/0c  aud 0.01 ms  3115.9 fps
port> status f720     bootdll      board 0 turn 0/1  mg 433 (m433dll)  coins/stars 0/0c 0/0c 0/0c 0/0c  aud 0.01 ms  3860.4 fps
>>>>>>>>MSM_SE_SEL_01 0
>>>>>>>>SE Num 0
port> audio: first non-silent sample at retrace 726 (12.03 s of mixed audio)
port> status f780     bootdll      board 0 turn 0/1  mg 433 (m433dll)  coins/stars 0/0c 0/0c 0/0c 0/0c  aud 0.04 ms  1019.8 fps
port> status f840     bootdll      board 0 turn 0/1  mg 433 (m433dll)  coins/stars 0/0c 0/0c 0/0c 0/0c  aud 0.04 ms  1032.8 fps
objman>Call New Ovl 74(1)
OvlKill 1
objdll>omDLLNumEnd 1 1
Search:dll/bootdll.rel
+++++++++++ Find0: dll/bootdll.rel
objdll>omDLLEnd 0 1
objdll>End DLL:dll/bootdll.rel
odjdll>Unlink DLL:dll/bootdll.rel
objdll>Unlink DLL epilog
objdll>Unlink DLL epilog finish
objdll>End DLL finish
port> frame 877: overlay -1 (next 74) event 0
objman>Destory ObjMan
++++++++++++++++++++ Start New OVL 74 (EVT:0 STAT:0x00000000) ++++++++++++++++++
======== HuMem heap dump 03b9c018 ========
MCB-----+Size----+MG+FL+Prev----+Next----+UNum----+Body----+Call----
03b9c018 0000a020 a5 01 03bc21d8 03ba6038 ffffff00 03b9c038 00008664
03ba6038 000041c0 a5 01 03b9c018 03baa1f8 ffffff00 03ba6058 0003c2f8
03baa1f8 00017640 cd 00 03ba6038 03bc1838 ffffff00 03baa218 0003cc2c
03bc1838 00000100 a5 01 03baa1f8 03bc1938 ffffff00 03bc1858 0003737c
03bc1938 00000400 a5 01 03bc1838 03bc1d38 ffffff00 03bc1958 000373cc
03bc1d38 00000400 a5 01 03bc1938 03bc2138 ffffff00 03bc1d58 00037418
03bc2138 00000060 a5 01 03bc1d38 03bc2198 ffffff00 03bc2158 00037464
03bc2198 00000040 a5 01 03bc2138 03bc21d8 ffffff00 03bc21b8 000374b0
03bc21d8 00219e40 cd 00 03bc2198 03b9c018 ffffff00 03bc21f8 0003cc2c
MCB:9(7/2) MEM:00240000(0000eb80/00231480)
======== HuMem heap dump 03b9c018 end =====
======== HuMem heap dump 03f1c030 ========
MCB-----+Size----+MG+FL+Prev----+Next----+UNum----+Body----+Call----
03f1c030 00a80000 cd 00 03f1c030 03f1c030 ffffff00 03f1c050 0003fe04
MCB:1(0/1) MEM:00a80000(00000000/00a80000)
======== HuMem heap dump 03f1c030 end =====
======== HuMem heap dump 0499c03c ========
MCB-----+Size----+MG+FL+Prev----+Next----+UNum----+Body----+Call----
0499c03c 00580000 cd 00 0499c03c 0499c03c 10000000 0499c05c 0000fcb4
MCB:1(0/1) MEM:00580000(00000000/00580000)
======== HuMem heap dump 0499c03c end =====
objman>Used Memory Size:0000eb80
objman>Used Memory Cnt:7
objman>Init esp
objman>Call objectsetup
############CharGrpSet
Del Group OK
SOUND ##########################
500
Timed Out! Mus 0:SE 1
GroupSet 0
***********GroupSet Error 0
Change AUX 0,1
##########################
DLLStart 74 0
Search:dll/modeseldll.rel
objdll>Link DLL:dll/modeseldll.rel
Rest Memory 580000
===== DLL Module Info dump ====
                   ID:0x00000001
             LinkPrev:0x00000000
             LinkNext:0x00000000
          Section num:15
Section info tbl ofst:0x00000048
           nameOffset:0x00000000
             nameSize:53
              version:0x00000002
===============================
==== DLL Module Header dump ====
          bss Size:0x000001ca
        rel Offset:0x0000d154
        imp Offset:0x0001664c
    prolog Section:1
    epilog Section:1
unresolved Section:0
       prolog func:0x00000000
       epilog func:0x00000054
   unresolved func:0x00000000
================================
objdll>LinkOK 03baa578 34700000
objdll> dll/modeseldll.rel prolog start
******* MS ObjectSetup *********
objman>InitObjMan start
objman>InitObjMan end
Rest Memory 5395a0
objdll> dll/modeseldll.rel prolog end
objman>ObjectSetup end
port> frame 879: overlay 74 (next -1) event 0
DLL DBG OUT
data num 630000
port> dvdheap: 1303268 bytes mode 1 num 10000000  caller 0x10d48  caller2 0xe8ec
Rest Memory 441ce0
port> status f900     modeseldll   board 0 turn 0/1  mg 433 (m433dll)  coins/stars 0/0c 0/0c 0/0c 0/0c  aud 0.09 ms  413.0 fps
port> status f960     modeseldll   board 0 turn 0/1  mg 433 (m433dll)  coins/stars 0/0c 0/0c 0/0c 0/0c  aud 0.13 ms  968.3 fps
port> status f1020    modeseldll   board 0 turn 0/1  mg 433 (m433dll)  coins/stars 0/0c 0/0c 0/0c 0/0c  aud 0.18 ms  728.8 fps
port> status f1080    modeseldll   board 0 turn 0/1  mg 433 (m433dll)  coins/stars 0/0c 0/0c 0/0c 0/0c  aud 0.20 ms  663.8 fps
port> status f1140    modeseldll   board 0 turn 0/1  mg 433 (m433dll)  coins/stars 0/0c 0/0c 0/0c 0/0c  aud 0.21 ms  637.7 fps
port> status f1200    modeseldll   board 0 turn 0/1  mg 433 (m433dll)  coins/stars 0/0c 0/0c 0/0c 0/0c  aud 0.22 ms  621.3 fps
Init
port> status f1260    modeseldll   board 0 turn 0/1  mg 433 (m433dll)  coins/stars 0/0c 0/0c 0/0c 0/0c  aud 0.19 ms  647.3 fps
ARAM data num 86001f
port> status f1320    modeseldll   board 0 turn 0/1  mg 433 (m433dll)  coins/stars 0/0c 0/0c 0/0c 0/0c  aud 0.30 ms  459.7 fps
port> CARD: created "MARIPA4BOX0", 16384 bytes (2 blocks)
port> status f1380    modeseldll   board 0 turn 0/1  mg 433 (m433dll)  coins/stars 0/0c 0/0c 0/0c 0/0c  aud 0.24 ms  504.4 fps
port> CARD: image flush took 51 ms behind the game (open 12, write 8, rename 30; frame 1361)
port> THP: movie/opmov_s00.thp skipped (--nomovies)
port> HuSprBegin: group 1 slot 0 names sprite 12, which is not a live sprite (data 0x0, attr 0010, data NULL) -- dropped [2/32]
port> status f1440    modeseldll   board 0 turn 0/1  mg 433 (m433dll)  coins/stars 0/0c 0/0c 0/0c 0/0c  aud 0.19 ms  660.9 fps
port> status f1500    modeseldll   board 0 turn 0/1  mg 433 (m433dll)  coins/stars 0/0c 0/0c 0/0c 0/0c  aud 0.23 ms  582.2 fps
port> status f1560    modeseldll   board 0 turn 0/1  mg 433 (m433dll)  coins/stars 0/0c 0/0c 0/0c 0/0c  aud 0.18 ms  680.1 fps
port> status f1620    modeseldll   board 0 turn 0/1  mg 433 (m433dll)  coins/stars 0/0c 0/0c 0/0c 0/0c  aud 0.25 ms  537.7 fps
port> status f1680    modeseldll   board 0 turn 0/1  mg 433 (m433dll)  coins/stars 0/0c 0/0c 0/0c 0/0c  aud 0.22 ms  571.8 fps
port> status f1740    modeseldll   board 0 turn 0/1  mg 433 (m433dll)  coins/stars 0/0c 0/0c 0/0c 0/0c  aud 0.22 ms  552.7 fps
port> THP: movie/opmov_c00.thp skipped (--nomovies)
port> HuSprBegin: group 2 slot 0 names sprite 14, which is not a live sprite (data 0x0, attr 0010, data NULL) -- dropped [3/32]
port> status f1800    modeseldll   board 0 turn 0/1  mg 433 (m433dll)  coins/stars 0/0c 0/0c 0/0c 0/0c  aud 0.20 ms  596.7 fps
port> status f1860    modeseldll   board 0 turn 0/1  mg 433 (m433dll)  coins/stars 0/0c 0/0c 0/0c 0/0c  aud 0.01 ms  1159.8 fps
port> status f1920    modeseldll   board 0 turn 0/1  mg 433 (m433dll)  coins/stars 0/0c 0/0c 0/0c 0/0c  aud 0.01 ms  1176.5 fps
objman>Call New Ovl 70(1)
OvlKill 1
objdll>omDLLNumEnd 74 1
Search:dll/modeseldll.rel
+++++++++++ Find0: dll/modeseldll.rel
objdll>omDLLEnd 0 1
objdll>End DLL:dll/modeseldll.rel
odjdll>Unlink DLL:dll/modeseldll.rel
objdll>Unlink DLL epilog
objdll>Unlink DLL epilog finish
objdll>End DLL finish
port> frame 1960: overlay -1 (next 70) event 0
objman>Destory ObjMan
++++++++++++++++++++ Start New OVL 70 (EVT:0 STAT:0x00000000) ++++++++++++++++++
======== HuMem heap dump 03b9c018 ========
MCB-----+Size----+MG+FL+Prev----+Next----+UNum----+Body----+Call----
03b9c018 0000a020 a5 01 03bc21d8 03ba6038 ffffff00 03b9c038 00008664
03ba6038 000041c0 a5 01 03b9c018 03baa1f8 ffffff00 03ba6058 0003c2f8
03baa1f8 00017640 cd 00 03ba6038 03bc1838 ffffff00 03baa218 0003853c
03bc1838 00000100 a5 01 03baa1f8 03bc1938 ffffff00 03bc1858 0003737c
03bc1938 00000400 a5 01 03bc1838 03bc1d38 ffffff00 03bc1958 000373cc
03bc1d38 00000400 a5 01 03bc1938 03bc2138 ffffff00 03bc1d58 00037418
03bc2138 00000060 a5 01 03bc1d38 03bc2198 ffffff00 03bc2158 00037464
03bc2198 00000040 a5 01 03bc2138 03bc21d8 ffffff00 03bc21b8 000374b0
03bc21d8 00219e40 cd 00 03bc2198 03b9c018 ffffff00 03bc21f8 0003cc2c
MCB:9(7/2) MEM:00240000(0000eb80/00231480)
======== HuMem heap dump 03b9c018 end =====
======== HuMem heap dump 03f1c030 ========
MCB-----+Size----+MG+FL+Prev----+Next----+UNum----+Body----+Call----
03f1c030 00a80000 cd 00 03f1c030 03f1c030 ffffff00 03f1c050 00038fe8
MCB:1(0/1) MEM:00a80000(00000000/00a80000)
======== HuMem heap dump 03f1c030 end =====
======== HuMem heap dump 0499c03c ========
MCB-----+Size----+MG+FL+Prev----+Next----+UNum----+Body----+Call----
0499c03c 00580000 cd 00 0499c03c 0499c03c 10000000 0499c05c 0000fcb4
MCB:1(0/1) MEM:00580000(00000000/00580000)
======== HuMem heap dump 0499c03c end =====
objman>Used Memory Size:0000eb80
objman>Used Memory Cnt:7
objman>Init esp
objman>Call objectsetup
DLLStart 70 0
Search:dll/mentdll.rel
objdll>Link DLL:dll/mentdll.rel
Rest Memory 580000
===== DLL Module Info dump ====
                   ID:0x00000001
             LinkPrev:0x00000000
             LinkNext:0x00000000
          Section num:15
Section info tbl ofst:0x00000048
           nameOffset:0x00000000
             nameSize:47
              version:0x00000002
===============================
==== DLL Module Header dump ====
          bss Size:0x000036c4
        rel Offset:0x000246f8
        imp Offset:0x00036a90
    prolog Section:1
    epilog Section:1
unresolved Section:0
       prolog func:0x000000a4
       epilog func:0x000000f8
   unresolved func:0x00000000
================================
objdll>LinkOK 03bc21f8 34300000
objdll> dll/mentdll.rel prolog start
objman>InitObjMan start
objman>InitObjMan end
Rest Memory 5395a0
0
GroupSet 7
***********GroupSet Error 0
objdll> dll/mentdll.rel prolog end
objman>ObjectSetup end
port> frame 1961: overlay 70 (next -1) event 0
DLL DBG OUT
data num 600008
port> dvdheap: 4008196 bytes mode 1 num 10000000  caller 0x10d48  caller2 0xe8ec
Rest Memory 1ad6c0
ARAM data num 120006
port> stall: frame 1962 took 118 ms (game 118 gx 0 present 0 aud 0) tex: 0 decoded (0 KB -> 0 KB) dec 0 up 0 hash 0 ms, 0 re-keyed; staged 0 (0 ms saved) claimed 0 unstaged 0; frees 21, dll 0 ms
port> status f1980    mentdll      board 0 turn 0/1  mg 433 (m433dll)  coins/stars 0/0c 0/0c 0/0c 0/0c  aud 0.01 ms  291.9 fps
########### ME_MainProcFunc000
port> status f2040    mentdll      board 0 turn 0/1  mg 433 (m433dll)  coins/stars 0/0c 0/0c 0/0c 0/0c  aud 0.02 ms  368.9 fps
port> status f2100    mentdll      board 0 turn 0/1  mg 433 (m433dll)  coins/stars 0/0c 0/0c 0/0c 0/0c  aud 0.05 ms  367.3 fps
port> status f2160    mentdll      board 0 turn 0/1  mg 433 (m433dll)  coins/stars 0/0c 0/0c 0/0c 0/0c  aud 0.05 ms  301.6 fps
port> status f2220    mentdll      board 0 turn 0/1  mg 433 (m433dll)  coins/stars 0/0c 0/0c 0/0c 0/0c  aud 0.05 ms  275.3 fps
port> status f2280    mentdll      board 0 turn 0/1  mg 433 (m433dll)  coins/stars 0/0c 0/0c 0/0c 0/0c  aud 0.05 ms  282.1 fps
port> status f2340    mentdll      board 0 turn 0/1  mg 433 (m433dll)  coins/stars 0/0c 0/0c 0/0c 0/0c  aud 0.05 ms  321.3 fps
port> status f2400    mentdll      board 0 turn 0/1  mg 433 (m433dll)  coins/stars 0/0c 0/0c 0/0c 0/0c  aud 0.05 ms  325.3 fps
port> status f2460    mentdll      board 0 turn 0/1  mg 433 (m433dll)  coins/stars 0/0c 0/0c 0/0c 0/0c  aud 0.12 ms  306.8 fps
port> status f2520    mentdll      board 0 turn 0/1  mg 433 (m433dll)  coins/stars 0/0c 0/0c 0/0c 0/0c  aud 0.35 ms  278.7 fps
port> status f2580    mentdll      board 0 turn 0/1  mg 433 (m433dll)  coins/stars 0/0c 0/0c 0/0c 0/0c  aud 0.26 ms  286.0 fps
port> status f2640    mentdll      board 0 turn 0/1  mg 433 (m433dll)  coins/stars 0/0c 0/0c 0/0c 0/0c  aud 0.35 ms  281.2 fps
port> status f2700    mentdll      board 0 turn 0/1  mg 433 (m433dll)  coins/stars 0/0c 0/0c 0/0c 0/0c  aud 0.14 ms  305.9 fps
port> status f2760    mentdll      board 0 turn 0/1  mg 433 (m433dll)  coins/stars 0/0c 0/0c 0/0c 0/0c  aud 0.28 ms  289.2 fps
port> status f2820    mentdll      board 0 turn 0/1  mg 433 (m433dll)  coins/stars 0/0c 0/0c 0/0c 0/0c  aud 0.16 ms  260.6 fps
port> status f2880    mentdll      board 0 turn 0/1  mg 433 (m433dll)  coins/stars 0/0c 0/0c 0/0c 0/0c  aud 0.19 ms  297.3 fps
port> status f2940    mentdll      board 0 turn 0/1  mg 433 (m433dll)  coins/stars 0/0c 0/0c 0/0c 0/0c  aud 0.17 ms  315.4 fps
port> status f3000    mentdll      board 0 turn 0/1  mg 433 (m433dll)  coins/stars 0/0c 0/0c 0/0c 0/0c  aud 0.31 ms  290.0 fps
port> status f3060    mentdll      board 0 turn 0/1  mg 433 (m433dll)  coins/stars 0/0c 0/0c 0/0c 0/0c  aud 0.32 ms  253.6 fps
port> status f3120    mentdll      board 0 turn 0/1  mg 433 (m433dll)  coins/stars 0/0c 0/0c 0/0c 0/0c  aud 0.25 ms  278.1 fps
port> status f3180    mentdll      board 0 turn 0/1  mg 433 (m433dll)  coins/stars 0/0c 0/0c 0/0c 0/0c  aud 0.29 ms  268.0 fps
port> status f3240    mentdll      board 0 turn 0/1  mg 433 (m433dll)  coins/stars 0/0c 0/0c 0/0c 0/0c  aud 0.29 ms  252.8 fps
port> status f3300    mentdll      board 0 turn 0/1  mg 433 (m433dll)  coins/stars 0/0c 0/0c 0/0c 0/0c  aud 0.34 ms  246.1 fps
port> status f3360    mentdll      board 0 turn 0/1  mg 433 (m433dll)  coins/stars 0/0c 0/0c 0/0c 0/0c  aud 0.18 ms  262.3 fps
port> status f3420    mentdll      board 0 turn 0/1  mg 433 (m433dll)  coins/stars 0/0c 0/0c 0/0c 0/0c  aud 0.32 ms  252.1 fps
port> status f3480    mentdll      board 0 turn 0/1  mg 433 (m433dll)  coins/stars 0/0c 0/0c 0/0c 0/0c  aud 0.36 ms  242.9 fps
port> status f3540    mentdll      board 0 turn 0/1  mg 433 (m433dll)  coins/stars 0/0c 0/0c 0/0c 0/0c  aud 0.29 ms  253.0 fps
port> status f3600    mentdll      board 0 turn 0/1  mg 433 (m433dll)  coins/stars 0/0c 0/0c 0/0c 0/0c  aud 0.25 ms  282.5 fps
port> status f3660    mentdll      board 0 turn 0/1  mg 433 (m433dll)  coins/stars 0/0c 0/0c 0/0c 0/0c  aud 0.18 ms  276.5 fps
port> status f3720    mentdll      board 0 turn 0/1  mg 433 (m433dll)  coins/stars 0/0c 0/0c 0/0c 0/0c  aud 0.30 ms  280.7 fps
port> status f3780    mentdll      board 0 turn 0/1  mg 433 (m433dll)  coins/stars 0/0c 0/0c 0/0c 0/0c  aud 0.29 ms  252.8 fps
port> status f3840    mentdll      board 0 turn 0/1  mg 433 (m433dll)  coins/stars 0/0c 0/0c 0/0c 0/0c  aud 0.35 ms  274.6 fps
port> status f3900    mentdll      board 0 turn 0/1  mg 433 (m433dll)  coins/stars 0/0c 0/0c 0/0c 0/0c  aud 0.22 ms  284.2 fps
port> status f3960    mentdll      board 0 turn 0/1  mg 433 (m433dll)  coins/stars 0/0c 0/0c 0/0c 0/0c  aud 0.21 ms  313.2 fps
port> status f4020    mentdll      board 0 turn 0/1  mg 433 (m433dll)  coins/stars 0/0c 0/0c 0/0c 0/0c  aud 0.22 ms  281.0 fps
port> status f4080    mentdll      board 0 turn 0/1  mg 433 (m433dll)  coins/stars 0/0c 0/0c 0/0c 0/0c  aud 0.14 ms  308.8 fps
port> status f4140    mentdll      board 0 turn 0/1  mg 433 (m433dll)  coins/stars 0/0c 0/0c 0/0c 0/0c  aud 0.19 ms  295.5 fps
port> status f4200    mentdll      board 0 turn 0/1  mg 433 (m433dll)  coins/stars 0/0c 0/0c 0/0c 0/0c  aud 0.26 ms  272.7 fps
port> status f4260    mentdll      board 0 turn 0/1  mg 433 (m433dll)  coins/stars 0/0c 0/0c 0/0c 0/0c  aud 0.35 ms  244.6 fps
port> status f4320    mentdll      board 0 turn 0/1  mg 433 (m433dll)  coins/stars 0/0c 0/0c 0/0c 0/0c  aud 0.24 ms  254.4 fps
port> status f4380    mentdll      board 0 turn 0/1  mg 433 (m433dll)  coins/stars 0/0c 0/0c 0/0c 0/0c  aud 0.29 ms  252.2 fps
port> status f4440    mentdll      board 0 turn 0/1  mg 433 (m433dll)  coins/stars 0/0c 0/0c 0/0c 0/0c  aud 0.29 ms  249.5 fps
port> status f4500    mentdll      board 0 turn 0/1  mg 433 (m433dll)  coins/stars 0/0c 0/0c 0/0c 0/0c  aud 0.36 ms  240.2 fps
port> status f4560    mentdll      board 0 turn 0/1  mg 433 (m433dll)  coins/stars 0/0c 0/0c 0/0c 0/0c  aud 0.23 ms  250.2 fps
port> status f4620    mentdll      board 0 turn 0/1  mg 433 (m433dll)  coins/stars 0/0c 0/0c 0/0c 0/0c  aud 0.27 ms  276.6 fps
port> status f4680    mentdll      board 0 turn 0/1  mg 433 (m433dll)  coins/stars 0/0c 0/0c 0/0c 0/0c  aud 0.37 ms  264.8 fps
port> status f4740    mentdll      board 0 turn 1/1  mg 433 (m433dll)  coins/stars 0/0c 0/0c 0/0c 0/0c  aud 0.32 ms  290.5 fps
port> dvdheap: 1615946 bytes mode 0 num 0  caller 0xefc4  caller2 0x34303aa0
Rest Memory 3f5780
port> dvdheap: 1438648 bytes mode 0 num 0  caller 0xefc4  caller2 0x34303b68
Rest Memory 420c20
port> status f4800    mentdll      board 0 turn 1/1  mg 433 (m433dll)  coins/stars 0/0c 0/0c 0/0c 0/0c  aud 0.23 ms  296.5 fps
port> status f4860    mentdll      board 0 turn 1/1  mg 433 (m433dll)  coins/stars 0/0c 0/0c 0/0c 0/0c  aud 0.20 ms  325.8 fps
port> status f4920    mentdll      board 0 turn 1/1  mg 433 (m433dll)  coins/stars 0/0c 0/0c 0/0c 0/0c  aud 0.26 ms  324.4 fps
port> status f4980    mentdll      board 0 turn 1/1  mg 433 (m433dll)  coins/stars 0/0c 0/0c 0/0c 0/0c  aud 0.36 ms  308.0 fps
port> status f5040    mentdll      board 0 turn 1/1  mg 433 (m433dll)  coins/stars 0/0c 0/0c 0/0c 0/0c  aud 0.34 ms  307.1 fps
port> status f5100    mentdll      board 0 turn 1/1  mg 433 (m433dll)  coins/stars 0/0c 0/0c 0/0c 0/0c  aud 0.20 ms  334.4 fps
port> dvdheap: 1301598 bytes mode 0 num 0  caller 0x10cb0  caller2 0xed10
Rest Memory 2e2fa0
ARAM Trans a4cf40
port> dvdheap: 1336948 bytes mode 0 num 0  caller 0x10cb0  caller2 0xed10
Rest Memory 2da580
ARAM Trans b8aba0
port> dvdheap: 1260022 bytes mode 0 num 0  caller 0x10cb0  caller2 0xed10
Rest Memory 2ed200
ARAM Trans cd1220
port> dvdheap: 1413496 bytes mode 0 num 0  caller 0x10cb0  caller2 0xed10
Rest Memory 2c7a80
ARAM Trans e04c20
objman>Call New Ovl 89(1)
OvlKill 1
objdll>omDLLNumEnd 70 1
Search:dll/mentdll.rel
+++++++++++ Find0: dll/mentdll.rel
objdll>omDLLEnd 0 1
objdll>End DLL:dll/mentdll.rel
odjdll>Unlink DLL:dll/mentdll.rel
objdll>Unlink DLL epilog
objdll>Unlink DLL epilog finish
objdll>End DLL finish
port> frame 5101: overlay -1 (next 89) event 0
objman>Destory ObjMan
++++++++++++++++++++ Start New OVL 89 (EVT:0 STAT:0x00000000) ++++++++++++++++++
======== HuMem heap dump 03b9c018 ========
MCB-----+Size----+MG+FL+Prev----+Next----+UNum----+Body----+Call----
03b9c018 0000a020 a5 01 03c8f178 03ba6038 ffffff00 03b9c038 00008664
03ba6038 000041c0 a5 01 03b9c018 03baa1f8 ffffff00 03ba6058 0003c2f8
03baa1f8 00016c80 cd 00 03ba6038 03bc0e78 ffffff00 03baa218 0003cc2c
03bc0e78 00000260 a5 01 03baa1f8 03bc10d8 ffffff00 03bc0e98 00008e78
03bc10d8 00000260 a5 01 03bc0e78 03bc1338 ffffff00 03bc10f8 00008e78
03bc1338 000002c0 a5 01 03bc10d8 03bc15f8 ffffff00 03bc1358 00008e78
03bc15f8 00000240 cd 00 03bc1338 03bc1838 10000000 03bc1618 00038fc8
03bc1838 00000100 a5 01 03bc15f8 03bc1938 ffffff00 03bc1858 0003737c
03bc1938 00000400 a5 01 03bc1838 03bc1d38 ffffff00 03bc1958 000373cc
03bc1d38 00000400 a5 01 03bc1938 03bc2138 ffffff00 03bc1d58 00037418
03bc2138 00000060 a5 01 03bc1d38 03bc2198 ffffff00 03bc2158 00037464
03bc2198 00000040 a5 01 03bc2138 03bc21d8 ffffff00 03bc21b8 000374b0
03bc21d8 000befc0 cd 00 03bc2198 03c81198 ffffff00 03bc21f8 0003cc2c
03c81198 00002100 a5 01 03bc21d8 03c83298 ffffff00 03c811b8 00008e78
03c83298 00000f80 a5 01 03c81198 03c84218 ffffff00 03c832b8 00008e78
03c84218 000041c0 a5 01 03c83298 03c883d8 ffffff00 03c84238 00008e78
03c883d8 000041c0 a5 01 03c84218 03c8c598 ffffff00 03c883f8 00008e78
03c8c598 00002be0 a5 01 03c883d8 03c8f178 ffffff00 03c8c5b8 00008e78
03c8f178 0014cea0 cd 00 03c8c598 03b9c018 ffffff00 03c8f198 0003cc2c
MCB:19(15/4) MEM:00240000(0001d2e0/00222d20)
======== HuMem heap dump 03b9c018 end =====
======== HuMem heap dump 03f1c030 ========
MCB-----+Size----+MG+FL+Prev----+Next----+UNum----+Body----+Call----
03f1c030 00a80000 cd 00 03f1c030 03f1c030 ffffff00 03f1c050 0003fe04
MCB:1(0/1) MEM:00a80000(00000000/00a80000)
======== HuMem heap dump 03f1c030 end =====
======== HuMem heap dump 0499c03c ========
MCB-----+Size----+MG+FL+Prev----+Next----+UNum----+Body----+Call----
0499c03c 0015f3e0 a5 01 04afb41c 04afb41c ffffff00 0499c05c 000108bc
04afb41c 00420c20 cd 00 0499c03c 0499c03c ffffff00 04afb43c 0000fcb4
MCB:2(1/1) MEM:00580000(0015f3e0/00420c20)
======== HuMem heap dump 0499c03c end =====
objman>Used Memory Size:0001d2e0
objman>Used Memory Cnt:15
objman>Init esp
objman>Call objectsetup
SOUND ##########################
0
GroupSet 9
***********GroupSet Error 0
##########################
DLLStart 89 0
Search:dll/w01dll.rel
objdll>Link DLL:dll/w01dll.rel
Rest Memory 420c20
===== DLL Module Info dump ====
                   ID:0x00000001
             LinkPrev:0x00000000
             LinkNext:0x00000000
          Section num:16
Section info tbl ofst:0x00000048
           nameOffset:0x00000000
             nameSize:45
              version:0x00000002
===============================
==== DLL Module Header dump ====
          bss Size:0x0000081c
        rel Offset:0x00012e34
        imp Offset:0x0001f174
    prolog Section:1
    epilog Section:1
unresolved Section:0
       prolog func:0x00000030
       epilog func:0x00000094
   unresolved func:0x00000000
================================
objdll>LinkOK 03bc21f8 35600000
objdll> dll/w01dll.rel prolog start
objman>InitObjMan start
objman>InitObjMan end
objdll> dll/w01dll.rel prolog end
objman>ObjectSetup end
port> frame 5102: overlay 89 (next -1) event 0
DLL DBG OUT
Rest Memory 37b3c0
Rest Memory 334960
data num 5e0000
Rest Memory 31dea0
ARAM data num 120006
data num 190000
Rest Memory 322ae0
data num 6c0000
Rest Memory 302e20
data num 890000
Rest Memory 31a860
ARAM data num 7001d
data num 50000
Rest Memory 136ce0
data num 90000
Rest Memory 1424a0
port> stall: frame 5104 took 332 ms (game 332 gx 0 present 0 aud 0) tex: 0 decoded (0 KB -> 0 KB) dec 0 up 0 hash 0 ms, 0 re-keyed; staged 0 (0 ms saved) claimed 0 unstaged 0; frees 113, dll 0 ms
port> loader: mg_next dealt mg 433 (m433dll) at frame 5105 -- prefetching its module and data
port> status f5160    w01dll       board 0 turn 1/1  mg 433 (m433dll)  coins/stars 0/0c 0/0c 0/0c 0/0c  aud 0.05 ms  96.4 fps
port> status f5220    w01dll       board 0 turn 1/1  mg 433 (m433dll)  coins/stars 0/0c 0/0c 0/0c 0/0c  aud 0.07 ms  239.4 fps
port> status f5280    w01dll       board 0 turn 1/1  mg 433 (m433dll)  coins/stars 0/0c 0/0c 0/0c 0/0c  aud 0.08 ms  242.0 fps
port> status f5340    w01dll       board 0 turn 1/1  mg 433 (m433dll)  coins/stars 0/0c 0/0c 0/0c 0/0c  aud 0.07 ms  234.4 fps
port> status f5400    w01dll       board 0 turn 1/1  mg 433 (m433dll)  coins/stars 0/0c 0/0c 0/0c 0/0c  aud 0.06 ms  261.4 fps
port> status f5460    w01dll       board 0 turn 1/1  mg 433 (m433dll)  coins/stars 0/0c 0/0c 0/0c 0/0c  aud 0.05 ms  273.2 fps
port> status f5520    w01dll       board 0 turn 1/1  mg 433 (m433dll)  coins/stars 0/0c 0/0c 0/0c 0/0c  aud 0.05 ms  258.5 fps
port> status f5580    w01dll       board 0 turn 1/1  mg 433 (m433dll)  coins/stars 0/0c 0/0c 0/0c 0/0c  aud 0.05 ms  264.0 fps
port> status f5640    w01dll       board 0 turn 1/1  mg 433 (m433dll)  coins/stars 0/0c 0/0c 0/0c 0/0c  aud 0.05 ms  295.2 fps
port> status f5700    w01dll       board 0 turn 1/1  mg 433 (m433dll)  coins/stars 0/0c 0/0c 0/0c 0/0c  aud 0.05 ms  336.0 fps
port> status f5760    w01dll       board 0 turn 1/1  mg 433 (m433dll)  coins/stars 0/0c 0/0c 0/0c 0/0c  aud 0.06 ms  348.7 fps
port> status f5820    w01dll       board 0 turn 1/1  mg 433 (m433dll)  coins/stars 0/0c 0/0c 0/0c 0/0c  aud 0.06 ms  350.4 fps
port> status f5880    w01dll       board 0 turn 1/1  mg 433 (m433dll)  coins/stars 0/0c 0/0c 0/0c 0/0c  aud 0.20 ms  224.2 fps
port> status f5940    w01dll       board 0 turn 1/1  mg 433 (m433dll)  coins/stars 0/0c 0/0c 0/0c 0/0c  aud 0.31 ms  208.0 fps
port> status f6000    w01dll       board 0 turn 1/1  mg 433 (m433dll)  coins/stars 0/0c 0/0c 0/0c 0/0c  aud 0.30 ms  200.5 fps
port> status f6060    w01dll       board 0 turn 1/1  mg 433 (m433dll)  coins/stars 0/0c 0/0c 0/0c 0/0c  aud 0.27 ms  206.7 fps
port> status f6120    w01dll       board 0 turn 1/1  mg 433 (m433dll)  coins/stars 0/0c 0/0c 0/0c 0/0c  aud 0.28 ms  216.3 fps
port> status f6180    w01dll       board 0 turn 1/1  mg 433 (m433dll)  coins/stars 0/0c 0/0c 0/0c 0/0c  aud 0.28 ms  201.0 fps
port> status f6240    w01dll       board 0 turn 1/1  mg 433 (m433dll)  coins/stars 0/0c 0/0c 0/0c 0/0c  aud 0.27 ms  189.7 fps
#########SE Entry Error<SE 770:ErrorNo -33>
#########SE Entry Error<SE 770:ErrorNo -33>
#########SE Entry Error<SE 770:ErrorNo -33>
port> status f6300    w01dll       board 0 turn 1/1  mg 433 (m433dll)  coins/stars 0/0c 0/0c 0/0c 0/0c  aud 0.28 ms  192.6 fps
#########SE Entry Error<SE 771:ErrorNo -33>
port> status f6360    w01dll       board 0 turn 1/1  mg 433 (m433dll)  coins/stars 0/0c 0/0c 0/0c 0/0c  aud 0.36 ms  178.7 fps
port> status f6420    w01dll       board 0 turn 1/1  mg 433 (m433dll)  coins/stars 0/0c 0/0c 0/0c 0/0c  aud 0.30 ms  179.3 fps
port> status f6480    w01dll       board 0 turn 1/1  mg 433 (m433dll)  coins/stars 0/0c 0/0c 0/0c 0/0c  aud 0.26 ms  180.8 fps
port> status f6540    w01dll       board 0 turn 1/1  mg 433 (m433dll)  coins/stars 0/0c 0/0c 0/0c 0/0c  aud 0.22 ms  193.5 fps
port> status f6600    w01dll       board 0 turn 1/1  mg 433 (m433dll)  coins/stars 0/0c 0/0c 0/0c 0/0c  aud 0.26 ms  196.6 fps
port> status f6660    w01dll       board 0 turn 1/1  mg 433 (m433dll)  coins/stars 0/0c 0/0c 0/0c 0/0c  aud 0.31 ms  196.2 fps
port> status f6720    w01dll       board 0 turn 1/1  mg 433 (m433dll)  coins/stars 0/0c 0/0c 0/0c 0/0c  aud 0.29 ms  194.4 fps
port> status f6780    w01dll       board 0 turn 1/1  mg 433 (m433dll)  coins/stars 0/0c 0/0c 0/0c 0/0c  aud 0.28 ms  194.9 fps
port> status f6840    w01dll       board 0 turn 1/1  mg 433 (m433dll)  coins/stars 0/0c 0/0c 0/0c 0/0c  aud 0.30 ms  195.8 fps
port> status f6900    w01dll       board 0 turn 1/1  mg 433 (m433dll)  coins/stars 0/0c 0/0c 0/0c 0/0c  aud 0.34 ms  187.6 fps
port> status f6960    w01dll       board 0 turn 1/1  mg 433 (m433dll)  coins/stars 0/0c 0/0c 0/0c 0/0c  aud 0.28 ms  200.2 fps
port> status f7020    w01dll       board 0 turn 1/1  mg 433 (m433dll)  coins/stars 0/0c 0/0c 0/0c 0/0c  aud 0.28 ms  195.3 fps
port> status f7080    w01dll       board 0 turn 1/1  mg 433 (m433dll)  coins/stars 0/0c 0/0c 0/0c 0/0c  aud 0.31 ms  194.9 fps
port> status f7140    w01dll       board 0 turn 1/1  mg 433 (m433dll)  coins/stars 0/0c 0/0c 0/0c 0/0c  aud 0.29 ms  193.1 fps
port> status f7200    w01dll       board 0 turn 1/1  mg 433 (m433dll)  coins/stars 0/0c 0/0c 0/0c 0/0c  aud 0.24 ms  191.8 fps
port> status f7260    w01dll       board 0 turn 1/1  mg 433 (m433dll)  coins/stars 0/0c 0/0c 0/0c 0/0c  aud 0.24 ms  202.5 fps
port> status f7320    w01dll       board 0 turn 1/1  mg 433 (m433dll)  coins/stars 9/0c 9/0c 9/0c 9/0c  aud 0.32 ms  198.6 fps
port> status f7380    w01dll       board 0 turn 1/1  mg 433 (m433dll)  coins/stars 10/0c 10/0c 10/0c 10/0c  aud 0.34 ms  184.8 fps
port> status f7440    w01dll       board 0 turn 1/1  mg 433 (m433dll)  coins/stars 10/0c 10/0c 10/0c 10/0c  aud 0.28 ms  190.7 fps
port> status f7500    w01dll       board 0 turn 1/1  mg 433 (m433dll)  coins/stars 10/0c 10/0c 10/0c 10/0c  aud 0.29 ms  190.1 fps
port> status f7560    w01dll       board 0 turn 1/1  mg 433 (m433dll)  coins/stars 10/0c 10/0c 10/0c 10/0c  aud 0.28 ms  192.6 fps
port> status f7620    w01dll       board 0 turn 1/1  mg 433 (m433dll)  coins/stars 10/0c 10/0c 10/0c 10/0c  aud 0.28 ms  197.4 fps
port> status f7680    w01dll       board 0 turn 1/1  mg 433 (m433dll)  coins/stars 10/0c 10/0c 10/0c 10/0c  aud 0.27 ms  214.7 fps
port> status f7740    w01dll       board 0 turn 1/1  mg 433 (m433dll)  coins/stars 10/0c 10/0c 10/0c 10/0c  aud 0.31 ms  195.1 fps
port> status f7800    w01dll       board 0 turn 1/1  mg 433 (m433dll)  coins/stars 10/0c 10/0c 10/0c 10/0c  aud 0.28 ms  191.4 fps
port> status f7860    w01dll       board 0 turn 1/1  mg 433 (m433dll)  coins/stars 10/0c 10/0c 10/0c 10/0c  aud 0.28 ms  189.0 fps
port> status f7920    w01dll       board 0 turn 1/1  mg 433 (m433dll)  coins/stars 10/0c 10/0c 10/0c 10/0c  aud 0.29 ms  194.1 fps
port> status f7980    w01dll       board 0 turn 1/1  mg 433 (m433dll)  coins/stars 10/0c 10/0c 10/0c 10/0c  aud 0.25 ms  197.8 fps
port> status f8040    w01dll       board 0 turn 1/1  mg 433 (m433dll)  coins/stars 10/0c 10/0c 10/0c 10/0c  aud 0.25 ms  192.7 fps
data num 60017
Rest Memory 1960c0
port> status f8100    w01dll       board 0 turn 1/1  mg 433 (m433dll)  coins/stars 10/0c 10/0c 10/0c 10/0c  aud 0.21 ms  215.2 fps
port> status f8160    w01dll       board 0 turn 1/1  mg 433 (m433dll)  coins/stars 10/0c 10/0c 10/0c 10/0c  aud 0.33 ms  231.6 fps
port> status f8220    w01dll       board 0 turn 1/1  mg 433 (m433dll)  coins/stars 10/0c 10/0c 10/0c 10/0c  aud 0.31 ms  237.3 fps
port> status f8280    w01dll       board 0 turn 1/1  mg 433 (m433dll)  coins/stars 10/0c 10/0c 10/0c 10/0c  aud 0.27 ms  251.3 fps
port> status f8340    w01dll       board 0 turn 1/1  mg 433 (m433dll)  coins/stars 10/0c 10/0c 10/0c 10/0c  aud 0.23 ms  256.8 fps
port> status f8400    w01dll       board 0 turn 1/1  mg 433 (m433dll)  coins/stars 10/0c 10/0c 10/0c 10/0c  aud 0.23 ms  251.4 fps
port> status f8460    w01dll       board 0 turn 1/1  mg 433 (m433dll)  coins/stars 10/0c 10/0c 10/0c 10/0c  aud 0.22 ms  268.1 fps
port> status f8520    w01dll       board 0 turn 1/1  mg 433 (m433dll)  coins/stars 10/0c 10/0c 10/0c 10/0c  aud 0.22 ms  260.9 fps
port> status f8580    w01dll       board 0 turn 1/1  mg 433 (m433dll)  coins/stars 10/0c 10/0c 10/0c 10/0c  aud 0.26 ms  250.7 fps
port> status f8640    w01dll       board 0 turn 1/1  mg 433 (m433dll)  coins/stars 10/0c 10/0c 10/0c 10/0c  aud 0.27 ms  260.3 fps
port> status f8700    w01dll       board 0 turn 1/1  mg 433 (m433dll)  coins/stars 10/0c 10/0c 10/0c 10/0c  aud 0.21 ms  263.2 fps
port> status f8760    w01dll       board 0 turn 1/1  mg 433 (m433dll)  coins/stars 10/0c 10/0c 10/0c 10/0c  aud 0.19 ms  267.7 fps
port> status f8820    w01dll       board 0 turn 1/1  mg 433 (m433dll)  coins/stars 10/0c 10/0c 10/0c 10/0c  aud 0.19 ms  258.6 fps
port> status f8880    w01dll       board 0 turn 1/1  mg 433 (m433dll)  coins/stars 10/0c 10/0c 10/0c 10/0c  aud 0.19 ms  271.8 fps
port> status f8940    w01dll       board 0 turn 1/1  mg 433 (m433dll)  coins/stars 10/0c 10/0c 10/0c 10/0c  aud 0.16 ms  229.3 fps
port> status f9000    w01dll       board 0 turn 1/1  mg 433 (m433dll)  coins/stars 10/0c 10/0c 10/0c 10/0c  aud 0.16 ms  252.7 fps
port> status f9060    w01dll       board 0 turn 1/1  mg 433 (m433dll)  coins/stars 10/0c 10/0c 10/0c 10/0c  aud 0.22 ms  236.4 fps
port> status f9120    w01dll       board 0 turn 1/1  mg 433 (m433dll)  coins/stars 10/0c 10/0c 10/0c 10/0c  aud 0.27 ms  240.7 fps
port> status f9180    w01dll       board 0 turn 1/1  mg 433 (m433dll)  coins/stars 10/0c 10/0c 10/0c 10/0c  aud 0.22 ms  239.7 fps
port> status f9240    w01dll       board 0 turn 1/1  mg 433 (m433dll)  coins/stars 10/0c 10/0c 10/0c 10/0c  aud 0.25 ms  244.5 fps
port> status f9300    w01dll       board 0 turn 1/1  mg 433 (m433dll)  coins/stars 10/0c 10/0c 10/0c 10/0c  aud 0.23 ms  236.0 fps
port> status f9360    w01dll       board 0 turn 1/1  mg 433 (m433dll)  coins/stars 10/0c 10/0c 10/0c 10/0c  aud 0.17 ms  242.2 fps
port> status f9420    w01dll       board 0 turn 1/1  mg 433 (m433dll)  coins/stars 10/0c 10/0c 10/0c 10/0c  aud 0.21 ms  241.2 fps
port> status f9480    w01dll       board 0 turn 1/1  mg 433 (m433dll)  coins/stars 10/0c 10/0c 10/0c 10/0c  aud 0.24 ms  253.1 fps
port> status f9540    w01dll       board 0 turn 1/1  mg 433 (m433dll)  coins/stars 10/0c 10/0c 10/0c 10/0c  aud 0.26 ms  247.2 fps
port> status f9600    w01dll       board 0 turn 1/1  mg 433 (m433dll)  coins/stars 10/0c 10/0c 10/0c 10/0c  aud 0.24 ms  253.6 fps
port> status f9660    w01dll       board 0 turn 1/1  mg 433 (m433dll)  coins/stars 10/0c 10/0c 10/0c 10/0c  aud 0.23 ms  237.6 fps
port> status f9720    w01dll       board 0 turn 1/1  mg 433 (m433dll)  coins/stars 10/0c 10/0c 10/0c 10/0c  aud 0.03 ms  213.3 fps
port> status f9780    w01dll       board 0 turn 1/1  mg 433 (m433dll)  coins/stars 10/0c 10/0c 10/0c 10/0c  aud 0.22 ms  192.9 fps
port> status f9840    w01dll       board 0 turn 1/1  mg 433 (m433dll)  coins/stars 10/0c 10/0c 10/0c 10/0c  aud 0.26 ms  199.7 fps
port> status f9900    w01dll       board 0 turn 1/1  mg 433 (m433dll)  coins/stars 10/0c 10/0c 10/0c 10/0c  aud 0.22 ms  212.3 fps
port> status f9960    w01dll       board 0 turn 1/1  mg 433 (m433dll)  coins/stars 10/0c 10/0c 10/0c 10/0c  aud 0.23 ms  188.0 fps
port> status f10020   w01dll       board 0 turn 1/1  mg 433 (m433dll)  coins/stars 10/0c 10/0c 10/0c 10/0c  aud 0.26 ms  195.9 fps
port> status f10080   w01dll       board 0 turn 1/1  mg 433 (m433dll)  coins/stars 10/0c 10/0c 10/0c 10/0c  aud 0.30 ms  197.8 fps
port> status f10140   w01dll       board 0 turn 1/1  mg 433 (m433dll)  coins/stars 10/0c 10/0c 10/0c 10/0c  aud 0.33 ms  189.1 fps
port> status f10200   w01dll       board 0 turn 1/1  mg 433 (m433dll)  coins/stars 10/0c 10/0c 10/0c 10/0c  aud 0.26 ms  197.0 fps
port> status f10260   w01dll       board 0 turn 1/1  mg 433 (m433dll)  coins/stars 10/0c 10/0c 10/0c 10/0c  aud 0.28 ms  185.9 fps
port> status f10320   w01dll       board 0 turn 1/1  mg 433 (m433dll)  coins/stars 10/0c 10/0c 10/0c 10/0c  aud 0.33 ms  197.1 fps
port> status f10380   w01dll       board 0 turn 1/1  mg 433 (m433dll)  coins/stars 10/0c 10/0c 10/0c 10/0c  aud 0.27 ms  194.2 fps
port> status f10440   w01dll       board 0 turn 1/1  mg 433 (m433dll)  coins/stars 10/0c 10/0c 10/0c 10/0c  aud 0.23 ms  196.6 fps
port> status f10500   w01dll       board 0 turn 1/1  mg 433 (m433dll)  coins/stars 10/0c 10/0c 10/0c 10/0c  aud 0.24 ms  178.2 fps
port> status f10560   w01dll       board 0 turn 1/1  mg 433 (m433dll)  coins/stars 10/0c 10/0c 10/0c 10/0c  aud 0.26 ms  196.9 fps
port> status f10620   w01dll       board 0 turn 1/1  mg 433 (m433dll)  coins/stars 13/0c 10/0c 10/0c 10/0c  aud 0.27 ms  190.6 fps
port> status f10680   w01dll       board 0 turn 1/1  mg 433 (m433dll)  coins/stars 13/0c 10/0c 10/0c 10/0c  aud 0.21 ms  202.3 fps
port> status f10740   w01dll       board 0 turn 1/1  mg 433 (m433dll)  coins/stars 13/0c 10/0c 10/0c 10/0c  aud 0.13 ms  216.2 fps
port> status f10800   w01dll       board 0 turn 1/1  mg 433 (m433dll)  coins/stars 13/0c 10/0c 10/0c 10/0c  aud 0.16 ms  216.3 fps
port> status f10860   w01dll       board 0 turn 1/1  mg 433 (m433dll)  coins/stars 13/0c 10/0c 10/0c 10/0c  aud 0.22 ms  203.7 fps
port> status f10920   w01dll       board 0 turn 1/1  mg 433 (m433dll)  coins/stars 13/0c 10/0c 10/0c 10/0c  aud 0.21 ms  206.0 fps
port> status f10980   w01dll       board 0 turn 1/1  mg 433 (m433dll)  coins/stars 13/0c 10/0c 10/0c 10/0c  aud 0.22 ms  196.8 fps
port> status f11040   w01dll       board 0 turn 1/1  mg 433 (m433dll)  coins/stars 13/0c 10/0c 10/0c 10/0c  aud 0.20 ms  211.1 fps
port> status f11100   w01dll       board 0 turn 1/1  mg 433 (m433dll)  coins/stars 13/0c 10/0c 10/0c 10/0c  aud 0.23 ms  207.9 fps
port> status f11160   w01dll       board 0 turn 1/1  mg 433 (m433dll)  coins/stars 13/0c 10/0c 10/0c 10/0c  aud 0.30 ms  203.7 fps
port> status f11220   w01dll       board 0 turn 1/1  mg 433 (m433dll)  coins/stars 13/0c 10/0c 10/0c 10/0c  aud 0.23 ms  195.0 fps
port> status f11280   w01dll       board 0 turn 1/1  mg 433 (m433dll)  coins/stars 13/0c 10/0c 10/0c 10/0c  aud 0.24 ms  191.3 fps
port> status f11340   w01dll       board 0 turn 1/1  mg 433 (m433dll)  coins/stars 13/0c 10/0c 10/0c 10/0c  aud 0.32 ms  200.9 fps
port> status f11400   w01dll       board 0 turn 1/1  mg 433 (m433dll)  coins/stars 13/0c 10/0c 10/0c 10/0c  aud 0.36 ms  182.4 fps
port> status f11460   w01dll       board 0 turn 1/1  mg 433 (m433dll)  coins/stars 13/0c 10/0c 10/0c 10/0c  aud 0.31 ms  196.1 fps
port> status f11520   w01dll       board 0 turn 1/1  mg 433 (m433dll)  coins/stars 13/0c 10/0c 10/0c 10/0c  aud 0.23 ms  204.3 fps
port> status f11580   w01dll       board 0 turn 1/1  mg 433 (m433dll)  coins/stars 13/0c 10/0c 10/0c 10/0c  aud 0.29 ms  200.1 fps
port> status f11640   w01dll       board 0 turn 1/1  mg 433 (m433dll)  coins/stars 13/0c 10/0c 10/0c 10/0c  aud 0.21 ms  201.3 fps
port> status f11700   w01dll       board 0 turn 1/1  mg 433 (m433dll)  coins/stars 13/0c 10/0c 10/0c 10/0c  aud 0.31 ms  188.8 fps
port> status f11760   w01dll       board 0 turn 1/1  mg 433 (m433dll)  coins/stars 13/0c 10/0c 10/0c 10/0c  aud 0.22 ms  200.5 fps
port> status f11820   w01dll       board 0 turn 1/1  mg 433 (m433dll)  coins/stars 13/0c 10/0c 10/0c 10/0c  aud 0.25 ms  207.2 fps
port> status f11880   w01dll       board 0 turn 1/1  mg 433 (m433dll)  coins/stars 13/0c 10/0c 10/0c 10/0c  aud 0.31 ms  208.3 fps
port> status f11940   w01dll       board 0 turn 1/1  mg 433 (m433dll)  coins/stars 13/0c 10/0c 10/0c 10/0c  aud 0.25 ms  200.1 fps
port> status f12000   w01dll       board 0 turn 1/1  mg 433 (m433dll)  coins/stars 13/0c 10/0c 10/0c 10/0c  aud 0.32 ms  191.5 fps
port> status f12060   w01dll       board 0 turn 1/1  mg 433 (m433dll)  coins/stars 13/0c 10/0c 10/0c 10/0c  aud 0.27 ms  206.7 fps
port> status f12120   w01dll       board 0 turn 1/1  mg 433 (m433dll)  coins/stars 13/0c 10/0c 10/0c 10/0c  aud 0.27 ms  200.8 fps
port> status f12180   w01dll       board 0 turn 1/1  mg 433 (m433dll)  coins/stars 13/0c 10/0c 10/0c 10/0c  aud 0.26 ms  194.8 fps
port> status f12240   w01dll       board 0 turn 1/1  mg 433 (m433dll)  coins/stars 13/0c 10/0c 10/0c 10/0c  aud 0.24 ms  206.9 fps
port> status f12300   w01dll       board 0 turn 1/1  mg 433 (m433dll)  coins/stars 13/0c 10/0c 10/0c 10/0c  aud 0.27 ms  196.1 fps
port> status f12360   w01dll       board 0 turn 1/1  mg 433 (m433dll)  coins/stars 13/0c 10/0c 10/0c 10/0c  aud 0.30 ms  201.4 fps
port> status f12420   w01dll       board 0 turn 1/1  mg 433 (m433dll)  coins/stars 13/0c 10/0c 10/0c 10/0c  aud 0.24 ms  181.6 fps
port> status f12480   w01dll       board 0 turn 1/1  mg 433 (m433dll)  coins/stars 13/0c 10/0c 10/0c 10/0c  aud 0.37 ms  166.6 fps
port> status f12540   w01dll       board 0 turn 1/1  mg 433 (m433dll)  coins/stars 13/0c 10/0c 10/0c 10/0c  aud 0.37 ms  171.9 fps
port> status f12600   w01dll       board 0 turn 1/1  mg 433 (m433dll)  coins/stars 13/0c 10/0c 10/0c 10/0c  aud 0.26 ms  200.2 fps
port> status f12660   w01dll       board 0 turn 1/1  mg 433 (m433dll)  coins/stars 13/0c 10/0c 10/0c 10/0c  aud 0.30 ms  196.1 fps
port> status f12720   w01dll       board 0 turn 1/1  mg 433 (m433dll)  coins/stars 13/0c 10/0c 10/0c 10/0c  aud 0.27 ms  192.1 fps
port> status f12780   w01dll       board 0 turn 1/1  mg 433 (m433dll)  coins/stars 13/0c 10/0c 10/0c 10/0c  aud 0.27 ms  188.8 fps
port> status f12840   w01dll       board 0 turn 1/1  mg 433 (m433dll)  coins/stars 13/0c 10/0c 10/0c 10/0c  aud 0.29 ms  192.5 fps
port> status f12900   w01dll       board 0 turn 1/1  mg 433 (m433dll)  coins/stars 13/0c 10/0c 10/0c 10/0c  aud 0.27 ms  198.8 fps
port> status f12960   w01dll       board 0 turn 1/1  mg 433 (m433dll)  coins/stars 13/0c 10/0c 10/0c 10/0c  aud 0.25 ms  198.4 fps
port> status f13020   w01dll       board 0 turn 1/1  mg 433 (m433dll)  coins/stars 13/0c 10/0c 10/0c 10/0c  aud 0.28 ms  184.2 fps
port> status f13080   w01dll       board 0 turn 1/1  mg 433 (m433dll)  coins/stars 13/0c 10/0c 10/0c 10/0c  aud 0.32 ms  193.4 fps
port> status f13140   w01dll       board 0 turn 1/1  mg 433 (m433dll)  coins/stars 13/0c 10/0c 10/0c 10/0c  aud 0.21 ms  206.7 fps
port> status f13200   w01dll       board 0 turn 1/1  mg 433 (m433dll)  coins/stars 13/0c 10/0c 10/0c 10/0c  aud 0.19 ms  211.3 fps
port> status f13260   w01dll       board 0 turn 1/1  mg 433 (m433dll)  coins/stars 13/0c 10/0c 10/0c 10/0c  aud 0.26 ms  192.9 fps
port> status f13320   w01dll       board 0 turn 1/1  mg 433 (m433dll)  coins/stars 13/0c 10/0c 10/0c 10/0c  aud 0.31 ms  202.0 fps
port> status f13380   w01dll       board 0 turn 1/1  mg 433 (m433dll)  coins/stars 13/0c 10/0c 10/0c 10/0c  aud 0.28 ms  204.1 fps
port> status f13440   w01dll       board 0 turn 1/1  mg 433 (m433dll)  coins/stars 13/0c 10/0c 10/0c 10/0c  aud 0.29 ms  189.7 fps
port> status f13500   w01dll       board 0 turn 1/1  mg 433 (m433dll)  coins/stars 13/0c 10/0c 10/0c 13/0c  aud 0.31 ms  199.8 fps
port> status f13560   w01dll       board 0 turn 1/1  mg 433 (m433dll)  coins/stars 13/0c 10/0c 10/0c 13/0c  aud 0.25 ms  198.0 fps
port> status f13620   w01dll       board 0 turn 1/1  mg 433 (m433dll)  coins/stars 13/0c 10/0c 10/0c 13/0c  aud 0.24 ms  206.4 fps
port> status f13680   w01dll       board 0 turn 1/1  mg 433 (m433dll)  coins/stars 13/0c 10/0c 10/0c 13/0c  aud 0.27 ms  198.0 fps
port> status f13740   w01dll       board 0 turn 1/1  mg 433 (m433dll)  coins/stars 13/0c 10/0c 10/0c 13/0c  aud 0.33 ms  194.0 fps
port> status f13800   w01dll       board 0 turn 1/1  mg 433 (m433dll)  coins/stars 13/0c 10/0c 10/0c 13/0c  aud 0.30 ms  192.4 fps
port> status f13860   w01dll       board 0 turn 1/1  mg 433 (m433dll)  coins/stars 13/0c 10/0c 10/0c 13/0c  aud 0.35 ms  186.8 fps
port> status f13920   w01dll       board 0 turn 1/1  mg 433 (m433dll)  coins/stars 13/0c 10/0c 10/0c 13/0c  aud 0.30 ms  193.2 fps
port> loader: roulette dealt mg 422 (m422dll) at frame 13953 -- prefetching its module and data
port> status f13980   w01dll       board 0 turn 1/1  mg 433 (m433dll)  coins/stars 13/0c 10/0c 10/0c 13/0c  aud 0.26 ms  188.8 fps
port> ffto: reached frame 14000 in 57.0 s (13997 frames, 245.4 fps, drawing back on at frame 13999)
port> lazy flush: off; premerge: off (max 0 vertices an object) -- both measured and off by default, PLAN.md 37
port> matrix palette: off (opt-in: --palette; PLAN.md 33.2)
port> stall: frame 13999 took 419 ms (game 26 gx 393 present 1 aud 0) tex: 125 decoded (968 KB -> 5716 KB) dec 70 up 58 hash 4 ms, 0 re-keyed; staged 0 (0 ms saved) claimed 0 unstaged 0; frees 0, dll 0 ms
port> status f14040   w01dll       board 0 turn 1/1  mg 433 (m433dll)  coins/stars 13/0c 10/0c 10/0c 13/0c  aud 0.29 ms  speed 65%  6.5 fps presented  tex 126/9453 KB  rss 206 MB  res 114/256 MB  cpu 2  rt 14.1 ms dec 4.9+0.0  machine ok  ur 20
port> status f14100   w01dll       board 0 turn 1/1  mg 433 (m433dll)  coins/stars 13/0c 10/0c 10/0c 13/0c  aud 0.30 ms  speed 113%  29.3 fps presented  tex 126/9453 KB  rss 206 MB  res 114/256 MB  cpu 2  rt 14.3 ms dec 4.9+0.0  machine ok  ur 20
port> dvdheap: 1529578 bytes mode 0 num 0  caller 0xefc4  caller2 0x70d18
Rest Memory 40a8e0
port> roulette: frame 14140 dealt mg 422 (m422dll, type 1)  -- overridden by --minigame
objman>Call New Ovl 3(1)
OvlKill 1
objdll>omDLLNumEnd 89 1
Search:dll/w01dll.rel
+++++++++++ Find0: dll/w01dll.rel
objdll>omDLLEnd 0 1
objdll>End DLL:dll/w01dll.rel
odjdll>Unlink DLL:dll/w01dll.rel
objdll>Unlink DLL epilog
objdll>Unlink DLL epilog finish
objdll>End DLL finish
port> frame 14135: overlay -1 (next 3) event 0
objman>Destory ObjMan
++++++++++++++++++++ Start New OVL 3 (EVT:0 STAT:0x00000000) ++++++++++++++++++
======== HuMem heap dump 03b9c018 ========
MCB-----+Size----+MG+FL+Prev----+Next----+UNum----+Body----+Call----
03b9c018 0000a020 a5 01 03c8f178 03ba6038 ffffff00 03b9c038 00008664
03ba6038 000041c0 a5 01 03b9c018 03baa1f8 ffffff00 03ba6058 0003c2f8
03baa1f8 00016c80 cd 00 03ba6038 03bc0e78 ffffff00 03baa218 0003cc2c
03bc0e78 00000260 a5 01 03baa1f8 03bc10d8 ffffff00 03bc0e98 00008e78
03bc10d8 00000260 a5 01 03bc0e78 03bc1338 ffffff00 03bc10f8 00008e78
03bc1338 000002c0 a5 01 03bc10d8 03bc15f8 ffffff00 03bc1358 00008e78
03bc15f8 00000240 cd 00 03bc1338 03bc1838 10000000 03bc1618 0007dad4
03bc1838 00000100 a5 01 03bc15f8 03bc1938 ffffff00 03bc1858 0003737c
03bc1938 00000400 a5 01 03bc1838 03bc1d38 ffffff00 03bc1958 000373cc
03bc1d38 00000400 a5 01 03bc1938 03bc2138 ffffff00 03bc1d58 00037418
03bc2138 00000060 a5 01 03bc1d38 03bc2198 ffffff00 03bc2158 00037464
03bc2198 00000040 a5 01 03bc2138 03bc21d8 ffffff00 03bc21b8 000374b0
03bc21d8 000befc0 cd 00 03bc2198 03c81198 ffffff00 03bc21f8 0003cc2c
03c81198 00002100 a5 01 03bc21d8 03c83298 ffffff00 03c811b8 00008e78
03c83298 00000f80 a5 01 03c81198 03c84218 ffffff00 03c832b8 00008e78
03c84218 000041c0 a5 01 03c83298 03c883d8 ffffff00 03c84238 00008e78
03c883d8 000041c0 a5 01 03c84218 03c8c598 ffffff00 03c883f8 00008e78
03c8c598 00002be0 a5 01 03c883d8 03c8f178 ffffff00 03c8c5b8 00008e78
03c8f178 0014cea0 cd 00 03c8c598 03b9c018 ffffff00 03c8f198 0003cc2c
MCB:19(15/4) MEM:00240000(0001d2e0/00222d20)
======== HuMem heap dump 03b9c018 end =====
======== HuMem heap dump 03f1c030 ========
MCB-----+Size----+MG+FL+Prev----+Next----+UNum----+Body----+Call----
03f1c030 00a80000 cd 00 03f1c030 03f1c030 10000000 03f1c050 00027e10
MCB:1(0/1) MEM:00a80000(00000000/00a80000)
======== HuMem heap dump 03f1c030 end =====
======== HuMem heap dump 0499c03c ========
MCB-----+Size----+MG+FL+Prev----+Next----+UNum----+Body----+Call----
0499c03c 00175720 a5 01 04b1175c 04b1175c ffffff00 0499c05c 000108bc
04b1175c 0040a8e0 cd 00 0499c03c 0499c03c bdbe92cf 04b1177c 000108bc
MCB:2(1/1) MEM:00580000(00175720/0040a8e0)
======== HuMem heap dump 0499c03c end =====
objman>Used Memory Size:0001d2e0
objman>Used Memory Cnt:15
objman>Init esp
objman>Call objectsetup
DLLStart 3 0
Search:dll/instdll.rel
objdll>Link DLL:dll/instdll.rel
Rest Memory 40a8e0
===== DLL Module Info dump ====
                   ID:0x00000001
             LinkPrev:0x00000000
             LinkNext:0x00000000
          Section num:15
Section info tbl ofst:0x00000048
           nameOffset:0x00000000
             nameSize:47
              version:0x00000002
===============================
==== DLL Module Header dump ====
          bss Size:0x00000064
        rel Offset:0x00006aa8
        imp Offset:0x0000ad98
    prolog Section:1
    epilog Section:1
unresolved Section:0
       prolog func:0x00000000
       epilog func:0x00000054
   unresolved func:0x00000000
================================
objdll>LinkOK 03baa578 30200000
objdll> dll/instdll.rel prolog start
******* INST ObjectSetup *********
objman>InitObjMan start
objman>InitObjMan end
0
GroupSet 50
***********GroupSet Error 0
Rest Memory 3c3e80
objdll> dll/instdll.rel prolog end
objman>ObjectSetup end
port> frame 14136: overlay 3 (next -1) event 0
DLL DBG OUT
data num 890000
Rest Memory 3a9d80
ARAM data num 120006
data num 190000
Rest Memory 3b2000
data num 6c0000
Rest Memory 392340
data num 5e0000
Rest Memory 3ad3c0
port> stall: frame 14137 took 285 ms (game 117 gx 168 present 0 aud 0) tex: 52 decoded (857 KB -> 3663 KB) dec 64 up 13 hash 4 ms, 3 re-keyed; staged 0 (0 ms saved) claimed 0 unstaged 0; frees 38, dll 0 ms
port> status f14160   instdll      board 0 turn 1/1  mg 433 (m433dll)  coins/stars 13/0c 10/0c 10/0c 13/0c  aud 0.21 ms  speed 92%  22.1 fps presented  tex 182/15432 KB  rss 212 MB  res 114/256 MB  cpu 2  rt 10.2 ms dec 4.9+0.0  machine ok  ur 20
port> status f14220   instdll      board 0 turn 1/1  mg 433 (m433dll)  coins/stars 13/0c 10/0c 10/0c 13/0c  aud 0.20 ms  speed 109%  30.6 fps presented  tex 182/15432 KB  rss 213 MB  res 114/256 MB  cpu 2  rt 6.2 ms dec 4.0+0.0  machine ok  ur 20
port> status f14280   instdll      board 0 turn 1/1  mg 433 (m433dll)  coins/stars 13/0c 10/0c 10/0c 13/0c  aud 0.28 ms  speed 100%  29.0 fps presented  tex 187/16472 KB  rss 215 MB  res 114/256 MB  cpu 2  rt 8.2 ms dec 5.2+0.0  machine ok  ur 20
port> dvdheap: 3084130 bytes mode 0 num 0  caller 0xefc4  caller2 0x30203508
Rest Memory 28f060
port> status f14340   instdll      board 0 turn 1/1  mg 433 (m433dll)  coins/stars 13/0c 10/0c 10/0c 13/0c  aud 0.26 ms  speed 100%  30.0 fps presented  tex 188/16476 KB  rss 215 MB  res 114/256 MB  cpu 2  rt 7.8 ms dec 4.7+0.0  machine ok  ur 20
port> status f14400   instdll      board 0 turn 1/1  mg 433 (m433dll)  coins/stars 13/0c 10/0c 10/0c 13/0c  aud 0.32 ms  speed 100%  30.0 fps presented  tex 188/16476 KB  rss 215 MB  res 114/256 MB  cpu 2  rt 6.7 ms dec 3.9+0.0  machine ok  ur 20
port> status f14460   instdll      board 0 turn 1/1  mg 433 (m433dll)  coins/stars 13/0c 10/0c 10/0c 13/0c  aud 0.31 ms  speed 100%  30.0 fps presented  tex 188/16476 KB  rss 215 MB  res 114/256 MB  cpu 2  rt 7.1 ms dec 4.2+0.0  machine ok  ur 20
objman>Call New Ovl 41(1)
OvlKill 1
objdll>omDLLNumEnd 3 1
Search:dll/instdll.rel
+++++++++++ Find0: dll/instdll.rel
objdll>omDLLEnd 0 1
objdll>End DLL:dll/instdll.rel
odjdll>Unlink DLL:dll/instdll.rel
objdll>Unlink DLL epilog
objdll>Unlink DLL epilog finish
objdll>End DLL finish
port> frame 14470: overlay -1 (next 41) event 0
objman>Destory ObjMan
++++++++++++++++++++ Start New OVL 41 (EVT:0 STAT:0x00000000) ++++++++++++++++++
======== HuMem heap dump 03b9c018 ========
MCB-----+Size----+MG+FL+Prev----+Next----+UNum----+Body----+Call----
03b9c018 0000a020 a5 01 03c8f178 03ba6038 ffffff00 03b9c038 00008664
03ba6038 000041c0 a5 01 03b9c018 03baa1f8 ffffff00 03ba6058 0003c2f8
03baa1f8 00016c80 cd 00 03ba6038 03bc0e78 ffffff00 03baa218 0003cc2c
03bc0e78 00000260 a5 01 03baa1f8 03bc10d8 ffffff00 03bc0e98 00008e78
03bc10d8 00000260 a5 01 03bc0e78 03bc1338 ffffff00 03bc10f8 00008e78
03bc1338 000002c0 a5 01 03bc10d8 03bc15f8 ffffff00 03bc1358 00008e78
03bc15f8 00000240 cd 00 03bc1338 03bc1838 10000000 03bc1618 000443fc
03bc1838 00000100 a5 01 03bc15f8 03bc1938 ffffff00 03bc1858 0003737c
03bc1938 00000400 a5 01 03bc1838 03bc1d38 ffffff00 03bc1958 000373cc
03bc1d38 00000400 a5 01 03bc1938 03bc2138 ffffff00 03bc1d58 00037418
03bc2138 00000060 a5 01 03bc1d38 03bc2198 ffffff00 03bc2158 00037464
03bc2198 00000040 a5 01 03bc2138 03bc21d8 ffffff00 03bc21b8 000374b0
03bc21d8 000befc0 cd 00 03bc2198 03c81198 ffffff00 03bc21f8 0003cc2c
03c81198 00002100 a5 01 03bc21d8 03c83298 ffffff00 03c811b8 00008e78
03c83298 00000f80 a5 01 03c81198 03c84218 ffffff00 03c832b8 00008e78
03c84218 000041c0 a5 01 03c83298 03c883d8 ffffff00 03c84238 00008e78
03c883d8 000041c0 a5 01 03c84218 03c8c598 ffffff00 03c883f8 00008e78
03c8c598 00002be0 a5 01 03c883d8 03c8f178 ffffff00 03c8c5b8 00008e78
03c8f178 0014cea0 cd 00 03c8c598 03b9c018 ffffff00 03c8f198 000443c8
MCB:19(15/4) MEM:00240000(0001d2e0/00222d20)
======== HuMem heap dump 03b9c018 end =====
======== HuMem heap dump 03f1c030 ========
MCB-----+Size----+MG+FL+Prev----+Next----+UNum----+Body----+Call----
03f1c030 00a80000 cd 00 03f1c030 03f1c030 10000000 03f1c050 00038fe8
MCB:1(0/1) MEM:00a80000(00000000/00a80000)
======== HuMem heap dump 03f1c030 end =====
======== HuMem heap dump 0499c03c ========
MCB-----+Size----+MG+FL+Prev----+Next----+UNum----+Body----+Call----
0499c03c 002f0fa0 a5 01 04c8cfdc 04c8cfdc ffffff00 0499c05c 000108bc
04c8cfdc 0028f060 cd 00 0499c03c 0499c03c 05006402 04c8cffc 000108bc
MCB:2(1/1) MEM:00580000(002f0fa0/0028f060)
======== HuMem heap dump 0499c03c end =====
objman>Used Memory Size:0001d2e0
objman>Used Memory Cnt:15
objman>Init esp
objman>Call objectsetup
SOUND ##########################
##########################
DLLStart 41 0
Search:dll/m433dll.rel
objdll>Link DLL:dll/m433dll.rel
Rest Memory 28f060
===== DLL Module Info dump ====
                   ID:0x00000001
             LinkPrev:0x00000000
             LinkNext:0x00000000
          Section num:15
Section info tbl ofst:0x00000048
           nameOffset:0x00000000
             nameSize:47
              version:0x00000002
===============================
==== DLL Module Header dump ====
          bss Size:0x000007e4
        rel Offset:0x0001227c
        imp Offset:0x0001a30c
    prolog Section:1
    epilog Section:1
unresolved Section:0
       prolog func:0x00000000
       epilog func:0x00000054
   unresolved func:0x00000000
================================
objdll>LinkOK 03bc21f8 32600000
objdll> dll/m433dll.rel prolog start
objman>InitObjMan start
objman>InitObjMan end
objdll> dll/m433dll.rel prolog end
objman>ObjectSetup end
port> frame 14471: overlay 41 (next -1) event 0
port> mgdump: entered minigame m433dll (mg 433) at frame 14477; dumping (nothing); the run ends at 16277
DLL DBG OUT
ARAM data num 61001e
ARAM data num 13000b
ARAM data num 120002
data num 380005
Rest Memory 1934e0
data num 380002
Rest Memory 1934e0
data num 5e0001
Rest Memory 22f080
data num 6c0001
Rest Memory 1b95a0
data num 190001
Rest Memory 160cc0
data num 890001
Rest Memory 100160
port> stall: frame 14472 took 320 ms (game 320 gx 0 present 0 aud 0) [consumed] tex: 0 decoded (0 KB -> 0 KB) dec 0 up 0 hash 0 ms, 0 re-keyed; staged 0 (0 ms saved) claimed 0 unstaged 0; frees 66, dll 0 ms
port> stall: frame 14477 took 198 ms (game 20 gx 177 present 0 aud 0) tex: 68 decoded (1319 KB -> 4165 KB) dec 69 up 7 hash 6 ms, 5 re-keyed; staged 0 (0 ms saved) claimed 0 unstaged 0; frees 1, dll 0 ms
port> status f14520   m433dll      board 0 turn 1/1  mg 433 (m433dll)  coins/stars 13/0c 10/0c 10/0c 13/0c  aud 0.33 ms  speed 86%  12.9 fps presented  tex 257/22530 KB  rss 222 MB  res 114/256 MB  cpu 2  rt 16.0 ms dec 4.1+0.0  machine ok  ur 20
port> status f14580   m433dll      board 0 turn 1/1  mg 433 (m433dll)  coins/stars 13/0c 10/0c 10/0c 13/0c  aud 0.13 ms  speed 120%  29.9 fps presented  tex 257/22530 KB  rss 223 MB  res 114/256 MB  cpu 2  rt 16.7 ms dec 3.2+0.0  machine ok  ur 20
port> status f14640   m433dll      board 0 turn 1/1  mg 433 (m433dll)  coins/stars 13/0c 10/0c 10/0c 13/0c  aud 0.13 ms  speed 100%  30.0 fps presented  tex 257/22530 KB  rss 223 MB  res 114/256 MB  cpu 2  rt 19.4 ms dec 8.6+0.0  machine ok  ur 20
port> status f14700   m433dll      board 0 turn 1/1  mg 433 (m433dll)  coins/stars 13/0c 10/0c 10/0c 13/0c  aud 0.13 ms  speed 100%  30.0 fps presented  tex 263/22626 KB  rss 224 MB  res 114/256 MB  cpu 2  rt 18.5 ms dec 9.7+0.0  machine ok  ur 20
port> status f14760   m433dll      board 0 turn 1/1  mg 433 (m433dll)  coins/stars 13/0c 10/0c 10/0c 13/0c  aud 0.21 ms  speed 99%  28.8 fps presented  tex 263/22626 KB  rss 224 MB  res 114/256 MB  cpu 2  rt 18.2 ms dec 3.5+0.0  machine ok  ur 20
port> status f14820   m433dll      board 0 turn 1/1  mg 433 (m433dll)  coins/stars 13/0c 10/0c 10/0c 13/0c  aud 0.34 ms  speed 100%  29.9 fps presented  tex 263/22626 KB  rss 224 MB  res 114/256 MB  cpu 2  rt 16.7 ms dec 8.5+0.0  machine ok  ur 20
port> status f14880   m433dll      board 0 turn 1/1  mg 433 (m433dll)  coins/stars 13/0c 10/0c 10/0c 13/0c  aud 0.40 ms  speed 99%  28.8 fps presented  tex 275/23050 KB  rss 224 MB  res 114/256 MB  cpu 2  rt 19.7 ms dec 4.4+0.0  machine ok  ur 20
port> status f14940   m433dll      board 0 turn 1/1  mg 433 (m433dll)  coins/stars 13/0c 10/0c 10/0c 13/0c  aud 0.38 ms  speed 101%  29.4 fps presented  tex 278/23083 KB  rss 225 MB  res 114/256 MB  cpu 2  rt 21.9 ms dec 5.2+0.0  machine ok  ur 20
port> status f15000   m433dll      board 0 turn 1/1  mg 433 (m433dll)  coins/stars 13/0c 10/0c 10/0c 13/0c  aud 0.40 ms  speed 98%  28.4 fps presented  tex 285/23263 KB  rss 225 MB  res 114/256 MB  cpu 2  rt 18.2 ms dec 4.6+0.0  machine ok  ur 20
port> status f15060   m433dll      board 0 turn 1/1  mg 433 (m433dll)  coins/stars 13/0c 10/0c 10/0c 13/0c  aud 0.42 ms  speed 101%  29.3 fps presented  tex 291/23323 KB  rss 225 MB  res 114/256 MB  cpu 2  rt 15.6 ms dec 4.2+0.0  machine ok  ur 20
port> status f15120   m433dll      board 0 turn 1/1  mg 433 (m433dll)  coins/stars 13/0c 10/0c 10/0c 13/0c  aud 0.36 ms  speed 100%  29.1 fps presented  tex 291/23323 KB  rss 225 MB  res 114/256 MB  cpu 2  rt 16.7 ms dec 9.6+0.0  machine ok  ur 20
port> status f15180   m433dll      board 0 turn 1/1  mg 433 (m433dll)  coins/stars 13/0c 10/0c 10/0c 13/0c  aud 0.40 ms  speed 99%  29.8 fps presented  tex 291/23323 KB  rss 225 MB  res 114/256 MB  cpu 2  rt 18.5 ms dec 4.3+0.0  machine ok  ur 20
port> status f15240   m433dll      board 0 turn 1/1  mg 433 (m433dll)  coins/stars 13/0c 10/0c 10/0c 13/0c  aud 0.39 ms  speed 100%  29.9 fps presented  tex 291/23323 KB  rss 225 MB  res 114/256 MB  cpu 2  rt 20.3 ms dec 4.5+0.0  machine ok  ur 20
port> status f15300   m433dll      board 0 turn 1/1  mg 433 (m433dll)  coins/stars 13/0c 10/0c 10/0c 13/0c  aud 0.40 ms  speed 100%  30.1 fps presented  tex 291/23323 KB  rss 225 MB  res 114/256 MB  cpu 2  rt 20.2 ms dec 4.3+0.0  machine ok  ur 20
port> status f15360   m433dll      board 0 turn 1/1  mg 433 (m433dll)  coins/stars 13/0c 10/0c 10/0c 13/0c  aud 0.43 ms  speed 100%  29.0 fps presented  tex 291/23323 KB  rss 225 MB  res 114/256 MB  cpu 2  rt 17.1 ms dec 8.8+0.0  machine ok  ur 20
port> status f15420   m433dll      board 0 turn 1/1  mg 433 (m433dll)  coins/stars 13/0c 10/0c 10/0c 13/0c  aud 0.43 ms  speed 101%  30.2 fps presented  tex 294/23332 KB  rss 225 MB  res 114/256 MB  cpu 2  rt 21.0 ms dec 8.9+0.0  machine ok  ur 20
port> status f15480   m433dll      board 0 turn 1/1  mg 433 (m433dll)  coins/stars 13/0c 10/0c 10/0c 13/0c  aud 0.37 ms  speed 100%  30.0 fps presented  tex 294/23332 KB  rss 225 MB  res 114/256 MB  cpu 2  rt 16.6 ms dec 4.7+0.0  machine ok  ur 20
port> status f15540   m433dll      board 0 turn 1/1  mg 433 (m433dll)  coins/stars 13/0c 10/0c 10/0c 13/0c  aud 0.36 ms  speed 100%  30.0 fps presented  tex 294/23332 KB  rss 225 MB  res 114/256 MB  cpu 2  rt 18.0 ms dec 5.4+0.0  machine ok  ur 20
port> status f15600   m433dll      board 0 turn 1/1  mg 433 (m433dll)  coins/stars 13/0c 10/0c 10/0c 13/0c  aud 0.41 ms  speed 99%  28.7 fps presented  tex 294/23332 KB  rss 225 MB  res 114/256 MB  cpu 2  rt 19.1 ms dec 4.5+0.0  machine ok  ur 20
port> status f15660   m433dll      board 0 turn 1/1  mg 433 (m433dll)  coins/stars 13/0c 10/0c 10/0c 13/0c  aud 0.46 ms  speed 101%  30.3 fps presented  tex 294/23332 KB  rss 225 MB  res 114/256 MB  cpu 2  rt 19.3 ms dec 5.2+0.0  machine ok  ur 20
port> status f15720   m433dll      board 0 turn 1/1  mg 433 (m433dll)  coins/stars 13/0c 10/0c 10/0c 13/0c  aud 0.42 ms  speed 99%  29.8 fps presented  tex 294/23332 KB  rss 225 MB  res 114/256 MB  cpu 2  rt 19.0 ms dec 4.6+0.0  machine ok  ur 20
port> status f15780   m433dll      board 0 turn 1/1  mg 433 (m433dll)  coins/stars 13/0c 10/0c 10/0c 13/0c  aud 0.44 ms  speed 101%  29.2 fps presented  tex 295/23348 KB  rss 225 MB  res 114/256 MB  cpu 2  rt 21.3 ms dec 10.3+0.0  machine ok  ur 20
port> status f15840   m433dll      board 0 turn 1/1  mg 433 (m433dll)  coins/stars 13/0c 10/0c 10/0c 13/0c  aud 0.45 ms  speed 100%  30.0 fps presented  tex 295/23348 KB  rss 225 MB  res 114/256 MB  cpu 2  rt 20.7 ms dec 8.7+0.0  machine ok  ur 20
port> status f15900   m433dll      board 0 turn 1/1  mg 433 (m433dll)  coins/stars 13/0c 10/0c 10/0c 13/0c  aud 0.40 ms  speed 99%  28.7 fps presented  tex 295/23348 KB  rss 225 MB  res 114/256 MB  cpu 2  rt 17.2 ms dec 3.6+1.5  machine ok  ur 20
port> status f15960   m433dll      board 0 turn 1/1  mg 433 (m433dll)  coins/stars 13/0c 10/0c 10/0c 13/0c  aud 0.46 ms  speed 99%  28.8 fps presented  tex 295/23348 KB  rss 225 MB  res 114/256 MB  cpu 2  rt 18.8 ms dec 4.6+0.0  machine ok  ur 20
port> status f16020   m433dll      board 0 turn 1/1  mg 433 (m433dll)  coins/stars 13/0c 10/0c 10/0c 13/0c  aud 0.45 ms  speed 100%  29.1 fps presented  tex 295/23348 KB  rss 225 MB  res 114/256 MB  cpu 2  rt 20.4 ms dec 4.3+0.0  machine ok  ur 20
port> status f16080   m433dll      board 0 turn 1/1  mg 433 (m433dll)  coins/stars 13/0c 10/0c 10/0c 13/0c  aud 0.45 ms  speed 100%  30.0 fps presented  tex 295/23348 KB  rss 225 MB  res 114/256 MB  cpu 2  rt 19.3 ms dec 4.5+0.0  machine ok  ur 20
port> status f16140   m433dll      board 0 turn 1/1  mg 433 (m433dll)  coins/stars 13/0c 10/0c 10/0c 13/0c  aud 0.44 ms  speed 100%  30.0 fps presented  tex 295/23348 KB  rss 225 MB  res 114/256 MB  cpu 2  rt 17.7 ms dec 4.2+0.0  machine ok  ur 20
port> status f16200   m433dll      board 0 turn 1/1  mg 433 (m433dll)  coins/stars 13/0c 10/0c 10/0c 13/0c  aud 0.46 ms  speed 100%  30.0 fps presented  tex 295/23348 KB  rss 225 MB  res 114/256 MB  cpu 2  rt 15.7 ms dec 4.2+0.0  machine ok  ur 20
port> status f16260   m433dll      board 0 turn 1/1  mg 433 (m433dll)  coins/stars 13/0c 10/0c 10/0c 13/0c  aud 0.45 ms  speed 100%  30.0 fps presented  tex 295/23348 KB  rss 225 MB  res 114/256 MB  cpu 2  rt 19.6 ms dec 9.4+0.0  machine ok  ur 20

port> --frames 16277 reached: 16277 retraces in 94.68 s wall (game clock 271.55 s)
port> tev: konst collision (two constants in one stage): 0 of 390109 draws carry one, in 0 distinct configs (PLAN.md 31.4)
port> tev: 7159 hilite stage emissions folded into the specular colour sum (PLAN.md 36)
port> tev: 12672 unit emissions through the register rewrite (PLAN.md 31.3), 0 stage emissions still folding a register write to PREV
port> --perfdump: 16276 frames written to /Users/zach/m48/A-m433-old-3.csv

---- --perf: 16276 frames ----
  game     mean   4.43  median   4.22  p95  11.05  worst 332.14 ms
  gx       mean   0.81  median   0.07  p95   8.90  worst 392.63 ms
  present  mean   0.03  median   0.00  p95   0.32  worst  93.08 ms
  aud      mean   0.24  median   0.25  p95   0.45  worst   1.69 ms
  frame    mean   5.52  median   4.54  p95  20.99  worst 419.16 ms
  budget   16.68 ms/frame at 59.94 Hz; 943 of 16276 frames over it (5.8%)
  clocks   game 271.54 s vs wall 95.04 s -- ratio 0.350  (keeping up)
  fps      171.2 effective

---- --realtime: 2273 paced retraces ----
  clocks   game 37.92 s vs wall 38.34 s -- speed 98.9%
  present  1080 drawn of 2273 (52.5% skipped), 28.2 presented fps, 20 forced by the skip cap, 0 by --dumpframe
  late     worst 439.1 ms behind the schedule; 0 resync(s) dropping 0.00 s of game time
  rt       7 frame(s) consumed because the render thread was still busy past --rtgate 4 ms

port> MusyX: 54297 frames of 160 samples mixed (271.49 s of audio) over 16273 retraces
port> audio: first sound at retrace 726; Dolphin's own DSP dump of the same boot starts at 10.95 s = retrace ~656
port> musyx_mix: 54297 frames mixed, 13770 voices started, 9808 voices ended, peak |sample| 32768 (near full scale), 0 clamped ARAM reads, 30 max concurrent voices (of 50 allocated)
port> musyx_mix: resampler linear, depop on; 5708 voice(s) cut mid-frame
port> musyx_mix: 673 start(s) refused by start_voice_init (a zero-length one-shot, an envelope done at once, an unreadable sample); the slot's entry cleared on both halves (M25)
port> musyx_mix: --perf: mean 371.4 us/frame, worst 2332.5 us/frame, over 54297 timed frames
port> musyx_mix: split frames: 54297 control halves on the game thread, 54297 value halves (20168 ms), 16285 joins, 0 position mismatches
port> audio: M24 mixer job: 16273 ticks split (162891 steps), 0 ticks fused for a MEM1/vsample voice, 0 poisoned mid-tick, 0 out of pool, 0 jobs run at submit, 22 jobs finished mid-tick (ARAM writes)
port> musyx_aram: samples stored 694 (10717 KB), removed 188, refused 0
port> musyx_aram: region=[0x000000,0x800000) (8388608 bytes) zero_buf=[0x000000,0x000500) initialized=1
port> musyx_aram: sample heap write=0x675840 high_water=0x6de860 (7201632 bytes at peak), stream cursor=0x7ee200
port> musyx_aram: stream buffers active=2 peak=2 of 64 slots
port> musyx_aram: bytes uploaded=12007392 -- rejected: store=0 stream=0 upload=0, remove mismatches=0
port> audio out: 96.59 s queued, 5940 callbacks, peak L 32767 R 32768 (of 32767)
port> audio out: 20 underrun(s) totalling 316.0 ms, 174894.0 ms dropped to overrun
port> audio out: (the ring tracks the frame rate: audio is paced by the
port>             retrace, so under 60 fps it starves and under --turbo it
port>             overruns.  --wav is written before the ring and is whole.)
port> OS clock: 10986975000 ticks in 95.47 s = 115.087 MHz (console 40.500)  *** WRONG
port> decode jobs (M43): 42534732 vertices; specialised 100.0%, the walker's by pick_fast's first failed test:
port> vcache (M40, auto): 440227 list calls (121486 left to the ring as animated), 318741 primitives, 24989484 vertices; 312237 hits (24325894 vertices, 97.3%; per drawn frame 97.7% over 594 frames)
port> vcache (M44): 1125 positions refreshes (71927 vertices): stored runs whose position array alone had moved, copied and their positions decoded again
port> vcache (M45): on the frames the auto keyed off, 0 lists looked up refresh-only, 0 refreshes served there (--novcposoff)
port> vcache: misses -- new 1952 (138069 v), plan changed 298 (25541 v), arrays changed 3129 (428053 v), list bytes changed 0 lists; ineligible 0 (0 v, skinned/palette/premerge); not stored (region full this frame) 0 (0 v); stored 404438 v
port> vcache: auto keyed 594 drawn frame(s), left 484 to the decode (fit 28.0 ms); 15012 list hash(es) memoised, 190804 memo end(s) leaving module code
port> vcache (M47): the skin body named its arrays 0 times (0 scans), 0 array memos ended by them (--oldvcskin: every memo, the epoch)
port> vcache: hashed 1.2 MB of lists and 161.6 MB of arrays (0.4 KB a list call); 2220 ms keying on the game thread (sampled 1 in 8: lists 1012, hits 1077, misses 131); region 8192 KB, peak 8163 KB, 1 reset(s), 0 cooldown(s); 605 entries, 1284 arrays live, 0 clear(s)
port> GX draw: 1935367 primitives, 75118061 vertices, 561378 glDrawArrays, 1878741 display lists replayed
port> GX draw: M44 layout memo: 403901 primitives kept the last one's, 1531466 settled anew
port> GX draw: 42858671 vertices through the specialised decode loops (57.1%)
port> GX draw: M29: 406910 display-list runs (42534732 vertices, 56.6%) handed to the render thread's decode, 0 runs decoded here instead, 7377 kept here by --rtdecode auto (M33)
port> GX draw: 0 primitive(s) off-world (|position matrix translation| over 10000)
port> skin: deferred CPU skinning; EnvelopeProc 90909 calls: 90909 deferred, 0 run by the game; 28 HSFs registered (0 rebuilt); 9018 deferred bodies run at the draw (0 of them at the array bind), 681455 syncs skipped on consumed frames; palette: 90909 bone syncs, 0 pose builds
port> skin: lifetime: 23 entries dropped by the game's frees, 0 guard hits (must be 0); signatures: 377 full, 90532 by the pointers alone (M47)
port> GL state: 1099321 calls emitted, 7440372 elided (87.1% of 8539693)
port> texture cache: 132071 hits, 295 misses, 0 re-uploads, 295 entries, 15558 KB decoded, 85 padded to a power of two, 23348 KB held by GL
port> texture budget: 40 MB; 0 evictions (0 KB) to stay under it
port> texture decode (M23): 293 decodes, 216 ms decoding, 84 ms uploading, 537 ms hashing; 3 frames over 20 ms of it; 37 re-keyed by content (2476 KB not decoded again)
port> texture dirty ranges (M35): 354152 DC store/flush calls, 251 entries marked, 68 hashed clean, 0 decoded again; 341848 calls touched no texture page (M41)
port> texture hash: 17081 KB hashed in full, 67684 KB sampled, 85978 revalidations (of 132366 binds)
port> EFB copies: 1026 colour copies into the cache (on consumed frames from the front buffer: 0 whole-screen, 0 region; 1106 clear-after copies kept from the last drawn frame, M21; 1026 half-scale copies kept at source size, M23)
port> indirect tiling: 9 composed backgrounds, 675 cache hits

port> render thread: mode 3 (thread, overlapped)
  stream   2961105 records, 150152 KB (52 B/record); 1081 frames presented, peak 214 KB a frame; 0 KB of payload copies; 304 names handed out; 304 owned uploads freed
  replay   18927 ms in all; per presented frame mean 17.51 ms, worst 326.8 ms (1081 frames); present tail (swap executed - swap recorded) mean 3.8 ms, worst 23.0 ms
  decode   406910 runs recorded, 406910 decoded ahead by the decode cursor, 0 by the replay (late); 42534732 vertices; 5943 ms in all, per presented frame mean 5.50 ms, worst 11.4 ms (--rtdecode 3)
  auto     15084 drawn frames planned, 35 split (share mean 0.29, max 0.75); 323939 vertices decoded on the game thread (60 ms) vs 42534732 on the render thread; last plan: game 21.3 + consumed 4.6 vs replay 21.1 + decode 8.6 -> 0.0 ms moved (--rtdecode auto, fit 30 ms, max share 0.75)
  gate     1036 drained, 22 waited (38 ms, worst 8.6 ms), 7 busy (the frame was consumed instead)
  ring     0 reuse waits for the issue, 0 for the GPU (0 ms, worst 0.0 ms); stream full 0 times (0 ms); reader slept 5329 times, woken 18044
  join     retrace                  16277 (107 ms, worst 9.2 ms)
  join     ClusterProc range        513 (0 ms, worst 0.0 ms)
  join     call                     28 (311 ms, worst 74.0 ms)
  join     gate (forced frame)      22 (0 ms, worst 0.0 ms)
  join     skin body                8578 (0 ms, worst 0.0 ms)
  join     skin free                7 (0 ms, worst 0.0 ms)
  join     shutdown                 1 (0 ms, worst 0.0 ms)
  rewrite  1806 buffer range(s) named by ClusterProc/ShapeProc (M43): 1293 free at once, 513 waited for their pages' records; 1331 record array(s) outside MEM1
  fences   the ring's chunks by epoch: the writer waited 0 time(s) for the GPU (the `ring' line above); the reader tests pending fences after every present, every 256 records and while idle
port> DVD: 161 reads, 46952705 bytes, 22 ms in reads, 0 over 100 ms

port> loader (M36): prefetch on, 99 jobs, 94 files read ahead (5 skipped as resident), 114.9 MB in 1178 ms off the game thread (worst 370 ms); 0 inline slices on one CPU (0 ms)
port> loader: disk reads after a prefetch of the same file: 0, 0 of them over 100 ms
port> loader: resident set 256 MB: 85 files held (114 MB, 73 of them from the list), 154 reads (42.1 MB) served from memory, 7 (2.7 MB, 22 ms) from the disk, 5 adopted from the game's own reads, 0 evicted (0.0 MB); mlock allowed (114 MB locked)
port> THP: 3 movie(s) skipped, first movie/opmov_a00.thp
port> CARD: 0 reads, 1 writes, 1 files created, 0 deleted, 3 image flushes, 57 of 59 blocks free
port> CARD: flushes on a thread (M29): 12 ms on the game thread in all, 76 ms behind it (worst 51 ms); 0 flush(es) waited for the previous one (0 ms)
port> CARD: M40: 2 flush(es) found the writer busy and left their image for it (1 replaced by a newer one before it started)
port> REL bundles: 6 loads, 5 unloads, 0 re-entries, 0 modules dlclose would not unload

port> cpu 2: workers on
port> workers: the game thread's FPSCR adopted 14494 time(s) (the GL driver's FPU mode, for the reverb's floats)
port> worker mixer   16263 jobs: 16260 finished by the worker, 3 late (run inline by the game thread, 1 ms), 796 waited for (366 ms, worst 2.4 ms); 21105 ms of work on the second core
port> sincos memo: 8533268 hits, 3133685 misses (73.1% hit)
port> fast sin/cos (M42): 3130881 pairs without libm, 2804 through libm
port> rotation memo (M42): mtxRot 133953 hits / 65505 misses, mtxRotCat 1320135 hits / 256911 misses
port> motion exec (M42): 304363 calls through the port's body
port> vertex rewriters (M43): 513 ClusterProc, 1293 ShapeProc calls, 1806 ranges named; the joins are the render thread's report (precise)
port> write barrier (M42, --wbpart: the ends' partial pages too): 943 pages armed in 603 calls, 539 faults (225 pages hot), 258 disarmed by kernel writes/frees; arrays clean 880542 (468838 by their ends' hash) / written 447, 193.1 MB of hashing skipped
port> material walk on consumed frames: skipped; 10232913 faces skipped, 2319159 material changes (1998949 Hu3DLightSet, 2655 Hu3DAnimSet kept)
port> sparse concats (bone walk): 16434336 sparse, 0 general
port> sqrtf: 0 through frsqrte, 11139762 through libm (--nofastsqrt)
port> soft-reset watcher: running, body polled 16273 times

---- SDK surface hit at boot: 0 distinct stubs, in first-call order ----
---- 0 stub calls total ----
