Mario Party 4 -- native port, PowerPC Edition 0.9.16 (milestone M47)
port> machine: model PowerMac3,5, 2 CPUs at 1000 MHz, 7450 (G4), AltiVec yes, 1536 MB RAM, Mac OS X 10.5.4
port> machine: GL ATI Technologies Inc. / ATI Radeon 9000 OpenGL Engine / 1.3 ATI-1.5.28, VRAM 64 MB, 6 texture units, max texture 2048
port> machine:   GL_ARB_multitexture                  present  required
port> machine:   GL_ARB_texture_env_combine           present  required
port> machine:   GL_ARB_texture_env_crossbar          present  required
port> machine:   GL_ATI_texture_env_combine3          present  required
port> machine:   GL_EXT_secondary_color               present  required
port> machine:   GL_ARB_vertex_program                present  degraded without
port> machine:   GL_APPLE_vertex_array_range          present  degraded without
port> machine:   GL_APPLE_fence                       present  degraded without
port> machine:   GL_EXT_multi_draw_arrays             present  degraded without
port> machine:   GL_EXT_blend_subtract                present  degraded without
port> machine:   GL_EXT_gpu_program_parameters        present  optional
port> machine:   GL_EXT_fog_coord                     present  optional
port> machine:   GL_EXT_texture_compression_s3tc      present  optional
port> machine:   GL_ARB_depth_texture                 MISSING  optional
port> machine:   GL_ATI_text_fragment_shader          present  not used
port> machine: verdict ok
port> machine:   - every probe within the G4's envelope
port> machine: tier: the reference class (dual 1 GHz G4, 64 MB Radeon 9000 or better), whose promise is 30 fps everywhere: 75 of 82 screens there today (0.9.16, docs/fps-scoreboard.md)
port> machine: applying --resident 256 (1536 MB of RAM; 0 under 768 MB, 128 at 1 GB, 256 at 1.5 GB+, 584 MB kept for the OS and the game)
port> machine: the roulette prefetch is on (every machine; --noprefetch)
port> machine: coroutine stacks x2 over the game's sizes (the default since M31; --stackmul N)
port> DVD: disc image /Users/zach/MarioParty4/mp4.nkit.iso, 357 files in the FST
port> GL: ATI Radeon 9000 OpenGL Engine / 1.3 ATI-1.5.28, 6 texture units
port> GL feature set used: combine3 1, crossbar 1, s3tc 1, blend_subtract 1, depth_texture 0, text_fragment_shader 1, 6 units
---- vprog probe ----
GL_ARB_vertex_program                     present
MAX_PROGRAM_INSTRUCTIONS            262144
MAX_PROGRAM_NATIVE_INSTRUCTIONS        128
MAX_PROGRAM_PARAMETERS                1024
MAX_PROGRAM_NATIVE_PARAMETERS          192
MAX_PROGRAM_TEMPORARIES              65535
MAX_PROGRAM_NATIVE_TEMPORARIES          12
MAX_PROGRAM_ATTRIBS                     32
MAX_PROGRAM_NATIVE_ATTRIBS              16
MAX_PROGRAM_ADDRESS_REGISTERS            2
MAX_PROGRAM_ENV_PARAMETERS             256
MAX_PROGRAM_LOCAL_PARAMETERS          1024
GL_EXT_gpu_program_parameters       present (one call per palette upload)
trivial program            loaded, 6 instructions (6 native), under native limits: YES
palette program (ARL)      loaded, 10 instructions (15 native), under native limits: YES
matrix palette             18 slots of 6 params from env[82]
---- end vprog probe ----
port> cpu: 2 cores (hw.ncpu); workers ON
port> loader: prefetch on (a thread); resident set 256 MB: 73 of the list's 73 files fit (103.1 of 103.1 MB), filling on the thread
port> vertex ring: 8192 KB in 4 chunks (+8192 KB static-geometry cache), vertex_array_range on, multi_draw_arrays yes
port> render thread: on, overlapped (the join at the gate) (--renderthread 3); stream 16384 KB
port> render thread: the display-list decode split per drawn frame between the two threads (auto, M33) (--rtdecode 3)
port> options: Mario Party 4 PowerPC Edition 0.9.16 (M47), the effective options
port> options: machine       ok: PowerMac3,5, 2 x 1000 MHz 7450 (G4), 1536 MB RAM, ATI Radeon 9000 OpenGL Engine, 64 MB VRAM, 6 units, OS 10.5.4
port> options: disc image    /Users/zach/MarioParty4/mp4.nkit.iso
port> options: data folder   /Users/zach/Library/Application Support/MarioParty4  (card image, config, log)
port> options: log           (stdout only)
port> options: fullscreen    0  (--noconfig: not remembered)
port> options: cores         2; workers on (--threads -1); render thread mode 3 (--renderthread -1: 0 direct, 1 inline twin, 2 joined, 3 overlapped); decode on it 3 (--rtdecode; 3 = auto)
port> options: pacing        realtime (deterministic clock); stack multiplier x2; texture budget 40 MB; resampler linear, depop on
port> options: loading       roulette prefetch on (--noprefetch); resident set 256 MB (--resident MB; the machine check's rule by the installed RAM)
port> options: every field of PortOptions (0/NULL = off or unset):
port> options:   image=/Users/zach/MarioParty4/mp4.nkit.iso  log=NULL  gxlog=0  deterministic=1  
port> options:   stub_trace=0  max_frames=20000  turbo=0  watchdog=0  verbose=0  reldir=NULL  gxdemo=0  
port> options:   reltest=0  memmap=0  guardtest=NULL  relzerobss=0  nodatareset=0  noaudio=0  glcheck=0  
port> options:   glinfo=0  seed=3838914000000000  perf=1  gxsplit=0  drawlog=0  dumptex=0  texhash_full=0  
port> options:   gxwarn=0  headless=0  dumpframe=NULL  shotdir=/Users/zach/m48/A-m409-@cd5-3  scale=0  
port> options:   drawlog_frame=0  nocard=0  reldlclose=0  nopad=0  pad_debug=0  kbport=0  
port> options:   pad_play=board-start-com4.play  pad_record=NULL  scenelog=NULL  ovllog=1  nanwatch=0  
port> options:   wav=NULL  mute=0  audiolog=0  rtc=1041472800  rtc_set=1  rtc_seen=1  rtc_offset=0  
port> options:   card=NULL  freshcard=1  minigame=m409  com4=1  cast=NULL  dvdheap=0  turns=1  status=1  
port> options:   stuckwatch=0  soak=0  depop=1  resample4=0  clickstat=0  dlcache=0  vcache=3  
port> options:   vcache_mb=8  vcache_fit=28  vcache_vbo=0  cardwait=0  synclog=0  noaicb=0  olddecode=0  
port> options:   perfwin=NULL  nodraw=1  ffto=14000  ffto_warm=1  snap_every=0  snap_keep=3  
port> options:   snap_dir=NULL  restore=NULL  snap_now=0  snapdiff=0  vprobe=0  cpuxf=0  vprogstats=0  
port> options:   vproglog=0  oldtev=0  tevstats=0  oldnulltev=0  tlutlog=0  oldsubmit=0  novar=0  
port> options:   batchmax=0  segrebase=0  gltrace=0  endlog=NULL  nomerge=0  nomultidraw=0  noindexed=1  
port> options:   nohilite=0  noenvbulk=0  nofixbase=0  submitstats=0  nohilitetex=0  nocopyhalf=0  
port> options:   copylog=0  noefbflip=0  oldfirsthash=0  norekey=0  dumpcopy=0  notint=0  tintlog=0  
port> options:   texdecodelog=0  threads=-1  nomixthread=0  renderthread=-1  rtsplit=0  rtgate_ms=4  
port> options:   stackmul=2  rtdecode=-1  rtauto_fit_ms=30  rtauto_max=0.75  fake_machine=NULL  
port> options:   machinecheck=0  force=0  mgdump=NULL  mgend=1800  viewtexgen=0  nrmfrac0=0  vtxdivide=0  
port> options:   mghold=0  fullscreen=0  fullscreen_set=0  noconfig=1  print_defaults=0  print_keys=0  
port> options:   texbudget_set=0  predecode=0  predecodelog=0  regfix2dbg=0  lazyflush=0  premerge_max=0  
port> options:   cmpmask=8191  oldkonst=0  tfs=0  tfsprobe=0  tfslog=0  tfsdbg=0  tfsnorebind=0  
port> options:   tfscopycpu=0  tfssqcopy=0  tfsmtx=0  tfsforcebind=0  tfsenvreset=0  tfsdump=0  tfsall=0  
port> options:   oldspec0=0  nolitalpha=0  oldczero=0  clrasclr=0  nohoistmtx=0  nofastconcat=0  
port> options:   nostripes=0  nounitmemo=0  norotmemo=0  nopacklights=0  nofastsin=0  nomtxmemo=0  
port> options:   norotl=0  nowb=0  notexskip=0  nostripepool=0  giveitem=NULL  waterlook=1  pondlook=0  
port> options:   pondmix=0  wavegain=0  rgbcopy=0  novcposoff=1  nowaterpt=0  affinetex=0  halfwatch=0  
port> options:   presentdump=NULL  motlog=0  nolights=0  nopendlast=0  noskindecode=1  skinverify=0  
port> options:   oldvcskin=1  fullskinsig=0  noskindcbz=0  skinfree=0  oldwake=0  skinround=0  skinvec=0  
port> options:   dcbtdist=1  keytest=NULL  oldscissor=0  readbacktest=0  nodcbz=0  novpgen=0  
port> options:   notevdirty=0  noattrmemo=0  nowordhash=0  water=-1  watergrid=1  norastermemo=0  
port> options:   novcpos=0  wbpart=1  oldvtxjoin=0  rtgx=0  rtgx_fit=29  nocompiled=0  compiled_mb=8  
port> options:   glists=0  glists_mb=8  pmc=0  nomotionexec=0  nodirtyfilter=0  nodirty=0  oldakonst=0  
port> options:   mdposonly=0  mdmax=0  nospot=0  oldfog=0  noregchain=0  nocarry=0  forceobj=NULL  
port> options:   forceobj_flags=0  skipobj=NULL  zprepass=1  probeverts=0  skipverts=0  probeobj=NULL  
port> options:   nolinewidth=0  noregfix=0  realtime=1  lockstep=0  maxskip=0  
port> options:   perfdump=/Users/zach/m48/A-m409-@cd5-3.csv  mpgl=0  olddecode2=0  altivec=0  nodcbt=0  
port> options:   olddecode3=0  decodestats=0  audiolead_set=0  audiolead=100  cpuskin=0  palette=0  
port> options:   nopalette=0  skinstats=0  palsize=0  palnoarl=0  palnofog=0  noskinlifetime=0  
port> options:   restore_lax=0  skindeferall=0  mixtrace=NULL  mixcheck=0  nosincos=0  snapsync=0  
port> options:   nomatwalk=0  nocurvememo=1  nosparsemtx=0  nofastsqrt=1  nodraw_user=0  noprefetch=0  
port> options:   resident=256  dvdlog=0  nomovies=1  thpyuv=0  gotoovl=NULL  board=0  boardcycle=0  
port> options:   boarddump=NULL  foldxbar=0  foldcap=0  thplog=0  nothpslice=0  thpguard_set=0  
port> options:   thpguard=60  
port> audio: 32000 Hz, 2 ch, 512-frame buffer, 256 KB ring (2048 ms)
port> --minigame m409: parking the roulette on m409dll (mg 409, type 0)
port> --com4: all four players are CPU; instDll will dismiss its own instruction screen (src/REL/instDll/main.c:294)
port> --nodraw: the GX command streams are consumed and nothing is drawn
port> --ffto 14000: drawing is off until frame 14000 (warm-up 1)
port> frame mode: --realtime (retrace at 60 Hz on the wall clock, present at most every 2nd retrace, at least every 6th; --lockstep for the old gate)
port> audio: 100 ms of lead queued ahead of the mix (--audiolead)
port> entering the game's own main()

port> OSInit: MEM1 24 MB [0x3970000, 0x5170000), ARAM 16 MB, bus 162 MHz
port> OSInit: RTC pinned to 1041472800 (2003-01-02T02:00:00Z), OSGetTime origin 3838914000000000 ticks
port> DVDInit
port> VIInit
port> controls: a scripted run (--play/--record/--soak/--noconfig/--com4/--nopad): PowerPCube's controls file and gamecontrollerdb.txt are not read
port> PADInit: controller 1 = keyboard
port> PADInit: rumble not available on controller 1
port> PADInit: controllers 2-4 unplugged (reference config: CPU players)
port> pad: --play: board-start-com4.play -> /Users/zach/mp4-cd5.app/Contents/Resources/movies/board-start-com4.play
port> pad: --play board-start-com4.play: 460 directives, 0 marks
port> OSCreateHeap 0: 0x3a9c000..0x5170000 (23375 KB)
port> VIConfigure: 640x480 xfb, 640x480 efb, tv mode 0
port> GXInit: FIFO 0x3a9c00c, 1048576 bytes (the port keeps no FIFO; the write-gather writers are ordinary calls under TARGET_PC)
port> frame 1: overlay 0 (next 0) event 0
port> loader: list sound/mpgcsnd.msm 36823392 bytes in 380 ms, resident (asked at frame 0, done at 1)
port> roulette: frame 1 dealt mg 401 (m401dll, type 0)  -- overridden by --minigame
port> OSCreateThread 0x259448 func 0x42028 (the soft-reset watcher; polled once per retrace, not run on a thread)
HuMem> left memory space 2383KB(2441120)
port> ARInit: 16 MB of ARAM
port> MusyX SAL: 32000 Hz, 4 x 640-byte AI buffers (20 ms), 32-sample sub-frame
port> musyx_mix: CPU mixer up, 50 voices, 1 studios, 32000 Hz
port> MusyX SAL: mixing started
port> musyx_aram: region [0x000000, 0x800000) zero_buf [0x000000, 0x000500) sample heap starts at 0x000500
port> AI: DMA callback registered (one call per 160-sample DSP frame)
port> CARD: --freshcard with no --card: using the scratch image /Users/zach/Library/Application Support/MarioParty4/scratch-slot-a.raw
            rather than formatting the save file next to it
port> CARD: slot A = /Users/zach/Library/Application Support/MarioParty4/scratch-slot-a.raw (--freshcard: formatted, 59 free blocks)
port> workers: the game thread's FPSCR control bits are 0x00 at job 0 (NI 0, RN 0)
DLL DBG OUT
objman>Call New Ovl 1(1)
port> frame 2: overlay -1 (next 1) event 0
++++++++++++++++++++ Start New OVL 1 (EVT:0 STAT:0x00000000) ++++++++++++++++++
======== HuMem heap dump 03b9c018 ========
MCB-----+Size----+MG+FL+Prev----+Next----+UNum----+Body----+Call----
03b9c018 0000a020 a5 01 03baa1f8 03ba6038 ffffff00 03b9c038 000087e0
03ba6038 000041c0 a5 01 03b9c018 03baa1f8 ffffff00 03ba6058 0003c474
03baa1f8 00231e20 cd 00 03ba6038 03b9c018 00000000 03baa218 0003c474
MCB:3(2/1) MEM:00240000(0000e1e0/00231e20)
======== HuMem heap dump 03b9c018 end =====
======== HuMem heap dump 03f1c030 ========
MCB-----+Size----+MG+FL+Prev----+Next----+UNum----+Body----+Call----
03f1c030 00a80000 cd 00 03f1c030 03f1c030 ffffff00 03f1c050 cdcdcdcd
MCB:1(0/1) MEM:00a80000(00000000/00a80000)
======== HuMem heap dump 03f1c030 end =====
======== HuMem heap dump 0499c03c ========
MCB-----+Size----+MG+FL+Prev----+Next----+UNum----+Body----+Call----
0499c03c 00580000 cd 00 0499c03c 0499c03c ffffff00 0499c05c cdcdcdcd
MCB:1(0/1) MEM:00580000(00000000/00580000)
======== HuMem heap dump 0499c03c end =====
objman>Used Memory Size:0000e1e0
objman>Used Memory Cnt:2
objman>Init esp
objman>Call objectsetup
DLLStart 1 0
Search:dll/bootdll.rel
objdll>Link DLL:dll/bootdll.rel
Rest Memory 580000
port> REL bundles: 99 in /Users/zach/mp4-cd5.app/Contents/MacOS/rels
===== DLL Module Info dump ====
                   ID:0x00000001
             LinkPrev:0x00000000
             LinkNext:0x00000000
          Section num:14
Section info tbl ofst:0x00000048
           nameOffset:0x00000000
             nameSize:47
              version:0x00000002
===============================
==== DLL Module Header dump ====
          bss Size:0x0000005c
        rel Offset:0x00005c9d
        imp Offset:0x00007a4d
    prolog Section:1
    epilog Section:1
unresolved Section:0
       prolog func:0x00000000
       epilog func:0x00000054
   unresolved func:0x00000000
================================
objdll>LinkOK 03baa578 30100000
objdll> dll/bootdll.rel prolog start
******* Boot ObjectSetup *********
objman>InitObjMan start
objman>InitObjMan end
objdll> dll/bootdll.rel prolog end
objman>ObjectSetup end
port> frame 3: overlay 1 (next -1) event 0
DLL DBG OUT
Rest Memory 57d540
ARAM Trans 808000
Rest Memory 55d020
ARAM Trans 80aaa0
Rest Memory 506400
ARAM Trans 82da60
Rest Memory 564f40
ARAM Trans 8a7640
Rest Memory 5395a0
data num 74000b
port> dvdheap: 3733270 bytes mode 1 num 10000000  caller 0x10ec4  caller2 0xea68
Rest Memory 1f08c0
port> stall: frame 35 took 185 ms (game 185 gx 0 present 0 aud 0) tex: 0 decoded (0 KB -> 0 KB) dec 0 up 0 hash 0 ms, 0 re-keyed; staged 0 (0 ms saved) claimed 0 unstaged 0; frees 9, dll 0 ms
port> status f60      bootdll      board 0 turn 0/1  mg 409 (m409dll)  coins/stars 0/0c 0/0c 0/0c 0/0c  aud 0.01 ms  0.0 fps
port> status f120     bootdll      board 0 turn 0/1  mg 409 (m409dll)  coins/stars 0/0c 0/0c 0/0c 0/0c  aud 0.01 ms  1672.7 fps
port> status f180     bootdll      board 0 turn 0/1  mg 409 (m409dll)  coins/stars 0/0c 0/0c 0/0c 0/0c  aud 0.01 ms  1873.4 fps
port> status f240     bootdll      board 0 turn 0/1  mg 409 (m409dll)  coins/stars 0/0c 0/0c 0/0c 0/0c  aud 0.01 ms  3222.8 fps
port> status f300     bootdll      board 0 turn 0/1  mg 409 (m409dll)  coins/stars 0/0c 0/0c 0/0c 0/0c  aud 0.01 ms  1598.1 fps
port> status f360     bootdll      board 0 turn 0/1  mg 409 (m409dll)  coins/stars 0/0c 0/0c 0/0c 0/0c  aud 0.01 ms  1024.9 fps
port> status f420     bootdll      board 0 turn 0/1  mg 409 (m409dll)  coins/stars 0/0c 0/0c 0/0c 0/0c  aud 0.01 ms  3737.3 fps
port> status f480     bootdll      board 0 turn 0/1  mg 409 (m409dll)  coins/stars 0/0c 0/0c 0/0c 0/0c  aud 0.01 ms  3374.3 fps
port> status f540     bootdll      board 0 turn 0/1  mg 409 (m409dll)  coins/stars 0/0c 0/0c 0/0c 0/0c  aud 0.01 ms  3780.0 fps
0
GroupSet 0
***********GroupSet Error 0
port> status f600     bootdll      board 0 turn 0/1  mg 409 (m409dll)  coins/stars 0/0c 0/0c 0/0c 0/0c  aud 0.01 ms  2388.1 fps
port> THP: movie/opmov_a00.thp skipped (--nomovies)
port> HuSprBegin: group 3 slot 0 names sprite 7, which is not a live sprite (data 0x0, attr 0010, data NULL) -- dropped [1/32]
port> HuSprBegin: audit: group 4 slot 0 sprite 8 bg 0x42764d0 fails counts -- drawn anyway [1/32]
port> HuSprBegin: audit: group 4 slot 0 sprite 8 bg 0x42764d0 fails counts -- drawn anyway [2/32]
port> HuSprBegin: audit: group 4 slot 0 sprite 8 bg 0x42764d0 fails counts -- drawn anyway [3/32]
port> HuSprBegin: audit: group 4 slot 0 sprite 8 bg 0x42764d0 fails counts -- drawn anyway [4/32]
port> HuSprBegin: audit: group 4 slot 0 sprite 8 bg 0x42764d0 fails counts -- drawn anyway [5/32]
port> HuSprBegin: audit: group 4 slot 0 sprite 8 bg 0x42764d0 fails counts -- drawn anyway [6/32]
port> HuSprBegin: audit: group 4 slot 0 sprite 8 bg 0x42764d0 fails counts -- drawn anyway [7/32]
port> HuSprBegin: audit: group 4 slot 0 sprite 8 bg 0x42764d0 fails counts -- drawn anyway [8/32]
port> HuSprBegin: audit: group 4 slot 0 sprite 8 bg 0x42764d0 fails counts -- drawn anyway [9/32]
port> HuSprBegin: audit: group 4 slot 0 sprite 8 bg 0x42764d0 fails counts -- drawn anyway [10/32]
port> HuSprBegin: audit: group 4 slot 0 sprite 8 bg 0x42764d0 fails counts -- drawn anyway [11/32]
port> HuSprBegin: audit: group 4 slot 0 sprite 8 bg 0x42764d0 fails counts -- drawn anyway [12/32]
port> HuSprBegin: audit: group 4 slot 0 sprite 8 bg 0x42764d0 fails counts -- drawn anyway [13/32]
port> HuSprBegin: audit: group 4 slot 0 sprite 8 bg 0x42764d0 fails counts -- drawn anyway [14/32]
port> HuSprBegin: audit: group 4 slot 0 sprite 8 bg 0x42764d0 fails counts -- drawn anyway [15/32]
port> HuSprBegin: audit: group 4 slot 0 sprite 8 bg 0x42764d0 fails counts -- drawn anyway [16/32]
port> HuSprBegin: audit: group 4 slot 0 sprite 8 bg 0x42764d0 fails counts -- drawn anyway [17/32]
port> HuSprBegin: audit: group 4 slot 0 sprite 8 bg 0x42764d0 fails counts -- drawn anyway [18/32]
port> HuSprBegin: audit: group 4 slot 0 sprite 8 bg 0x42764d0 fails counts -- drawn anyway [19/32]
port> HuSprBegin: audit: group 4 slot 0 sprite 8 bg 0x42764d0 fails counts -- drawn anyway [20/32]
port> HuSprBegin: audit: group 4 slot 0 sprite 8 bg 0x42764d0 fails counts -- drawn anyway [21/32]
port> HuSprBegin: audit: group 4 slot 0 sprite 8 bg 0x42764d0 fails counts -- drawn anyway [22/32]
port> HuSprBegin: audit: group 4 slot 0 sprite 8 bg 0x42764d0 fails counts -- drawn anyway [23/32]
port> HuSprBegin: audit: group 4 slot 0 sprite 8 bg 0x42764d0 fails counts -- drawn anyway [24/32]
port> HuSprBegin: audit: group 4 slot 0 sprite 8 bg 0x42764d0 fails counts -- drawn anyway [25/32]
port> HuSprBegin: audit: group 4 slot 0 sprite 8 bg 0x42764d0 fails counts -- drawn anyway [26/32]
port> HuSprBegin: audit: group 4 slot 0 sprite 8 bg 0x42764d0 fails counts -- drawn anyway [27/32]
port> HuSprBegin: audit: group 4 slot 0 sprite 8 bg 0x42764d0 fails counts -- drawn anyway [28/32]
port> HuSprBegin: audit: group 4 slot 0 sprite 8 bg 0x42764d0 fails counts -- drawn anyway [29/32]
port> HuSprBegin: audit: group 4 slot 0 sprite 8 bg 0x42764d0 fails counts -- drawn anyway [30/32]
port> HuSprBegin: audit: group 4 slot 0 sprite 8 bg 0x42764d0 fails counts -- drawn anyway [31/32]
port> HuSprBegin: audit: group 4 slot 0 sprite 8 bg 0x42764d0 fails counts -- drawn anyway [32/32]
port> status f660     bootdll      board 0 turn 0/1  mg 409 (m409dll)  coins/stars 0/0c 0/0c 0/0c 0/0c  aud 0.01 ms  2518.3 fps
port> status f720     bootdll      board 0 turn 0/1  mg 409 (m409dll)  coins/stars 0/0c 0/0c 0/0c 0/0c  aud 0.01 ms  3652.4 fps
>>>>>>>>MSM_SE_SEL_01 0
>>>>>>>>SE Num 0
port> audio: first non-silent sample at retrace 726 (12.03 s of mixed audio)
port> status f780     bootdll      board 0 turn 0/1  mg 409 (m409dll)  coins/stars 0/0c 0/0c 0/0c 0/0c  aud 0.04 ms  989.2 fps
port> status f840     bootdll      board 0 turn 0/1  mg 409 (m409dll)  coins/stars 0/0c 0/0c 0/0c 0/0c  aud 0.04 ms  1051.8 fps
objman>Call New Ovl 74(1)
OvlKill 1
objdll>omDLLNumEnd 1 1
Search:dll/bootdll.rel
+++++++++++ Find0: dll/bootdll.rel
objdll>omDLLEnd 0 1
objdll>End DLL:dll/bootdll.rel
odjdll>Unlink DLL:dll/bootdll.rel
objdll>Unlink DLL epilog
objdll>Unlink DLL epilog finish
objdll>End DLL finish
port> frame 877: overlay -1 (next 74) event 0
objman>Destory ObjMan
++++++++++++++++++++ Start New OVL 74 (EVT:0 STAT:0x00000000) ++++++++++++++++++
======== HuMem heap dump 03b9c018 ========
MCB-----+Size----+MG+FL+Prev----+Next----+UNum----+Body----+Call----
03b9c018 0000a020 a5 01 03bc21d8 03ba6038 ffffff00 03b9c038 000087e0
03ba6038 000041c0 a5 01 03b9c018 03baa1f8 ffffff00 03ba6058 0003c474
03baa1f8 00017640 cd 00 03ba6038 03bc1838 ffffff00 03baa218 0003cda8
03bc1838 00000100 a5 01 03baa1f8 03bc1938 ffffff00 03bc1858 000374f8
03bc1938 00000400 a5 01 03bc1838 03bc1d38 ffffff00 03bc1958 00037548
03bc1d38 00000400 a5 01 03bc1938 03bc2138 ffffff00 03bc1d58 00037594
03bc2138 00000060 a5 01 03bc1d38 03bc2198 ffffff00 03bc2158 000375e0
03bc2198 00000040 a5 01 03bc2138 03bc21d8 ffffff00 03bc21b8 0003762c
03bc21d8 00219e40 cd 00 03bc2198 03b9c018 ffffff00 03bc21f8 0003cda8
MCB:9(7/2) MEM:00240000(0000eb80/00231480)
======== HuMem heap dump 03b9c018 end =====
======== HuMem heap dump 03f1c030 ========
MCB-----+Size----+MG+FL+Prev----+Next----+UNum----+Body----+Call----
03f1c030 00a80000 cd 00 03f1c030 03f1c030 ffffff00 03f1c050 0003ff80
MCB:1(0/1) MEM:00a80000(00000000/00a80000)
======== HuMem heap dump 03f1c030 end =====
======== HuMem heap dump 0499c03c ========
MCB-----+Size----+MG+FL+Prev----+Next----+UNum----+Body----+Call----
0499c03c 00580000 cd 00 0499c03c 0499c03c 10000000 0499c05c 0000fe30
MCB:1(0/1) MEM:00580000(00000000/00580000)
======== HuMem heap dump 0499c03c end =====
objman>Used Memory Size:0000eb80
objman>Used Memory Cnt:7
objman>Init esp
objman>Call objectsetup
############CharGrpSet
Del Group OK
SOUND ##########################
500
Timed Out! Mus 0:SE 1
GroupSet 0
***********GroupSet Error 0
Change AUX 0,1
##########################
DLLStart 74 0
Search:dll/modeseldll.rel
objdll>Link DLL:dll/modeseldll.rel
Rest Memory 580000
===== DLL Module Info dump ====
                   ID:0x00000001
             LinkPrev:0x00000000
             LinkNext:0x00000000
          Section num:15
Section info tbl ofst:0x00000048
           nameOffset:0x00000000
             nameSize:53
              version:0x00000002
===============================
==== DLL Module Header dump ====
          bss Size:0x000001ca
        rel Offset:0x0000d154
        imp Offset:0x0001664c
    prolog Section:1
    epilog Section:1
unresolved Section:0
       prolog func:0x00000000
       epilog func:0x00000054
   unresolved func:0x00000000
================================
objdll>LinkOK 03baa578 34700000
objdll> dll/modeseldll.rel prolog start
******* MS ObjectSetup *********
objman>InitObjMan start
objman>InitObjMan end
Rest Memory 5395a0
objdll> dll/modeseldll.rel prolog end
objman>ObjectSetup end
port> frame 879: overlay 74 (next -1) event 0
DLL DBG OUT
data num 630000
port> dvdheap: 1303268 bytes mode 1 num 10000000  caller 0x10ec4  caller2 0xea68
Rest Memory 441ce0
port> status f900     modeseldll   board 0 turn 0/1  mg 409 (m409dll)  coins/stars 0/0c 0/0c 0/0c 0/0c  aud 0.09 ms  419.6 fps
port> status f960     modeseldll   board 0 turn 0/1  mg 409 (m409dll)  coins/stars 0/0c 0/0c 0/0c 0/0c  aud 0.13 ms  940.7 fps
port> status f1020    modeseldll   board 0 turn 0/1  mg 409 (m409dll)  coins/stars 0/0c 0/0c 0/0c 0/0c  aud 0.18 ms  712.2 fps
port> status f1080    modeseldll   board 0 turn 0/1  mg 409 (m409dll)  coins/stars 0/0c 0/0c 0/0c 0/0c  aud 0.20 ms  670.5 fps
port> status f1140    modeseldll   board 0 turn 0/1  mg 409 (m409dll)  coins/stars 0/0c 0/0c 0/0c 0/0c  aud 0.21 ms  629.0 fps
port> status f1200    modeseldll   board 0 turn 0/1  mg 409 (m409dll)  coins/stars 0/0c 0/0c 0/0c 0/0c  aud 0.22 ms  620.1 fps
Init
port> status f1260    modeseldll   board 0 turn 0/1  mg 409 (m409dll)  coins/stars 0/0c 0/0c 0/0c 0/0c  aud 0.19 ms  633.3 fps
ARAM data num 86001f
port> status f1320    modeseldll   board 0 turn 0/1  mg 409 (m409dll)  coins/stars 0/0c 0/0c 0/0c 0/0c  aud 0.31 ms  454.5 fps
port> CARD: created "MARIPA4BOX0", 16384 bytes (2 blocks)
port> status f1380    modeseldll   board 0 turn 0/1  mg 409 (m409dll)  coins/stars 0/0c 0/0c 0/0c 0/0c  aud 0.24 ms  500.8 fps
port> CARD: image flush took 53 ms behind the game (open 15, write 9, rename 30; frame 1362)
port> THP: movie/opmov_s00.thp skipped (--nomovies)
port> HuSprBegin: group 1 slot 0 names sprite 12, which is not a live sprite (data 0x0, attr 0010, data NULL) -- dropped [2/32]
port> status f1440    modeseldll   board 0 turn 0/1  mg 409 (m409dll)  coins/stars 0/0c 0/0c 0/0c 0/0c  aud 0.19 ms  674.7 fps
port> status f1500    modeseldll   board 0 turn 0/1  mg 409 (m409dll)  coins/stars 0/0c 0/0c 0/0c 0/0c  aud 0.23 ms  582.4 fps
port> status f1560    modeseldll   board 0 turn 0/1  mg 409 (m409dll)  coins/stars 0/0c 0/0c 0/0c 0/0c  aud 0.18 ms  708.3 fps
port> status f1620    modeseldll   board 0 turn 0/1  mg 409 (m409dll)  coins/stars 0/0c 0/0c 0/0c 0/0c  aud 0.25 ms  543.7 fps
port> status f1680    modeseldll   board 0 turn 0/1  mg 409 (m409dll)  coins/stars 0/0c 0/0c 0/0c 0/0c  aud 0.22 ms  578.3 fps
port> status f1740    modeseldll   board 0 turn 0/1  mg 409 (m409dll)  coins/stars 0/0c 0/0c 0/0c 0/0c  aud 0.22 ms  543.5 fps
port> THP: movie/opmov_c00.thp skipped (--nomovies)
port> HuSprBegin: group 2 slot 0 names sprite 14, which is not a live sprite (data 0x0, attr 0010, data NULL) -- dropped [3/32]
port> status f1800    modeseldll   board 0 turn 0/1  mg 409 (m409dll)  coins/stars 0/0c 0/0c 0/0c 0/0c  aud 0.20 ms  591.9 fps
port> status f1860    modeseldll   board 0 turn 0/1  mg 409 (m409dll)  coins/stars 0/0c 0/0c 0/0c 0/0c  aud 0.01 ms  1165.4 fps
port> status f1920    modeseldll   board 0 turn 0/1  mg 409 (m409dll)  coins/stars 0/0c 0/0c 0/0c 0/0c  aud 0.01 ms  1158.8 fps
objman>Call New Ovl 70(1)
OvlKill 1
objdll>omDLLNumEnd 74 1
Search:dll/modeseldll.rel
+++++++++++ Find0: dll/modeseldll.rel
objdll>omDLLEnd 0 1
objdll>End DLL:dll/modeseldll.rel
odjdll>Unlink DLL:dll/modeseldll.rel
objdll>Unlink DLL epilog
objdll>Unlink DLL epilog finish
objdll>End DLL finish
port> frame 1960: overlay -1 (next 70) event 0
objman>Destory ObjMan
++++++++++++++++++++ Start New OVL 70 (EVT:0 STAT:0x00000000) ++++++++++++++++++
======== HuMem heap dump 03b9c018 ========
MCB-----+Size----+MG+FL+Prev----+Next----+UNum----+Body----+Call----
03b9c018 0000a020 a5 01 03bc21d8 03ba6038 ffffff00 03b9c038 000087e0
03ba6038 000041c0 a5 01 03b9c018 03baa1f8 ffffff00 03ba6058 0003c474
03baa1f8 00017640 cd 00 03ba6038 03bc1838 ffffff00 03baa218 000386b8
03bc1838 00000100 a5 01 03baa1f8 03bc1938 ffffff00 03bc1858 000374f8
03bc1938 00000400 a5 01 03bc1838 03bc1d38 ffffff00 03bc1958 00037548
03bc1d38 00000400 a5 01 03bc1938 03bc2138 ffffff00 03bc1d58 00037594
03bc2138 00000060 a5 01 03bc1d38 03bc2198 ffffff00 03bc2158 000375e0
03bc2198 00000040 a5 01 03bc2138 03bc21d8 ffffff00 03bc21b8 0003762c
03bc21d8 00219e40 cd 00 03bc2198 03b9c018 ffffff00 03bc21f8 0003cda8
MCB:9(7/2) MEM:00240000(0000eb80/00231480)
======== HuMem heap dump 03b9c018 end =====
======== HuMem heap dump 03f1c030 ========
MCB-----+Size----+MG+FL+Prev----+Next----+UNum----+Body----+Call----
03f1c030 00a80000 cd 00 03f1c030 03f1c030 ffffff00 03f1c050 00039164
MCB:1(0/1) MEM:00a80000(00000000/00a80000)
======== HuMem heap dump 03f1c030 end =====
======== HuMem heap dump 0499c03c ========
MCB-----+Size----+MG+FL+Prev----+Next----+UNum----+Body----+Call----
0499c03c 00580000 cd 00 0499c03c 0499c03c 10000000 0499c05c 0000fe30
MCB:1(0/1) MEM:00580000(00000000/00580000)
======== HuMem heap dump 0499c03c end =====
objman>Used Memory Size:0000eb80
objman>Used Memory Cnt:7
objman>Init esp
objman>Call objectsetup
DLLStart 70 0
Search:dll/mentdll.rel
objdll>Link DLL:dll/mentdll.rel
Rest Memory 580000
===== DLL Module Info dump ====
                   ID:0x00000001
             LinkPrev:0x00000000
             LinkNext:0x00000000
          Section num:15
Section info tbl ofst:0x00000048
           nameOffset:0x00000000
             nameSize:47
              version:0x00000002
===============================
==== DLL Module Header dump ====
          bss Size:0x000036c4
        rel Offset:0x000246f8
        imp Offset:0x00036a90
    prolog Section:1
    epilog Section:1
unresolved Section:0
       prolog func:0x000000a4
       epilog func:0x000000f8
   unresolved func:0x00000000
================================
objdll>LinkOK 03bc21f8 34300000
objdll> dll/mentdll.rel prolog start
objman>InitObjMan start
objman>InitObjMan end
Rest Memory 5395a0
0
GroupSet 7
***********GroupSet Error 0
objdll> dll/mentdll.rel prolog end
objman>ObjectSetup end
port> frame 1961: overlay 70 (next -1) event 0
DLL DBG OUT
data num 600008
port> dvdheap: 4008196 bytes mode 1 num 10000000  caller 0x10ec4  caller2 0xea68
Rest Memory 1ad6c0
ARAM data num 120006
port> stall: frame 1962 took 119 ms (game 119 gx 0 present 0 aud 0) tex: 0 decoded (0 KB -> 0 KB) dec 0 up 0 hash 0 ms, 0 re-keyed; staged 0 (0 ms saved) claimed 0 unstaged 0; frees 21, dll 0 ms
port> status f1980    mentdll      board 0 turn 0/1  mg 409 (m409dll)  coins/stars 0/0c 0/0c 0/0c 0/0c  aud 0.01 ms  292.1 fps
########### ME_MainProcFunc000
port> status f2040    mentdll      board 0 turn 0/1  mg 409 (m409dll)  coins/stars 0/0c 0/0c 0/0c 0/0c  aud 0.01 ms  366.1 fps
port> status f2100    mentdll      board 0 turn 0/1  mg 409 (m409dll)  coins/stars 0/0c 0/0c 0/0c 0/0c  aud 0.05 ms  371.7 fps
port> status f2160    mentdll      board 0 turn 0/1  mg 409 (m409dll)  coins/stars 0/0c 0/0c 0/0c 0/0c  aud 0.05 ms  310.2 fps
port> status f2220    mentdll      board 0 turn 0/1  mg 409 (m409dll)  coins/stars 0/0c 0/0c 0/0c 0/0c  aud 0.05 ms  283.3 fps
port> status f2280    mentdll      board 0 turn 0/1  mg 409 (m409dll)  coins/stars 0/0c 0/0c 0/0c 0/0c  aud 0.05 ms  285.3 fps
port> status f2340    mentdll      board 0 turn 0/1  mg 409 (m409dll)  coins/stars 0/0c 0/0c 0/0c 0/0c  aud 0.05 ms  321.4 fps
port> status f2400    mentdll      board 0 turn 0/1  mg 409 (m409dll)  coins/stars 0/0c 0/0c 0/0c 0/0c  aud 0.05 ms  323.4 fps
port> status f2460    mentdll      board 0 turn 0/1  mg 409 (m409dll)  coins/stars 0/0c 0/0c 0/0c 0/0c  aud 0.12 ms  300.3 fps
port> status f2520    mentdll      board 0 turn 0/1  mg 409 (m409dll)  coins/stars 0/0c 0/0c 0/0c 0/0c  aud 0.36 ms  259.0 fps
port> status f2580    mentdll      board 0 turn 0/1  mg 409 (m409dll)  coins/stars 0/0c 0/0c 0/0c 0/0c  aud 0.27 ms  286.6 fps
port> status f2640    mentdll      board 0 turn 0/1  mg 409 (m409dll)  coins/stars 0/0c 0/0c 0/0c 0/0c  aud 0.36 ms  270.6 fps
port> status f2700    mentdll      board 0 turn 0/1  mg 409 (m409dll)  coins/stars 0/0c 0/0c 0/0c 0/0c  aud 0.14 ms  326.7 fps
port> status f2760    mentdll      board 0 turn 0/1  mg 409 (m409dll)  coins/stars 0/0c 0/0c 0/0c 0/0c  aud 0.29 ms  278.5 fps
port> status f2820    mentdll      board 0 turn 0/1  mg 409 (m409dll)  coins/stars 0/0c 0/0c 0/0c 0/0c  aud 0.16 ms  270.0 fps
port> status f2880    mentdll      board 0 turn 0/1  mg 409 (m409dll)  coins/stars 0/0c 0/0c 0/0c 0/0c  aud 0.20 ms  287.3 fps
port> status f2940    mentdll      board 0 turn 0/1  mg 409 (m409dll)  coins/stars 0/0c 0/0c 0/0c 0/0c  aud 0.17 ms  300.1 fps
port> status f3000    mentdll      board 0 turn 0/1  mg 409 (m409dll)  coins/stars 0/0c 0/0c 0/0c 0/0c  aud 0.30 ms  286.0 fps
port> status f3060    mentdll      board 0 turn 0/1  mg 409 (m409dll)  coins/stars 0/0c 0/0c 0/0c 0/0c  aud 0.32 ms  259.8 fps
port> status f3120    mentdll      board 0 turn 0/1  mg 409 (m409dll)  coins/stars 0/0c 0/0c 0/0c 0/0c  aud 0.25 ms  282.4 fps
port> status f3180    mentdll      board 0 turn 0/1  mg 409 (m409dll)  coins/stars 0/0c 0/0c 0/0c 0/0c  aud 0.30 ms  256.7 fps
port> status f3240    mentdll      board 0 turn 0/1  mg 409 (m409dll)  coins/stars 0/0c 0/0c 0/0c 0/0c  aud 0.30 ms  253.7 fps
port> status f3300    mentdll      board 0 turn 0/1  mg 409 (m409dll)  coins/stars 0/0c 0/0c 0/0c 0/0c  aud 0.34 ms  243.2 fps
port> status f3360    mentdll      board 0 turn 0/1  mg 409 (m409dll)  coins/stars 0/0c 0/0c 0/0c 0/0c  aud 0.18 ms  247.7 fps
port> status f3420    mentdll      board 0 turn 0/1  mg 409 (m409dll)  coins/stars 0/0c 0/0c 0/0c 0/0c  aud 0.33 ms  257.8 fps
port> status f3480    mentdll      board 0 turn 0/1  mg 409 (m409dll)  coins/stars 0/0c 0/0c 0/0c 0/0c  aud 0.38 ms  238.7 fps
port> status f3540    mentdll      board 0 turn 0/1  mg 409 (m409dll)  coins/stars 0/0c 0/0c 0/0c 0/0c  aud 0.29 ms  262.5 fps
port> status f3600    mentdll      board 0 turn 0/1  mg 409 (m409dll)  coins/stars 0/0c 0/0c 0/0c 0/0c  aud 0.25 ms  276.5 fps
port> status f3660    mentdll      board 0 turn 0/1  mg 409 (m409dll)  coins/stars 0/0c 0/0c 0/0c 0/0c  aud 0.19 ms  303.4 fps
port> status f3720    mentdll      board 0 turn 0/1  mg 409 (m409dll)  coins/stars 0/0c 0/0c 0/0c 0/0c  aud 0.30 ms  272.6 fps
port> status f3780    mentdll      board 0 turn 0/1  mg 409 (m409dll)  coins/stars 0/0c 0/0c 0/0c 0/0c  aud 0.29 ms  250.1 fps
port> status f3840    mentdll      board 0 turn 0/1  mg 409 (m409dll)  coins/stars 0/0c 0/0c 0/0c 0/0c  aud 0.35 ms  270.0 fps
port> status f3900    mentdll      board 0 turn 0/1  mg 409 (m409dll)  coins/stars 0/0c 0/0c 0/0c 0/0c  aud 0.22 ms  282.5 fps
port> status f3960    mentdll      board 0 turn 0/1  mg 409 (m409dll)  coins/stars 0/0c 0/0c 0/0c 0/0c  aud 0.22 ms  290.0 fps
port> status f4020    mentdll      board 0 turn 0/1  mg 409 (m409dll)  coins/stars 0/0c 0/0c 0/0c 0/0c  aud 0.22 ms  286.0 fps
port> status f4080    mentdll      board 0 turn 0/1  mg 409 (m409dll)  coins/stars 0/0c 0/0c 0/0c 0/0c  aud 0.14 ms  293.0 fps
port> status f4140    mentdll      board 0 turn 0/1  mg 409 (m409dll)  coins/stars 0/0c 0/0c 0/0c 0/0c  aud 0.18 ms  290.3 fps
port> status f4200    mentdll      board 0 turn 0/1  mg 409 (m409dll)  coins/stars 0/0c 0/0c 0/0c 0/0c  aud 0.26 ms  263.0 fps
port> status f4260    mentdll      board 0 turn 0/1  mg 409 (m409dll)  coins/stars 0/0c 0/0c 0/0c 0/0c  aud 0.35 ms  252.6 fps
port> status f4320    mentdll      board 0 turn 0/1  mg 409 (m409dll)  coins/stars 0/0c 0/0c 0/0c 0/0c  aud 0.25 ms  254.6 fps
port> status f4380    mentdll      board 0 turn 0/1  mg 409 (m409dll)  coins/stars 0/0c 0/0c 0/0c 0/0c  aud 0.29 ms  243.0 fps
port> status f4440    mentdll      board 0 turn 0/1  mg 409 (m409dll)  coins/stars 0/0c 0/0c 0/0c 0/0c  aud 0.29 ms  251.2 fps
port> status f4500    mentdll      board 0 turn 0/1  mg 409 (m409dll)  coins/stars 0/0c 0/0c 0/0c 0/0c  aud 0.36 ms  237.1 fps
port> status f4560    mentdll      board 0 turn 0/1  mg 409 (m409dll)  coins/stars 0/0c 0/0c 0/0c 0/0c  aud 0.22 ms  260.0 fps
port> status f4620    mentdll      board 0 turn 0/1  mg 409 (m409dll)  coins/stars 0/0c 0/0c 0/0c 0/0c  aud 0.28 ms  270.4 fps
port> status f4680    mentdll      board 0 turn 0/1  mg 409 (m409dll)  coins/stars 0/0c 0/0c 0/0c 0/0c  aud 0.39 ms  264.3 fps
port> status f4740    mentdll      board 0 turn 1/1  mg 409 (m409dll)  coins/stars 0/0c 0/0c 0/0c 0/0c  aud 0.32 ms  280.9 fps
port> dvdheap: 1615946 bytes mode 0 num 0  caller 0xf140  caller2 0x34303aa0
Rest Memory 3f5780
port> dvdheap: 1438648 bytes mode 0 num 0  caller 0xf140  caller2 0x34303b68
Rest Memory 420c20
port> status f4800    mentdll      board 0 turn 1/1  mg 409 (m409dll)  coins/stars 0/0c 0/0c 0/0c 0/0c  aud 0.23 ms  300.1 fps
port> status f4860    mentdll      board 0 turn 1/1  mg 409 (m409dll)  coins/stars 0/0c 0/0c 0/0c 0/0c  aud 0.19 ms  331.7 fps
port> status f4920    mentdll      board 0 turn 1/1  mg 409 (m409dll)  coins/stars 0/0c 0/0c 0/0c 0/0c  aud 0.25 ms  321.7 fps
port> status f4980    mentdll      board 0 turn 1/1  mg 409 (m409dll)  coins/stars 0/0c 0/0c 0/0c 0/0c  aud 0.36 ms  306.6 fps
port> status f5040    mentdll      board 0 turn 1/1  mg 409 (m409dll)  coins/stars 0/0c 0/0c 0/0c 0/0c  aud 0.35 ms  306.3 fps
port> status f5100    mentdll      board 0 turn 1/1  mg 409 (m409dll)  coins/stars 0/0c 0/0c 0/0c 0/0c  aud 0.21 ms  343.2 fps
port> dvdheap: 1301598 bytes mode 0 num 0  caller 0x10e2c  caller2 0xee8c
Rest Memory 2e2fa0
ARAM Trans a4cf40
port> dvdheap: 1336948 bytes mode 0 num 0  caller 0x10e2c  caller2 0xee8c
Rest Memory 2da580
ARAM Trans b8aba0
port> dvdheap: 1260022 bytes mode 0 num 0  caller 0x10e2c  caller2 0xee8c
Rest Memory 2ed200
ARAM Trans cd1220
port> dvdheap: 1413496 bytes mode 0 num 0  caller 0x10e2c  caller2 0xee8c
Rest Memory 2c7a80
ARAM Trans e04c20
objman>Call New Ovl 89(1)
OvlKill 1
objdll>omDLLNumEnd 70 1
Search:dll/mentdll.rel
+++++++++++ Find0: dll/mentdll.rel
objdll>omDLLEnd 0 1
objdll>End DLL:dll/mentdll.rel
odjdll>Unlink DLL:dll/mentdll.rel
objdll>Unlink DLL epilog
objdll>Unlink DLL epilog finish
objdll>End DLL finish
port> frame 5101: overlay -1 (next 89) event 0
objman>Destory ObjMan
++++++++++++++++++++ Start New OVL 89 (EVT:0 STAT:0x00000000) ++++++++++++++++++
======== HuMem heap dump 03b9c018 ========
MCB-----+Size----+MG+FL+Prev----+Next----+UNum----+Body----+Call----
03b9c018 0000a020 a5 01 03c8f178 03ba6038 ffffff00 03b9c038 000087e0
03ba6038 000041c0 a5 01 03b9c018 03baa1f8 ffffff00 03ba6058 0003c474
03baa1f8 00016c80 cd 00 03ba6038 03bc0e78 ffffff00 03baa218 0003cda8
03bc0e78 00000260 a5 01 03baa1f8 03bc10d8 ffffff00 03bc0e98 00008ff4
03bc10d8 00000260 a5 01 03bc0e78 03bc1338 ffffff00 03bc10f8 00008ff4
03bc1338 000002c0 a5 01 03bc10d8 03bc15f8 ffffff00 03bc1358 00008ff4
03bc15f8 00000240 cd 00 03bc1338 03bc1838 10000000 03bc1618 00039144
03bc1838 00000100 a5 01 03bc15f8 03bc1938 ffffff00 03bc1858 000374f8
03bc1938 00000400 a5 01 03bc1838 03bc1d38 ffffff00 03bc1958 00037548
03bc1d38 00000400 a5 01 03bc1938 03bc2138 ffffff00 03bc1d58 00037594
03bc2138 00000060 a5 01 03bc1d38 03bc2198 ffffff00 03bc2158 000375e0
03bc2198 00000040 a5 01 03bc2138 03bc21d8 ffffff00 03bc21b8 0003762c
03bc21d8 000befc0 cd 00 03bc2198 03c81198 ffffff00 03bc21f8 0003cda8
03c81198 00002100 a5 01 03bc21d8 03c83298 ffffff00 03c811b8 00008ff4
03c83298 00000f80 a5 01 03c81198 03c84218 ffffff00 03c832b8 00008ff4
03c84218 000041c0 a5 01 03c83298 03c883d8 ffffff00 03c84238 00008ff4
03c883d8 000041c0 a5 01 03c84218 03c8c598 ffffff00 03c883f8 00008ff4
03c8c598 00002be0 a5 01 03c883d8 03c8f178 ffffff00 03c8c5b8 00008ff4
03c8f178 0014cea0 cd 00 03c8c598 03b9c018 ffffff00 03c8f198 0003cda8
MCB:19(15/4) MEM:00240000(0001d2e0/00222d20)
======== HuMem heap dump 03b9c018 end =====
======== HuMem heap dump 03f1c030 ========
MCB-----+Size----+MG+FL+Prev----+Next----+UNum----+Body----+Call----
03f1c030 00a80000 cd 00 03f1c030 03f1c030 ffffff00 03f1c050 0003ff80
MCB:1(0/1) MEM:00a80000(00000000/00a80000)
======== HuMem heap dump 03f1c030 end =====
======== HuMem heap dump 0499c03c ========
MCB-----+Size----+MG+FL+Prev----+Next----+UNum----+Body----+Call----
0499c03c 0015f3e0 a5 01 04afb41c 04afb41c ffffff00 0499c05c 00010a38
04afb41c 00420c20 cd 00 0499c03c 0499c03c ffffff00 04afb43c 0000fe30
MCB:2(1/1) MEM:00580000(0015f3e0/00420c20)
======== HuMem heap dump 0499c03c end =====
objman>Used Memory Size:0001d2e0
objman>Used Memory Cnt:15
objman>Init esp
objman>Call objectsetup
SOUND ##########################
0
GroupSet 9
***********GroupSet Error 0
##########################
DLLStart 89 0
Search:dll/w01dll.rel
objdll>Link DLL:dll/w01dll.rel
Rest Memory 420c20
===== DLL Module Info dump ====
                   ID:0x00000001
             LinkPrev:0x00000000
             LinkNext:0x00000000
          Section num:16
Section info tbl ofst:0x00000048
           nameOffset:0x00000000
             nameSize:45
              version:0x00000002
===============================
==== DLL Module Header dump ====
          bss Size:0x0000081c
        rel Offset:0x00012e34
        imp Offset:0x0001f174
    prolog Section:1
    epilog Section:1
unresolved Section:0
       prolog func:0x00000030
       epilog func:0x00000094
   unresolved func:0x00000000
================================
objdll>LinkOK 03bc21f8 35600000
objdll> dll/w01dll.rel prolog start
objman>InitObjMan start
objman>InitObjMan end
objdll> dll/w01dll.rel prolog end
objman>ObjectSetup end
port> frame 5102: overlay 89 (next -1) event 0
DLL DBG OUT
Rest Memory 37b3c0
Rest Memory 334960
data num 5e0000
Rest Memory 31dea0
ARAM data num 120006
data num 190000
Rest Memory 322ae0
data num 6c0000
Rest Memory 302e20
data num 890000
Rest Memory 31a860
ARAM data num 7001d
data num 50000
Rest Memory 136ce0
data num 90000
Rest Memory 1424a0
port> stall: frame 5104 took 344 ms (game 344 gx 0 present 0 aud 0) tex: 0 decoded (0 KB -> 0 KB) dec 0 up 0 hash 0 ms, 0 re-keyed; staged 0 (0 ms saved) claimed 0 unstaged 0; frees 113, dll 0 ms
port> loader: mg_next dealt mg 409 (m409dll) at frame 5105 -- prefetching its module and data
port> status f5160    w01dll       board 0 turn 1/1  mg 409 (m409dll)  coins/stars 0/0c 0/0c 0/0c 0/0c  aud 0.05 ms  94.4 fps
port> status f5220    w01dll       board 0 turn 1/1  mg 409 (m409dll)  coins/stars 0/0c 0/0c 0/0c 0/0c  aud 0.07 ms  247.3 fps
port> status f5280    w01dll       board 0 turn 1/1  mg 409 (m409dll)  coins/stars 0/0c 0/0c 0/0c 0/0c  aud 0.09 ms  245.9 fps
port> status f5340    w01dll       board 0 turn 1/1  mg 409 (m409dll)  coins/stars 0/0c 0/0c 0/0c 0/0c  aud 0.07 ms  249.9 fps
port> status f5400    w01dll       board 0 turn 1/1  mg 409 (m409dll)  coins/stars 0/0c 0/0c 0/0c 0/0c  aud 0.05 ms  261.9 fps
port> status f5460    w01dll       board 0 turn 1/1  mg 409 (m409dll)  coins/stars 0/0c 0/0c 0/0c 0/0c  aud 0.05 ms  262.0 fps
port> status f5520    w01dll       board 0 turn 1/1  mg 409 (m409dll)  coins/stars 0/0c 0/0c 0/0c 0/0c  aud 0.06 ms  263.8 fps
port> status f5580    w01dll       board 0 turn 1/1  mg 409 (m409dll)  coins/stars 0/0c 0/0c 0/0c 0/0c  aud 0.05 ms  279.7 fps
port> status f5640    w01dll       board 0 turn 1/1  mg 409 (m409dll)  coins/stars 0/0c 0/0c 0/0c 0/0c  aud 0.05 ms  312.0 fps
port> status f5700    w01dll       board 0 turn 1/1  mg 409 (m409dll)  coins/stars 0/0c 0/0c 0/0c 0/0c  aud 0.05 ms  337.4 fps
port> status f5760    w01dll       board 0 turn 1/1  mg 409 (m409dll)  coins/stars 0/0c 0/0c 0/0c 0/0c  aud 0.06 ms  333.7 fps
port> status f5820    w01dll       board 0 turn 1/1  mg 409 (m409dll)  coins/stars 0/0c 0/0c 0/0c 0/0c  aud 0.06 ms  350.0 fps
port> status f5880    w01dll       board 0 turn 1/1  mg 409 (m409dll)  coins/stars 0/0c 0/0c 0/0c 0/0c  aud 0.21 ms  207.8 fps
port> status f5940    w01dll       board 0 turn 1/1  mg 409 (m409dll)  coins/stars 0/0c 0/0c 0/0c 0/0c  aud 0.31 ms  205.2 fps
port> status f6000    w01dll       board 0 turn 1/1  mg 409 (m409dll)  coins/stars 0/0c 0/0c 0/0c 0/0c  aud 0.29 ms  187.7 fps
port> status f6060    w01dll       board 0 turn 1/1  mg 409 (m409dll)  coins/stars 0/0c 0/0c 0/0c 0/0c  aud 0.29 ms  196.3 fps
port> status f6120    w01dll       board 0 turn 1/1  mg 409 (m409dll)  coins/stars 0/0c 0/0c 0/0c 0/0c  aud 0.28 ms  208.7 fps
port> status f6180    w01dll       board 0 turn 1/1  mg 409 (m409dll)  coins/stars 0/0c 0/0c 0/0c 0/0c  aud 0.27 ms  205.8 fps
port> status f6240    w01dll       board 0 turn 1/1  mg 409 (m409dll)  coins/stars 0/0c 0/0c 0/0c 0/0c  aud 0.27 ms  199.8 fps
#########SE Entry Error<SE 770:ErrorNo -33>
#########SE Entry Error<SE 770:ErrorNo -33>
#########SE Entry Error<SE 770:ErrorNo -33>
port> status f6300    w01dll       board 0 turn 1/1  mg 409 (m409dll)  coins/stars 0/0c 0/0c 0/0c 0/0c  aud 0.28 ms  190.7 fps
#########SE Entry Error<SE 771:ErrorNo -33>
port> status f6360    w01dll       board 0 turn 1/1  mg 409 (m409dll)  coins/stars 0/0c 0/0c 0/0c 0/0c  aud 0.36 ms  185.8 fps
port> status f6420    w01dll       board 0 turn 1/1  mg 409 (m409dll)  coins/stars 0/0c 0/0c 0/0c 0/0c  aud 0.30 ms  182.0 fps
port> status f6480    w01dll       board 0 turn 1/1  mg 409 (m409dll)  coins/stars 0/0c 0/0c 0/0c 0/0c  aud 0.25 ms  186.5 fps
port> status f6540    w01dll       board 0 turn 1/1  mg 409 (m409dll)  coins/stars 0/0c 0/0c 0/0c 0/0c  aud 0.21 ms  209.1 fps
port> status f6600    w01dll       board 0 turn 1/1  mg 409 (m409dll)  coins/stars 0/0c 0/0c 0/0c 0/0c  aud 0.26 ms  203.2 fps
port> status f6660    w01dll       board 0 turn 1/1  mg 409 (m409dll)  coins/stars 0/0c 0/0c 0/0c 0/0c  aud 0.31 ms  198.6 fps
port> status f6720    w01dll       board 0 turn 1/1  mg 409 (m409dll)  coins/stars 0/0c 0/0c 0/0c 0/0c  aud 0.29 ms  201.0 fps
port> status f6780    w01dll       board 0 turn 1/1  mg 409 (m409dll)  coins/stars 0/0c 0/0c 0/0c 0/0c  aud 0.27 ms  193.4 fps
port> status f6840    w01dll       board 0 turn 1/1  mg 409 (m409dll)  coins/stars 0/0c 0/0c 0/0c 0/0c  aud 0.30 ms  192.4 fps
port> status f6900    w01dll       board 0 turn 1/1  mg 409 (m409dll)  coins/stars 0/0c 0/0c 0/0c 0/0c  aud 0.33 ms  198.3 fps
port> status f6960    w01dll       board 0 turn 1/1  mg 409 (m409dll)  coins/stars 0/0c 0/0c 0/0c 0/0c  aud 0.27 ms  198.6 fps
port> status f7020    w01dll       board 0 turn 1/1  mg 409 (m409dll)  coins/stars 0/0c 0/0c 0/0c 0/0c  aud 0.28 ms  188.4 fps
port> status f7080    w01dll       board 0 turn 1/1  mg 409 (m409dll)  coins/stars 0/0c 0/0c 0/0c 0/0c  aud 0.31 ms  189.6 fps
port> status f7140    w01dll       board 0 turn 1/1  mg 409 (m409dll)  coins/stars 0/0c 0/0c 0/0c 0/0c  aud 0.29 ms  200.7 fps
port> status f7200    w01dll       board 0 turn 1/1  mg 409 (m409dll)  coins/stars 0/0c 0/0c 0/0c 0/0c  aud 0.23 ms  197.5 fps
port> status f7260    w01dll       board 0 turn 1/1  mg 409 (m409dll)  coins/stars 0/0c 0/0c 0/0c 0/0c  aud 0.25 ms  201.8 fps
port> status f7320    w01dll       board 0 turn 1/1  mg 409 (m409dll)  coins/stars 9/0c 9/0c 9/0c 9/0c  aud 0.32 ms  201.1 fps
port> status f7380    w01dll       board 0 turn 1/1  mg 409 (m409dll)  coins/stars 10/0c 10/0c 10/0c 10/0c  aud 0.33 ms  188.8 fps
port> status f7440    w01dll       board 0 turn 1/1  mg 409 (m409dll)  coins/stars 10/0c 10/0c 10/0c 10/0c  aud 0.27 ms  196.1 fps
port> status f7500    w01dll       board 0 turn 1/1  mg 409 (m409dll)  coins/stars 10/0c 10/0c 10/0c 10/0c  aud 0.27 ms  192.3 fps
port> status f7560    w01dll       board 0 turn 1/1  mg 409 (m409dll)  coins/stars 10/0c 10/0c 10/0c 10/0c  aud 0.27 ms  190.5 fps
port> status f7620    w01dll       board 0 turn 1/1  mg 409 (m409dll)  coins/stars 10/0c 10/0c 10/0c 10/0c  aud 0.28 ms  200.9 fps
port> status f7680    w01dll       board 0 turn 1/1  mg 409 (m409dll)  coins/stars 10/0c 10/0c 10/0c 10/0c  aud 0.27 ms  207.8 fps
port> status f7740    w01dll       board 0 turn 1/1  mg 409 (m409dll)  coins/stars 10/0c 10/0c 10/0c 10/0c  aud 0.30 ms  199.9 fps
port> status f7800    w01dll       board 0 turn 1/1  mg 409 (m409dll)  coins/stars 10/0c 10/0c 10/0c 10/0c  aud 0.27 ms  199.5 fps
port> status f7860    w01dll       board 0 turn 1/1  mg 409 (m409dll)  coins/stars 10/0c 10/0c 10/0c 10/0c  aud 0.29 ms  184.7 fps
port> status f7920    w01dll       board 0 turn 1/1  mg 409 (m409dll)  coins/stars 10/0c 10/0c 10/0c 10/0c  aud 0.29 ms  190.8 fps
port> status f7980    w01dll       board 0 turn 1/1  mg 409 (m409dll)  coins/stars 10/0c 10/0c 10/0c 10/0c  aud 0.25 ms  182.8 fps
port> status f8040    w01dll       board 0 turn 1/1  mg 409 (m409dll)  coins/stars 10/0c 10/0c 10/0c 10/0c  aud 0.24 ms  197.5 fps
data num 60017
Rest Memory 1960c0
port> status f8100    w01dll       board 0 turn 1/1  mg 409 (m409dll)  coins/stars 10/0c 10/0c 10/0c 10/0c  aud 0.21 ms  214.7 fps
port> status f8160    w01dll       board 0 turn 1/1  mg 409 (m409dll)  coins/stars 10/0c 10/0c 10/0c 10/0c  aud 0.31 ms  239.3 fps
port> status f8220    w01dll       board 0 turn 1/1  mg 409 (m409dll)  coins/stars 10/0c 10/0c 10/0c 10/0c  aud 0.32 ms  239.6 fps
port> status f8280    w01dll       board 0 turn 1/1  mg 409 (m409dll)  coins/stars 10/0c 10/0c 10/0c 10/0c  aud 0.26 ms  255.4 fps
port> status f8340    w01dll       board 0 turn 1/1  mg 409 (m409dll)  coins/stars 10/0c 10/0c 10/0c 10/0c  aud 0.24 ms  254.2 fps
port> status f8400    w01dll       board 0 turn 1/1  mg 409 (m409dll)  coins/stars 10/0c 10/0c 10/0c 10/0c  aud 0.23 ms  254.2 fps
port> status f8460    w01dll       board 0 turn 1/1  mg 409 (m409dll)  coins/stars 10/0c 10/0c 10/0c 10/0c  aud 0.23 ms  257.8 fps
port> status f8520    w01dll       board 0 turn 1/1  mg 409 (m409dll)  coins/stars 10/0c 10/0c 10/0c 10/0c  aud 0.22 ms  257.7 fps
port> status f8580    w01dll       board 0 turn 1/1  mg 409 (m409dll)  coins/stars 10/0c 10/0c 10/0c 10/0c  aud 0.26 ms  256.6 fps
port> status f8640    w01dll       board 0 turn 1/1  mg 409 (m409dll)  coins/stars 10/0c 10/0c 10/0c 10/0c  aud 0.26 ms  258.6 fps
port> status f8700    w01dll       board 0 turn 1/1  mg 409 (m409dll)  coins/stars 10/0c 10/0c 10/0c 10/0c  aud 0.22 ms  257.9 fps
port> status f8760    w01dll       board 0 turn 1/1  mg 409 (m409dll)  coins/stars 10/0c 10/0c 10/0c 10/0c  aud 0.19 ms  271.6 fps
port> status f8820    w01dll       board 0 turn 1/1  mg 409 (m409dll)  coins/stars 10/0c 10/0c 10/0c 10/0c  aud 0.19 ms  265.6 fps
port> status f8880    w01dll       board 0 turn 1/1  mg 409 (m409dll)  coins/stars 10/0c 10/0c 10/0c 10/0c  aud 0.18 ms  270.5 fps
port> status f8940    w01dll       board 0 turn 1/1  mg 409 (m409dll)  coins/stars 10/0c 10/0c 10/0c 10/0c  aud 0.16 ms  234.5 fps
port> status f9000    w01dll       board 0 turn 1/1  mg 409 (m409dll)  coins/stars 10/0c 10/0c 10/0c 10/0c  aud 0.16 ms  247.5 fps
port> status f9060    w01dll       board 0 turn 1/1  mg 409 (m409dll)  coins/stars 10/0c 10/0c 10/0c 10/0c  aud 0.22 ms  229.2 fps
port> status f9120    w01dll       board 0 turn 1/1  mg 409 (m409dll)  coins/stars 10/0c 10/0c 10/0c 10/0c  aud 0.27 ms  224.8 fps
port> status f9180    w01dll       board 0 turn 1/1  mg 409 (m409dll)  coins/stars 10/0c 10/0c 10/0c 10/0c  aud 0.23 ms  227.9 fps
port> status f9240    w01dll       board 0 turn 1/1  mg 409 (m409dll)  coins/stars 10/0c 10/0c 10/0c 10/0c  aud 0.25 ms  239.9 fps
port> status f9300    w01dll       board 0 turn 1/1  mg 409 (m409dll)  coins/stars 10/0c 10/0c 10/0c 10/0c  aud 0.23 ms  241.3 fps
port> status f9360    w01dll       board 0 turn 1/1  mg 409 (m409dll)  coins/stars 10/0c 10/0c 10/0c 10/0c  aud 0.17 ms  239.5 fps
port> status f9420    w01dll       board 0 turn 1/1  mg 409 (m409dll)  coins/stars 10/0c 10/0c 10/0c 10/0c  aud 0.22 ms  233.8 fps
port> status f9480    w01dll       board 0 turn 1/1  mg 409 (m409dll)  coins/stars 10/0c 10/0c 10/0c 10/0c  aud 0.25 ms  243.8 fps
port> status f9540    w01dll       board 0 turn 1/1  mg 409 (m409dll)  coins/stars 10/0c 10/0c 10/0c 10/0c  aud 0.26 ms  248.5 fps
port> status f9600    w01dll       board 0 turn 1/1  mg 409 (m409dll)  coins/stars 10/0c 10/0c 10/0c 10/0c  aud 0.25 ms  256.4 fps
port> status f9660    w01dll       board 0 turn 1/1  mg 409 (m409dll)  coins/stars 10/0c 10/0c 10/0c 10/0c  aud 0.24 ms  236.8 fps
port> status f9720    w01dll       board 0 turn 1/1  mg 409 (m409dll)  coins/stars 10/0c 10/0c 10/0c 10/0c  aud 0.03 ms  214.1 fps
port> status f9780    w01dll       board 0 turn 1/1  mg 409 (m409dll)  coins/stars 10/0c 10/0c 10/0c 10/0c  aud 0.21 ms  200.6 fps
port> status f9840    w01dll       board 0 turn 1/1  mg 409 (m409dll)  coins/stars 10/0c 10/0c 10/0c 10/0c  aud 0.26 ms  206.3 fps
port> status f9900    w01dll       board 0 turn 1/1  mg 409 (m409dll)  coins/stars 10/0c 10/0c 10/0c 10/0c  aud 0.21 ms  196.9 fps
port> status f9960    w01dll       board 0 turn 1/1  mg 409 (m409dll)  coins/stars 10/0c 10/0c 10/0c 10/0c  aud 0.23 ms  186.6 fps
port> status f10020   w01dll       board 0 turn 1/1  mg 409 (m409dll)  coins/stars 10/0c 10/0c 10/0c 10/0c  aud 0.26 ms  198.8 fps
port> status f10080   w01dll       board 0 turn 1/1  mg 409 (m409dll)  coins/stars 10/0c 10/0c 10/0c 10/0c  aud 0.30 ms  196.7 fps
port> status f10140   w01dll       board 0 turn 1/1  mg 409 (m409dll)  coins/stars 10/0c 10/0c 10/0c 10/0c  aud 0.33 ms  198.5 fps
port> status f10200   w01dll       board 0 turn 1/1  mg 409 (m409dll)  coins/stars 10/0c 10/0c 10/0c 10/0c  aud 0.25 ms  204.3 fps
port> status f10260   w01dll       board 0 turn 1/1  mg 409 (m409dll)  coins/stars 10/0c 10/0c 10/0c 10/0c  aud 0.28 ms  181.1 fps
port> status f10320   w01dll       board 0 turn 1/1  mg 409 (m409dll)  coins/stars 10/0c 10/0c 10/0c 10/0c  aud 0.33 ms  192.4 fps
port> status f10380   w01dll       board 0 turn 1/1  mg 409 (m409dll)  coins/stars 10/0c 10/0c 10/0c 10/0c  aud 0.26 ms  187.8 fps
port> status f10440   w01dll       board 0 turn 1/1  mg 409 (m409dll)  coins/stars 10/0c 10/0c 10/0c 10/0c  aud 0.22 ms  202.6 fps
port> status f10500   w01dll       board 0 turn 1/1  mg 409 (m409dll)  coins/stars 10/0c 10/0c 10/0c 10/0c  aud 0.23 ms  199.2 fps
port> status f10560   w01dll       board 0 turn 1/1  mg 409 (m409dll)  coins/stars 10/0c 10/0c 10/0c 10/0c  aud 0.26 ms  193.0 fps
port> status f10620   w01dll       board 0 turn 1/1  mg 409 (m409dll)  coins/stars 13/0c 10/0c 10/0c 10/0c  aud 0.27 ms  199.8 fps
port> status f10680   w01dll       board 0 turn 1/1  mg 409 (m409dll)  coins/stars 13/0c 10/0c 10/0c 10/0c  aud 0.21 ms  207.8 fps
port> status f10740   w01dll       board 0 turn 1/1  mg 409 (m409dll)  coins/stars 13/0c 10/0c 10/0c 10/0c  aud 0.13 ms  237.4 fps
port> status f10800   w01dll       board 0 turn 1/1  mg 409 (m409dll)  coins/stars 13/0c 10/0c 10/0c 10/0c  aud 0.16 ms  224.5 fps
port> status f10860   w01dll       board 0 turn 1/1  mg 409 (m409dll)  coins/stars 13/0c 10/0c 10/0c 10/0c  aud 0.22 ms  202.0 fps
port> status f10920   w01dll       board 0 turn 1/1  mg 409 (m409dll)  coins/stars 13/0c 10/0c 10/0c 10/0c  aud 0.20 ms  207.8 fps
port> status f10980   w01dll       board 0 turn 1/1  mg 409 (m409dll)  coins/stars 13/0c 10/0c 10/0c 10/0c  aud 0.22 ms  186.3 fps
port> status f11040   w01dll       board 0 turn 1/1  mg 409 (m409dll)  coins/stars 13/0c 10/0c 10/0c 10/0c  aud 0.20 ms  202.3 fps
port> status f11100   w01dll       board 0 turn 1/1  mg 409 (m409dll)  coins/stars 13/0c 10/0c 10/0c 10/0c  aud 0.22 ms  201.9 fps
port> status f11160   w01dll       board 0 turn 1/1  mg 409 (m409dll)  coins/stars 13/0c 10/0c 10/0c 10/0c  aud 0.29 ms  204.3 fps
port> status f11220   w01dll       board 0 turn 1/1  mg 409 (m409dll)  coins/stars 13/0c 10/0c 10/0c 10/0c  aud 0.23 ms  197.5 fps
port> status f11280   w01dll       board 0 turn 1/1  mg 409 (m409dll)  coins/stars 13/0c 10/0c 10/0c 10/0c  aud 0.24 ms  198.9 fps
port> status f11340   w01dll       board 0 turn 1/1  mg 409 (m409dll)  coins/stars 13/0c 10/0c 10/0c 10/0c  aud 0.33 ms  185.8 fps
port> status f11400   w01dll       board 0 turn 1/1  mg 409 (m409dll)  coins/stars 13/0c 10/0c 10/0c 10/0c  aud 0.38 ms  188.0 fps
port> status f11460   w01dll       board 0 turn 1/1  mg 409 (m409dll)  coins/stars 13/0c 10/0c 10/0c 10/0c  aud 0.33 ms  194.0 fps
port> status f11520   w01dll       board 0 turn 1/1  mg 409 (m409dll)  coins/stars 13/0c 10/0c 10/0c 10/0c  aud 0.22 ms  205.1 fps
port> status f11580   w01dll       board 0 turn 1/1  mg 409 (m409dll)  coins/stars 13/0c 10/0c 10/0c 10/0c  aud 0.29 ms  200.3 fps
port> status f11640   w01dll       board 0 turn 1/1  mg 409 (m409dll)  coins/stars 13/0c 10/0c 10/0c 10/0c  aud 0.21 ms  207.0 fps
port> status f11700   w01dll       board 0 turn 1/1  mg 409 (m409dll)  coins/stars 13/0c 10/0c 10/0c 10/0c  aud 0.30 ms  202.2 fps
port> status f11760   w01dll       board 0 turn 1/1  mg 409 (m409dll)  coins/stars 13/0c 10/0c 10/0c 10/0c  aud 0.22 ms  211.0 fps
port> status f11820   w01dll       board 0 turn 1/1  mg 409 (m409dll)  coins/stars 13/0c 10/0c 10/0c 10/0c  aud 0.25 ms  207.8 fps
port> status f11880   w01dll       board 0 turn 1/1  mg 409 (m409dll)  coins/stars 13/0c 10/0c 10/0c 10/0c  aud 0.31 ms  201.9 fps
port> status f11940   w01dll       board 0 turn 1/1  mg 409 (m409dll)  coins/stars 13/0c 10/0c 10/0c 10/0c  aud 0.25 ms  198.1 fps
port> status f12000   w01dll       board 0 turn 1/1  mg 409 (m409dll)  coins/stars 13/0c 10/0c 10/0c 10/0c  aud 0.32 ms  196.7 fps
port> status f12060   w01dll       board 0 turn 1/1  mg 409 (m409dll)  coins/stars 13/0c 10/0c 10/0c 10/0c  aud 0.27 ms  199.3 fps
port> status f12120   w01dll       board 0 turn 1/1  mg 409 (m409dll)  coins/stars 13/0c 10/0c 10/0c 10/0c  aud 0.27 ms  202.1 fps
port> status f12180   w01dll       board 0 turn 1/1  mg 409 (m409dll)  coins/stars 13/0c 10/0c 10/0c 10/0c  aud 0.26 ms  197.1 fps
port> status f12240   w01dll       board 0 turn 1/1  mg 409 (m409dll)  coins/stars 13/0c 10/0c 10/0c 10/0c  aud 0.24 ms  213.3 fps
port> status f12300   w01dll       board 0 turn 1/1  mg 409 (m409dll)  coins/stars 13/0c 10/0c 10/0c 10/0c  aud 0.29 ms  182.4 fps
port> status f12360   w01dll       board 0 turn 1/1  mg 409 (m409dll)  coins/stars 13/0c 10/0c 10/0c 10/0c  aud 0.30 ms  199.6 fps
port> status f12420   w01dll       board 0 turn 1/1  mg 409 (m409dll)  coins/stars 13/0c 10/0c 10/0c 10/0c  aud 0.23 ms  201.6 fps
port> status f12480   w01dll       board 0 turn 1/1  mg 409 (m409dll)  coins/stars 13/0c 10/0c 10/0c 10/0c  aud 0.35 ms  177.7 fps
port> status f12540   w01dll       board 0 turn 1/1  mg 409 (m409dll)  coins/stars 13/0c 10/0c 10/0c 10/0c  aud 0.37 ms  190.1 fps
port> status f12600   w01dll       board 0 turn 1/1  mg 409 (m409dll)  coins/stars 13/0c 10/0c 10/0c 10/0c  aud 0.26 ms  196.4 fps
port> status f12660   w01dll       board 0 turn 1/1  mg 409 (m409dll)  coins/stars 13/0c 10/0c 10/0c 10/0c  aud 0.30 ms  190.4 fps
port> status f12720   w01dll       board 0 turn 1/1  mg 409 (m409dll)  coins/stars 13/0c 10/0c 10/0c 10/0c  aud 0.26 ms  194.3 fps
port> status f12780   w01dll       board 0 turn 1/1  mg 409 (m409dll)  coins/stars 13/0c 10/0c 10/0c 10/0c  aud 0.26 ms  186.0 fps
port> status f12840   w01dll       board 0 turn 1/1  mg 409 (m409dll)  coins/stars 13/0c 10/0c 10/0c 10/0c  aud 0.30 ms  186.4 fps
port> status f12900   w01dll       board 0 turn 1/1  mg 409 (m409dll)  coins/stars 13/0c 10/0c 10/0c 10/0c  aud 0.26 ms  202.5 fps
port> status f12960   w01dll       board 0 turn 1/1  mg 409 (m409dll)  coins/stars 13/0c 10/0c 10/0c 10/0c  aud 0.26 ms  191.1 fps
port> status f13020   w01dll       board 0 turn 1/1  mg 409 (m409dll)  coins/stars 13/0c 10/0c 10/0c 10/0c  aud 0.27 ms  186.6 fps
port> status f13080   w01dll       board 0 turn 1/1  mg 409 (m409dll)  coins/stars 13/0c 10/0c 10/0c 10/0c  aud 0.31 ms  191.1 fps
port> status f13140   w01dll       board 0 turn 1/1  mg 409 (m409dll)  coins/stars 13/0c 10/0c 10/0c 10/0c  aud 0.21 ms  195.9 fps
port> status f13200   w01dll       board 0 turn 1/1  mg 409 (m409dll)  coins/stars 13/0c 10/0c 10/0c 10/0c  aud 0.19 ms  220.2 fps
port> status f13260   w01dll       board 0 turn 1/1  mg 409 (m409dll)  coins/stars 13/0c 10/0c 10/0c 10/0c  aud 0.26 ms  197.5 fps
port> status f13320   w01dll       board 0 turn 1/1  mg 409 (m409dll)  coins/stars 13/0c 10/0c 10/0c 10/0c  aud 0.30 ms  210.8 fps
port> status f13380   w01dll       board 0 turn 1/1  mg 409 (m409dll)  coins/stars 13/0c 10/0c 10/0c 10/0c  aud 0.28 ms  198.3 fps
port> status f13440   w01dll       board 0 turn 1/1  mg 409 (m409dll)  coins/stars 13/0c 10/0c 10/0c 10/0c  aud 0.30 ms  188.5 fps
port> status f13500   w01dll       board 0 turn 1/1  mg 409 (m409dll)  coins/stars 13/0c 10/0c 10/0c 13/0c  aud 0.33 ms  192.2 fps
port> status f13560   w01dll       board 0 turn 1/1  mg 409 (m409dll)  coins/stars 13/0c 10/0c 10/0c 13/0c  aud 0.23 ms  208.0 fps
port> status f13620   w01dll       board 0 turn 1/1  mg 409 (m409dll)  coins/stars 13/0c 10/0c 10/0c 13/0c  aud 0.23 ms  206.3 fps
port> status f13680   w01dll       board 0 turn 1/1  mg 409 (m409dll)  coins/stars 13/0c 10/0c 10/0c 13/0c  aud 0.30 ms  178.5 fps
port> status f13740   w01dll       board 0 turn 1/1  mg 409 (m409dll)  coins/stars 13/0c 10/0c 10/0c 13/0c  aud 0.36 ms  177.6 fps
port> status f13800   w01dll       board 0 turn 1/1  mg 409 (m409dll)  coins/stars 13/0c 10/0c 10/0c 13/0c  aud 0.31 ms  192.0 fps
port> status f13860   w01dll       board 0 turn 1/1  mg 409 (m409dll)  coins/stars 13/0c 10/0c 10/0c 13/0c  aud 0.36 ms  161.8 fps
port> status f13920   w01dll       board 0 turn 1/1  mg 409 (m409dll)  coins/stars 13/0c 10/0c 10/0c 13/0c  aud 0.29 ms  190.4 fps
port> loader: roulette dealt mg 422 (m422dll) at frame 13953 -- prefetching its module and data
port> status f13980   w01dll       board 0 turn 1/1  mg 409 (m409dll)  coins/stars 13/0c 10/0c 10/0c 13/0c  aud 0.27 ms  197.7 fps
port> ffto: reached frame 14000 in 57.1 s (13997 frames, 245.2 fps, drawing back on at frame 13999)
port> stall: frame 13998 took 105 ms (game 5 gx 0 present 100 aud 0) tex: 0 decoded (0 KB -> 0 KB) dec 0 up 0 hash 0 ms, 0 re-keyed; staged 0 (0 ms saved) claimed 0 unstaged 0; frees 0, dll 0 ms
port> lazy flush: off; premerge: off (max 0 vertices an object) -- both measured and off by default, PLAN.md 37
port> matrix palette: off (opt-in: --palette; PLAN.md 33.2)
port> stall: frame 13999 took 386 ms (game 17 gx 369 present 1 aud 0) tex: 125 decoded (968 KB -> 5716 KB) dec 79 up 49 hash 4 ms, 0 re-keyed; staged 0 (0 ms saved) claimed 0 unstaged 0; frees 0, dll 0 ms
port> status f14040   w01dll       board 0 turn 1/1  mg 409 (m409dll)  coins/stars 13/0c 10/0c 10/0c 13/0c  aud 0.29 ms  speed 66%  6.6 fps presented  tex 126/9453 KB  rss 205 MB  res 113/256 MB  cpu 2  rt 16.9 ms dec 5.5+0.0  machine ok  ur 19
port> status f14100   w01dll       board 0 turn 1/1  mg 409 (m409dll)  coins/stars 13/0c 10/0c 10/0c 13/0c  aud 0.31 ms  speed 109%  29.4 fps presented  tex 126/9453 KB  rss 206 MB  res 113/256 MB  cpu 2  rt 15.4 ms dec 5.4+0.0  machine ok  ur 19
port> dvdheap: 1529578 bytes mode 0 num 0  caller 0xf140  caller2 0x70e94
Rest Memory 40a8e0
port> roulette: frame 14140 dealt mg 422 (m422dll, type 1)  -- overridden by --minigame
objman>Call New Ovl 3(1)
OvlKill 1
objdll>omDLLNumEnd 89 1
Search:dll/w01dll.rel
+++++++++++ Find0: dll/w01dll.rel
objdll>omDLLEnd 0 1
objdll>End DLL:dll/w01dll.rel
odjdll>Unlink DLL:dll/w01dll.rel
objdll>Unlink DLL epilog
objdll>Unlink DLL epilog finish
objdll>End DLL finish
port> frame 14135: overlay -1 (next 3) event 0
objman>Destory ObjMan
++++++++++++++++++++ Start New OVL 3 (EVT:0 STAT:0x00000000) ++++++++++++++++++
======== HuMem heap dump 03b9c018 ========
MCB-----+Size----+MG+FL+Prev----+Next----+UNum----+Body----+Call----
03b9c018 0000a020 a5 01 03c8f178 03ba6038 ffffff00 03b9c038 000087e0
03ba6038 000041c0 a5 01 03b9c018 03baa1f8 ffffff00 03ba6058 0003c474
03baa1f8 00016c80 cd 00 03ba6038 03bc0e78 ffffff00 03baa218 0003cda8
03bc0e78 00000260 a5 01 03baa1f8 03bc10d8 ffffff00 03bc0e98 00008ff4
03bc10d8 00000260 a5 01 03bc0e78 03bc1338 ffffff00 03bc10f8 00008ff4
03bc1338 000002c0 a5 01 03bc10d8 03bc15f8 ffffff00 03bc1358 00008ff4
03bc15f8 00000240 cd 00 03bc1338 03bc1838 10000000 03bc1618 0007dc50
03bc1838 00000100 a5 01 03bc15f8 03bc1938 ffffff00 03bc1858 000374f8
03bc1938 00000400 a5 01 03bc1838 03bc1d38 ffffff00 03bc1958 00037548
03bc1d38 00000400 a5 01 03bc1938 03bc2138 ffffff00 03bc1d58 00037594
03bc2138 00000060 a5 01 03bc1d38 03bc2198 ffffff00 03bc2158 000375e0
03bc2198 00000040 a5 01 03bc2138 03bc21d8 ffffff00 03bc21b8 0003762c
03bc21d8 000befc0 cd 00 03bc2198 03c81198 ffffff00 03bc21f8 0003cda8
03c81198 00002100 a5 01 03bc21d8 03c83298 ffffff00 03c811b8 00008ff4
03c83298 00000f80 a5 01 03c81198 03c84218 ffffff00 03c832b8 00008ff4
03c84218 000041c0 a5 01 03c83298 03c883d8 ffffff00 03c84238 00008ff4
03c883d8 000041c0 a5 01 03c84218 03c8c598 ffffff00 03c883f8 00008ff4
03c8c598 00002be0 a5 01 03c883d8 03c8f178 ffffff00 03c8c5b8 00008ff4
03c8f178 0014cea0 cd 00 03c8c598 03b9c018 ffffff00 03c8f198 0003cda8
MCB:19(15/4) MEM:00240000(0001d2e0/00222d20)
======== HuMem heap dump 03b9c018 end =====
======== HuMem heap dump 03f1c030 ========
MCB-----+Size----+MG+FL+Prev----+Next----+UNum----+Body----+Call----
03f1c030 00a80000 cd 00 03f1c030 03f1c030 10000000 03f1c050 00027f8c
MCB:1(0/1) MEM:00a80000(00000000/00a80000)
======== HuMem heap dump 03f1c030 end =====
======== HuMem heap dump 0499c03c ========
MCB-----+Size----+MG+FL+Prev----+Next----+UNum----+Body----+Call----
0499c03c 00175720 a5 01 04b1175c 04b1175c ffffff00 0499c05c 00010a38
04b1175c 0040a8e0 cd 00 0499c03c 0499c03c bdbe92cf 04b1177c 00010a38
MCB:2(1/1) MEM:00580000(00175720/0040a8e0)
======== HuMem heap dump 0499c03c end =====
objman>Used Memory Size:0001d2e0
objman>Used Memory Cnt:15
objman>Init esp
objman>Call objectsetup
DLLStart 3 0
Search:dll/instdll.rel
objdll>Link DLL:dll/instdll.rel
Rest Memory 40a8e0
===== DLL Module Info dump ====
                   ID:0x00000001
             LinkPrev:0x00000000
             LinkNext:0x00000000
          Section num:15
Section info tbl ofst:0x00000048
           nameOffset:0x00000000
             nameSize:47
              version:0x00000002
===============================
==== DLL Module Header dump ====
          bss Size:0x00000064
        rel Offset:0x00006aa8
        imp Offset:0x0000ad98
    prolog Section:1
    epilog Section:1
unresolved Section:0
       prolog func:0x00000000
       epilog func:0x00000054
   unresolved func:0x00000000
================================
objdll>LinkOK 03baa578 30200000
objdll> dll/instdll.rel prolog start
******* INST ObjectSetup *********
objman>InitObjMan start
objman>InitObjMan end
0
GroupSet 26
***********GroupSet Error 0
Rest Memory 3c3e80
objdll> dll/instdll.rel prolog end
objman>ObjectSetup end
port> frame 14136: overlay 3 (next -1) event 0
DLL DBG OUT
data num 890000
Rest Memory 3a9d80
ARAM data num 120006
data num 190000
Rest Memory 3b2000
data num 6c0000
Rest Memory 392340
data num 5e0000
Rest Memory 3ad3c0
port> stall: frame 14137 took 301 ms (game 120 gx 180 present 0 aud 0) tex: 51 decoded (856 KB -> 3659 KB) dec 61 up 18 hash 4 ms, 3 re-keyed; staged 0 (0 ms saved) claimed 0 unstaged 0; frees 38, dll 0 ms
port> status f14160   instdll      board 0 turn 1/1  mg 409 (m409dll)  coins/stars 13/0c 10/0c 10/0c 13/0c  aud 0.22 ms  speed 91%  21.9 fps presented  tex 181/15428 KB  rss 212 MB  res 113/256 MB  cpu 2  rt 12.0 ms dec 4.7+0.0  machine ok  ur 19
port> status f14220   instdll      board 0 turn 1/1  mg 409 (m409dll)  coins/stars 13/0c 10/0c 10/0c 13/0c  aud 0.21 ms  speed 111%  29.8 fps presented  tex 181/15428 KB  rss 213 MB  res 113/256 MB  cpu 2  rt 7.7 ms dec 4.2+0.0  machine ok  ur 19
port> status f14280   instdll      board 0 turn 1/1  mg 409 (m409dll)  coins/stars 13/0c 10/0c 10/0c 13/0c  aud 0.28 ms  speed 100%  29.0 fps presented  tex 186/16468 KB  rss 216 MB  res 113/256 MB  cpu 2  rt 8.6 ms dec 4.3+0.0  machine ok  ur 19
port> dvdheap: 1445246 bytes mode 0 num 0  caller 0xf140  caller2 0x30203508
Rest Memory 41f260
port> status f14340   instdll      board 0 turn 1/1  mg 409 (m409dll)  coins/stars 13/0c 10/0c 10/0c 13/0c  aud 0.26 ms  speed 100%  30.0 fps presented  tex 187/16472 KB  rss 216 MB  res 113/256 MB  cpu 2  rt 7.6 ms dec 4.2+0.0  machine ok  ur 19
port> status f14400   instdll      board 0 turn 1/1  mg 409 (m409dll)  coins/stars 13/0c 10/0c 10/0c 13/0c  aud 0.33 ms  speed 100%  30.0 fps presented  tex 187/16472 KB  rss 216 MB  res 113/256 MB  cpu 2  rt 6.1 ms dec 4.1+0.0  machine ok  ur 19
port> status f14460   instdll      board 0 turn 1/1  mg 409 (m409dll)  coins/stars 13/0c 10/0c 10/0c 13/0c  aud 0.31 ms  speed 100%  30.0 fps presented  tex 187/16472 KB  rss 216 MB  res 113/256 MB  cpu 2  rt 6.7 ms dec 4.1+0.0  machine ok  ur 19
objman>Call New Ovl 17(1)
OvlKill 1
objdll>omDLLNumEnd 3 1
Search:dll/instdll.rel
+++++++++++ Find0: dll/instdll.rel
objdll>omDLLEnd 0 1
objdll>End DLL:dll/instdll.rel
odjdll>Unlink DLL:dll/instdll.rel
objdll>Unlink DLL epilog
objdll>Unlink DLL epilog finish
objdll>End DLL finish
port> frame 14470: overlay -1 (next 17) event 0
objman>Destory ObjMan
++++++++++++++++++++ Start New OVL 17 (EVT:0 STAT:0x00000000) ++++++++++++++++++
======== HuMem heap dump 03b9c018 ========
MCB-----+Size----+MG+FL+Prev----+Next----+UNum----+Body----+Call----
03b9c018 0000a020 a5 01 03c8f178 03ba6038 ffffff00 03b9c038 000087e0
03ba6038 000041c0 a5 01 03b9c018 03baa1f8 ffffff00 03ba6058 0003c474
03baa1f8 00016c80 cd 00 03ba6038 03bc0e78 ffffff00 03baa218 0003cda8
03bc0e78 00000260 a5 01 03baa1f8 03bc10d8 ffffff00 03bc0e98 00008ff4
03bc10d8 00000260 a5 01 03bc0e78 03bc1338 ffffff00 03bc10f8 00008ff4
03bc1338 000002c0 a5 01 03bc10d8 03bc15f8 ffffff00 03bc1358 00008ff4
03bc15f8 00000240 cd 00 03bc1338 03bc1838 10000000 03bc1618 00044578
03bc1838 00000100 a5 01 03bc15f8 03bc1938 ffffff00 03bc1858 000374f8
03bc1938 00000400 a5 01 03bc1838 03bc1d38 ffffff00 03bc1958 00037548
03bc1d38 00000400 a5 01 03bc1938 03bc2138 ffffff00 03bc1d58 00037594
03bc2138 00000060 a5 01 03bc1d38 03bc2198 ffffff00 03bc2158 000375e0
03bc2198 00000040 a5 01 03bc2138 03bc21d8 ffffff00 03bc21b8 0003762c
03bc21d8 000befc0 cd 00 03bc2198 03c81198 ffffff00 03bc21f8 0003cda8
03c81198 00002100 a5 01 03bc21d8 03c83298 ffffff00 03c811b8 00008ff4
03c83298 00000f80 a5 01 03c81198 03c84218 ffffff00 03c832b8 00008ff4
03c84218 000041c0 a5 01 03c83298 03c883d8 ffffff00 03c84238 00008ff4
03c883d8 000041c0 a5 01 03c84218 03c8c598 ffffff00 03c883f8 00008ff4
03c8c598 00002be0 a5 01 03c883d8 03c8f178 ffffff00 03c8c5b8 00008ff4
03c8f178 0014cea0 cd 00 03c8c598 03b9c018 ffffff00 03c8f198 00044544
MCB:19(15/4) MEM:00240000(0001d2e0/00222d20)
======== HuMem heap dump 03b9c018 end =====
======== HuMem heap dump 03f1c030 ========
MCB-----+Size----+MG+FL+Prev----+Next----+UNum----+Body----+Call----
03f1c030 00a80000 cd 00 03f1c030 03f1c030 10000000 03f1c050 00039164
MCB:1(0/1) MEM:00a80000(00000000/00a80000)
======== HuMem heap dump 03f1c030 end =====
======== HuMem heap dump 0499c03c ========
MCB-----+Size----+MG+FL+Prev----+Next----+UNum----+Body----+Call----
0499c03c 00160da0 a5 01 04afcddc 04afcddc ffffff00 0499c05c 00010a38
04afcddc 0041f260 cd 00 0499c03c 0499c03c af3f5547 04afcdfc 00010a38
MCB:2(1/1) MEM:00580000(00160da0/0041f260)
======== HuMem heap dump 0499c03c end =====
objman>Used Memory Size:0001d2e0
objman>Used Memory Cnt:15
objman>Init esp
objman>Call objectsetup
SOUND ##########################
Change AUX 0,4
##########################
DLLStart 17 0
Search:dll/m409dll.rel
objdll>Link DLL:dll/m409dll.rel
Rest Memory 41f260
===== DLL Module Info dump ====
                   ID:0x00000001
             LinkPrev:0x00000000
             LinkNext:0x00000000
          Section num:15
Section info tbl ofst:0x00000048
           nameOffset:0x00000000
             nameSize:47
              version:0x00000002
===============================
==== DLL Module Header dump ====
          bss Size:0x000003b0
        rel Offset:0x0000fcc8
        imp Offset:0x00016c68
    prolog Section:1
    epilog Section:1
unresolved Section:0
       prolog func:0x00000000
       epilog func:0x00000054
   unresolved func:0x00000000
================================
objdll>LinkOK 03bc21f8 30e00000
objdll> dll/m409dll.rel prolog start
objman>InitObjMan start
objman>InitObjMan end
objdll> dll/m409dll.rel prolog end
objman>ObjectSetup end
port> frame 14472: overlay 17 (next -1) event 0
port> mgdump: entered minigame m409dll (mg 409) at frame 14478; dumping (nothing); the run ends at 16278
DLL DBG OUT
//////////////////////////////////
sndDist 10000.000000
sndSpeed 566.666687
startDis 0.000000
frontSurDis 300.000000
backSurDis 300.000000
//////////////////////////////////
data num 5e0001
Rest Memory 3c1d40
ARAM data num 120006
ARAM data num 610000
data num 6c0001
Rest Memory 32e6e0
data num 190001
Rest Memory 2d5e00
data num 890001
Rest Memory 2752a0
port> hsfload: 122 materials in one HSF, the 100-entry rgba[] overrun bounded (PLAN.md 45)
data num 2001c
Rest Memory 1cfa40
port> stall: frame 14473 took 229 ms (game 228 gx 0 present 0 aud 0) [consumed] tex: 0 decoded (0 KB -> 0 KB) dec 0 up 0 hash 0 ms, 0 re-keyed; staged 0 (0 ms saved) claimed 0 unstaged 0; frees 92, dll 0 ms
port> stall: frame 14478 took 179 ms (game 24 gx 154 present 0 aud 0) tex: 64 decoded (1299 KB -> 3735 KB) dec 52 up 1 hash 6 ms, 5 re-keyed; staged 0 (0 ms saved) claimed 0 unstaged 0; frees 0, dll 0 ms
port> status f14520   m409dll      board 0 turn 1/1  mg 409 (m409dll)  coins/stars 13/0c 10/0c 10/0c 13/0c  aud 0.29 ms  speed 92%  14.8 fps presented  tex 252/21276 KB  rss 223 MB  res 113/256 MB  cpu 2  rt 20.3 ms dec 3.4+0.0  machine ok  ur 19
port> status f14580   m409dll      board 0 turn 1/1  mg 409 (m409dll)  coins/stars 13/0c 10/0c 10/0c 13/0c  aud 0.13 ms  speed 109%  29.4 fps presented  tex 257/21596 KB  rss 225 MB  res 113/256 MB  cpu 2  rt 21.5 ms dec 5.1+0.0  machine ok  ur 19
port> status f14640   m409dll      board 0 turn 1/1  mg 409 (m409dll)  coins/stars 13/0c 10/0c 10/0c 13/0c  aud 0.17 ms  speed 100%  30.0 fps presented  tex 257/21596 KB  rss 225 MB  res 113/256 MB  cpu 2  rt 20.4 ms dec 5.4+0.0  machine ok  ur 19
port> status f14700   m409dll      board 0 turn 1/1  mg 409 (m409dll)  coins/stars 13/0c 10/0c 10/0c 13/0c  aud 0.14 ms  speed 100%  29.0 fps presented  tex 257/21596 KB  rss 225 MB  res 113/256 MB  cpu 2  rt 19.7 ms dec 5.4+0.0  machine ok  ur 19
port> status f14760   m409dll      board 0 turn 1/1  mg 409 (m409dll)  coins/stars 13/0c 10/0c 10/0c 13/0c  aud 0.11 ms  speed 100%  30.0 fps presented  tex 257/21596 KB  rss 225 MB  res 113/256 MB  cpu 2  rt 22.0 ms dec 5.2+0.0  machine ok  ur 19
port> status f14820   m409dll      board 0 turn 1/1  mg 409 (m409dll)  coins/stars 13/0c 10/0c 10/0c 13/0c  aud 0.07 ms  speed 100%  30.0 fps presented  tex 257/21596 KB  rss 225 MB  res 113/256 MB  cpu 2  rt 20.4 ms dec 5.0+0.0  machine ok  ur 19
port> status f14880   m409dll      board 0 turn 1/1  mg 409 (m409dll)  coins/stars 13/0c 10/0c 10/0c 13/0c  aud 0.03 ms  speed 100%  30.0 fps presented  tex 257/21596 KB  rss 225 MB  res 113/256 MB  cpu 2  rt 20.4 ms dec 5.2+0.0  machine ok  ur 19
port> status f14940   m409dll      board 0 turn 1/1  mg 409 (m409dll)  coins/stars 13/0c 10/0c 10/0c 13/0c  aud 0.03 ms  speed 100%  30.0 fps presented  tex 263/21692 KB  rss 225 MB  res 113/256 MB  cpu 2  rt 20.9 ms dec 3.6+0.0  machine ok  ur 19
port> status f15000   m409dll      board 0 turn 1/1  mg 409 (m409dll)  coins/stars 13/0c 10/0c 10/0c 13/0c  aud 0.25 ms  speed 100%  30.0 fps presented  tex 263/21692 KB  rss 225 MB  res 113/256 MB  cpu 2  rt 20.6 ms dec 4.4+0.0  machine ok  ur 19
port> status f15060   m409dll      board 0 turn 1/1  mg 409 (m409dll)  coins/stars 13/0c 10/0c 10/0c 13/0c  aud 0.25 ms  speed 100%  30.0 fps presented  tex 263/21692 KB  rss 225 MB  res 113/256 MB  cpu 2  rt 21.6 ms dec 3.6+0.0  machine ok  ur 19
port> status f15120   m409dll      board 0 turn 1/1  mg 409 (m409dll)  coins/stars 13/0c 10/0c 10/0c 13/0c  aud 0.34 ms  speed 100%  29.0 fps presented  tex 271/21904 KB  rss 225 MB  res 113/256 MB  cpu 2  rt 20.6 ms dec 3.7+0.0  machine ok  ur 19
port> status f15180   m409dll      board 0 turn 1/1  mg 409 (m409dll)  coins/stars 13/0c 10/0c 10/0c 13/0c  aud 0.31 ms  speed 100%  29.0 fps presented  tex 271/21904 KB  rss 225 MB  res 113/256 MB  cpu 2  rt 21.9 ms dec 3.6+0.0  machine ok  ur 19
port> status f15240   m409dll      board 0 turn 1/1  mg 409 (m409dll)  coins/stars 13/0c 10/0c 10/0c 13/0c  aud 0.31 ms  speed 100%  29.9 fps presented  tex 271/21904 KB  rss 225 MB  res 113/256 MB  cpu 2  rt 21.8 ms dec 4.4+0.0  machine ok  ur 19
port> status f15300   m409dll      board 0 turn 1/1  mg 409 (m409dll)  coins/stars 13/0c 10/0c 10/0c 13/0c  aud 0.30 ms  speed 100%  28.0 fps presented  tex 271/21904 KB  rss 225 MB  res 113/256 MB  cpu 2  rt 23.7 ms dec 3.6+0.0  machine ok  ur 19
port> status f15360   m409dll      board 0 turn 1/1  mg 409 (m409dll)  coins/stars 13/0c 10/0c 10/0c 13/0c  aud 0.38 ms  speed 99%  28.8 fps presented  tex 271/21904 KB  rss 225 MB  res 113/256 MB  cpu 2  rt 20.8 ms dec 3.6+0.0  machine ok  ur 19
port> status f15420   m409dll      board 0 turn 1/1  mg 409 (m409dll)  coins/stars 13/0c 10/0c 10/0c 13/0c  aud 0.33 ms  speed 100%  29.0 fps presented  tex 271/21904 KB  rss 225 MB  res 113/256 MB  cpu 2  rt 22.9 ms dec 3.6+0.0  machine ok  ur 19
port> status f15480   m409dll      board 0 turn 1/1  mg 409 (m409dll)  coins/stars 13/0c 10/0c 10/0c 13/0c  aud 0.33 ms  speed 100%  29.0 fps presented  tex 271/21904 KB  rss 225 MB  res 113/256 MB  cpu 2  rt 22.2 ms dec 3.7+0.0  machine ok  ur 19
port> status f15540   m409dll      board 0 turn 1/1  mg 409 (m409dll)  coins/stars 13/0c 10/0c 10/0c 13/0c  aud 0.36 ms  speed 99%  28.8 fps presented  tex 272/21908 KB  rss 225 MB  res 113/256 MB  cpu 2  rt 20.8 ms dec 3.5+0.0  machine ok  ur 19
port> status f15600   m409dll      board 0 turn 1/1  mg 409 (m409dll)  coins/stars 13/0c 10/0c 10/0c 13/0c  aud 0.35 ms  speed 101%  30.3 fps presented  tex 273/21924 KB  rss 225 MB  res 113/256 MB  cpu 2  rt 21.3 ms dec 3.6+0.0  machine ok  ur 19
port> status f15660   m409dll      board 0 turn 1/1  mg 409 (m409dll)  coins/stars 13/0c 10/0c 10/0c 13/0c  aud 0.37 ms  speed 98%  24.4 fps presented  tex 286/23130 KB  rss 227 MB  res 113/256 MB  cpu 2  rt 23.8 ms dec 3.3+2.4  machine ok  ur 19
port> status f15720   m409dll      board 0 turn 1/1  mg 409 (m409dll)  coins/stars 13/0c 10/0c 10/0c 13/0c  aud 0.43 ms  speed 101%  23.2 fps presented  tex 291/24410 KB  rss 228 MB  res 113/256 MB  cpu 2  rt 25.4 ms dec 5.2+0.0  machine ok  ur 19
port> status f15780   m409dll      board 0 turn 1/1  mg 409 (m409dll)  coins/stars 13/0c 10/0c 10/0c 13/0c  aud 0.41 ms  speed 101%  24.3 fps presented  tex 291/24410 KB  rss 228 MB  res 113/256 MB  cpu 2  rt 16.5 ms dec 9.0+0.0  machine ok  ur 19
port> status f15840   m409dll      board 0 turn 1/1  mg 409 (m409dll)  coins/stars 13/0c 10/0c 10/0c 13/0c  aud 0.46 ms  speed 100%  30.1 fps presented  tex 291/24410 KB  rss 228 MB  res 113/256 MB  cpu 2  rt 15.4 ms dec 5.0+0.0  machine ok  ur 19
port> status f15900   m409dll      board 0 turn 1/1  mg 409 (m409dll)  coins/stars 13/0c 10/0c 10/0c 13/0c  aud 0.28 ms  speed 100%  29.9 fps presented  tex 291/24410 KB  rss 228 MB  res 113/256 MB  cpu 2  rt 17.7 ms dec 8.4+0.0  machine ok  ur 19
port> status f15960   m409dll      board 0 turn 1/1  mg 409 (m409dll)  coins/stars 13/0c 10/0c 10/0c 13/0c  aud 0.33 ms  speed 99%  29.8 fps presented  tex 291/24410 KB  rss 228 MB  res 113/256 MB  cpu 2  rt 19.3 ms dec 8.4+0.0  machine ok  ur 19
port> status f16020   m409dll      board 0 turn 1/1  mg 409 (m409dll)  coins/stars 13/0c 10/0c 10/0c 13/0c  aud 0.41 ms  speed 101%  29.1 fps presented  tex 291/24410 KB  rss 228 MB  res 113/256 MB  cpu 2  rt 17.8 ms dec 8.3+0.0  machine ok  ur 19
port> status f16080   m409dll      board 0 turn 1/1  mg 409 (m409dll)  coins/stars 13/0c 10/0c 10/0c 13/0c  aud 0.35 ms  speed 100%  29.9 fps presented  tex 291/24410 KB  rss 228 MB  res 113/256 MB  cpu 2  rt 16.5 ms dec 9.4+0.0  machine ok  ur 19
port> status f16140   m409dll      board 0 turn 1/1  mg 409 (m409dll)  coins/stars 13/0c 10/0c 10/0c 13/0c  aud 0.36 ms  speed 100%  30.1 fps presented  tex 291/24410 KB  rss 228 MB  res 113/256 MB  cpu 2  rt 16.4 ms dec 9.2+0.0  machine ok  ur 19
port> status f16200   m409dll      board 0 turn 1/1  mg 409 (m409dll)  coins/stars 13/0c 10/0c 10/0c 13/0c  aud 0.36 ms  speed 100%  30.0 fps presented  tex 291/24410 KB  rss 228 MB  res 113/256 MB  cpu 2  rt 18.6 ms dec 5.8+0.0  machine ok  ur 19
port> status f16260   m409dll      board 0 turn 1/1  mg 409 (m409dll)  coins/stars 13/0c 10/0c 10/0c 13/0c  aud 0.43 ms  speed 100%  29.9 fps presented  tex 291/24410 KB  rss 228 MB  res 113/256 MB  cpu 2  rt 17.8 ms dec 5.0+0.0  machine ok  ur 19

port> --frames 16278 reached: 16278 retraces in 94.77 s wall (game clock 271.57 s)
port> tev: konst collision (two constants in one stage): 0 of 40285 draws carry one, in 0 distinct configs (PLAN.md 31.4)
port> tev: 30 hilite stage emissions folded into the specular colour sum (PLAN.md 36)
port> tev: 1677 unit emissions through the register rewrite (PLAN.md 31.3), 0 stage emissions still folding a register write to PREV
port> --perfdump: 16277 frames written to /Users/zach/m48/A-m409-@cd5-3.csv

---- --perf: 16277 frames ----
  game     mean   4.44  median   4.20  p95  11.10  worst 344.34 ms
  gx       mean   0.81  median   0.07  p95   6.69  worst 368.84 ms
  present  mean   0.04  median   0.00  p95   0.37  worst  99.71 ms
  aud      mean   0.23  median   0.24  p95   0.42  worst   2.27 ms
  frame    mean   5.52  median   4.53  p95  19.14  worst 386.44 ms
  budget   16.68 ms/frame at 59.94 Hz; 933 of 16277 frames over it (5.7%)
  clocks   game 271.55 s vs wall 95.14 s -- ratio 0.350  (keeping up)
  fps      171.1 effective

---- --realtime: 2274 paced retraces ----
  clocks   game 37.94 s vs wall 38.37 s -- speed 98.9%
  present  1067 drawn of 2274 (53.1% skipped), 27.8 presented fps, 19 forced by the skip cap, 0 by --dumpframe
  late     worst 369.7 ms behind the schedule; 0 resync(s) dropping 0.00 s of game time
  rt       2 frame(s) consumed because the render thread was still busy past --rtgate 4 ms

port> MusyX: 54300 frames of 160 samples mixed (271.50 s of audio) over 16274 retraces
port> audio: first sound at retrace 726; Dolphin's own DSP dump of the same boot starts at 10.95 s = retrace ~656
port> musyx_mix: 54300 frames mixed, 13119 voices started, 9295 voices ended, peak |sample| 32767 (near full scale), 0 clamped ARAM reads, 29 max concurrent voices (of 50 allocated)
port> musyx_mix: resampler linear, depop on; 5159 voice(s) cut mid-frame
port> musyx_mix: 904 start(s) refused by start_voice_init (a zero-length one-shot, an envelope done at once, an unreadable sample); the slot's entry cleared on both halves (M25)
port> musyx_mix: --perf: mean 356.6 us/frame, worst 3639.9 us/frame, over 54300 timed frames
port> musyx_mix: split frames: 54300 control halves on the game thread, 54300 value halves (19365 ms), 16286 joins, 0 position mismatches
port> audio: M24 mixer job: 16274 ticks split (162900 steps), 0 ticks fused for a MEM1/vsample voice, 0 poisoned mid-tick, 0 out of pool, 0 jobs run at submit, 22 jobs finished mid-tick (ARAM writes)
port> musyx_aram: samples stored 693 (10524 KB), removed 188, refused 0
port> musyx_aram: region=[0x000000,0x800000) (8388608 bytes) zero_buf=[0x000000,0x000500) initialized=1
port> musyx_aram: sample heap write=0x645460 high_water=0x6de860 (7201632 bytes at peak), stream cursor=0x7ee200
port> musyx_aram: stream buffers active=2 peak=2 of 64 slots
port> musyx_aram: bytes uploaded=11809792 -- rejected: store=0 stream=0 upload=0, remove mismatches=0
port> audio out: 96.70 s queued, 5946 callbacks, peak L 32767 R 32767 (of 32767)
port> audio out: 19 underrun(s) totalling 286.0 ms, 174800.0 ms dropped to overrun
port> audio out: (the ring tracks the frame rate: audio is paced by the
port>             retrace, so under 60 fps it starves and under --turbo it
port>             overruns.  --wav is written before the ring and is whole.)
port> OS clock: 10987650000 ticks in 95.55 s = 114.996 MHz (console 40.500)  *** WRONG
port> compiled draws (M48): 318532 replayed (309289 the predicted successor, 265822 over a proved shadow), 15486 recorded (1398 kept, 2.7 MB); not replayed: 19733 new keys, 19869 over another shadow, 1577 refused by a texture, 68 not plain (an upload, a compile, a movie), 683 ineligible, 0 with the table full; 14088 evicted; 3118 first sights and 20930 refused keys not armed; keys 425 bytes
port> decode jobs (M43): 36990698 vertices; specialised 100.0%, the walker's by pick_fast's first failed test: 13:0.0%
port> vcache (M40, auto): 452710 list calls (130882 left to the ring as animated), 321828 primitives, 28973240 vertices; 312247 hits (27887878 vertices, 96.3%; per drawn frame 96.7% over 641 frames)
port> vcache (M44): 918 positions refreshes (64253 vertices): stored runs whose position array alone had moved, copied and their positions decoded again
port> vcache (M45): on the frames the auto keyed off, 0 lists looked up refresh-only, 0 refreshes served there (--novcposoff)
port> vcache: misses -- new 2460 (212557 v), plan changed 247 (17148 v), arrays changed 5956 (791404 v), list bytes changed 0 lists; ineligible 0 (0 v, skinned/palette/premerge); not stored (region full this frame) 0 (0 v); stored 660732 v
port> vcache: auto keyed 641 drawn frame(s), left 424 to the decode (fit 28.0 ms); 192 list hash(es) memoised, 192361 memo end(s) leaving module code
port> vcache (M47): the skin body named its arrays 0 times (0 scans), 0 array memos ended by them (--oldvcskin: every memo, the epoch)
port> vcache: hashed 1.5 MB of lists and 324.2 MB of arrays (0.7 KB a list call); 2888 ms keying on the game thread (sampled 1 in 8: lists 1234, hits 1491, misses 163); region 8192 KB, peak 8163 KB, 2 reset(s), 0 cooldown(s); 1465 entries, 1295 arrays live, 0 clear(s)
port> GX draw: 1871832 primitives, 72986461 vertices, 456449 glDrawArrays, 1783396 display lists replayed
port> GX draw: M44 layout memo: 379439 primitives kept the last one's, 1492393 settled anew
port> GX draw: 37154035 vertices through the specialised decode loops (50.9%)
port> GX draw: M29: 338308 display-list runs (36990698 vertices, 50.7%) handed to the render thread's decode, 0 runs decoded here instead, 3085 kept here by --rtdecode auto (M33)
port> GX draw: 0 primitive(s) off-world (|position matrix translation| over 10000)
port> skin: deferred CPU skinning; EnvelopeProc 95142 calls: 95142 deferred, 0 run by the game; 32 HSFs registered (0 rebuilt); 7491 deferred bodies run at the draw (0 of them at the array bind), 690124 syncs skipped on consumed frames; palette: 95142 bone syncs, 0 pose builds
port> skin: lifetime: 23 entries dropped by the game's frees, 0 guard hits (must be 0); signatures: 397 full, 94745 by the pointers alone (M47)
port> GL state: 131388 calls emitted, 1283255 elided (90.7% of 1414643)
port> texture cache: 196044 hits, 291 misses, 0 re-uploads, 291 entries, 17451 KB decoded, 79 padded to a power of two, 24410 KB held by GL
port> texture budget: 40 MB; 0 evictions (0 KB) to stay under it
port> texture decode (M23): 289 decodes, 237 ms decoding, 76 ms uploading, 541 ms hashing; 3 frames over 20 ms of it; 18 re-keyed by content (1336 KB not decoded again)
port> texture dirty ranges (M35): 290066 DC store/flush calls, 187 entries marked, 0 hashed clean, 0 decoded again; 249995 calls touched no texture page (M41)
port> texture hash: 15477 KB hashed in full, 66657 KB sampled, 83352 revalidations (of 196335 binds)
port> EFB copies: 1012 colour copies into the cache (on consumed frames from the front buffer: 0 whole-screen, 0 region; 1121 clear-after copies kept from the last drawn frame, M21; 1012 half-scale copies kept at source size, M23)
port> indirect tiling: 9 composed backgrounds, 674 cache hits

port> render thread: mode 3 (thread, overlapped)
  stream   2456707 records, 125275 KB (52 B/record); 1069 frames presented, peak 228 KB a frame; 0 KB of payload copies; 300 names handed out; 300 owned uploads freed
  replay   20424 ms in all; per presented frame mean 19.11 ms, worst 340.9 ms (1069 frames); present tail (swap executed - swap recorded) mean 4.4 ms, worst 28.2 ms
  decode   338308 runs recorded, 338308 decoded ahead by the decode cursor, 0 by the replay (late); 36990698 vertices; 5555 ms in all, per presented frame mean 5.20 ms, worst 12.3 ms (--rtdecode 3)
  auto     15071 drawn frames planned, 12 split (share mean 0.48, max 0.75); 168193 vertices decoded on the game thread (28 ms) vs 36990698 on the render thread; last plan: game 18.5 + consumed 5.4 vs replay 15.9 + decode 9.0 -> 0.0 ms moved (--rtdecode auto, fit 30 ms, max share 0.75)
  gate     1044 drained, 4 waited (13 ms, worst 4.1 ms), 2 busy (the frame was consumed instead)
  ring     0 reuse waits for the issue, 0 for the GPU (0 ms, worst 0.0 ms); stream full 0 times (0 ms); reader slept 4097 times, woken 17538
  join     retrace                  16278 (401 ms, worst 10.0 ms)
  join     ClusterProc range        513 (0 ms, worst 0.0 ms)
  join     call                     30 (330 ms, worst 75.9 ms)
  join     gate (forced frame)      19 (9 ms, worst 5.7 ms)
  join     skin body                7146 (0 ms, worst 0.0 ms)
  join     skin free                7 (0 ms, worst 0.0 ms)
  join     shutdown                 1 (0 ms, worst 0.0 ms)
  rewrite  513 buffer range(s) named by ClusterProc/ShapeProc (M43): 0 free at once, 513 waited for their pages' records; 31 record array(s) outside MEM1
  fences   the ring's chunks by epoch: the writer waited 0 time(s) for the GPU (the `ring' line above); the reader tests pending fences after every present, every 256 records and while idle
port> DVD: 160 reads, 43737875 bytes, 10 ms in reads, 0 over 100 ms

port> loader (M36): prefetch on, 99 jobs, 94 files read ahead (5 skipped as resident), 113.3 MB in 1194 ms off the game thread (worst 380 ms); 0 inline slices on one CPU (0 ms)
port> loader: disk reads after a prefetch of the same file: 0, 0 of them over 100 ms
port> loader: resident set 256 MB: 85 files held (113 MB, 73 of them from the list), 155 reads (41.0 MB) served from memory, 5 (0.8 MB, 10 ms) from the disk, 5 adopted from the game's own reads, 0 evicted (0.0 MB); mlock allowed (113 MB locked)
port> THP: 3 movie(s) skipped, first movie/opmov_a00.thp
port> CARD: 0 reads, 1 writes, 1 files created, 0 deleted, 3 image flushes, 57 of 59 blocks free
port> CARD: flushes on a thread (M29): 9 ms on the game thread in all, 75 ms behind it (worst 53 ms); 0 flush(es) waited for the previous one (0 ms)
port> CARD: M40: 2 flush(es) found the writer busy and left their image for it (1 replaced by a newer one before it started)
port> REL bundles: 6 loads, 5 unloads, 0 re-entries, 0 modules dlclose would not unload

port> cpu 2: workers on
port> workers: the game thread's FPSCR adopted 14436 time(s) (the GL driver's FPU mode, for the reverb's floats)
port> worker mixer   16264 jobs: 16257 finished by the worker, 7 late (run inline by the game thread, 2 ms), 789 waited for (365 ms, worst 1.7 ms); 20304 ms of work on the second core
port> sincos memo: 8937817 hits, 3039848 misses (74.6% hit)
port> fast sin/cos (M42): 3037856 pairs without libm, 1992 through libm
port> rotation memo (M42): mtxRot 86408 hits / 42501 misses, mtxRotCat 944083 hits / 244762 misses
port> motion exec (M42): 289637 calls through the port's body
port> vertex rewriters (M43): 513 ClusterProc, 0 ShapeProc calls, 513 ranges named; the joins are the render thread's report (precise)
port> write barrier (M42, --wbpart: the ends' partial pages too): 1203 pages armed in 708 calls, 712 faults (303 pages hot), 259 disarmed by kernel writes/frees; arrays clean 1071170 (420617 by their ends' hash) / written 1620, 361.4 MB of hashing skipped
port> material walk on consumed frames: skipped; 10201588 faces skipped, 2265991 material changes (1912548 Hu3DLightSet, 2655 Hu3DAnimSet kept)
port> sparse concats (bone walk): 17119471 sparse, 0 general
port> sqrtf: 0 through frsqrte, 10565612 through libm (--nofastsqrt)
port> soft-reset watcher: running, body polled 16274 times

---- SDK surface hit at boot: 0 distinct stubs, in first-call order ----
---- 0 stub calls total ----
