Mario Party 4 -- native port, PowerPC Edition 0.9.16 (milestone M48)
port> machine: model PowerMac3,5, 2 CPUs at 1000 MHz, 7450 (G4), AltiVec yes, 1536 MB RAM, Mac OS X 10.5.4
port> machine: GL ATI Technologies Inc. / ATI Radeon 9000 OpenGL Engine / 1.3 ATI-1.5.28, VRAM 64 MB, 6 texture units, max texture 2048
port> machine:   GL_ARB_multitexture                  present  required
port> machine:   GL_ARB_texture_env_combine           present  required
port> machine:   GL_ARB_texture_env_crossbar          present  required
port> machine:   GL_ATI_texture_env_combine3          present  required
port> machine:   GL_EXT_secondary_color               present  required
port> machine:   GL_ARB_vertex_program                present  degraded without
port> machine:   GL_APPLE_vertex_array_range          present  degraded without
port> machine:   GL_APPLE_fence                       present  degraded without
port> machine:   GL_EXT_multi_draw_arrays             present  degraded without
port> machine:   GL_EXT_blend_subtract                present  degraded without
port> machine:   GL_EXT_gpu_program_parameters        present  optional
port> machine:   GL_EXT_fog_coord                     present  optional
port> machine:   GL_EXT_texture_compression_s3tc      present  optional
port> machine:   GL_ARB_depth_texture                 MISSING  optional
port> machine:   GL_ATI_text_fragment_shader          present  not used
port> machine: verdict ok
port> machine:   - every probe within the G4's envelope
port> machine: tier: the reference class (dual 1 GHz G4, 64 MB Radeon 9000 or better), whose promise is 30 fps everywhere: 75 of 82 screens there today (0.9.16, docs/fps-scoreboard.md)
port> machine: applying --resident 256 (1536 MB of RAM; 0 under 768 MB, 128 at 1 GB, 256 at 1.5 GB+, 584 MB kept for the OS and the game)
port> machine: the roulette prefetch is on (every machine; --noprefetch)
port> machine: coroutine stacks x2 over the game's sizes (the default since M31; --stackmul N)
port> DVD: disc image /Users/zach/MarioParty4/mp4.nkit.iso, 357 files in the FST
port> GL: ATI Radeon 9000 OpenGL Engine / 1.3 ATI-1.5.28, 6 texture units
port> GL feature set used: combine3 1, crossbar 1, s3tc 1, blend_subtract 1, depth_texture 0, text_fragment_shader 1, 6 units
---- vprog probe ----
GL_ARB_vertex_program                     present
MAX_PROGRAM_INSTRUCTIONS            262144
MAX_PROGRAM_NATIVE_INSTRUCTIONS        128
MAX_PROGRAM_PARAMETERS                1024
MAX_PROGRAM_NATIVE_PARAMETERS          192
MAX_PROGRAM_TEMPORARIES              65535
MAX_PROGRAM_NATIVE_TEMPORARIES          12
MAX_PROGRAM_ATTRIBS                     32
MAX_PROGRAM_NATIVE_ATTRIBS              16
MAX_PROGRAM_ADDRESS_REGISTERS            2
MAX_PROGRAM_ENV_PARAMETERS             256
MAX_PROGRAM_LOCAL_PARAMETERS          1024
GL_EXT_gpu_program_parameters       present (one call per palette upload)
trivial program            loaded, 6 instructions (6 native), under native limits: YES
palette program (ARL)      loaded, 10 instructions (15 native), under native limits: YES
matrix palette             18 slots of 6 params from env[82]
---- end vprog probe ----
port> cpu: 2 cores (hw.ncpu); workers ON
port> loader: prefetch on (a thread); resident set 256 MB: 73 of the list's 73 files fit (103.1 of 103.1 MB), filling on the thread
port> vertex ring: 8192 KB in 4 chunks (+8192 KB static-geometry cache), vertex_array_range on, multi_draw_arrays yes
port> render thread: on, overlapped (the join at the gate) (--renderthread 3); stream 16384 KB
port> render thread: the display-list decode split per drawn frame between the two threads (auto, M33) (--rtdecode 3)
port> options: Mario Party 4 PowerPC Edition 0.9.16 (M48), the effective options
port> options: machine       ok: PowerMac3,5, 2 x 1000 MHz 7450 (G4), 1536 MB RAM, ATI Radeon 9000 OpenGL Engine, 64 MB VRAM, 6 units, OS 10.5.4
port> options: disc image    /Users/zach/MarioParty4/mp4.nkit.iso
port> options: data folder   /Users/zach/Library/Application Support/MarioParty4  (card image, config, log)
port> options: log           (stdout only)
port> options: fullscreen    0  (--noconfig: not remembered)
port> options: cores         2; workers on (--threads -1); render thread mode 3 (--renderthread -1: 0 direct, 1 inline twin, 2 joined, 3 overlapped); decode on it 3 (--rtdecode; 3 = auto)
port> options: pacing        realtime (deterministic clock); stack multiplier x2; texture budget 40 MB; resampler linear, depop on
port> options: loading       roulette prefetch on (--noprefetch); resident set 256 MB (--resident MB; the machine check's rule by the installed RAM)
port> options: every field of PortOptions (0/NULL = off or unset):
port> options:   image=/Users/zach/MarioParty4/mp4.nkit.iso  log=NULL  gxlog=0  deterministic=1  
port> options:   stub_trace=0  max_frames=10508  turbo=0  watchdog=0  verbose=0  reldir=NULL  gxdemo=0  
port> options:   reltest=0  memmap=0  guardtest=NULL  relzerobss=0  nodatareset=0  noaudio=0  glcheck=0  
port> options:   glinfo=0  seed=3838914000000000  perf=1  gxsplit=0  drawlog=0  dumptex=0  texhash_full=0  
port> options:   gxwarn=0  headless=0  dumpframe=NULL  shotdir=/Users/zach/fps-board-m48/b6  scale=0  
port> options:   drawlog_frame=0  nocard=0  reldlclose=0  nopad=0  pad_debug=0  kbport=0  
port> options:   pad_play=board-start-com4.play  pad_record=NULL  scenelog=NULL  ovllog=1  nanwatch=0  
port> options:   wav=NULL  mute=0  audiolog=0  rtc=1041472800  rtc_set=1  rtc_seen=1  rtc_offset=0  
port> options:   card=NULL  freshcard=1  minigame=NULL  com4=1  cast=NULL  dvdheap=0  turns=0  status=1  
port> options:   stuckwatch=0  soak=0  depop=1  resample4=0  clickstat=0  dlcache=0  vcache=3  
port> options:   vcache_mb=8  vcache_fit=28  vcache_vbo=0  cardwait=0  synclog=0  noaicb=0  olddecode=0  
port> options:   perfwin=NULL  nodraw=1  ffto=7808  ffto_warm=1  snap_every=0  snap_keep=3  snap_dir=NULL  
port> options:   restore=NULL  snap_now=0  snapdiff=0  vprobe=0  cpuxf=0  vprogstats=0  vproglog=0  
port> options:   oldtev=0  tevstats=0  oldnulltev=0  tlutlog=0  oldsubmit=0  novar=0  batchmax=0  
port> options:   segrebase=0  gltrace=0  endlog=NULL  nomerge=0  nomultidraw=0  noindexed=1  nohilite=0  
port> options:   noenvbulk=0  nofixbase=0  submitstats=0  nohilitetex=0  nocopyhalf=0  copylog=0  
port> options:   noefbflip=0  oldfirsthash=0  norekey=0  dumpcopy=0  notint=0  tintlog=0  texdecodelog=0  
port> options:   threads=-1  nomixthread=0  renderthread=-1  rtsplit=0  rtgate_ms=4  stackmul=2  
port> options:   rtdecode=-1  rtauto_fit_ms=30  rtauto_max=0.75  fake_machine=NULL  machinecheck=0  
port> options:   force=0  mgdump=NULL  mgend=0  viewtexgen=0  nrmfrac0=0  vtxdivide=0  mghold=0  
port> options:   fullscreen=0  fullscreen_set=0  noconfig=1  print_defaults=0  print_keys=0  
port> options:   texbudget_set=0  predecode=0  predecodelog=0  regfix2dbg=0  lazyflush=0  premerge_max=0  
port> options:   cmpmask=8191  oldkonst=0  tfs=0  tfsprobe=0  tfslog=0  tfsdbg=0  tfsnorebind=0  
port> options:   tfscopycpu=0  tfssqcopy=0  tfsmtx=0  tfsforcebind=0  tfsenvreset=0  tfsdump=0  tfsall=0  
port> options:   oldspec0=0  nolitalpha=0  oldczero=0  clrasclr=0  nohoistmtx=0  nofastconcat=0  
port> options:   nostripes=0  nounitmemo=0  norotmemo=0  nopacklights=0  nofastsin=0  nomtxmemo=0  
port> options:   norotl=0  nowb=0  notexskip=0  nostripepool=0  giveitem=NULL  waterlook=1  pondlook=0  
port> options:   pondmix=0  wavegain=0  rgbcopy=0  novcposoff=1  nowaterpt=0  affinetex=0  halfwatch=0  
port> options:   presentdump=NULL  motlog=0  nolights=0  nopendlast=0  noskindecode=1  skinverify=0  
port> options:   oldvcskin=1  fullskinsig=0  noskindcbz=0  skinfree=0  oldwake=0  skinround=0  skinvec=0  
port> options:   dcbtdist=1  keytest=NULL  oldscissor=0  readbacktest=0  nodcbz=0  novpgen=0  
port> options:   notevdirty=0  noattrmemo=0  nowordhash=0  water=-1  watergrid=1  norastermemo=0  
port> options:   novcpos=0  wbpart=1  oldvtxjoin=0  rtgx=0  rtgx_fit=29  texmtxlog=0  maxbatchverts=0  
port> options:   skinreadwatch=0  nocompiled=1  compiled_mode=1  nocompiledpf=0  compiled_mb=8  glists=0  
port> options:   glists_mb=8  pmc=0  nomotionexec=0  nodirtyfilter=0  nodirty=0  oldakonst=0  mdposonly=0  
port> options:   mdmax=0  nospot=0  oldfog=0  noregchain=0  nocarry=0  forceobj=NULL  forceobj_flags=0  
port> options:   skipobj=NULL  zprepass=1  probeverts=0  skipverts=0  probeobj=NULL  nolinewidth=0  
port> options:   noregfix=0  realtime=1  lockstep=0  maxskip=0  perfdump=/Users/zach/fps-board-m48/b6.csv  
port> options:   mpgl=0  olddecode2=0  altivec=0  nodcbt=0  olddecode3=0  decodestats=0  audiolead_set=0  
port> options:   audiolead=100  cpuskin=0  palette=0  nopalette=0  skinstats=0  palsize=0  palnoarl=0  
port> options:   palnofog=0  noskinlifetime=0  restore_lax=0  skindeferall=0  mixtrace=NULL  mixcheck=0  
port> options:   nosincos=0  snapsync=0  nomatwalk=0  nocurvememo=1  nosparsemtx=0  nofastsqrt=1  
port> options:   nodraw_user=0  noprefetch=0  resident=256  dvdlog=0  nomovies=1  thpyuv=0  gotoovl=NULL  
port> options:   board=6  boardcycle=0  boarddump=NULL  foldxbar=0  foldcap=0  thplog=0  nothpslice=0  
port> options:   thpguard_set=0  thpguard=60  
port> audio: 32000 Hz, 2 ch, 512-frame buffer, 256 KB ring (2048 ms)
port> --board 6: the party menu's pick is w06dll (mentDll's BoardSaveInit, PLAN.md 54b.1)
port> --com4: all four players are CPU; instDll will dismiss its own instruction screen (src/REL/instDll/main.c:294)
port> --nodraw: the GX command streams are consumed and nothing is drawn
port> --ffto 7808: drawing is off until frame 7808 (warm-up 1)
port> frame mode: --realtime (retrace at 60 Hz on the wall clock, present at most every 2nd retrace, at least every 6th; --lockstep for the old gate)
port> audio: 100 ms of lead queued ahead of the mix (--audiolead)
port> entering the game's own main()

port> OSInit: MEM1 24 MB [0x3970000, 0x5170000), ARAM 16 MB, bus 162 MHz
port> OSInit: RTC pinned to 1041472800 (2003-01-02T02:00:00Z), OSGetTime origin 3838914000000000 ticks
port> DVDInit
port> VIInit
port> controls: a scripted run (--play/--record/--soak/--noconfig/--com4/--nopad): PowerPCube's controls file and gamecontrollerdb.txt are not read
port> PADInit: controller 1 = keyboard
port> PADInit: rumble not available on controller 1
port> PADInit: controllers 2-4 unplugged (reference config: CPU players)
port> pad: --play: board-start-com4.play -> /Users/zach/mp4-m48final.app/Contents/Resources/movies/board-start-com4.play
port> pad: --play board-start-com4.play: 460 directives, 0 marks
port> OSCreateHeap 0: 0x3a9c000..0x5170000 (23375 KB)
port> VIConfigure: 640x480 xfb, 640x480 efb, tv mode 0
port> GXInit: FIFO 0x3a9c00c, 1048576 bytes (the port keeps no FIFO; the write-gather writers are ordinary calls under TARGET_PC)
port> frame 1: overlay 0 (next 0) event 0
port> roulette: frame 1 dealt mg 401 (m401dll, type 0)
port> OSCreateThread 0x259448 func 0x4210c (the soft-reset watcher; polled once per retrace, not run on a thread)
HuMem> left memory space 2383KB(2441120)
port> ARInit: 16 MB of ARAM
port> MusyX SAL: 32000 Hz, 4 x 640-byte AI buffers (20 ms), 32-sample sub-frame
port> musyx_mix: CPU mixer up, 50 voices, 1 studios, 32000 Hz
port> MusyX SAL: mixing started
port> musyx_aram: region [0x000000, 0x800000) zero_buf [0x000000, 0x000500) sample heap starts at 0x000500
port> AI: DMA callback registered (one call per 160-sample DSP frame)
port> CARD: --freshcard with no --card: using the scratch image /Users/zach/Library/Application Support/MarioParty4/scratch-slot-a.raw
            rather than formatting the save file next to it
port> CARD: slot A = /Users/zach/Library/Application Support/MarioParty4/scratch-slot-a.raw (--freshcard: formatted, 59 free blocks)
port> loader: list sound/mpgcsnd.msm 36823392 bytes in 371 ms, resident (asked at frame 0, done at 1)
port> workers: the game thread's FPSCR control bits are 0x00 at job 0 (NI 0, RN 0)
DLL DBG OUT
objman>Call New Ovl 1(1)
port> frame 2: overlay -1 (next 1) event 0
++++++++++++++++++++ Start New OVL 1 (EVT:0 STAT:0x00000000) ++++++++++++++++++
======== HuMem heap dump 03b9c018 ========
MCB-----+Size----+MG+FL+Prev----+Next----+UNum----+Body----+Call----
03b9c018 0000a020 a5 01 03baa1f8 03ba6038 ffffff00 03b9c038 000088c4
03ba6038 000041c0 a5 01 03b9c018 03baa1f8 ffffff00 03ba6058 0003c558
03baa1f8 00231e20 cd 00 03ba6038 03b9c018 00000000 03baa218 0003c558
MCB:3(2/1) MEM:00240000(0000e1e0/00231e20)
======== HuMem heap dump 03b9c018 end =====
======== HuMem heap dump 03f1c030 ========
MCB-----+Size----+MG+FL+Prev----+Next----+UNum----+Body----+Call----
03f1c030 00a80000 cd 00 03f1c030 03f1c030 ffffff00 03f1c050 cdcdcdcd
MCB:1(0/1) MEM:00a80000(00000000/00a80000)
======== HuMem heap dump 03f1c030 end =====
======== HuMem heap dump 0499c03c ========
MCB-----+Size----+MG+FL+Prev----+Next----+UNum----+Body----+Call----
0499c03c 00580000 cd 00 0499c03c 0499c03c ffffff00 0499c05c cdcdcdcd
MCB:1(0/1) MEM:00580000(00000000/00580000)
======== HuMem heap dump 0499c03c end =====
objman>Used Memory Size:0000e1e0
objman>Used Memory Cnt:2
objman>Init esp
objman>Call objectsetup
DLLStart 1 0
Search:dll/bootdll.rel
objdll>Link DLL:dll/bootdll.rel
Rest Memory 580000
port> REL bundles: 99 in /Users/zach/mp4-m48final.app/Contents/MacOS/rels
===== DLL Module Info dump ====
                   ID:0x00000001
             LinkPrev:0x00000000
             LinkNext:0x00000000
          Section num:14
Section info tbl ofst:0x00000048
           nameOffset:0x00000000
             nameSize:47
              version:0x00000002
===============================
==== DLL Module Header dump ====
          bss Size:0x0000005c
        rel Offset:0x00005c9d
        imp Offset:0x00007a4d
    prolog Section:1
    epilog Section:1
unresolved Section:0
       prolog func:0x00000000
       epilog func:0x00000054
   unresolved func:0x00000000
================================
objdll>LinkOK 03baa578 30100000
objdll> dll/bootdll.rel prolog start
******* Boot ObjectSetup *********
objman>InitObjMan start
objman>InitObjMan end
objdll> dll/bootdll.rel prolog end
objman>ObjectSetup end
port> frame 3: overlay 1 (next -1) event 0
DLL DBG OUT
Rest Memory 57d540
ARAM Trans 808000
Rest Memory 55d020
ARAM Trans 80aaa0
Rest Memory 506400
ARAM Trans 82da60
Rest Memory 564f40
ARAM Trans 8a7640
Rest Memory 5395a0
data num 74000b
port> dvdheap: 3733270 bytes mode 1 num 10000000  caller 0x10fa8  caller2 0xeb4c
Rest Memory 1f08c0
port> loader: list sound/mpgcstr.pdt 11375928 bytes in 114 ms, resident (asked at frame 0, done at 35)
port> stall: frame 35 took 260 ms (game 260 gx 0 present 0 aud 0) tex: 0 decoded (0 KB -> 0 KB) dec 0 up 0 hash 0 ms, 0 re-keyed; staged 0 (0 ms saved) claimed 0 unstaged 0; frees 9, dll 0 ms
port> status f60      bootdll      board 0 turn 0/0  mg 401 (m401dll)  coins/stars 0/0c 0/0c 0/0c 0/0c  aud 0.01 ms  0.0 fps
port> status f120     bootdll      board 0 turn 0/0  mg 401 (m401dll)  coins/stars 0/0c 0/0c 0/0c 0/0c  aud 0.01 ms  1603.1 fps
port> status f180     bootdll      board 0 turn 0/0  mg 401 (m401dll)  coins/stars 0/0c 0/0c 0/0c 0/0c  aud 0.01 ms  1612.1 fps
port> status f240     bootdll      board 0 turn 0/0  mg 401 (m401dll)  coins/stars 0/0c 0/0c 0/0c 0/0c  aud 0.01 ms  1948.3 fps
port> status f300     bootdll      board 0 turn 0/0  mg 401 (m401dll)  coins/stars 0/0c 0/0c 0/0c 0/0c  aud 0.01 ms  2318.5 fps
port> status f360     bootdll      board 0 turn 0/0  mg 401 (m401dll)  coins/stars 0/0c 0/0c 0/0c 0/0c  aud 0.01 ms  696.8 fps
port> status f420     bootdll      board 0 turn 0/0  mg 401 (m401dll)  coins/stars 0/0c 0/0c 0/0c 0/0c  aud 0.01 ms  2416.0 fps
port> status f480     bootdll      board 0 turn 0/0  mg 401 (m401dll)  coins/stars 0/0c 0/0c 0/0c 0/0c  aud 0.01 ms  3731.8 fps
port> status f540     bootdll      board 0 turn 0/0  mg 401 (m401dll)  coins/stars 0/0c 0/0c 0/0c 0/0c  aud 0.01 ms  2734.1 fps
0
GroupSet 0
***********GroupSet Error 0
port> status f600     bootdll      board 0 turn 0/0  mg 401 (m401dll)  coins/stars 0/0c 0/0c 0/0c 0/0c  aud 0.01 ms  1452.7 fps
port> THP: movie/opmov_a00.thp skipped (--nomovies)
port> HuSprBegin: group 3 slot 0 names sprite 7, which is not a live sprite (data 0x0, attr 0010, data NULL) -- dropped [1/32]
port> HuSprBegin: audit: group 4 slot 0 sprite 8 bg 0x42764d0 fails counts -- drawn anyway [1/32]
port> HuSprBegin: audit: group 4 slot 0 sprite 8 bg 0x42764d0 fails counts -- drawn anyway [2/32]
port> HuSprBegin: audit: group 4 slot 0 sprite 8 bg 0x42764d0 fails counts -- drawn anyway [3/32]
port> HuSprBegin: audit: group 4 slot 0 sprite 8 bg 0x42764d0 fails counts -- drawn anyway [4/32]
port> HuSprBegin: audit: group 4 slot 0 sprite 8 bg 0x42764d0 fails counts -- drawn anyway [5/32]
port> HuSprBegin: audit: group 4 slot 0 sprite 8 bg 0x42764d0 fails counts -- drawn anyway [6/32]
port> HuSprBegin: audit: group 4 slot 0 sprite 8 bg 0x42764d0 fails counts -- drawn anyway [7/32]
port> HuSprBegin: audit: group 4 slot 0 sprite 8 bg 0x42764d0 fails counts -- drawn anyway [8/32]
port> HuSprBegin: audit: group 4 slot 0 sprite 8 bg 0x42764d0 fails counts -- drawn anyway [9/32]
port> HuSprBegin: audit: group 4 slot 0 sprite 8 bg 0x42764d0 fails counts -- drawn anyway [10/32]
port> HuSprBegin: audit: group 4 slot 0 sprite 8 bg 0x42764d0 fails counts -- drawn anyway [11/32]
port> HuSprBegin: audit: group 4 slot 0 sprite 8 bg 0x42764d0 fails counts -- drawn anyway [12/32]
port> HuSprBegin: audit: group 4 slot 0 sprite 8 bg 0x42764d0 fails counts -- drawn anyway [13/32]
port> HuSprBegin: audit: group 4 slot 0 sprite 8 bg 0x42764d0 fails counts -- drawn anyway [14/32]
port> HuSprBegin: audit: group 4 slot 0 sprite 8 bg 0x42764d0 fails counts -- drawn anyway [15/32]
port> HuSprBegin: audit: group 4 slot 0 sprite 8 bg 0x42764d0 fails counts -- drawn anyway [16/32]
port> HuSprBegin: audit: group 4 slot 0 sprite 8 bg 0x42764d0 fails counts -- drawn anyway [17/32]
port> HuSprBegin: audit: group 4 slot 0 sprite 8 bg 0x42764d0 fails counts -- drawn anyway [18/32]
port> HuSprBegin: audit: group 4 slot 0 sprite 8 bg 0x42764d0 fails counts -- drawn anyway [19/32]
port> HuSprBegin: audit: group 4 slot 0 sprite 8 bg 0x42764d0 fails counts -- drawn anyway [20/32]
port> HuSprBegin: audit: group 4 slot 0 sprite 8 bg 0x42764d0 fails counts -- drawn anyway [21/32]
port> HuSprBegin: audit: group 4 slot 0 sprite 8 bg 0x42764d0 fails counts -- drawn anyway [22/32]
port> HuSprBegin: audit: group 4 slot 0 sprite 8 bg 0x42764d0 fails counts -- drawn anyway [23/32]
port> HuSprBegin: audit: group 4 slot 0 sprite 8 bg 0x42764d0 fails counts -- drawn anyway [24/32]
port> HuSprBegin: audit: group 4 slot 0 sprite 8 bg 0x42764d0 fails counts -- drawn anyway [25/32]
port> HuSprBegin: audit: group 4 slot 0 sprite 8 bg 0x42764d0 fails counts -- drawn anyway [26/32]
port> HuSprBegin: audit: group 4 slot 0 sprite 8 bg 0x42764d0 fails counts -- drawn anyway [27/32]
port> HuSprBegin: audit: group 4 slot 0 sprite 8 bg 0x42764d0 fails counts -- drawn anyway [28/32]
port> HuSprBegin: audit: group 4 slot 0 sprite 8 bg 0x42764d0 fails counts -- drawn anyway [29/32]
port> HuSprBegin: audit: group 4 slot 0 sprite 8 bg 0x42764d0 fails counts -- drawn anyway [30/32]
port> HuSprBegin: audit: group 4 slot 0 sprite 8 bg 0x42764d0 fails counts -- drawn anyway [31/32]
port> HuSprBegin: audit: group 4 slot 0 sprite 8 bg 0x42764d0 fails counts -- drawn anyway [32/32]
port> status f660     bootdll      board 0 turn 0/0  mg 401 (m401dll)  coins/stars 0/0c 0/0c 0/0c 0/0c  aud 0.01 ms  1707.9 fps
port> status f720     bootdll      board 0 turn 0/0  mg 401 (m401dll)  coins/stars 0/0c 0/0c 0/0c 0/0c  aud 0.01 ms  2256.0 fps
>>>>>>>>MSM_SE_SEL_01 0
>>>>>>>>SE Num 0
port> audio: first non-silent sample at retrace 726 (12.03 s of mixed audio)
port> status f780     bootdll      board 0 turn 0/0  mg 401 (m401dll)  coins/stars 0/0c 0/0c 0/0c 0/0c  aud 0.05 ms  862.7 fps
port> status f840     bootdll      board 0 turn 0/0  mg 401 (m401dll)  coins/stars 0/0c 0/0c 0/0c 0/0c  aud 0.05 ms  995.3 fps
objman>Call New Ovl 74(1)
OvlKill 1
objdll>omDLLNumEnd 1 1
Search:dll/bootdll.rel
+++++++++++ Find0: dll/bootdll.rel
objdll>omDLLEnd 0 1
objdll>End DLL:dll/bootdll.rel
odjdll>Unlink DLL:dll/bootdll.rel
objdll>Unlink DLL epilog
objdll>Unlink DLL epilog finish
objdll>End DLL finish
port> frame 877: overlay -1 (next 74) event 0
objman>Destory ObjMan
++++++++++++++++++++ Start New OVL 74 (EVT:0 STAT:0x00000000) ++++++++++++++++++
======== HuMem heap dump 03b9c018 ========
MCB-----+Size----+MG+FL+Prev----+Next----+UNum----+Body----+Call----
03b9c018 0000a020 a5 01 03bc21d8 03ba6038 ffffff00 03b9c038 000088c4
03ba6038 000041c0 a5 01 03b9c018 03baa1f8 ffffff00 03ba6058 0003c558
03baa1f8 00017640 cd 00 03ba6038 03bc1838 ffffff00 03baa218 0003ce8c
03bc1838 00000100 a5 01 03baa1f8 03bc1938 ffffff00 03bc1858 000375dc
03bc1938 00000400 a5 01 03bc1838 03bc1d38 ffffff00 03bc1958 0003762c
03bc1d38 00000400 a5 01 03bc1938 03bc2138 ffffff00 03bc1d58 00037678
03bc2138 00000060 a5 01 03bc1d38 03bc2198 ffffff00 03bc2158 000376c4
03bc2198 00000040 a5 01 03bc2138 03bc21d8 ffffff00 03bc21b8 00037710
03bc21d8 00219e40 cd 00 03bc2198 03b9c018 ffffff00 03bc21f8 0003ce8c
MCB:9(7/2) MEM:00240000(0000eb80/00231480)
======== HuMem heap dump 03b9c018 end =====
======== HuMem heap dump 03f1c030 ========
MCB-----+Size----+MG+FL+Prev----+Next----+UNum----+Body----+Call----
03f1c030 00a80000 cd 00 03f1c030 03f1c030 ffffff00 03f1c050 00040064
MCB:1(0/1) MEM:00a80000(00000000/00a80000)
======== HuMem heap dump 03f1c030 end =====
======== HuMem heap dump 0499c03c ========
MCB-----+Size----+MG+FL+Prev----+Next----+UNum----+Body----+Call----
0499c03c 00580000 cd 00 0499c03c 0499c03c 10000000 0499c05c 0000ff14
MCB:1(0/1) MEM:00580000(00000000/00580000)
======== HuMem heap dump 0499c03c end =====
objman>Used Memory Size:0000eb80
objman>Used Memory Cnt:7
objman>Init esp
objman>Call objectsetup
############CharGrpSet
Del Group OK
SOUND ##########################
500
Timed Out! Mus 0:SE 1
GroupSet 0
***********GroupSet Error 0
Change AUX 0,1
##########################
DLLStart 74 0
Search:dll/modeseldll.rel
objdll>Link DLL:dll/modeseldll.rel
Rest Memory 580000
===== DLL Module Info dump ====
                   ID:0x00000001
             LinkPrev:0x00000000
             LinkNext:0x00000000
          Section num:15
Section info tbl ofst:0x00000048
           nameOffset:0x00000000
             nameSize:53
              version:0x00000002
===============================
==== DLL Module Header dump ====
          bss Size:0x000001ca
        rel Offset:0x0000d154
        imp Offset:0x0001664c
    prolog Section:1
    epilog Section:1
unresolved Section:0
       prolog func:0x00000000
       epilog func:0x00000054
   unresolved func:0x00000000
================================
objdll>LinkOK 03baa578 34700000
objdll> dll/modeseldll.rel prolog start
******* MS ObjectSetup *********
objman>InitObjMan start
objman>InitObjMan end
Rest Memory 5395a0
objdll> dll/modeseldll.rel prolog end
objman>ObjectSetup end
port> frame 879: overlay 74 (next -1) event 0
DLL DBG OUT
data num 630000
port> dvdheap: 1303268 bytes mode 1 num 10000000  caller 0x10fa8  caller2 0xeb4c
Rest Memory 441ce0
port> status f900     modeseldll   board 0 turn 0/0  mg 401 (m401dll)  coins/stars 0/0c 0/0c 0/0c 0/0c  aud 0.09 ms  411.9 fps
port> status f960     modeseldll   board 0 turn 0/0  mg 401 (m401dll)  coins/stars 0/0c 0/0c 0/0c 0/0c  aud 0.13 ms  957.8 fps
port> status f1020    modeseldll   board 0 turn 0/0  mg 401 (m401dll)  coins/stars 0/0c 0/0c 0/0c 0/0c  aud 0.19 ms  711.7 fps
port> status f1080    modeseldll   board 0 turn 0/0  mg 401 (m401dll)  coins/stars 0/0c 0/0c 0/0c 0/0c  aud 0.21 ms  659.9 fps
port> status f1140    modeseldll   board 0 turn 0/0  mg 401 (m401dll)  coins/stars 0/0c 0/0c 0/0c 0/0c  aud 0.21 ms  640.2 fps
port> status f1200    modeseldll   board 0 turn 0/0  mg 401 (m401dll)  coins/stars 0/0c 0/0c 0/0c 0/0c  aud 0.22 ms  616.0 fps
Init
port> status f1260    modeseldll   board 0 turn 0/0  mg 401 (m401dll)  coins/stars 0/0c 0/0c 0/0c 0/0c  aud 0.20 ms  638.2 fps
ARAM data num 86001f
port> status f1320    modeseldll   board 0 turn 0/0  mg 401 (m401dll)  coins/stars 0/0c 0/0c 0/0c 0/0c  aud 0.31 ms  457.6 fps
port> CARD: created "MARIPA4BOX0", 16384 bytes (2 blocks)
port> status f1380    modeseldll   board 0 turn 0/0  mg 401 (m401dll)  coins/stars 0/0c 0/0c 0/0c 0/0c  aud 0.25 ms  486.8 fps
port> CARD: image flush took 50 ms behind the game (open 13, write 9, rename 28; frame 1361)
port> THP: movie/opmov_s00.thp skipped (--nomovies)
port> HuSprBegin: group 1 slot 0 names sprite 12, which is not a live sprite (data 0x0, attr 0010, data NULL) -- dropped [2/32]
port> status f1440    modeseldll   board 0 turn 0/0  mg 401 (m401dll)  coins/stars 0/0c 0/0c 0/0c 0/0c  aud 0.19 ms  674.8 fps
port> status f1500    modeseldll   board 0 turn 0/0  mg 401 (m401dll)  coins/stars 0/0c 0/0c 0/0c 0/0c  aud 0.24 ms  570.4 fps
port> status f1560    modeseldll   board 0 turn 0/0  mg 401 (m401dll)  coins/stars 0/0c 0/0c 0/0c 0/0c  aud 0.19 ms  706.2 fps
port> status f1620    modeseldll   board 0 turn 0/0  mg 401 (m401dll)  coins/stars 0/0c 0/0c 0/0c 0/0c  aud 0.25 ms  535.7 fps
port> status f1680    modeseldll   board 0 turn 0/0  mg 401 (m401dll)  coins/stars 0/0c 0/0c 0/0c 0/0c  aud 0.22 ms  580.2 fps
port> status f1740    modeseldll   board 0 turn 0/0  mg 401 (m401dll)  coins/stars 0/0c 0/0c 0/0c 0/0c  aud 0.22 ms  551.1 fps
port> THP: movie/opmov_c00.thp skipped (--nomovies)
port> HuSprBegin: group 2 slot 0 names sprite 14, which is not a live sprite (data 0x0, attr 0010, data NULL) -- dropped [3/32]
port> status f1800    modeseldll   board 0 turn 0/0  mg 401 (m401dll)  coins/stars 0/0c 0/0c 0/0c 0/0c  aud 0.20 ms  604.9 fps
port> status f1860    modeseldll   board 0 turn 0/0  mg 401 (m401dll)  coins/stars 0/0c 0/0c 0/0c 0/0c  aud 0.01 ms  1152.9 fps
port> status f1920    modeseldll   board 0 turn 0/0  mg 401 (m401dll)  coins/stars 0/0c 0/0c 0/0c 0/0c  aud 0.01 ms  1147.7 fps
objman>Call New Ovl 70(1)
OvlKill 1
objdll>omDLLNumEnd 74 1
Search:dll/modeseldll.rel
+++++++++++ Find0: dll/modeseldll.rel
objdll>omDLLEnd 0 1
objdll>End DLL:dll/modeseldll.rel
odjdll>Unlink DLL:dll/modeseldll.rel
objdll>Unlink DLL epilog
objdll>Unlink DLL epilog finish
objdll>End DLL finish
port> frame 1960: overlay -1 (next 70) event 0
objman>Destory ObjMan
++++++++++++++++++++ Start New OVL 70 (EVT:0 STAT:0x00000000) ++++++++++++++++++
======== HuMem heap dump 03b9c018 ========
MCB-----+Size----+MG+FL+Prev----+Next----+UNum----+Body----+Call----
03b9c018 0000a020 a5 01 03bc21d8 03ba6038 ffffff00 03b9c038 000088c4
03ba6038 000041c0 a5 01 03b9c018 03baa1f8 ffffff00 03ba6058 0003c558
03baa1f8 00017640 cd 00 03ba6038 03bc1838 ffffff00 03baa218 0003879c
03bc1838 00000100 a5 01 03baa1f8 03bc1938 ffffff00 03bc1858 000375dc
03bc1938 00000400 a5 01 03bc1838 03bc1d38 ffffff00 03bc1958 0003762c
03bc1d38 00000400 a5 01 03bc1938 03bc2138 ffffff00 03bc1d58 00037678
03bc2138 00000060 a5 01 03bc1d38 03bc2198 ffffff00 03bc2158 000376c4
03bc2198 00000040 a5 01 03bc2138 03bc21d8 ffffff00 03bc21b8 00037710
03bc21d8 00219e40 cd 00 03bc2198 03b9c018 ffffff00 03bc21f8 0003ce8c
MCB:9(7/2) MEM:00240000(0000eb80/00231480)
======== HuMem heap dump 03b9c018 end =====
======== HuMem heap dump 03f1c030 ========
MCB-----+Size----+MG+FL+Prev----+Next----+UNum----+Body----+Call----
03f1c030 00a80000 cd 00 03f1c030 03f1c030 ffffff00 03f1c050 00039248
MCB:1(0/1) MEM:00a80000(00000000/00a80000)
======== HuMem heap dump 03f1c030 end =====
======== HuMem heap dump 0499c03c ========
MCB-----+Size----+MG+FL+Prev----+Next----+UNum----+Body----+Call----
0499c03c 00580000 cd 00 0499c03c 0499c03c 10000000 0499c05c 0000ff14
MCB:1(0/1) MEM:00580000(00000000/00580000)
======== HuMem heap dump 0499c03c end =====
objman>Used Memory Size:0000eb80
objman>Used Memory Cnt:7
objman>Init esp
objman>Call objectsetup
DLLStart 70 0
Search:dll/mentdll.rel
objdll>Link DLL:dll/mentdll.rel
Rest Memory 580000
===== DLL Module Info dump ====
                   ID:0x00000001
             LinkPrev:0x00000000
             LinkNext:0x00000000
          Section num:15
Section info tbl ofst:0x00000048
           nameOffset:0x00000000
             nameSize:47
              version:0x00000002
===============================
==== DLL Module Header dump ====
          bss Size:0x000036c4
        rel Offset:0x000246f8
        imp Offset:0x00036a90
    prolog Section:1
    epilog Section:1
unresolved Section:0
       prolog func:0x000000a4
       epilog func:0x000000f8
   unresolved func:0x00000000
================================
objdll>LinkOK 03bc21f8 34300000
objdll> dll/mentdll.rel prolog start
objman>InitObjMan start
objman>InitObjMan end
Rest Memory 5395a0
0
GroupSet 7
***********GroupSet Error 0
objdll> dll/mentdll.rel prolog end
objman>ObjectSetup end
port> frame 1961: overlay 70 (next -1) event 0
DLL DBG OUT
data num 600008
port> dvdheap: 4008196 bytes mode 1 num 10000000  caller 0x10fa8  caller2 0xeb4c
Rest Memory 1ad6c0
ARAM data num 120006
port> stall: frame 1962 took 117 ms (game 117 gx 0 present 0 aud 0) tex: 0 decoded (0 KB -> 0 KB) dec 0 up 0 hash 0 ms, 0 re-keyed; staged 0 (0 ms saved) claimed 0 unstaged 0; frees 21, dll 0 ms
port> status f1980    mentdll      board 5 turn 0/0  mg 401 (m401dll)  coins/stars 0/0c 0/0c 0/0c 0/0c  aud 0.01 ms  292.2 fps
########### ME_MainProcFunc000
port> status f2040    mentdll      board 5 turn 0/0  mg 401 (m401dll)  coins/stars 0/0c 0/0c 0/0c 0/0c  aud 0.01 ms  373.0 fps
port> status f2100    mentdll      board 5 turn 0/0  mg 401 (m401dll)  coins/stars 0/0c 0/0c 0/0c 0/0c  aud 0.05 ms  385.9 fps
port> status f2160    mentdll      board 5 turn 0/0  mg 401 (m401dll)  coins/stars 0/0c 0/0c 0/0c 0/0c  aud 0.05 ms  305.7 fps
port> status f2220    mentdll      board 5 turn 0/0  mg 401 (m401dll)  coins/stars 0/0c 0/0c 0/0c 0/0c  aud 0.05 ms  288.4 fps
port> status f2280    mentdll      board 5 turn 0/0  mg 401 (m401dll)  coins/stars 0/0c 0/0c 0/0c 0/0c  aud 0.05 ms  285.3 fps
port> status f2340    mentdll      board 5 turn 0/0  mg 401 (m401dll)  coins/stars 0/0c 0/0c 0/0c 0/0c  aud 0.05 ms  327.1 fps
port> status f2400    mentdll      board 5 turn 0/0  mg 401 (m401dll)  coins/stars 0/0c 0/0c 0/0c 0/0c  aud 0.05 ms  327.2 fps
port> status f2460    mentdll      board 5 turn 0/0  mg 401 (m401dll)  coins/stars 0/0c 0/0c 0/0c 0/0c  aud 0.12 ms  304.1 fps
port> status f2520    mentdll      board 5 turn 0/0  mg 401 (m401dll)  coins/stars 0/0c 0/0c 0/0c 0/0c  aud 0.36 ms  276.5 fps
port> status f2580    mentdll      board 5 turn 0/0  mg 401 (m401dll)  coins/stars 0/0c 0/0c 0/0c 0/0c  aud 0.27 ms  281.4 fps
port> status f2640    mentdll      board 5 turn 0/0  mg 401 (m401dll)  coins/stars 0/0c 0/0c 0/0c 0/0c  aud 0.37 ms  269.8 fps
port> status f2700    mentdll      board 5 turn 0/0  mg 401 (m401dll)  coins/stars 0/0c 0/0c 0/0c 0/0c  aud 0.14 ms  298.3 fps
port> status f2760    mentdll      board 5 turn 0/0  mg 401 (m401dll)  coins/stars 0/0c 0/0c 0/0c 0/0c  aud 0.29 ms  282.6 fps
port> status f2820    mentdll      board 5 turn 0/0  mg 401 (m401dll)  coins/stars 0/0c 0/0c 0/0c 0/0c  aud 0.16 ms  258.0 fps
port> status f2880    mentdll      board 5 turn 0/0  mg 401 (m401dll)  coins/stars 0/0c 0/0c 0/0c 0/0c  aud 0.20 ms  287.7 fps
port> status f2940    mentdll      board 5 turn 0/0  mg 401 (m401dll)  coins/stars 0/0c 0/0c 0/0c 0/0c  aud 0.17 ms  302.6 fps
port> status f3000    mentdll      board 5 turn 0/0  mg 401 (m401dll)  coins/stars 0/0c 0/0c 0/0c 0/0c  aud 0.31 ms  294.7 fps
port> status f3060    mentdll      board 5 turn 0/0  mg 401 (m401dll)  coins/stars 0/0c 0/0c 0/0c 0/0c  aud 0.32 ms  264.5 fps
port> status f3120    mentdll      board 5 turn 0/0  mg 401 (m401dll)  coins/stars 0/0c 0/0c 0/0c 0/0c  aud 0.25 ms  275.3 fps
port> status f3180    mentdll      board 5 turn 0/0  mg 401 (m401dll)  coins/stars 0/0c 0/0c 0/0c 0/0c  aud 0.30 ms  258.8 fps
port> status f3240    mentdll      board 5 turn 0/0  mg 401 (m401dll)  coins/stars 0/0c 0/0c 0/0c 0/0c  aud 0.30 ms  243.2 fps
port> status f3300    mentdll      board 5 turn 0/0  mg 401 (m401dll)  coins/stars 0/0c 0/0c 0/0c 0/0c  aud 0.34 ms  267.8 fps
port> status f3360    mentdll      board 5 turn 0/0  mg 401 (m401dll)  coins/stars 0/0c 0/0c 0/0c 0/0c  aud 0.18 ms  253.2 fps
port> status f3420    mentdll      board 5 turn 0/0  mg 401 (m401dll)  coins/stars 0/0c 0/0c 0/0c 0/0c  aud 0.33 ms  245.4 fps
port> status f3480    mentdll      board 5 turn 0/0  mg 401 (m401dll)  coins/stars 0/0c 0/0c 0/0c 0/0c  aud 0.37 ms  236.7 fps
port> status f3540    mentdll      board 5 turn 0/0  mg 401 (m401dll)  coins/stars 0/0c 0/0c 0/0c 0/0c  aud 0.30 ms  257.6 fps
port> status f3600    mentdll      board 5 turn 0/0  mg 401 (m401dll)  coins/stars 0/0c 0/0c 0/0c 0/0c  aud 0.25 ms  284.7 fps
port> status f3660    mentdll      board 5 turn 0/0  mg 401 (m401dll)  coins/stars 0/0c 0/0c 0/0c 0/0c  aud 0.18 ms  296.2 fps
port> status f3720    mentdll      board 5 turn 0/0  mg 401 (m401dll)  coins/stars 0/0c 0/0c 0/0c 0/0c  aud 0.30 ms  285.6 fps
port> status f3780    mentdll      board 5 turn 0/0  mg 401 (m401dll)  coins/stars 0/0c 0/0c 0/0c 0/0c  aud 0.31 ms  246.9 fps
port> status f3840    mentdll      board 5 turn 0/0  mg 401 (m401dll)  coins/stars 0/0c 0/0c 0/0c 0/0c  aud 0.36 ms  265.1 fps
port> status f3900    mentdll      board 5 turn 0/0  mg 401 (m401dll)  coins/stars 0/0c 0/0c 0/0c 0/0c  aud 0.22 ms  296.0 fps
port> status f3960    mentdll      board 5 turn 0/0  mg 401 (m401dll)  coins/stars 0/0c 0/0c 0/0c 0/0c  aud 0.22 ms  285.3 fps
port> status f4020    mentdll      board 5 turn 0/0  mg 401 (m401dll)  coins/stars 0/0c 0/0c 0/0c 0/0c  aud 0.22 ms  288.9 fps
port> status f4080    mentdll      board 5 turn 0/0  mg 401 (m401dll)  coins/stars 0/0c 0/0c 0/0c 0/0c  aud 0.14 ms  295.7 fps
port> status f4140    mentdll      board 5 turn 0/0  mg 401 (m401dll)  coins/stars 0/0c 0/0c 0/0c 0/0c  aud 0.18 ms  294.1 fps
port> status f4200    mentdll      board 5 turn 0/0  mg 401 (m401dll)  coins/stars 0/0c 0/0c 0/0c 0/0c  aud 0.26 ms  281.4 fps
port> status f4260    mentdll      board 5 turn 0/0  mg 401 (m401dll)  coins/stars 0/0c 0/0c 0/0c 0/0c  aud 0.35 ms  245.8 fps
port> status f4320    mentdll      board 5 turn 0/0  mg 401 (m401dll)  coins/stars 0/0c 0/0c 0/0c 0/0c  aud 0.25 ms  256.7 fps
port> status f4380    mentdll      board 5 turn 0/0  mg 401 (m401dll)  coins/stars 0/0c 0/0c 0/0c 0/0c  aud 0.29 ms  244.1 fps
port> status f4440    mentdll      board 5 turn 0/0  mg 401 (m401dll)  coins/stars 0/0c 0/0c 0/0c 0/0c  aud 0.29 ms  251.8 fps
port> status f4500    mentdll      board 5 turn 0/0  mg 401 (m401dll)  coins/stars 0/0c 0/0c 0/0c 0/0c  aud 0.37 ms  240.8 fps
port> status f4560    mentdll      board 5 turn 0/0  mg 401 (m401dll)  coins/stars 0/0c 0/0c 0/0c 0/0c  aud 0.23 ms  259.7 fps
port> status f4620    mentdll      board 5 turn 0/0  mg 401 (m401dll)  coins/stars 0/0c 0/0c 0/0c 0/0c  aud 0.27 ms  275.0 fps
port> status f4680    mentdll      board 5 turn 0/0  mg 401 (m401dll)  coins/stars 0/0c 0/0c 0/0c 0/0c  aud 0.37 ms  270.9 fps
port> --board: mentdll BoardSaveInit(0) -> 5 (w06dll), board 1 of the run
port> status f4740    mentdll      board 5 turn 1/20  mg 401 (m401dll)  coins/stars 0/0c 0/0c 0/0c 0/0c  aud 0.33 ms  272.9 fps
port> dvdheap: 1615946 bytes mode 0 num 0  caller 0xf224  caller2 0x34303aa0
Rest Memory 3f5780
port> dvdheap: 1319880 bytes mode 0 num 0  caller 0xf224  caller2 0x34303b68
Rest Memory 43dc00
port> status f4800    mentdll      board 5 turn 1/20  mg 401 (m401dll)  coins/stars 0/0c 0/0c 0/0c 0/0c  aud 0.23 ms  301.0 fps
port> status f4860    mentdll      board 5 turn 1/20  mg 401 (m401dll)  coins/stars 0/0c 0/0c 0/0c 0/0c  aud 0.20 ms  335.4 fps
port> status f4920    mentdll      board 5 turn 1/20  mg 401 (m401dll)  coins/stars 0/0c 0/0c 0/0c 0/0c  aud 0.25 ms  335.4 fps
port> status f4980    mentdll      board 5 turn 1/20  mg 401 (m401dll)  coins/stars 0/0c 0/0c 0/0c 0/0c  aud 0.35 ms  317.1 fps
port> status f5040    mentdll      board 5 turn 1/20  mg 401 (m401dll)  coins/stars 0/0c 0/0c 0/0c 0/0c  aud 0.35 ms  302.2 fps
port> status f5100    mentdll      board 5 turn 1/20  mg 401 (m401dll)  coins/stars 0/0c 0/0c 0/0c 0/0c  aud 0.20 ms  339.7 fps
port> dvdheap: 1301598 bytes mode 0 num 0  caller 0x10f10  caller2 0xef70
Rest Memory 2fff80
ARAM Trans a4cf40
port> dvdheap: 1336948 bytes mode 0 num 0  caller 0x10f10  caller2 0xef70
Rest Memory 2f7560
ARAM Trans b8aba0
port> dvdheap: 1260022 bytes mode 0 num 0  caller 0x10f10  caller2 0xef70
Rest Memory 30a1e0
ARAM Trans cd1220
port> dvdheap: 1413496 bytes mode 0 num 0  caller 0x10f10  caller2 0xef70
Rest Memory 2e4a60
ARAM Trans e04c20
objman>Call New Ovl 94(1)
OvlKill 1
objdll>omDLLNumEnd 70 1
Search:dll/mentdll.rel
+++++++++++ Find0: dll/mentdll.rel
objdll>omDLLEnd 0 1
objdll>End DLL:dll/mentdll.rel
odjdll>Unlink DLL:dll/mentdll.rel
objdll>Unlink DLL epilog
objdll>Unlink DLL epilog finish
objdll>End DLL finish
port> frame 5101: overlay -1 (next 94) event 0
objman>Destory ObjMan
++++++++++++++++++++ Start New OVL 94 (EVT:0 STAT:0x00000000) ++++++++++++++++++
======== HuMem heap dump 03b9c018 ========
MCB-----+Size----+MG+FL+Prev----+Next----+UNum----+Body----+Call----
03b9c018 0000a020 a5 01 03c8f178 03ba6038 ffffff00 03b9c038 000088c4
03ba6038 000041c0 a5 01 03b9c018 03baa1f8 ffffff00 03ba6058 0003c558
03baa1f8 00016c80 cd 00 03ba6038 03bc0e78 ffffff00 03baa218 0003ce8c
03bc0e78 00000260 a5 01 03baa1f8 03bc10d8 ffffff00 03bc0e98 000090d8
03bc10d8 00000260 a5 01 03bc0e78 03bc1338 ffffff00 03bc10f8 000090d8
03bc1338 000002c0 a5 01 03bc10d8 03bc15f8 ffffff00 03bc1358 000090d8
03bc15f8 00000240 cd 00 03bc1338 03bc1838 10000000 03bc1618 00039228
03bc1838 00000100 a5 01 03bc15f8 03bc1938 ffffff00 03bc1858 000375dc
03bc1938 00000400 a5 01 03bc1838 03bc1d38 ffffff00 03bc1958 0003762c
03bc1d38 00000400 a5 01 03bc1938 03bc2138 ffffff00 03bc1d58 00037678
03bc2138 00000060 a5 01 03bc1d38 03bc2198 ffffff00 03bc2158 000376c4
03bc2198 00000040 a5 01 03bc2138 03bc21d8 ffffff00 03bc21b8 00037710
03bc21d8 000befc0 cd 00 03bc2198 03c81198 ffffff00 03bc21f8 0003ce8c
03c81198 00002100 a5 01 03bc21d8 03c83298 ffffff00 03c811b8 000090d8
03c83298 00000f80 a5 01 03c81198 03c84218 ffffff00 03c832b8 000090d8
03c84218 000041c0 a5 01 03c83298 03c883d8 ffffff00 03c84238 000090d8
03c883d8 000041c0 a5 01 03c84218 03c8c598 ffffff00 03c883f8 000090d8
03c8c598 00002be0 a5 01 03c883d8 03c8f178 ffffff00 03c8c5b8 000090d8
03c8f178 0014cea0 cd 00 03c8c598 03b9c018 ffffff00 03c8f198 0003ce8c
MCB:19(15/4) MEM:00240000(0001d2e0/00222d20)
======== HuMem heap dump 03b9c018 end =====
======== HuMem heap dump 03f1c030 ========
MCB-----+Size----+MG+FL+Prev----+Next----+UNum----+Body----+Call----
03f1c030 00a80000 cd 00 03f1c030 03f1c030 ffffff00 03f1c050 00040064
MCB:1(0/1) MEM:00a80000(00000000/00a80000)
======== HuMem heap dump 03f1c030 end =====
======== HuMem heap dump 0499c03c ========
MCB-----+Size----+MG+FL+Prev----+Next----+UNum----+Body----+Call----
0499c03c 00142400 a5 01 04ade43c 04ade43c ffffff00 0499c05c 00010b1c
04ade43c 0043dc00 cd 00 0499c03c 0499c03c ffffff00 04ade45c 0000ff14
MCB:2(1/1) MEM:00580000(00142400/0043dc00)
======== HuMem heap dump 0499c03c end =====
objman>Used Memory Size:0001d2e0
objman>Used Memory Cnt:15
objman>Init esp
objman>Call objectsetup
SOUND ##########################
0
GroupSet 14
***********GroupSet Error 0
##########################
DLLStart 94 0
Search:dll/w06dll.rel
objdll>Link DLL:dll/w06dll.rel
Rest Memory 43dc00
===== DLL Module Info dump ====
                   ID:0x00000001
             LinkPrev:0x00000000
             LinkNext:0x00000000
          Section num:15
Section info tbl ofst:0x00000048
           nameOffset:0x00000000
             nameSize:45
              version:0x00000002
===============================
==== DLL Module Header dump ====
          bss Size:0x000000f5
        rel Offset:0x0000d989
        imp Offset:0x00015da9
    prolog Section:1
    epilog Section:1
unresolved Section:0
       prolog func:0x00000030
       epilog func:0x00000094
   unresolved func:0x00000000
================================
objdll>LinkOK 03baa578 35b00000
objdll> dll/w06dll.rel prolog start
objman>InitObjMan start
objman>InitObjMan end
objdll> dll/w06dll.rel prolog end
objman>ObjectSetup end
port> frame 5102: overlay 94 (next -1) event 0
DLL DBG OUT
Rest Memory 3983a0
Rest Memory 351940
data num 5e0000
Rest Memory 33ae80
ARAM data num 120006
data num 190000
Rest Memory 33fac0
data num 6c0000
Rest Memory 31fe00
data num 890000
Rest Memory 337840
ARAM data num 7001d
port> stall: frame 5104 took 304 ms (game 304 gx 0 present 0 aud 0) tex: 0 decoded (0 KB -> 0 KB) dec 0 up 0 hash 0 ms, 0 re-keyed; staged 0 (0 ms saved) claimed 0 unstaged 0; frees 85, dll 0 ms
data num 30007
Rest Memory 185180
//////////////////////////////////
sndDist 6600.000000
sndSpeed 36000.000000
startDis 0.000000
frontSurDis 1650.000000
backSurDis 1650.000000
//////////////////////////////////
data num 50000
Rest Memory 153cc0
data num 90000
Rest Memory 15f480
port> status f5160    w06dll       board 5 turn 1/20  mg 65936 ((none))  coins/stars 0/0c 0/0c 0/0c 0/0c  aud 0.05 ms  100.8 fps
port> status f5220    w06dll       board 5 turn 1/20  mg 65936 ((none))  coins/stars 0/0c 0/0c 0/0c 0/0c  aud 0.09 ms  259.7 fps
port> status f5280    w06dll       board 5 turn 1/20  mg 65936 ((none))  coins/stars 0/0c 0/0c 0/0c 0/0c  aud 0.09 ms  247.9 fps
port> status f5340    w06dll       board 5 turn 1/20  mg 65936 ((none))  coins/stars 0/0c 0/0c 0/0c 0/0c  aud 0.08 ms  271.7 fps
port> status f5400    w06dll       board 5 turn 1/20  mg 65936 ((none))  coins/stars 0/0c 0/0c 0/0c 0/0c  aud 0.06 ms  264.1 fps
port> status f5460    w06dll       board 5 turn 1/20  mg 65936 ((none))  coins/stars 0/0c 0/0c 0/0c 0/0c  aud 0.06 ms  264.8 fps
port> status f5520    w06dll       board 5 turn 1/20  mg 65936 ((none))  coins/stars 0/0c 0/0c 0/0c 0/0c  aud 0.06 ms  269.6 fps
port> status f5580    w06dll       board 5 turn 1/20  mg 65936 ((none))  coins/stars 0/0c 0/0c 0/0c 0/0c  aud 0.06 ms  275.2 fps
port> status f5640    w06dll       board 5 turn 1/20  mg 65936 ((none))  coins/stars 0/0c 0/0c 0/0c 0/0c  aud 0.06 ms  304.3 fps
port> status f5700    w06dll       board 5 turn 1/20  mg 65936 ((none))  coins/stars 0/0c 0/0c 0/0c 0/0c  aud 0.06 ms  342.6 fps
port> status f5760    w06dll       board 5 turn 1/20  mg 65936 ((none))  coins/stars 0/0c 0/0c 0/0c 0/0c  aud 0.07 ms  387.9 fps
port> status f5820    w06dll       board 5 turn 1/20  mg 65936 ((none))  coins/stars 0/0c 0/0c 0/0c 0/0c  aud 0.07 ms  388.7 fps
port> status f5880    w06dll       board 5 turn 1/20  mg 65936 ((none))  coins/stars 0/0c 0/0c 0/0c 0/0c  aud 0.18 ms  236.0 fps
port> status f5940    w06dll       board 5 turn 1/20  mg 65936 ((none))  coins/stars 0/0c 0/0c 0/0c 0/0c  aud 0.34 ms  192.4 fps
port> status f6000    w06dll       board 5 turn 1/20  mg 65936 ((none))  coins/stars 0/0c 0/0c 0/0c 0/0c  aud 0.32 ms  195.8 fps
port> status f6060    w06dll       board 5 turn 1/20  mg 65936 ((none))  coins/stars 0/0c 0/0c 0/0c 0/0c  aud 0.27 ms  200.5 fps
port> status f6120    w06dll       board 5 turn 1/20  mg 65936 ((none))  coins/stars 0/0c 0/0c 0/0c 0/0c  aud 0.29 ms  213.7 fps
port> status f6180    w06dll       board 5 turn 1/20  mg 65936 ((none))  coins/stars 0/0c 0/0c 0/0c 0/0c  aud 0.30 ms  197.5 fps
port> status f6240    w06dll       board 5 turn 1/20  mg 65936 ((none))  coins/stars 0/0c 0/0c 0/0c 0/0c  aud 0.28 ms  211.1 fps
#########SE Entry Error<SE 770:ErrorNo -33>
#########SE Entry Error<SE 770:ErrorNo -33>
#########SE Entry Error<SE 770:ErrorNo -33>
port> status f6300    w06dll       board 5 turn 1/20  mg 65936 ((none))  coins/stars 0/0c 0/0c 0/0c 0/0c  aud 0.28 ms  198.9 fps
port> status f6360    w06dll       board 5 turn 1/20  mg 65936 ((none))  coins/stars 0/0c 0/0c 0/0c 0/0c  aud 0.34 ms  198.7 fps
#########SE Entry Error<SE 771:ErrorNo -33>
port> status f6420    w06dll       board 5 turn 1/20  mg 65936 ((none))  coins/stars 0/0c 0/0c 0/0c 0/0c  aud 0.36 ms  184.9 fps
port> status f6480    w06dll       board 5 turn 1/20  mg 65936 ((none))  coins/stars 0/0c 0/0c 0/0c 0/0c  aud 0.28 ms  179.3 fps
port> status f6540    w06dll       board 5 turn 1/20  mg 65936 ((none))  coins/stars 0/0c 0/0c 0/0c 0/0c  aud 0.23 ms  194.7 fps
port> status f6600    w06dll       board 5 turn 1/20  mg 65936 ((none))  coins/stars 0/0c 0/0c 0/0c 0/0c  aud 0.25 ms  199.5 fps
port> status f6660    w06dll       board 5 turn 1/20  mg 65936 ((none))  coins/stars 0/0c 0/0c 0/0c 0/0c  aud 0.34 ms  196.5 fps
port> status f6720    w06dll       board 5 turn 1/20  mg 65936 ((none))  coins/stars 0/0c 0/0c 0/0c 0/0c  aud 0.30 ms  196.3 fps
port> status f6780    w06dll       board 5 turn 1/20  mg 65936 ((none))  coins/stars 0/0c 0/0c 0/0c 0/0c  aud 0.31 ms  204.8 fps
port> status f6840    w06dll       board 5 turn 1/20  mg 65936 ((none))  coins/stars 0/0c 0/0c 0/0c 0/0c  aud 0.29 ms  207.2 fps
port> status f6900    w06dll       board 5 turn 1/20  mg 65936 ((none))  coins/stars 0/0c 0/0c 0/0c 0/0c  aud 0.35 ms  186.7 fps
port> status f6960    w06dll       board 5 turn 1/20  mg 65936 ((none))  coins/stars 0/0c 0/0c 0/0c 0/0c  aud 0.31 ms  205.3 fps
port> status f7020    w06dll       board 5 turn 1/20  mg 65936 ((none))  coins/stars 0/0c 0/0c 0/0c 0/0c  aud 0.29 ms  205.2 fps
port> status f7080    w06dll       board 5 turn 1/20  mg 65936 ((none))  coins/stars 0/0c 0/0c 0/0c 0/0c  aud 0.31 ms  199.6 fps
port> status f7140    w06dll       board 5 turn 1/20  mg 65936 ((none))  coins/stars 0/0c 0/0c 0/0c 0/0c  aud 0.32 ms  220.7 fps
port> status f7200    w06dll       board 5 turn 1/20  mg 65936 ((none))  coins/stars 0/0c 0/0c 0/0c 0/0c  aud 0.23 ms  204.6 fps
port> status f7260    w06dll       board 5 turn 1/20  mg 65936 ((none))  coins/stars 0/0c 0/0c 0/0c 0/0c  aud 0.25 ms  202.5 fps
port> status f7320    w06dll       board 5 turn 1/20  mg 65936 ((none))  coins/stars 4/0c 4/0c 4/0c 4/0c  aud 0.33 ms  202.3 fps
port> status f7380    w06dll       board 5 turn 1/20  mg 65936 ((none))  coins/stars 10/0c 10/0c 10/0c 10/0c  aud 0.33 ms  194.5 fps
port> status f7440    w06dll       board 5 turn 1/20  mg 65936 ((none))  coins/stars 10/0c 10/0c 10/0c 10/0c  aud 0.33 ms  191.6 fps
port> status f7500    w06dll       board 5 turn 1/20  mg 65936 ((none))  coins/stars 10/0c 10/0c 10/0c 10/0c  aud 0.28 ms  194.4 fps
port> status f7560    w06dll       board 5 turn 1/20  mg 65936 ((none))  coins/stars 10/0c 10/0c 10/0c 10/0c  aud 0.29 ms  197.8 fps
port> status f7620    w06dll       board 5 turn 1/20  mg 65936 ((none))  coins/stars 10/0c 10/0c 10/0c 10/0c  aud 0.28 ms  199.5 fps
port> status f7680    w06dll       board 5 turn 1/20  mg 65936 ((none))  coins/stars 10/0c 10/0c 10/0c 10/0c  aud 0.29 ms  201.6 fps
port> status f7740    w06dll       board 5 turn 1/20  mg 65936 ((none))  coins/stars 10/0c 10/0c 10/0c 10/0c  aud 0.32 ms  213.9 fps
port> status f7800    w06dll       board 5 turn 1/20  mg 65936 ((none))  coins/stars 10/0c 10/0c 10/0c 10/0c  aud 0.35 ms  205.7 fps
port> ffto: reached frame 7808 in 26.8 s (7805 frames, 291.8 fps, drawing back on at frame 7807)
port> stall: frame 7806 took 103 ms (game 5 gx 0 present 97 aud 0) tex: 0 decoded (0 KB -> 0 KB) dec 0 up 0 hash 0 ms, 0 re-keyed; staged 0 (0 ms saved) claimed 0 unstaged 0; frees 1, dll 0 ms
port> lazy flush: off; premerge: off (max 0 vertices an object) -- both measured and off by default, PLAN.md 37
port> matrix palette: off (opt-in: --palette; PLAN.md 33.2)
port> stall: frame 7807 took 284 ms (game 16 gx 266 present 1 aud 0) tex: 123 decoded (1009 KB -> 5423 KB) dec 77 up 32 hash 7 ms, 0 re-keyed; staged 0 (0 ms saved) claimed 0 unstaged 0; frees 1, dll 0 ms
port> status f7860    w06dll       board 5 turn 1/20  mg 65936 ((none))  coins/stars 10/0c 10/0c 10/0c 10/0c  aud 0.30 ms  speed 83%  10.4 fps presented  tex 131/7258 KB  rss 202 MB  res 111/256 MB  cpu 2  rt 13.2 ms dec 4.7+0.0  machine ok  ur 0
port> status f7920    w06dll       board 5 turn 1/20  mg 65936 ((none))  coins/stars 10/0c 10/0c 10/0c 10/0c  aud 0.28 ms  speed 100%  29.9 fps presented  tex 137/7372 KB  rss 202 MB  res 111/256 MB  cpu 2  rt 13.1 ms dec 5.5+0.0  machine ok  ur 0
port> status f7980    w06dll       board 5 turn 1/20  mg 65936 ((none))  coins/stars 10/0c 10/0c 10/0c 10/0c  aud 0.31 ms  speed 100%  30.0 fps presented  tex 140/7452 KB  rss 202 MB  res 111/256 MB  cpu 2  rt 11.3 ms dec 4.0+0.0  machine ok  ur 0
port> status f8040    w06dll       board 5 turn 1/20  mg 65936 ((none))  coins/stars 10/0c 10/0c 10/0c 10/0c  aud 0.28 ms  speed 100%  30.0 fps presented  tex 141/7468 KB  rss 203 MB  res 111/256 MB  cpu 2  rt 12.0 ms dec 4.0+0.0  machine ok  ur 0
port> status f8100    w06dll       board 5 turn 1/20  mg 65936 ((none))  coins/stars 10/0c 10/0c 10/0c 10/0c  aud 0.27 ms  speed 100%  30.0 fps presented  tex 141/7468 KB  rss 203 MB  res 111/256 MB  cpu 2  rt 13.8 ms dec 4.3+0.0  machine ok  ur 0
port> status f8160    w06dll       board 5 turn 1/20  mg 65936 ((none))  coins/stars 10/0c 10/0c 10/0c 10/0c  aud 0.29 ms  speed 100%  30.0 fps presented  tex 141/7468 KB  rss 203 MB  res 111/256 MB  cpu 2  rt 12.4 ms dec 4.7+0.0  machine ok  ur 0
port> status f8220    w06dll       board 5 turn 1/20  mg 65936 ((none))  coins/stars 10/0c 10/0c 10/0c 10/0c  aud 0.30 ms  speed 100%  30.0 fps presented  tex 145/7772 KB  rss 203 MB  res 111/256 MB  cpu 2  rt 14.5 ms dec 6.5+0.0  machine ok  ur 0
port> status f8280    w06dll       board 5 turn 1/20  mg 65936 ((none))  coins/stars 10/0c 10/0c 10/0c 10/0c  aud 0.31 ms  speed 100%  27.0 fps presented  tex 161/9272 KB  rss 205 MB  res 111/256 MB  cpu 2  rt 17.0 ms dec 9.4+0.0  machine ok  ur 0
port> status f8340    w06dll       board 5 turn 1/20  mg 65936 ((none))  coins/stars 10/0c 10/0c 10/0c 10/0c  aud 0.27 ms  speed 100%  30.0 fps presented  tex 161/9272 KB  rss 206 MB  res 111/256 MB  cpu 2  rt 16.5 ms dec 9.0+0.0  machine ok  ur 0
port> status f8400    w06dll       board 5 turn 1/20  mg 65936 ((none))  coins/stars 10/0c 10/0c 10/0c 10/0c  aud 0.22 ms  speed 100%  28.8 fps presented  tex 171/9636 KB  rss 206 MB  res 111/256 MB  cpu 2  rt 17.0 ms dec 8.3+0.0  machine ok  ur 0
port> status f8460    w06dll       board 5 turn 1/20  mg 65936 ((none))  coins/stars 10/0c 10/0c 10/0c 10/0c  aud 0.39 ms  speed 100%  30.0 fps presented  tex 178/9732 KB  rss 206 MB  res 111/256 MB  cpu 2  rt 14.3 ms dec 8.4+0.0  machine ok  ur 0
port> status f8520    w06dll       board 5 turn 1/20  mg 65936 ((none))  coins/stars 10/0c 10/0c 10/0c 10/0c  aud 0.33 ms  speed 100%  29.8 fps presented  tex 181/9993 KB  rss 207 MB  res 111/256 MB  cpu 2  rt 14.3 ms dec 4.4+1.6  machine ok  ur 0
port> status f8580    w06dll       board 5 turn 1/20  mg 65936 ((none))  coins/stars 10/0c 10/0c 10/0c 10/0c  aud 0.29 ms  speed 100%  30.1 fps presented  tex 183/10253 KB  rss 207 MB  res 111/256 MB  cpu 2  rt 16.9 ms dec 9.1+0.0  machine ok  ur 0
port> status f8640    w06dll       board 5 turn 1/20  mg 65936 ((none))  coins/stars 10/0c 10/0c 10/0c 10/0c  aud 0.36 ms  speed 100%  30.1 fps presented  tex 184/10269 KB  rss 207 MB  res 111/256 MB  cpu 2  rt 15.4 ms dec 7.6+0.0  machine ok  ur 0
port> status f8700    w06dll       board 5 turn 1/20  mg 65936 ((none))  coins/stars 10/0c 10/0c 10/0c 10/0c  aud 0.31 ms  speed 100%  30.0 fps presented  tex 187/10317 KB  rss 207 MB  res 111/256 MB  cpu 2  rt 16.4 ms dec 4.7+0.0  machine ok  ur 0
port> status f8760    w06dll       board 5 turn 1/20  mg 65936 ((none))  coins/stars 12/0c 10/0c 10/0c 10/0c  aud 0.35 ms  speed 100%  30.0 fps presented  tex 193/10407 KB  rss 207 MB  res 111/256 MB  cpu 2  rt 17.3 ms dec 4.5+0.0  machine ok  ur 0
port> status f8820    w06dll       board 5 turn 1/20  mg 65936 ((none))  coins/stars 13/0c 10/0c 10/0c 10/0c  aud 0.40 ms  speed 100%  30.0 fps presented  tex 193/10407 KB  rss 207 MB  res 111/256 MB  cpu 2  rt 16.4 ms dec 4.6+0.0  machine ok  ur 0
port> status f8880    w06dll       board 5 turn 1/20  mg 65936 ((none))  coins/stars 13/0c 10/0c 10/0c 10/0c  aud 0.37 ms  speed 100%  29.0 fps presented  tex 194/12455 KB  rss 207 MB  res 111/256 MB  cpu 2  rt 16.2 ms dec 7.4+0.0  machine ok  ur 0
port> status f8940    w06dll       board 5 turn 1/20  mg 65936 ((none))  coins/stars 13/0c 10/0c 10/0c 10/0c  aud 0.45 ms  speed 100%  30.0 fps presented  tex 194/12455 KB  rss 208 MB  res 111/256 MB  cpu 2  rt 15.3 ms dec 7.4+0.0  machine ok  ur 0
port> status f9000    w06dll       board 5 turn 1/20  mg 65936 ((none))  coins/stars 13/0c 10/0c 10/0c 10/0c  aud 0.33 ms  speed 100%  30.0 fps presented  tex 194/12455 KB  rss 208 MB  res 111/256 MB  cpu 2  rt 16.2 ms dec 7.9+0.0  machine ok  ur 0
port> status f9060    w06dll       board 5 turn 1/20  mg 65936 ((none))  coins/stars 13/0c 10/0c 10/0c 10/0c  aud 0.31 ms  speed 100%  30.0 fps presented  tex 194/12455 KB  rss 208 MB  res 111/256 MB  cpu 2  rt 15.2 ms dec 7.6+0.0  machine ok  ur 0
port> status f9120    w06dll       board 5 turn 1/20  mg 65936 ((none))  coins/stars 13/0c 10/0c 10/0c 10/0c  aud 0.35 ms  speed 100%  30.0 fps presented  tex 194/12455 KB  rss 208 MB  res 111/256 MB  cpu 2  rt 15.7 ms dec 7.4+0.0  machine ok  ur 0
port> status f9180    w06dll       board 5 turn 1/20  mg 65936 ((none))  coins/stars 13/0c 10/0c 10/0c 10/0c  aud 0.39 ms  speed 100%  30.0 fps presented  tex 194/12455 KB  rss 208 MB  res 111/256 MB  cpu 2  rt 14.7 ms dec 7.1+0.0  machine ok  ur 0
port> status f9240    w06dll       board 5 turn 1/20  mg 65936 ((none))  coins/stars 13/0c 11/0c 10/0c 10/0c  aud 0.29 ms  speed 100%  30.0 fps presented  tex 194/12455 KB  rss 208 MB  res 111/256 MB  cpu 2  rt 15.6 ms dec 5.4+0.0  machine ok  ur 0
port> status f9300    w06dll       board 5 turn 1/20  mg 65936 ((none))  coins/stars 13/0c 13/0c 10/0c 10/0c  aud 0.34 ms  speed 100%  30.0 fps presented  tex 194/12455 KB  rss 208 MB  res 111/256 MB  cpu 2  rt 13.2 ms dec 5.6+0.0  machine ok  ur 0
port> status f9360    w06dll       board 5 turn 1/20  mg 65936 ((none))  coins/stars 13/0c 13/0c 10/0c 10/0c  aud 0.30 ms  speed 100%  30.0 fps presented  tex 194/12455 KB  rss 208 MB  res 111/256 MB  cpu 2  rt 14.9 ms dec 6.1+0.0  machine ok  ur 0
port> status f9420    w06dll       board 5 turn 1/20  mg 65936 ((none))  coins/stars 13/0c 13/0c 10/0c 10/0c  aud 0.36 ms  speed 100%  30.0 fps presented  tex 194/12455 KB  rss 208 MB  res 111/256 MB  cpu 2  rt 15.1 ms dec 6.1+0.0  machine ok  ur 0
port> status f9480    w06dll       board 5 turn 1/20  mg 65936 ((none))  coins/stars 13/0c 13/0c 10/0c 10/0c  aud 0.35 ms  speed 100%  30.0 fps presented  tex 195/12471 KB  rss 208 MB  res 111/256 MB  cpu 2  rt 16.1 ms dec 6.3+0.0  machine ok  ur 0
port> status f9540    w06dll       board 5 turn 1/20  mg 65936 ((none))  coins/stars 13/0c 13/0c 10/0c 10/0c  aud 0.34 ms  speed 100%  30.0 fps presented  tex 195/12471 KB  rss 208 MB  res 111/256 MB  cpu 2  rt 16.2 ms dec 6.5+0.0  machine ok  ur 0
port> status f9600    w06dll       board 5 turn 1/20  mg 65936 ((none))  coins/stars 13/0c 13/0c 10/0c 10/0c  aud 0.36 ms  speed 100%  30.0 fps presented  tex 195/12471 KB  rss 208 MB  res 111/256 MB  cpu 2  rt 16.4 ms dec 6.5+0.0  machine ok  ur 0
port> status f9660    w06dll       board 5 turn 1/20  mg 65936 ((none))  coins/stars 13/0c 13/0c 10/0c 10/0c  aud 0.36 ms  speed 100%  30.0 fps presented  tex 195/12471 KB  rss 208 MB  res 111/256 MB  cpu 2  rt 16.6 ms dec 8.4+0.0  machine ok  ur 0
port> status f9720    w06dll       board 5 turn 1/20  mg 65936 ((none))  coins/stars 13/0c 13/0c 10/0c 10/0c  aud 0.31 ms  speed 100%  30.0 fps presented  tex 195/12471 KB  rss 208 MB  res 111/256 MB  cpu 2  rt 17.6 ms dec 6.7+0.0  machine ok  ur 0
port> status f9780    w06dll       board 5 turn 1/20  mg 65936 ((none))  coins/stars 13/0c 13/0c 11/0c 10/0c  aud 0.38 ms  speed 100%  29.9 fps presented  tex 195/12471 KB  rss 208 MB  res 111/256 MB  cpu 2  rt 14.8 ms dec 7.4+0.0  machine ok  ur 0
port> status f9840    w06dll       board 5 turn 1/20  mg 65936 ((none))  coins/stars 13/0c 13/0c 13/0c 10/0c  aud 0.48 ms  speed 100%  30.0 fps presented  tex 195/12471 KB  rss 208 MB  res 111/256 MB  cpu 2  rt 16.0 ms dec 6.4+0.0  machine ok  ur 0
port> status f9900    w06dll       board 5 turn 1/20  mg 65936 ((none))  coins/stars 13/0c 13/0c 13/0c 10/0c  aud 0.38 ms  speed 100%  30.0 fps presented  tex 195/12471 KB  rss 208 MB  res 111/256 MB  cpu 2  rt 12.9 ms dec 5.8+0.0  machine ok  ur 0
port> status f9960    w06dll       board 5 turn 1/20  mg 65936 ((none))  coins/stars 13/0c 13/0c 13/0c 10/0c  aud 0.35 ms  speed 100%  30.0 fps presented  tex 195/12471 KB  rss 208 MB  res 111/256 MB  cpu 2  rt 14.1 ms dec 5.5+0.0  machine ok  ur 0
port> status f10020   w06dll       board 5 turn 1/20  mg 65936 ((none))  coins/stars 13/0c 13/0c 13/0c 10/0c  aud 0.36 ms  speed 100%  30.0 fps presented  tex 195/12471 KB  rss 208 MB  res 111/256 MB  cpu 2  rt 15.3 ms dec 6.0+0.0  machine ok  ur 0
port> status f10080   w06dll       board 5 turn 1/20  mg 65936 ((none))  coins/stars 13/0c 13/0c 13/0c 10/0c  aud 0.43 ms  speed 100%  30.0 fps presented  tex 195/12471 KB  rss 208 MB  res 111/256 MB  cpu 2  rt 12.4 ms dec 5.4+0.0  machine ok  ur 0
port> status f10140   w06dll       board 5 turn 1/20  mg 65936 ((none))  coins/stars 13/0c 13/0c 13/0c 10/0c  aud 0.38 ms  speed 100%  28.9 fps presented  tex 195/12471 KB  rss 208 MB  res 111/256 MB  cpu 2  rt 15.3 ms dec 5.6+0.0  machine ok  ur 0
port> status f10200   w06dll       board 5 turn 1/20  mg 65936 ((none))  coins/stars 13/0c 13/0c 13/0c 10/0c  aud 0.42 ms  speed 100%  29.8 fps presented  tex 195/12471 KB  rss 208 MB  res 111/256 MB  cpu 2  rt 18.3 ms dec 8.5+0.0  machine ok  ur 0
port> status f10260   w06dll       board 5 turn 1/20  mg 65936 ((none))  coins/stars 13/0c 13/0c 13/0c 10/0c  aud 0.37 ms  speed 100%  30.1 fps presented  tex 195/12471 KB  rss 208 MB  res 111/256 MB  cpu 2  rt 18.9 ms dec 7.4+0.0  machine ok  ur 0
port> status f10320   w06dll       board 5 turn 1/20  mg 65936 ((none))  coins/stars 13/0c 13/0c 13/0c 13/0c  aud 0.52 ms  speed 100%  29.9 fps presented  tex 195/12471 KB  rss 208 MB  res 111/256 MB  cpu 2  rt 16.9 ms dec 6.9+0.0  machine ok  ur 0
port> status f10380   w06dll       board 5 turn 1/20  mg 65936 ((none))  coins/stars 13/0c 13/0c 13/0c 13/0c  aud 0.37 ms  speed 100%  30.1 fps presented  tex 195/12471 KB  rss 208 MB  res 111/256 MB  cpu 2  rt 16.2 ms dec 7.1+0.0  machine ok  ur 0
port> status f10440   w06dll       board 5 turn 1/20  mg 65936 ((none))  coins/stars 13/0c 13/0c 13/0c 13/0c  aud 0.35 ms  speed 100%  30.0 fps presented  tex 195/12471 KB  rss 208 MB  res 111/256 MB  cpu 2  rt 11.1 ms dec 3.9+0.0  machine ok  ur 0
port> status f10500   w06dll       board 5 turn 1/20  mg 65936 ((none))  coins/stars 13/0c 13/0c 13/0c 13/0c  aud 0.46 ms  speed 100%  30.0 fps presented  tex 196/12535 KB  rss 208 MB  res 111/256 MB  cpu 2  rt 10.9 ms dec 3.8+0.0  machine ok  ur 0

port> --frames 10508 reached: 10508 retraces in 71.81 s wall (game clock 175.31 s)
port> tev: konst collision (two constants in one stage): 0 of 247251 draws carry one, in 0 distinct configs (PLAN.md 31.4)
port> tev: 14792 hilite stage emissions folded into the specular colour sum (PLAN.md 36)
port> tev: 466 unit emissions of the M22 register shapes (the mask/reflect triple, the lerp-by-konst pair; 0 tinted pairs had the tint dropped, 0 drawn tinted with K_c = 1, M23) (PLAN.md 37)
port> tev: register chains (M30, PLAN.md 45): 67 configs with a chain, 67 stage emissions read the previous unit for a register, 67 dead register writes passed PREV through, 67 reads unexpressible (drawn as the constant)
port> tev: 71586 unit emissions through the register rewrite (PLAN.md 31.3), 0 stage emissions still folding a register write to PREV
port> --perfdump: 10507 frames written to /Users/zach/fps-board-m48/b6.csv

---- --perf: 10507 frames ----
  game     mean   4.64  median   3.75  p95  12.46  worst 303.70 ms
  gx       mean   0.92  median   0.09  p95   6.49  worst 266.43 ms
  present  mean   0.07  median   0.00  p95   0.42  worst  97.33 ms
  aud      mean   0.24  median   0.26  p95   0.46  worst   1.51 ms
  frame    mean   5.87  median   4.12  p95  19.88  worst 303.79 ms
  budget   16.68 ms/frame at 59.94 Hz; 1261 of 10507 frames over it (12.0%)
  clocks   game 175.29 s vs wall 72.06 s -- ratio 0.411  (keeping up)
  fps      145.8 effective

---- --realtime: 2696 paced retraces ----
  clocks   game 44.98 s vs wall 45.26 s -- speed 99.4%
  present  1328 drawn of 2696 (50.7% skipped), 29.3 presented fps, 6 forced by the skip cap, 0 by --dumpframe
  late     worst 267.2 ms behind the schedule; 0 resync(s) dropping 0.00 s of game time
  rt       3 frame(s) consumed because the render thread was still busy past --rtgate 4 ms

port> MusyX: 35048 frames of 160 samples mixed (175.24 s of audio) over 10504 retraces
port> audio: first sound at retrace 726; Dolphin's own DSP dump of the same boot starts at 10.95 s = retrace ~656
port> musyx_mix: 35048 frames mixed, 7850 voices started, 5626 voices ended, peak |sample| 32768 (near full scale), 0 clamped ARAM reads, 32 max concurrent voices (of 50 allocated)
port> musyx_mix: resampler linear, depop on; 2818 voice(s) cut mid-frame
port> musyx_mix: 244 start(s) refused by start_voice_init (a zero-length one-shot, an envelope done at once, an unreadable sample); the slot's entry cleared on both halves (M25)
port> musyx_mix: --perf: mean 366.3 us/frame, worst 2102.2 us/frame, over 35048 timed frames
port> musyx_mix: split frames: 35048 control halves on the game thread, 35048 value halves (12838 ms), 10520 joins, 0 position mismatches
port> audio: M24 mixer job: 10504 ticks split (105144 steps), 0 ticks fused for a MEM1/vsample voice, 0 poisoned mid-tick, 0 out of pool, 0 jobs run at submit, 23 jobs finished mid-tick (ARAM writes)
port> musyx_aram: samples stored 642 (9939 KB), removed 132, refused 0
port> musyx_aram: region=[0x000000,0x800000) (8388608 bytes) zero_buf=[0x000000,0x000500) initialized=1
port> musyx_aram: sample heap write=0x6651e0 high_water=0x6de860 (7201632 bytes at peak), stream cursor=0x7ee200
port> musyx_aram: stream buffers active=2 peak=2 of 64 slots
port> musyx_aram: bytes uploaded=11246720 -- rejected: store=0 stream=0 upload=0, remove mismatches=0
port> audio out: 73.69 s queued, 4489 callbacks, peak L 32768 R 32768 (of 32767)
port> audio out: 0 underrun(s) totalling 0.0 ms, 101545.0 ms dropped to overrun
port> audio out: (the ring tracks the frame rate: audio is paced by the
port>             retrace, so under 60 fps it starves and under --turbo it
port>             overruns.  --wav is written before the ring and is whole.)
port> OS clock: 7092900000 ticks in 72.11 s = 98.359 MHz (console 40.500)  *** WRONG
port> decode jobs (M43): 54755017 vertices; specialised 100.0%, the walker's by pick_fast's first failed test:
port> vcache (M40, auto): 18850 list calls (3634 left to the ring as animated), 15216 primitives, 1439179 vertices; 8161 hits (772597 vertices, 53.7%; per drawn frame 59.7% over 36 frames)
port> vcache (M44): 808 positions refreshes (59148 vertices): stored runs whose position array alone had moved, copied and their positions decoded again
port> vcache (M45): on the frames the auto keyed off, 0 lists looked up refresh-only, 0 refreshes served there (--novcposoff)
port> vcache: misses -- new 1081 (94309 v), plan changed 379 (16952 v), arrays changed 4787 (496173 v), list bytes changed 0 lists; ineligible 0 (0 v, skinned/palette/premerge); not stored (region full this frame) 0 (0 v); stored 379028 v
port> vcache: auto keyed 36 drawn frame(s), left 1293 to the decode (fit 28.0 ms); 408 list hash(es) memoised, 109374 memo end(s) leaving module code
port> vcache (M47): the skin body named its arrays 0 times (0 scans), 0 array memos ended by them (--oldvcskin: every memo, the epoch)
port> vcache: hashed 0.8 MB of lists and 10.8 MB of arrays (0.6 KB a list call); 284 ms keying on the game thread (sampled 1 in 8: lists 162, hits 23, misses 99); region 8192 KB, peak 8131 KB, 1 reset(s), 0 cooldown(s); 610 entries, 386 arrays live, 0 clear(s)
port> GX draw: 1471053 primitives, 61349474 vertices, 323034 glDrawArrays, 1539538 display lists replayed
port> GX draw: M44 layout memo: 653773 primitives kept the last one's, 817280 settled anew
port> GX draw: 54875717 vertices through the specialised decode loops (89.4%)
port> GX draw: M29: 562035 display-list runs (54755017 vertices, 89.3%) handed to the render thread's decode, 0 runs decoded here instead, 2751 kept here by --rtdecode auto (M33)
port> GX draw: M33: 504 draw(s) issued twice, depth first, for the Z of alpha-killed fragments (--zprepass 1)
port> GX draw: 0 primitive(s) off-world (|position matrix translation| over 10000)
port> skin: deferred CPU skinning; EnvelopeProc 53884 calls: 53884 deferred, 0 run by the game; 17 HSFs registered (0 rebuilt); 10521 deferred bodies run at the draw (0 of them at the array bind), 340589 syncs skipped on consumed frames; palette: 53884 bone syncs, 0 pose builds
port> skin: lifetime: 8 entries dropped by the game's frees, 0 guard hits (must be 0); signatures: 224 full, 53660 by the pointers alone (M47)
port> GL state: 1338060 calls emitted, 6721239 elided (83.4% of 8059299)
port> texture cache: 219239 hits, 196 misses, 3 re-uploads, 196 entries, 8933 KB decoded, 57 padded to a power of two, 12535 KB held by GL
port> texture budget: 40 MB; 0 evictions (0 KB) to stay under it
port> texture decode (M23): 198 decodes, 125 ms decoding, 38 ms uploading, 998 ms hashing; 1 frames over 20 ms of it; 20 re-keyed by content (245 KB not decoded again)
port> texture stripes (M41): 2 rewritten textures updated by their changed tile rows (46 of 50 rows decoded), 0 found unchanged
port> texture stripes (M43): 2 uploads from the reused buffers, 0 allocated (all in flight)
port> texture dirty ranges (M35): 291925 DC store/flush calls, 2838 entries marked, 2760 hashed clean, 3 decoded again; 289643 calls touched no texture page (M41)
port> texture hash: 37677 KB hashed in full, 121483 KB sampled, 154107 revalidations (of 219438 binds)
port> EFB copies: 3 colour copies into the cache (on consumed frames from the front buffer: 2 whole-screen, 0 region; 0 clear-after copies kept from the last drawn frame, M21; 0 half-scale copies kept at source size, M23)
port> indirect tiling: 3 composed backgrounds, 225 cache hits

---- GX features the backend degraded (1 distinct) ----
  TEV regchain: a register read two or more stages after its write (or PREV across a live register write); GL has one carrier, so it is drawn as the register's constant (PLAN.md 45)       67

port> render thread: mode 3 (thread, overlapped)
  stream   3125117 records, 156149 KB (51 B/record); 1330 frames presented, peak 159 KB a frame; 0 KB of payload copies; 199 names handed out; 200 owned uploads freed
  replay   21021 ms in all; per presented frame mean 15.81 ms, worst 270.8 ms (1330 frames); present tail (swap executed - swap recorded) mean 7.0 ms, worst 19.3 ms
  decode   562035 runs recorded, 562035 decoded ahead by the decode cursor, 0 by the replay (late); 54755017 vertices; 8535 ms in all, per presented frame mean 6.42 ms, worst 14.3 ms (--rtdecode 3)
  auto     9140 drawn frames planned, 12 split (share mean 0.42, max 0.75); 120700 vertices decoded on the game thread (24 ms) vs 54755017 on the render thread; last plan: game 13.3 + consumed 5.5 vs replay 11.1 + decode 4.1 -> 0.0 ms moved (--rtdecode auto, fit 30 ms, max share 0.75)
  gate     1313 drained, 9 waited (40 ms, worst 12.9 ms), 3 busy (the frame was consumed instead)
  ring     0 reuse waits for the issue, 0 for the GPU (0 ms, worst 0.0 ms); stream full 0 times (0 ms); reader slept 4992 times, woken 10939
  join     retrace                  10508 (155 ms, worst 15.0 ms)
  join     ClusterProc range        5901 (0 ms, worst 0.0 ms)
  join     call                     26 (239 ms, worst 20.5 ms)
  join     gate (forced frame)      6 (0 ms, worst 0.0 ms)
  join     skin body                4294 (0 ms, worst 0.0 ms)
  join     shutdown                 1 (0 ms, worst 0.0 ms)
  rewrite  11293 buffer range(s) named by ClusterProc/ShapeProc (M43): 5392 free at once, 5901 waited for their pages' records; 502 record array(s) outside MEM1
  fences   the ring's chunks by epoch: the writer waited 0 time(s) for the GPU (the `ring' line above); the reader tests pending fences after every present, every 256 records and while idle
port> DVD: 140 reads, 35767904 bytes, 70 ms in reads, 0 over 100 ms

port> loader (M36): prefetch on, 91 jobs, 84 files read ahead (7 skipped as resident), 107.9 MB in 1199 ms off the game thread (worst 371 ms); 0 inline slices on one CPU (0 ms)
port> loader: disk reads after a prefetch of the same file: 0, 0 of them over 100 ms
port> loader: resident set 256 MB: 83 files held (111 MB, 73 of them from the list), 129 reads (29.7 MB) served from memory, 11 (4.5 MB, 70 ms) from the disk, 7 adopted from the game's own reads, 0 evicted (0.0 MB); mlock allowed (111 MB locked)
port> THP: 3 movie(s) skipped, first movie/opmov_a00.thp
port> CARD: 0 reads, 1 writes, 1 files created, 0 deleted, 3 image flushes, 57 of 59 blocks free
port> CARD: flushes on a thread (M29): 8 ms on the game thread in all, 71 ms behind it (worst 50 ms); 0 flush(es) waited for the previous one (0 ms)
port> CARD: M40: 2 flush(es) found the writer busy and left their image for it (1 replaced by a newer one before it started)
port> REL bundles: 4 loads, 3 unloads, 0 re-entries, 0 modules dlclose would not unload

port> cpu 2: workers on
port> workers: the game thread's FPSCR adopted 9365 time(s) (the GL driver's FPU mode, for the reverb's floats)
port> worker mixer   10497 jobs: 10497 finished by the worker, 0 late (run inline by the game thread, 0 ms), 777 waited for (364 ms, worst 1.9 ms); 13469 ms of work on the second core
port> sincos memo: 5106040 hits, 1521613 misses (77.0% hit)
port> fast sin/cos (M42): 1520083 pairs without libm, 1530 through libm
port> rotation memo (M42): mtxRot 78349 hits / 783 misses, mtxRotCat 188377 hits / 15707 misses
port> motion exec (M42): 159439 calls through the port's body
port> vertex rewriters (M43): 5903 ClusterProc, 0 ShapeProc calls, 11293 ranges named; the joins are the render thread's report (precise)
port> write barrier (M42, --wbpart: the ends' partial pages too): 570 pages armed in 286 calls, 272 faults (117 pages hot), 7 disarmed by kernel writes/frees; arrays clean 20725 (7147 by their ends' hash) / written 255, 22.8 MB of hashing skipped
port> material walk on consumed frames: skipped; 6184822 faces skipped, 1014592 material changes (839330 Hu3DLightSet, 2655 Hu3DAnimSet kept)
port> sparse concats (bone walk): 9281593 sparse, 0 general
port> sqrtf: 0 through frsqrte, 8894856 through libm (--nofastsqrt)
port> soft-reset watcher: running, body polled 10504 times

---- SDK surface hit at boot: 0 distinct stubs, in first-call order ----
---- 0 stub calls total ----
