Mario Party 4 -- native port, PowerPC Edition 0.9.16 (milestone M48)
port> machine: model PowerMac3,5, 2 CPUs at 1000 MHz, 7450 (G4), AltiVec yes, 1536 MB RAM, Mac OS X 10.5.4
port> machine: GL ATI Technologies Inc. / ATI Radeon 9000 OpenGL Engine / 1.3 ATI-1.5.28, VRAM 64 MB, 6 texture units, max texture 2048
port> machine:   GL_ARB_multitexture                  present  required
port> machine:   GL_ARB_texture_env_combine           present  required
port> machine:   GL_ARB_texture_env_crossbar          present  required
port> machine:   GL_ATI_texture_env_combine3          present  required
port> machine:   GL_EXT_secondary_color               present  required
port> machine:   GL_ARB_vertex_program                present  degraded without
port> machine:   GL_APPLE_vertex_array_range          present  degraded without
port> machine:   GL_APPLE_fence                       present  degraded without
port> machine:   GL_EXT_multi_draw_arrays             present  degraded without
port> machine:   GL_EXT_blend_subtract                present  degraded without
port> machine:   GL_EXT_gpu_program_parameters        present  optional
port> machine:   GL_EXT_fog_coord                     present  optional
port> machine:   GL_EXT_texture_compression_s3tc      present  optional
port> machine:   GL_ARB_depth_texture                 MISSING  optional
port> machine:   GL_ATI_text_fragment_shader          present  not used
port> machine: verdict ok
port> machine:   - every probe within the G4's envelope
port> machine: tier: the reference class (dual 1 GHz G4, 64 MB Radeon 9000 or better), whose promise is 30 fps everywhere: 75 of 82 screens there today (0.9.16, docs/fps-scoreboard.md)
port> machine: applying --resident 256 (1536 MB of RAM; 0 under 768 MB, 128 at 1 GB, 256 at 1.5 GB+, 584 MB kept for the OS and the game)
port> machine: the roulette prefetch is on (every machine; --noprefetch)
port> machine: coroutine stacks x2 over the game's sizes (the default since M31; --stackmul N)
port> DVD: disc image /Users/zach/MarioParty4/mp4.nkit.iso, 357 files in the FST
port> GL: ATI Radeon 9000 OpenGL Engine / 1.3 ATI-1.5.28, 6 texture units
port> GL feature set used: combine3 1, crossbar 1, s3tc 1, blend_subtract 1, depth_texture 0, text_fragment_shader 1, 6 units
---- vprog probe ----
GL_ARB_vertex_program                     present
MAX_PROGRAM_INSTRUCTIONS            262144
MAX_PROGRAM_NATIVE_INSTRUCTIONS        128
MAX_PROGRAM_PARAMETERS                1024
MAX_PROGRAM_NATIVE_PARAMETERS          192
MAX_PROGRAM_TEMPORARIES              65535
MAX_PROGRAM_NATIVE_TEMPORARIES          12
MAX_PROGRAM_ATTRIBS                     32
MAX_PROGRAM_NATIVE_ATTRIBS              16
MAX_PROGRAM_ADDRESS_REGISTERS            2
MAX_PROGRAM_ENV_PARAMETERS             256
MAX_PROGRAM_LOCAL_PARAMETERS          1024
GL_EXT_gpu_program_parameters       present (one call per palette upload)
trivial program            loaded, 6 instructions (6 native), under native limits: YES
palette program (ARL)      loaded, 10 instructions (15 native), under native limits: YES
matrix palette             18 slots of 6 params from env[82]
---- end vprog probe ----
port> cpu: 2 cores (hw.ncpu); workers ON
port> loader: prefetch on (a thread); resident set 256 MB: 73 of the list's 73 files fit (103.1 of 103.1 MB), filling on the thread
port> vertex ring: 8192 KB in 4 chunks (+8192 KB static-geometry cache), vertex_array_range on, multi_draw_arrays yes
port> render thread: on, overlapped (the join at the gate) (--renderthread 3); stream 16384 KB
port> render thread: the display-list decode split per drawn frame between the two threads (auto, M33) (--rtdecode 3)
port> options: Mario Party 4 PowerPC Edition 0.9.16 (M48), the effective options
port> options: machine       ok: PowerMac3,5, 2 x 1000 MHz 7450 (G4), 1536 MB RAM, ATI Radeon 9000 OpenGL Engine, 64 MB VRAM, 6 units, OS 10.5.4
port> options: disc image    /Users/zach/MarioParty4/mp4.nkit.iso
port> options: data folder   /Users/zach/Library/Application Support/MarioParty4  (card image, config, log)
port> options: log           (stdout only)
port> options: fullscreen    0  (--noconfig: not remembered)
port> options: cores         2; workers on (--threads -1); render thread mode 3 (--renderthread -1: 0 direct, 1 inline twin, 2 joined, 3 overlapped); decode on it 3 (--rtdecode; 3 = auto)
port> options: pacing        realtime (deterministic clock); stack multiplier x2; texture budget 40 MB; resampler linear, depop on
port> options: loading       roulette prefetch on (--noprefetch); resident set 256 MB (--resident MB; the machine check's rule by the installed RAM)
port> options: every field of PortOptions (0/NULL = off or unset):
port> options:   image=/Users/zach/MarioParty4/mp4.nkit.iso  log=NULL  gxlog=0  deterministic=1  
port> options:   stub_trace=0  max_frames=3600  turbo=0  watchdog=0  verbose=0  reldir=NULL  gxdemo=0  
port> options:   reltest=0  memmap=0  guardtest=NULL  relzerobss=0  nodatareset=0  noaudio=0  glcheck=0  
port> options:   glinfo=0  seed=3838914000000000  perf=1  gxsplit=0  drawlog=0  dumptex=0  texhash_full=0  
port> options:   gxwarn=0  headless=0  dumpframe=NULL  shotdir=/Users/zach/fps-board-m48/goto-mstory2dll  
port> options:   scale=0  drawlog_frame=0  nocard=0  reldlclose=0  nopad=0  pad_debug=0  kbport=0  
port> options:   pad_play=ending-a.play  pad_record=NULL  scenelog=NULL  ovllog=1  nanwatch=0  wav=NULL  
port> options:   mute=0  audiolog=0  rtc=1041472800  rtc_set=1  rtc_seen=1  rtc_offset=0  card=NULL  
port> options:   freshcard=1  minigame=NULL  com4=0  cast=NULL  dvdheap=0  turns=0  status=1  
port> options:   stuckwatch=0  soak=0  depop=1  resample4=0  clickstat=0  dlcache=0  vcache=3  
port> options:   vcache_mb=8  vcache_fit=28  vcache_vbo=0  cardwait=0  synclog=0  noaicb=0  olddecode=0  
port> options:   perfwin=NULL  nodraw=0  ffto=0  ffto_warm=1  snap_every=0  snap_keep=3  snap_dir=NULL  
port> options:   restore=NULL  snap_now=0  snapdiff=0  vprobe=0  cpuxf=0  vprogstats=0  vproglog=0  
port> options:   oldtev=0  tevstats=0  oldnulltev=0  tlutlog=0  oldsubmit=0  novar=0  batchmax=0  
port> options:   segrebase=0  gltrace=0  endlog=NULL  nomerge=0  nomultidraw=0  noindexed=1  nohilite=0  
port> options:   noenvbulk=0  nofixbase=0  submitstats=0  nohilitetex=0  nocopyhalf=0  copylog=0  
port> options:   noefbflip=0  oldfirsthash=0  norekey=0  dumpcopy=0  notint=0  tintlog=0  texdecodelog=0  
port> options:   threads=-1  nomixthread=0  renderthread=-1  rtsplit=0  rtgate_ms=4  stackmul=2  
port> options:   rtdecode=-1  rtauto_fit_ms=30  rtauto_max=0.75  fake_machine=NULL  machinecheck=0  
port> options:   force=0  mgdump=NULL  mgend=0  viewtexgen=0  nrmfrac0=0  vtxdivide=0  mghold=0  
port> options:   fullscreen=0  fullscreen_set=0  noconfig=1  print_defaults=0  print_keys=0  
port> options:   texbudget_set=0  predecode=0  predecodelog=0  regfix2dbg=0  lazyflush=0  premerge_max=0  
port> options:   cmpmask=8191  oldkonst=0  tfs=0  tfsprobe=0  tfslog=0  tfsdbg=0  tfsnorebind=0  
port> options:   tfscopycpu=0  tfssqcopy=0  tfsmtx=0  tfsforcebind=0  tfsenvreset=0  tfsdump=0  tfsall=0  
port> options:   oldspec0=0  nolitalpha=0  oldczero=0  clrasclr=0  nohoistmtx=0  nofastconcat=0  
port> options:   nostripes=0  nounitmemo=0  norotmemo=0  nopacklights=0  nofastsin=0  nomtxmemo=0  
port> options:   norotl=0  nowb=0  notexskip=0  nostripepool=0  giveitem=NULL  waterlook=1  pondlook=0  
port> options:   pondmix=0  wavegain=0  rgbcopy=0  novcposoff=1  nowaterpt=0  affinetex=0  halfwatch=0  
port> options:   presentdump=NULL  motlog=0  nolights=0  nopendlast=0  noskindecode=1  skinverify=0  
port> options:   oldvcskin=1  fullskinsig=0  noskindcbz=0  skinfree=0  oldwake=0  skinround=0  skinvec=0  
port> options:   dcbtdist=1  keytest=NULL  oldscissor=0  readbacktest=0  nodcbz=0  novpgen=0  
port> options:   notevdirty=0  noattrmemo=0  nowordhash=0  water=-1  watergrid=1  norastermemo=0  
port> options:   novcpos=0  wbpart=1  oldvtxjoin=0  rtgx=0  rtgx_fit=29  texmtxlog=0  maxbatchverts=0  
port> options:   skinreadwatch=0  nocompiled=1  compiled_mode=1  nocompiledpf=0  compiled_mb=8  glists=0  
port> options:   glists_mb=8  pmc=0  nomotionexec=0  nodirtyfilter=0  nodirty=0  oldakonst=0  mdposonly=0  
port> options:   mdmax=0  nospot=0  oldfog=0  noregchain=0  nocarry=0  forceobj=NULL  forceobj_flags=0  
port> options:   skipobj=NULL  zprepass=1  probeverts=0  skipverts=0  probeobj=NULL  nolinewidth=0  
port> options:   noregfix=0  realtime=1  lockstep=0  maxskip=0  
port> options:   perfdump=/Users/zach/fps-board-m48/goto-mstory2dll.csv  mpgl=0  olddecode2=0  altivec=0  
port> options:   nodcbt=0  olddecode3=0  decodestats=0  audiolead_set=0  audiolead=100  cpuskin=0  
port> options:   palette=0  nopalette=0  skinstats=0  palsize=0  palnoarl=0  palnofog=0  noskinlifetime=0  
port> options:   restore_lax=0  skindeferall=0  mixtrace=NULL  mixcheck=0  nosincos=0  snapsync=0  
port> options:   nomatwalk=0  nocurvememo=1  nosparsemtx=0  nofastsqrt=1  nodraw_user=0  noprefetch=0  
port> options:   resident=256  dvdlog=0  nomovies=0  thpyuv=0  gotoovl=mstory2dll:4:0  board=0  
port> options:   boardcycle=0  boarddump=NULL  foldxbar=0  foldcap=0  thplog=0  nothpslice=0  
port> options:   thpguard_set=0  thpguard=60  
port> audio: 32000 Hz, 2 ch, 512-frame buffer, 256 KB ring (2048 ms)
port> frame mode: --realtime (retrace at 60 Hz on the wall clock, present at most every 2nd retrace, at least every 6th; --lockstep for the old gate)
port> audio: 100 ms of lead queued ahead of the mix (--audiolead)
port> entering the game's own main()

port> OSInit: MEM1 24 MB [0x3970000, 0x5170000), ARAM 16 MB, bus 162 MHz
port> OSInit: RTC pinned to 1041472800 (2003-01-02T02:00:00Z), OSGetTime origin 3838914000000000 ticks
port> DVDInit
port> VIInit
port> controls: a scripted run (--play/--record/--soak/--noconfig/--com4/--nopad): PowerPCube's controls file and gamecontrollerdb.txt are not read
port> PADInit: controller 1 = keyboard
port> PADInit: rumble not available on controller 1
port> PADInit: controllers 2-4 unplugged (reference config: CPU players)
port> pad: --play: ending-a.play -> /Users/zach/mp4-m48final.app/Contents/Resources/movies/ending-a.play
port> pad: --play ending-a.play: 454 directives, 0 marks
port> OSCreateHeap 0: 0x3a9c000..0x5170000 (23375 KB)
port> VIConfigure: 640x480 xfb, 640x480 efb, tv mode 0
port> GXInit: FIFO 0x3a9c00c, 1048576 bytes (the port keeps no FIFO; the write-gather writers are ordinary calls under TARGET_PC)
port> frame 1: overlay 0 (next 0) event 0
port> loader: list sound/mpgcsnd.msm 36823392 bytes in 387 ms, resident (asked at frame 0, done at 1)
port> roulette: frame 1 dealt mg 401 (m401dll, type 0)
port> OSCreateThread 0x259448 func 0x4210c (the soft-reset watcher; polled once per retrace, not run on a thread)
HuMem> left memory space 2383KB(2441120)
port> ARInit: 16 MB of ARAM
port> MusyX SAL: 32000 Hz, 4 x 640-byte AI buffers (20 ms), 32-sample sub-frame
port> musyx_mix: CPU mixer up, 50 voices, 1 studios, 32000 Hz
port> MusyX SAL: mixing started
port> musyx_aram: region [0x000000, 0x800000) zero_buf [0x000000, 0x000500) sample heap starts at 0x000500
port> AI: DMA callback registered (one call per 160-sample DSP frame)
port> CARD: --freshcard with no --card: using the scratch image /Users/zach/Library/Application Support/MarioParty4/scratch-slot-a.raw
            rather than formatting the save file next to it
port> CARD: slot A = /Users/zach/Library/Application Support/MarioParty4/scratch-slot-a.raw (--freshcard: formatted, 59 free blocks)
port> workers: the game thread's FPSCR control bits are 0x00 at job 0 (NI 0, RN 0)
DLL DBG OUT
objman>Call New Ovl 1(1)
port> frame 2: overlay -1 (next 1) event 0
++++++++++++++++++++ Start New OVL 1 (EVT:0 STAT:0x00000000) ++++++++++++++++++
======== HuMem heap dump 03b9c018 ========
MCB-----+Size----+MG+FL+Prev----+Next----+UNum----+Body----+Call----
03b9c018 0000a020 a5 01 03baa1f8 03ba6038 ffffff00 03b9c038 000088c4
03ba6038 000041c0 a5 01 03b9c018 03baa1f8 ffffff00 03ba6058 0003c558
03baa1f8 00231e20 cd 00 03ba6038 03b9c018 00000000 03baa218 0003c558
MCB:3(2/1) MEM:00240000(0000e1e0/00231e20)
======== HuMem heap dump 03b9c018 end =====
======== HuMem heap dump 03f1c030 ========
MCB-----+Size----+MG+FL+Prev----+Next----+UNum----+Body----+Call----
03f1c030 00a80000 cd 00 03f1c030 03f1c030 ffffff00 03f1c050 cdcdcdcd
MCB:1(0/1) MEM:00a80000(00000000/00a80000)
======== HuMem heap dump 03f1c030 end =====
======== HuMem heap dump 0499c03c ========
MCB-----+Size----+MG+FL+Prev----+Next----+UNum----+Body----+Call----
0499c03c 00580000 cd 00 0499c03c 0499c03c ffffff00 0499c05c cdcdcdcd
MCB:1(0/1) MEM:00580000(00000000/00580000)
======== HuMem heap dump 0499c03c end =====
objman>Used Memory Size:0000e1e0
objman>Used Memory Cnt:2
objman>Init esp
objman>Call objectsetup
DLLStart 1 0
Search:dll/bootdll.rel
objdll>Link DLL:dll/bootdll.rel
Rest Memory 580000
port> REL bundles: 99 in /Users/zach/mp4-m48final.app/Contents/MacOS/rels
===== DLL Module Info dump ====
                   ID:0x00000001
             LinkPrev:0x00000000
             LinkNext:0x00000000
          Section num:14
Section info tbl ofst:0x00000048
           nameOffset:0x00000000
             nameSize:47
              version:0x00000002
===============================
==== DLL Module Header dump ====
          bss Size:0x0000005c
        rel Offset:0x00005c9d
        imp Offset:0x00007a4d
    prolog Section:1
    epilog Section:1
unresolved Section:0
       prolog func:0x00000000
       epilog func:0x00000054
   unresolved func:0x00000000
================================
objdll>LinkOK 03baa578 30100000
objdll> dll/bootdll.rel prolog start
******* Boot ObjectSetup *********
objman>InitObjMan start
objman>InitObjMan end
objdll> dll/bootdll.rel prolog end
objman>ObjectSetup end
port> lazy flush: off; premerge: off (max 0 vertices an object) -- both measured and off by default, PLAN.md 37
port> matrix palette: off (opt-in: --palette; PLAN.md 33.2)
port> frame 3: overlay 1 (next -1) event 0
DLL DBG OUT
Rest Memory 57d540
ARAM Trans 808000
Rest Memory 55d020
ARAM Trans 80aaa0
Rest Memory 506400
ARAM Trans 82da60
Rest Memory 564f40
ARAM Trans 8a7640
Rest Memory 5395a0
data num 74000b
port> dvdheap: 3733270 bytes mode 1 num 10000000  caller 0x10fa8  caller2 0xeb4c
Rest Memory 1f08c0
port> stall: frame 35 took 128 ms (game 128 gx 0 present 0 aud 0) [consumed] tex: 0 decoded (0 KB -> 0 KB) dec 0 up 0 hash 0 ms, 0 re-keyed; staged 0 (0 ms saved) claimed 0 unstaged 0; frees 9, dll 0 ms
port> status f60      bootdll      board 0 turn 0/0  mg 401 (m401dll)  coins/stars 0/0h 0/0h 0/0h 0/0h  aud 0.01 ms  speed 0%  0.0 fps presented  tex 1/2048 KB  rss 176 MB  res 103/256 MB  cpu 2  rt 0.2 ms dec 0.0+0.0  machine ok  ur 42
port> status f120     bootdll      board 0 turn 0/0  mg 401 (m401dll)  coins/stars 0/0h 0/0h 0/0h 0/0h  aud 0.01 ms  speed 100%  30.0 fps presented  tex 1/2048 KB  rss 177 MB  res 103/256 MB  cpu 2  rt 0.3 ms dec 0.0+0.0  machine ok  ur 42
port> status f180     bootdll      board 0 turn 0/0  mg 401 (m401dll)  coins/stars 0/0h 0/0h 0/0h 0/0h  aud 0.01 ms  speed 100%  30.0 fps presented  tex 1/2048 KB  rss 177 MB  res 103/256 MB  cpu 2  rt 0.2 ms dec 0.0+0.0  machine ok  ur 42
port> status f240     bootdll      board 0 turn 0/0  mg 401 (m401dll)  coins/stars 0/0h 0/0h 0/0h 0/0h  aud 0.01 ms  speed 100%  30.0 fps presented  tex 1/2048 KB  rss 177 MB  res 103/256 MB  cpu 2  rt 0.6 ms dec 0.0+0.0  machine ok  ur 42
port> status f300     bootdll      board 0 turn 0/0  mg 401 (m401dll)  coins/stars 0/0h 0/0h 0/0h 0/0h  aud 0.01 ms  speed 100%  29.0 fps presented  tex 2/4096 KB  rss 179 MB  res 103/256 MB  cpu 2  rt 0.3 ms dec 0.0+0.0  machine ok  ur 42
port> status f360     bootdll      board 0 turn 0/0  mg 401 (m401dll)  coins/stars 0/0h 0/0h 0/0h 0/0h  aud 0.01 ms  speed 100%  29.0 fps presented  tex 2/4096 KB  rss 181 MB  res 103/256 MB  cpu 2  rt 0.3 ms dec 0.0+0.0  machine ok  ur 42
port> status f420     bootdll      board 0 turn 0/0  mg 401 (m401dll)  coins/stars 0/0h 0/0h 0/0h 0/0h  aud 0.01 ms  speed 100%  30.0 fps presented  tex 2/4096 KB  rss 181 MB  res 103/256 MB  cpu 2  rt 0.3 ms dec 0.0+0.0  machine ok  ur 42
port> status f480     bootdll      board 0 turn 0/0  mg 401 (m401dll)  coins/stars 0/0h 0/0h 0/0h 0/0h  aud 0.01 ms  speed 100%  30.0 fps presented  tex 2/4096 KB  rss 181 MB  res 103/256 MB  cpu 2  rt 0.3 ms dec 0.0+0.0  machine ok  ur 42
port> status f540     bootdll      board 0 turn 0/0  mg 401 (m401dll)  coins/stars 0/0h 0/0h 0/0h 0/0h  aud 0.01 ms  speed 100%  30.0 fps presented  tex 2/4096 KB  rss 181 MB  res 103/256 MB  cpu 2  rt 0.5 ms dec 0.0+0.0  machine ok  ur 42
0
GroupSet 0
***********GroupSet Error 0
port> status f600     bootdll      board 0 turn 0/0  mg 401 (m401dll)  coins/stars 0/0h 0/0h 0/0h 0/0h  aud 0.01 ms  speed 100%  30.0 fps presented  tex 2/4096 KB  rss 181 MB  res 103/256 MB  cpu 2  rt 0.3 ms dec 0.0+0.0  machine ok  ur 42
port> --goto: from the boot into mstory2dll (overlay 77) at event 4, character 0 first
objman>Call New Ovl 77(1)
OvlKill 1
objdll>omDLLNumEnd 1 1
Search:dll/bootdll.rel
+++++++++++ Find0: dll/bootdll.rel
objdll>omDLLEnd 0 1
objdll>End DLL:dll/bootdll.rel
odjdll>Unlink DLL:dll/bootdll.rel
objdll>Unlink DLL epilog
objdll>Unlink DLL epilog finish
objdll>End DLL finish
port> frame 609: overlay -1 (next 77) event 0
objman>Destory ObjMan
++++++++++++++++++++ Start New OVL 77 (EVT:4 STAT:0x00000000) ++++++++++++++++++
======== HuMem heap dump 03b9c018 ========
MCB-----+Size----+MG+FL+Prev----+Next----+UNum----+Body----+Call----
03b9c018 0000a020 a5 01 03bc21d8 03ba6038 ffffff00 03b9c038 000088c4
03ba6038 000041c0 a5 01 03b9c018 03baa1f8 ffffff00 03ba6058 0003c558
03baa1f8 00017640 cd 00 03ba6038 03bc1838 ffffff00 03baa218 0003ce8c
03bc1838 00000100 a5 01 03baa1f8 03bc1938 ffffff00 03bc1858 000375dc
03bc1938 00000400 a5 01 03bc1838 03bc1d38 ffffff00 03bc1958 0003762c
03bc1d38 00000400 a5 01 03bc1938 03bc2138 ffffff00 03bc1d58 00037678
03bc2138 00000060 a5 01 03bc1d38 03bc2198 ffffff00 03bc2158 000376c4
03bc2198 00000040 a5 01 03bc2138 03bc21d8 ffffff00 03bc21b8 00037710
03bc21d8 00219e40 cd 00 03bc2198 03b9c018 ffffff00 03bc21f8 0003ce8c
MCB:9(7/2) MEM:00240000(0000eb80/00231480)
======== HuMem heap dump 03b9c018 end =====
======== HuMem heap dump 03f1c030 ========
MCB-----+Size----+MG+FL+Prev----+Next----+UNum----+Body----+Call----
03f1c030 00a80000 cd 00 03f1c030 03f1c030 ffffff00 03f1c050 00040064
MCB:1(0/1) MEM:00a80000(00000000/00a80000)
======== HuMem heap dump 03f1c030 end =====
======== HuMem heap dump 0499c03c ========
MCB-----+Size----+MG+FL+Prev----+Next----+UNum----+Body----+Call----
0499c03c 00580000 cd 00 0499c03c 0499c03c 10000000 0499c05c 0000ff14
MCB:1(0/1) MEM:00580000(00000000/00580000)
======== HuMem heap dump 0499c03c end =====
objman>Used Memory Size:0000eb80
objman>Used Memory Cnt:7
objman>Init esp
objman>Call objectsetup
############CharGrpSet
Del Group OK
SOUND ##########################
0
GroupSet 5
***********GroupSet Error 0
Change AUX 0,1
##########################
DLLStart 77 0
Search:dll/mstory2dll.rel
objdll>Link DLL:dll/mstory2dll.rel
Rest Memory 580000
===== DLL Module Info dump ====
                   ID:0x00000001
             LinkPrev:0x00000000
             LinkNext:0x00000000
          Section num:15
Section info tbl ofst:0x00000048
           nameOffset:0x00000000
             nameSize:53
              version:0x00000002
===============================
==== DLL Module Header dump ====
          bss Size:0x00000d18
        rel Offset:0x0001d01b
        imp Offset:0x0002c53b
    prolog Section:1
    epilog Section:1
unresolved Section:0
       prolog func:0x00000344
       epilog func:0x00000398
   unresolved func:0x00000000
================================
objdll>LinkOK 03bc21f8 34a00000
objdll> dll/mstory2dll.rel prolog start
objman>InitObjMan start
objman>InitObjMan end
Rest Memory 5395a0
objdll> dll/mstory2dll.rel prolog end
objman>ObjectSetup end
port> frame 611: overlay 77 (next -1) event 4
DLL DBG OUT
data num 5d0000
Rest Memory 4ff6c0
ARAM data num 120006
Error: data none on ARAM 5f0000
ARAM DUMP ======================
AMemPtr  Stat Length
00808000:0001,00002aa0,00000012
0080aaa0:0001,00022fc0,00000086
0082da60:0001,00079be0,00000013
008a7640:0001,0001b0a0,00000061
008c26e0:0000,0073d920,0000ffff
ffffffff:0001,00000000
================================
data num 5f0000
port> dvdheap: 1301598 bytes mode 1 num 10000000  caller 0x10fa8  caller2 0xeb4c
Rest Memory 3c1a40
Error: data none on ARAM 5f0035
ARAM DUMP ======================
AMemPtr  Stat Length
00808000:0001,00002aa0,00000012
0080aaa0:0001,00022fc0,00000086
0082da60:0001,00079be0,00000013
008a7640:0001,0001b0a0,00000061
008c26e0:0000,0073d920,0000ffff
ffffffff:0001,00000000
================================
data num 660010
port> dvdheap: 3183594 bytes mode 1 num 10000000  caller 0x10fa8  caller2 0xeb4c
Rest Memory b8620
port> DVD: read of data/mstory2.bin (3183594 bytes at 0) took 336 ms (frame 611)
port> stall: frame 612 took 403 ms (game 403 gx 0 present 0 aud 0) [consumed] tex: 0 decoded (0 KB -> 0 KB) dec 0 up 0 hash 0 ms, 0 re-keyed; staged 0 (0 ms saved) claimed 0 unstaged 0; frees 8, dll 0 ms
KE-System  TIME:20
port> audio: first non-silent sample at retrace 639 (10.59 s of mixed audio)
port> status f660     mstory2dll   board 0 turn 0/0  mg 401 (m401dll)  coins/stars 0/0h 0/0h 0/0h 0/0h  aud 0.02 ms  speed 100%  20.0 fps presented  tex 6/5408 KB  rss 184 MB  res 103/256 MB  cpu 2  rt 1.4 ms dec 0.8+0.0  machine ok  ur 60
KE-System  TIME:70
port> HuSprBegin: audit: group 1 slot 0 sprite 1 bg 0x40e5690 fails counts -- drawn anyway [1/32]
port> HuSprBegin: audit: group 1 slot 0 sprite 1 bg 0x40e5690 fails counts -- drawn anyway [2/32]
port> HuSprBegin: audit: group 1 slot 0 sprite 1 bg 0x40e5690 fails counts -- drawn anyway [3/32]
port> HuSprBegin: audit: group 1 slot 0 sprite 1 bg 0x40e5690 fails counts -- drawn anyway [4/32]
port> HuSprBegin: audit: group 1 slot 0 sprite 1 bg 0x40e5690 fails counts -- drawn anyway [5/32]
port> HuSprBegin: audit: group 1 slot 0 sprite 1 bg 0x40e5690 fails counts -- drawn anyway [6/32]
port> HuSprBegin: audit: group 1 slot 0 sprite 1 bg 0x40e5690 fails counts -- drawn anyway [7/32]
port> HuSprBegin: audit: group 1 slot 0 sprite 1 bg 0x40e5690 fails counts -- drawn anyway [8/32]
port> HuSprBegin: audit: group 1 slot 0 sprite 1 bg 0x40e5690 fails counts -- drawn anyway [9/32]
port> HuSprBegin: audit: group 1 slot 0 sprite 1 bg 0x40e5690 fails counts -- drawn anyway [10/32]
port> status f720     mstory2dll   board 0 turn 0/0  mg 401 (m401dll)  coins/stars 0/0h 0/0h 0/0h 0/0h  aud 0.03 ms  speed 100%  30.0 fps presented  tex 6/5408 KB  rss 184 MB  res 103/256 MB  cpu 2  rt 1.6 ms dec 0.9+0.0  machine ok  ur 60
port> HuSprBegin: audit: group 1 slot 0 sprite 1 bg 0x40e5690 fails counts -- drawn anyway [11/32]
port> HuSprBegin: audit: group 1 slot 0 sprite 1 bg 0x40e5690 fails counts -- drawn anyway [12/32]
port> HuSprBegin: audit: group 1 slot 0 sprite 1 bg 0x40e5690 fails counts -- drawn anyway [13/32]
port> HuSprBegin: audit: group 1 slot 0 sprite 1 bg 0x40e5690 fails counts -- drawn anyway [14/32]
port> HuSprBegin: audit: group 1 slot 0 sprite 1 bg 0x40e5690 fails counts -- drawn anyway [15/32]
port> HuSprBegin: audit: group 1 slot 0 sprite 1 bg 0x40e5690 fails counts -- drawn anyway [16/32]
port> HuSprBegin: audit: group 1 slot 0 sprite 1 bg 0x40e5690 fails counts -- drawn anyway [17/32]
port> HuSprBegin: audit: group 1 slot 0 sprite 1 bg 0x40e5690 fails counts -- drawn anyway [18/32]
port> HuSprBegin: audit: group 1 slot 0 sprite 1 bg 0x40e5690 fails counts -- drawn anyway [19/32]
port> HuSprBegin: audit: group 1 slot 0 sprite 1 bg 0x40e5690 fails counts -- drawn anyway [20/32]
port> HuSprBegin: audit: group 1 slot 0 sprite 1 bg 0x40e5690 fails counts -- drawn anyway [21/32]
port> HuSprBegin: audit: group 1 slot 0 sprite 1 bg 0x40e5690 fails counts -- drawn anyway [22/32]
port> HuSprBegin: audit: group 1 slot 0 sprite 1 bg 0x40e5690 fails counts -- drawn anyway [23/32]
port> HuSprBegin: audit: group 1 slot 0 sprite 1 bg 0x40e5690 fails counts -- drawn anyway [24/32]
port> HuSprBegin: audit: group 1 slot 0 sprite 1 bg 0x40e5690 fails counts -- drawn anyway [25/32]
port> HuSprBegin: audit: group 1 slot 0 sprite 1 bg 0x40e5690 fails counts -- drawn anyway [26/32]
port> HuSprBegin: audit: group 1 slot 0 sprite 1 bg 0x40e5690 fails counts -- drawn anyway [27/32]
KE-System  TIME:20
port> HuSprBegin: audit: group 1 slot 0 sprite 1 bg 0x40e5690 fails counts -- drawn anyway [28/32]
port> HuSprBegin: audit: group 1 slot 0 sprite 1 bg 0x40e5690 fails counts -- drawn anyway [29/32]
port> HuSprBegin: audit: group 1 slot 0 sprite 1 bg 0x40e5690 fails counts -- drawn anyway [30/32]
port> HuSprBegin: audit: group 1 slot 0 sprite 1 bg 0x40e5690 fails counts -- drawn anyway [31/32]
port> HuSprBegin: audit: group 1 slot 0 sprite 1 bg 0x40e5690 fails counts -- drawn anyway [32/32]
port> status f780     mstory2dll   board 0 turn 0/0  mg 401 (m401dll)  coins/stars 0/0h 0/0h 0/0h 0/0h  aud 0.05 ms  speed 100%  30.0 fps presented  tex 8/6448 KB  rss 185 MB  res 103/256 MB  cpu 2  rt 1.5 ms dec 1.0+0.0  machine ok  ur 60
KE-System  TIME:70
KE-System  TIME:20
port> status f840     mstory2dll   board 0 turn 0/0  mg 401 (m401dll)  coins/stars 0/0h 0/0h 0/0h 0/0h  aud 0.05 ms  speed 100%  30.0 fps presented  tex 8/6448 KB  rss 185 MB  res 103/256 MB  cpu 2  rt 1.5 ms dec 0.8+0.0  machine ok  ur 60
KE-System  TIME:70
port> status f900     mstory2dll   board 0 turn 0/0  mg 401 (m401dll)  coins/stars 0/0h 0/0h 0/0h 0/0h  aud 0.03 ms  speed 100%  30.0 fps presented  tex 8/6448 KB  rss 185 MB  res 103/256 MB  cpu 2  rt 1.5 ms dec 1.1+0.0  machine ok  ur 60
KE-System  TIME:20
port> status f960     mstory2dll   board 0 turn 0/0  mg 401 (m401dll)  coins/stars 0/0h 0/0h 0/0h 0/0h  aud 0.03 ms  speed 100%  30.0 fps presented  tex 8/6448 KB  rss 185 MB  res 103/256 MB  cpu 2  rt 1.4 ms dec 0.9+0.0  machine ok  ur 60
KE-System  TIME:70
port> status f1020    mstory2dll   board 0 turn 0/0  mg 401 (m401dll)  coins/stars 0/0h 0/0h 0/0h 0/0h  aud 0.03 ms  speed 100%  30.0 fps presented  tex 8/6448 KB  rss 185 MB  res 103/256 MB  cpu 2  rt 1.5 ms dec 0.8+0.0  machine ok  ur 60
KE-System  TIME:20
port> status f1080    mstory2dll   board 0 turn 0/0  mg 401 (m401dll)  coins/stars 0/0h 0/0h 0/0h 0/0h  aud 0.04 ms  speed 100%  30.0 fps presented  tex 8/6448 KB  rss 185 MB  res 103/256 MB  cpu 2  rt 1.4 ms dec 1.2+0.0  machine ok  ur 60
KE-System  TIME:70
KE-System  TIME:20
port> status f1140    mstory2dll   board 0 turn 0/0  mg 401 (m401dll)  coins/stars 0/0h 0/0h 0/0h 0/0h  aud 0.03 ms  speed 100%  30.0 fps presented  tex 8/6448 KB  rss 186 MB  res 103/256 MB  cpu 2  rt 1.3 ms dec 0.9+0.0  machine ok  ur 60
KE-System  TIME:70
port> status f1200    mstory2dll   board 0 turn 0/0  mg 401 (m401dll)  coins/stars 0/0h 0/0h 0/0h 0/0h  aud 0.03 ms  speed 100%  30.0 fps presented  tex 8/6448 KB  rss 186 MB  res 103/256 MB  cpu 2  rt 1.4 ms dec 0.9+0.0  machine ok  ur 60
KE-System  TIME:20
port> status f1260    mstory2dll   board 0 turn 0/0  mg 401 (m401dll)  coins/stars 0/0h 0/0h 0/0h 0/0h  aud 0.03 ms  speed 100%  28.0 fps presented  tex 48/8560 KB  rss 189 MB  res 103/256 MB  cpu 2  rt 8.2 ms dec 4.1+0.0  machine ok  ur 60
port> status f1320    mstory2dll   board 0 turn 0/0  mg 401 (m401dll)  coins/stars 0/0h 0/0h 0/0h 0/0h  aud 0.02 ms  speed 100%  30.0 fps presented  tex 48/8560 KB  rss 189 MB  res 103/256 MB  cpu 2  rt 8.3 ms dec 4.2+0.0  machine ok  ur 60
port> status f1380    mstory2dll   board 0 turn 0/0  mg 401 (m401dll)  coins/stars 0/0h 0/0h 0/0h 0/0h  aud 0.10 ms  speed 100%  30.0 fps presented  tex 48/8560 KB  rss 189 MB  res 103/256 MB  cpu 2  rt 8.2 ms dec 4.1+0.0  machine ok  ur 60
port> status f1440    mstory2dll   board 0 turn 0/0  mg 401 (m401dll)  coins/stars 0/0h 0/0h 0/0h 0/0h  aud 0.24 ms  speed 100%  30.0 fps presented  tex 48/8560 KB  rss 189 MB  res 103/256 MB  cpu 2  rt 8.5 ms dec 4.3+0.0  machine ok  ur 60
port> status f1500    mstory2dll   board 0 turn 0/0  mg 401 (m401dll)  coins/stars 0/0h 0/0h 0/0h 0/0h  aud 0.22 ms  speed 100%  30.0 fps presented  tex 49/8564 KB  rss 189 MB  res 103/256 MB  cpu 2  rt 8.9 ms dec 4.5+0.0  machine ok  ur 60
port> status f1560    mstory2dll   board 0 turn 0/0  mg 401 (m401dll)  coins/stars 0/0h 0/0h 0/0h 0/0h  aud 0.17 ms  speed 100%  30.0 fps presented  tex 49/8564 KB  rss 189 MB  res 103/256 MB  cpu 2  rt 9.5 ms dec 4.2+0.0  machine ok  ur 60
port> status f1620    mstory2dll   board 0 turn 0/0  mg 401 (m401dll)  coins/stars 0/0h 0/0h 0/0h 0/0h  aud 0.26 ms  speed 100%  30.0 fps presented  tex 49/8564 KB  rss 189 MB  res 103/256 MB  cpu 2  rt 8.7 ms dec 4.6+0.0  machine ok  ur 60
port> status f1680    mstory2dll   board 0 turn 0/0  mg 401 (m401dll)  coins/stars 0/0h 0/0h 0/0h 0/0h  aud 0.19 ms  speed 100%  30.0 fps presented  tex 49/8564 KB  rss 189 MB  res 103/256 MB  cpu 2  rt 8.4 ms dec 4.1+0.0  machine ok  ur 60
port> status f1740    mstory2dll   board 0 turn 0/0  mg 401 (m401dll)  coins/stars 0/0h 0/0h 0/0h 0/0h  aud 0.17 ms  speed 100%  30.0 fps presented  tex 49/8564 KB  rss 189 MB  res 103/256 MB  cpu 2  rt 8.6 ms dec 4.2+0.0  machine ok  ur 60
port> status f1800    mstory2dll   board 0 turn 0/0  mg 401 (m401dll)  coins/stars 0/0h 0/0h 0/0h 0/0h  aud 0.27 ms  speed 100%  30.0 fps presented  tex 49/8564 KB  rss 189 MB  res 103/256 MB  cpu 2  rt 8.5 ms dec 4.1+0.0  machine ok  ur 60
port> status f1860    mstory2dll   board 0 turn 0/0  mg 401 (m401dll)  coins/stars 0/0h 0/0h 0/0h 0/0h  aud 0.18 ms  speed 100%  30.0 fps presented  tex 49/8564 KB  rss 189 MB  res 103/256 MB  cpu 2  rt 9.2 ms dec 4.4+0.0  machine ok  ur 60
port> status f1920    mstory2dll   board 0 turn 0/0  mg 401 (m401dll)  coins/stars 0/0h 0/0h 0/0h 0/0h  aud 0.17 ms  speed 100%  30.0 fps presented  tex 49/8564 KB  rss 189 MB  res 103/256 MB  cpu 2  rt 8.4 ms dec 4.2+0.0  machine ok  ur 60
port> status f1980    mstory2dll   board 0 turn 0/0  mg 401 (m401dll)  coins/stars 0/0h 0/0h 0/0h 0/0h  aud 0.23 ms  speed 100%  30.0 fps presented  tex 50/8580 KB  rss 189 MB  res 103/256 MB  cpu 2  rt 8.8 ms dec 4.1+0.0  machine ok  ur 60
port> status f2040    mstory2dll   board 0 turn 0/0  mg 401 (m401dll)  coins/stars 0/0h 0/0h 0/0h 0/0h  aud 0.23 ms  speed 100%  30.0 fps presented  tex 50/8580 KB  rss 189 MB  res 103/256 MB  cpu 2  rt 9.1 ms dec 4.1+0.0  machine ok  ur 60
port> status f2100    mstory2dll   board 0 turn 0/0  mg 401 (m401dll)  coins/stars 0/0h 0/0h 0/0h 0/0h  aud 0.40 ms  speed 100%  30.0 fps presented  tex 50/8580 KB  rss 189 MB  res 103/256 MB  cpu 2  rt 8.4 ms dec 4.8+0.0  machine ok  ur 60
port> status f2160    mstory2dll   board 0 turn 0/0  mg 401 (m401dll)  coins/stars 0/0h 0/0h 0/0h 0/0h  aud 0.40 ms  speed 100%  30.0 fps presented  tex 50/8580 KB  rss 189 MB  res 103/256 MB  cpu 2  rt 8.6 ms dec 4.7+0.0  machine ok  ur 60
port> status f2220    mstory2dll   board 0 turn 0/0  mg 401 (m401dll)  coins/stars 0/0h 0/0h 0/0h 0/0h  aud 0.10 ms  speed 100%  30.0 fps presented  tex 50/8580 KB  rss 189 MB  res 103/256 MB  cpu 2  rt 0.3 ms dec 0.0+0.0  machine ok  ur 60
port> AI: DMA callback registered (one call per 160-sample DSP frame)
Size 10fac0
port> OSSetIdleFunction 0x42a98 (one pass per retrace, on the game thread)
port> THP: a movie opens: 608x448, 29.97 fps, 1858 frames (62.0 s), with audio, buffer 27424 bytes; decode on the worker, one frame ahead
port> status f2280    mstory2dll   board 0 turn 0/0  mg 401 (m401dll)  coins/stars 0/0h 0/0h 0/0h 0/0h  aud 0.07 ms  speed 100%  30.0 fps presented  tex 50/8580 KB  rss 195 MB  res 103/256 MB  cpu 2  rt 10.5 ms dec 0.0+0.0  machine ok  ur 60  thp 11/1858 drawn 7 drop 5
port> status f2340    mstory2dll   board 0 turn 0/0  mg 401 (m401dll)  coins/stars 0/0h 0/0h 0/0h 0/0h  aud 0.18 ms  speed 100%  30.0 fps presented  tex 50/8580 KB  rss 196 MB  res 103/256 MB  cpu 2  rt 5.0 ms dec 0.0+0.0  machine ok  ur 60  thp 41/1858 drawn 28 drop 14
port> status f2400    mstory2dll   board 0 turn 0/0  mg 401 (m401dll)  coins/stars 0/0h 0/0h 0/0h 0/0h  aud 0.18 ms  speed 100%  30.0 fps presented  tex 50/8580 KB  rss 196 MB  res 103/256 MB  cpu 2  rt 5.1 ms dec 0.0+0.0  machine ok  ur 60  thp 70/1858 drawn 53 drop 18
port> status f2460    mstory2dll   board 0 turn 0/0  mg 401 (m401dll)  coins/stars 0/0h 0/0h 0/0h 0/0h  aud 0.18 ms  speed 100%  30.0 fps presented  tex 50/8580 KB  rss 196 MB  res 103/256 MB  cpu 2  rt 4.5 ms dec 0.0+0.0  machine ok  ur 60  thp 100/1858 drawn 82 drop 19
port> status f2520    mstory2dll   board 0 turn 0/0  mg 401 (m401dll)  coins/stars 0/0h 0/0h 0/0h 0/0h  aud 0.18 ms  speed 100%  30.0 fps presented  tex 50/8580 KB  rss 196 MB  res 103/256 MB  cpu 2  rt 6.0 ms dec 0.0+0.0  machine ok  ur 60  thp 130/1858 drawn 111 drop 20
port> status f2580    mstory2dll   board 0 turn 0/0  mg 401 (m401dll)  coins/stars 0/0h 0/0h 0/0h 0/0h  aud 0.18 ms  speed 100%  30.0 fps presented  tex 50/8580 KB  rss 196 MB  res 103/256 MB  cpu 2  rt 4.7 ms dec 0.0+0.0  machine ok  ur 60  thp 160/1858 drawn 141 drop 20
port> status f2640    mstory2dll   board 0 turn 0/0  mg 401 (m401dll)  coins/stars 0/0h 0/0h 0/0h 0/0h  aud 0.17 ms  speed 100%  30.0 fps presented  tex 50/8580 KB  rss 196 MB  res 103/256 MB  cpu 2  rt 4.7 ms dec 0.0+0.0  machine ok  ur 60  thp 190/1858 drawn 171 drop 20
port> status f2700    mstory2dll   board 0 turn 0/0  mg 401 (m401dll)  coins/stars 0/0h 0/0h 0/0h 0/0h  aud 0.17 ms  speed 100%  30.0 fps presented  tex 50/8580 KB  rss 196 MB  res 103/256 MB  cpu 2  rt 5.2 ms dec 0.0+0.0  machine ok  ur 60  thp 220/1858 drawn 201 drop 20
port> status f2760    mstory2dll   board 0 turn 0/0  mg 401 (m401dll)  coins/stars 0/0h 0/0h 0/0h 0/0h  aud 0.17 ms  speed 100%  30.0 fps presented  tex 50/8580 KB  rss 196 MB  res 103/256 MB  cpu 2  rt 5.3 ms dec 0.0+0.0  machine ok  ur 60  thp 250/1858 drawn 231 drop 20
port> status f2820    mstory2dll   board 0 turn 0/0  mg 401 (m401dll)  coins/stars 0/0h 0/0h 0/0h 0/0h  aud 0.17 ms  speed 100%  30.0 fps presented  tex 50/8580 KB  rss 196 MB  res 103/256 MB  cpu 2  rt 4.6 ms dec 0.0+0.0  machine ok  ur 60  thp 280/1858 drawn 261 drop 20
port> status f2880    mstory2dll   board 0 turn 0/0  mg 401 (m401dll)  coins/stars 0/0h 0/0h 0/0h 0/0h  aud 0.18 ms  speed 100%  30.0 fps presented  tex 50/8580 KB  rss 196 MB  res 103/256 MB  cpu 2  rt 4.9 ms dec 0.0+0.0  machine ok  ur 60  thp 310/1858 drawn 291 drop 20
port> status f2940    mstory2dll   board 0 turn 0/0  mg 401 (m401dll)  coins/stars 0/0h 0/0h 0/0h 0/0h  aud 0.18 ms  speed 100%  30.0 fps presented  tex 50/8580 KB  rss 196 MB  res 103/256 MB  cpu 2  rt 4.9 ms dec 0.0+0.0  machine ok  ur 60  thp 340/1858 drawn 321 drop 20
port> status f3000    mstory2dll   board 0 turn 0/0  mg 401 (m401dll)  coins/stars 0/0h 0/0h 0/0h 0/0h  aud 0.18 ms  speed 100%  30.0 fps presented  tex 50/8580 KB  rss 196 MB  res 103/256 MB  cpu 2  rt 5.1 ms dec 0.0+0.0  machine ok  ur 60  thp 370/1858 drawn 351 drop 20
port> status f3060    mstory2dll   board 0 turn 0/0  mg 401 (m401dll)  coins/stars 0/0h 0/0h 0/0h 0/0h  aud 0.19 ms  speed 100%  30.0 fps presented  tex 50/8580 KB  rss 196 MB  res 103/256 MB  cpu 2  rt 5.5 ms dec 0.0+0.0  machine ok  ur 60  thp 400/1858 drawn 381 drop 20
port> status f3120    mstory2dll   board 0 turn 0/0  mg 401 (m401dll)  coins/stars 0/0h 0/0h 0/0h 0/0h  aud 0.17 ms  speed 100%  30.0 fps presented  tex 50/8580 KB  rss 196 MB  res 103/256 MB  cpu 2  rt 5.5 ms dec 0.0+0.0  machine ok  ur 60  thp 430/1858 drawn 411 drop 20
port> status f3180    mstory2dll   board 0 turn 0/0  mg 401 (m401dll)  coins/stars 0/0h 0/0h 0/0h 0/0h  aud 0.17 ms  speed 100%  30.0 fps presented  tex 50/8580 KB  rss 196 MB  res 103/256 MB  cpu 2  rt 5.3 ms dec 0.0+0.0  machine ok  ur 60  thp 460/1858 drawn 441 drop 20
port> status f3240    mstory2dll   board 0 turn 0/0  mg 401 (m401dll)  coins/stars 0/0h 0/0h 0/0h 0/0h  aud 0.17 ms  speed 100%  30.0 fps presented  tex 50/8580 KB  rss 196 MB  res 103/256 MB  cpu 2  rt 4.8 ms dec 0.0+0.0  machine ok  ur 60  thp 490/1858 drawn 471 drop 20
port> status f3300    mstory2dll   board 0 turn 0/0  mg 401 (m401dll)  coins/stars 0/0h 0/0h 0/0h 0/0h  aud 0.18 ms  speed 100%  30.0 fps presented  tex 50/8580 KB  rss 196 MB  res 103/256 MB  cpu 2  rt 4.7 ms dec 0.0+0.0  machine ok  ur 60  thp 520/1858 drawn 501 drop 20
port> status f3360    mstory2dll   board 0 turn 0/0  mg 401 (m401dll)  coins/stars 0/0h 0/0h 0/0h 0/0h  aud 0.17 ms  speed 100%  30.0 fps presented  tex 50/8580 KB  rss 196 MB  res 103/256 MB  cpu 2  rt 4.9 ms dec 0.0+0.0  machine ok  ur 60  thp 550/1858 drawn 531 drop 20
port> status f3420    mstory2dll   board 0 turn 0/0  mg 401 (m401dll)  coins/stars 0/0h 0/0h 0/0h 0/0h  aud 0.18 ms  speed 100%  30.0 fps presented  tex 50/8580 KB  rss 196 MB  res 103/256 MB  cpu 2  rt 4.8 ms dec 0.0+0.0  machine ok  ur 60  thp 580/1858 drawn 561 drop 20
port> status f3480    mstory2dll   board 0 turn 0/0  mg 401 (m401dll)  coins/stars 0/0h 0/0h 0/0h 0/0h  aud 0.17 ms  speed 100%  30.0 fps presented  tex 50/8580 KB  rss 196 MB  res 103/256 MB  cpu 2  rt 5.3 ms dec 0.0+0.0  machine ok  ur 60  thp 610/1858 drawn 591 drop 20
port> status f3540    mstory2dll   board 0 turn 0/0  mg 401 (m401dll)  coins/stars 0/0h 0/0h 0/0h 0/0h  aud 0.18 ms  speed 100%  30.0 fps presented  tex 50/8580 KB  rss 196 MB  res 103/256 MB  cpu 2  rt 5.7 ms dec 0.0+0.0  machine ok  ur 60  thp 640/1858 drawn 621 drop 20
port> status f3600    mstory2dll   board 0 turn 0/0  mg 401 (m401dll)  coins/stars 0/0h 0/0h 0/0h 0/0h  aud 0.18 ms  speed 100%  30.0 fps presented  tex 50/8580 KB  rss 196 MB  res 103/256 MB  cpu 2  rt 5.2 ms dec 0.0+0.0  machine ok  ur 60  thp 670/1858 drawn 651 drop 20

port> --frames 3600 reached: 3600 retraces in 60.06 s wall (game clock 60.06 s)
port> tev: konst collision (two constants in one stage): 0 of 58296 draws carry one, in 0 distinct configs (PLAN.md 31.4)
port> tev: 2289 unit emissions through the register rewrite (PLAN.md 31.3), 0 stage emissions still folding a register write to PREV
port> --perfdump: 3599 frames written to /Users/zach/fps-board-m48/goto-mstory2dll.csv

---- --perf: 3599 frames ----
  game     mean   2.39  median   1.43  p95   5.67  worst 402.95 ms
  gx       mean   0.69  median   0.02  p95   4.12  worst  89.18 ms
  present  mean   0.17  median   0.01  p95   0.48  worst   1.67 ms
  aud      mean   0.13  median   0.15  p95   0.30  worst   0.98 ms
  frame    mean   3.38  median   1.76  p95  10.17  worst 402.98 ms
  budget   16.68 ms/frame at 59.94 Hz; 16 of 3599 frames over it (0.4%)
  clocks   game 60.04 s vs wall 60.15 s -- ratio 1.002  (keeping up)
  fps      59.8 effective

---- --realtime: 3600 paced retraces ----
  clocks   game 60.06 s vs wall 60.16 s -- speed 99.8%
  present  1782 drawn of 3600 (50.5% skipped), 29.6 presented fps, 5 forced by the skip cap, 0 by --dumpframe
  late     worst 389.3 ms behind the schedule; 0 resync(s) dropping 0.00 s of game time
  rt       2 frame(s) consumed because the render thread was still busy past --rtgate 4 ms

port> MusyX: 11998 frames of 160 samples mixed (59.99 s of audio) over 3596 retraces
port> audio: first sound at retrace 639; Dolphin's own DSP dump of the same boot starts at 10.95 s = retrace ~656
port> musyx_mix: 11998 frames mixed, 126 voices started, 122 voices ended, peak |sample| 25388, 0 clamped ARAM reads, 21 max concurrent voices (of 50 allocated)
port> musyx_mix: resampler linear, depop on; 106 voice(s) cut mid-frame
port> musyx_mix: --perf: mean 115.1 us/frame, worst 1289.5 us/frame, over 11998 timed frames
port> musyx_mix: split frames: 7527 control halves on the game thread, 7527 value halves (1206 ms), 2256 joins, 0 position mismatches
port> audio: M24 mixer job: 2256 ticks split (22581 steps), 0 ticks fused for a MEM1/vsample voice, 0 poisoned mid-tick, 0 out of pool, 0 jobs run at submit, 0 jobs finished mid-tick (ARAM writes)
port> audio: M38 movie periods: 4471 mixed by THPSimple into its own buffer (4471 re-pointed by AIInitDMA), 0 silent (no mixer), 1340 fused ticks; 0 AIInitDMA refused
port> musyx_aram: samples stored 592 (8501 KB), removed 42, refused 0
port> musyx_aram: region=[0x000000,0x800000) (8388608 bytes) zero_buf=[0x000000,0x000500) initialized=1
port> musyx_aram: sample heap write=0x725540 high_water=0x725540 (7491648 bytes at peak), stream cursor=0x7ee200
port> musyx_aram: stream buffers active=2 peak=2 of 64 slots
port> musyx_aram: bytes uploaded=8712640 -- rejected: store=0 stream=0 upload=0, remove mismatches=0
port> audio out: 59.99 s queued, 3785 callbacks, peak L 25388 R 24959 (of 32767)
port> audio out: 60 underrun(s) totalling 891.0 ms, 0.0 ms dropped to overrun
port> audio out: (the ring tracks the frame rate: audio is paced by the
port>             retrace, so under 60 fps it starves and under --turbo it
port>             overruns.  --wav is written before the ring and is whole.)
port> OS clock: 2430000000 ticks in 60.69 s = 40.042 MHz (console 40.500)
port> decode jobs (M43): 16675338 vertices; specialised 100.0%, the walker's by pick_fast's first failed test:
port> vcache (M40, auto): 656 list calls (0 left to the ring as animated), 656 primitives, 44451 vertices; 21 hits (915 vertices, 2.1%; per drawn frame 1.0% over 3 frames)
port> vcache (M44): 4 positions refreshes (90 vertices): stored runs whose position array alone had moved, copied and their positions decoded again
port> vcache (M45): on the frames the auto keyed off, 0 lists looked up refresh-only, 0 refreshes served there (--novcposoff)
port> vcache: misses -- new 382 (23837 v), plan changed 153 (12968 v), arrays changed 96 (6641 v), list bytes changed 0 lists; ineligible 0 (0 v, skinned/palette/premerge); not stored (region full this frame) 0 (0 v); stored 43446 v
port> vcache: auto keyed 3 drawn frame(s), left 760 to the decode (fit 28.0 ms); 41 list hash(es) memoised, 16249 memo end(s) leaving module code
port> vcache (M47): the skin body named its arrays 0 times (0 scans), 0 array memos ended by them (--oldvcskin: every memo, the epoch)
port> vcache: hashed 0.3 MB of lists and 1.6 MB of arrays (2.9 KB a list call); 66 ms keying on the game thread (sampled 1 in 8: lists 58, hits 0, misses 8); region 8192 KB, peak 1425 KB, 0 reset(s), 0 cooldown(s); 302 entries, 198 arrays live, 0 clear(s)
port> GX draw: 259540 primitives, 16882684 vertices, 92868 glDrawArrays, 325864 display lists replayed
port> GX draw: M44 layout memo: 202324 primitives kept the last one's, 57216 settled anew
port> GX draw: 16698481 vertices through the specialised decode loops (98.9%)
port> GX draw: M29: 253688 display-list runs (16675338 vertices, 98.8%) handed to the render thread's decode, 0 runs decoded here instead, 469 kept here by --rtdecode auto (M33)
port> GX draw: 0 primitive(s) off-world (|position matrix translation| over 10000)
port> skin: deferred CPU skinning; EnvelopeProc 2486 calls: 2486 deferred, 0 run by the game; 3 HSFs registered (0 rebuilt); 2155 deferred bodies run at the draw (0 of them at the array bind), 8860 syncs skipped on consumed frames; palette: 2486 bone syncs, 0 pose builds
port> skin: lifetime: 3 entries dropped by the game's frees, 0 guard hits (must be 0); signatures: 11 full, 2475 by the pointers alone (M47)
port> GL state: 273098 calls emitted, 1263640 elided (82.2% of 1536738)
port> texture cache: 37982 hits, 50 misses, 0 re-uploads, 50 entries, 5124 KB decoded, 5 padded to a power of two, 8580 KB held by GL
port> texture budget: 40 MB; 0 evictions (0 KB) to stay under it
port> texture decode (M23): 49 decodes, 71 ms decoding, 26 ms uploading, 129 ms hashing; 3 frames over 20 ms of it; 0 re-keyed by content (0 KB not decoded again)
port> texture dirty ranges (M35): 56782 DC store/flush calls, 46 entries marked, 1 hashed clean, 0 decoded again; 31901 calls touched no texture page (M41)
port> texture hash: 3863 KB hashed in full, 17551 KB sampled, 20344 revalidations (of 38032 binds)
port> EFB copies: 779 colour copies into the cache (on consumed frames from the front buffer: 0 whole-screen, 0 region; 803 clear-after copies kept from the last drawn frame, M21; 779 half-scale copies kept at source size, M23)
port> indirect tiling: 1 composed backgrounds, 394 cache hits

---- GX features the backend degraded (1 distinct) ----
  GXSetTevColorS10: a TEV register outside 0..255 is clamped     1338

port> render thread: mode 3 (thread, overlapped)
  stream   796954 records, 53408 KB (69 B/record); 1779 frames presented, peak 105 KB a frame; 0 KB of payload copies; 52 names handed out; 51 owned uploads freed
  replay   8169 ms in all; per presented frame mean 4.59 ms, worst 83.4 ms (1779 frames); present tail (swap executed - swap recorded) mean 1.6 ms, worst 21.5 ms
  decode   253688 runs recorded, 253688 decoded ahead by the decode cursor, 0 by the replay (late); 16675338 vertices; 2296 ms in all, per presented frame mean 1.29 ms, worst 5.2 ms (--rtdecode 3)
  auto     1782 drawn frames planned, 1 split (share mean 0.75, max 0.75); 23143 vertices decoded on the game thread (3 ms) vs 16675338 on the render thread; last plan: game 8.3 + consumed 1.7 vs replay 8.1 + decode 4.4 -> 0.0 ms moved (--rtdecode auto, fit 30 ms, max share 0.75)
  gate     1774 drained, 1 waited (0 ms, worst 0.4 ms), 2 busy (the frame was consumed instead)
  ring     0 reuse waits for the issue, 0 for the GPU (0 ms, worst 0.0 ms); stream full 0 times (0 ms); reader slept 3261 times, woken 6063
  join     retrace                  3600 (2624 ms, worst 23.0 ms)
  join     call                     12 (93 ms, worst 21.4 ms)
  join     gate (forced frame)      7 (2 ms, worst 2.2 ms)
  join     skin body                2152 (17 ms, worst 6.7 ms)
  join     skin free                3 (0 ms, worst 0.0 ms)
  join     shutdown                 1 (0 ms, worst 0.0 ms)
  fences   the ring's chunks by epoch: the writer waited 0 time(s) for the GPU (the `ring' line above); the reader tests pending fences after every present, every 256 records and while idle
port> DVD: 743 reads, 30461692 bytes, 474 ms in reads, 1 over 100 ms

port> loader (M36): prefetch on, 73 jobs, 72 files read ahead (1 skipped as resident), 103.0 MB in 1065 ms off the game thread (worst 387 ms); 0 inline slices on one CPU (0 ms)
port> loader: disk reads after a prefetch of the same file: 0, 0 of them over 100 ms
port> loader: resident set 256 MB: 73 files held (103 MB, 73 of them from the list), 54 reads (15.5 MB) served from memory, 689 (13.6 MB, 474 ms) from the disk, 1 adopted from the game's own reads, 0 evicted (0.0 MB); mlock allowed (103 MB locked)
port> THP: 1 movie(s) played, 651 frames drawn, 20 dropped; 0 frame buffers from outside the pool
port> REL bundles: 2 loads, 1 unloads, 0 re-entries, 0 modules dlclose would not unload

port> cpu 2: workers on
port> workers: the game thread's FPSCR adopted 2594 time(s) (the GL driver's FPU mode, for the reverb's floats)
port> worker mixer   2256 jobs: 2256 finished by the worker, 0 late (run inline by the game thread, 0 ms), 2 waited for (0 ms, worst 0.2 ms); 1361 ms of work on the second core
port> worker decode  672 jobs: 672 finished by the worker, 0 late (run inline by the game thread, 0 ms), 0 waited for (0 ms, worst 0.0 ms); 10024 ms of work on the second core
port> sincos memo: 238799 hits, 76491 misses (75.7% hit)
port> fast sin/cos (M42): 76484 pairs without libm, 7 through libm
port> rotation memo (M42): mtxRot 4714 hits / 137 misses, mtxRotCat 31669 hits / 19 misses
port> motion exec (M42): 4924 calls through the port's body
port> write barrier (M42, --wbpart: the ends' partial pages too): 192 pages armed in 84 calls, 98 faults (42 pages hot), 94 disarmed by kernel writes/frees; arrays clean 22 (15 by their ends' hash) / written 8, 0.2 MB of hashing skipped
port> material walk on consumed frames: skipped; 186156 faces skipped, 55112 material changes (40752 Hu3DLightSet, 0 Hu3DAnimSet kept)
port> sparse concats (bone walk): 499679 sparse, 0 general
port> sqrtf: 0 through frsqrte, 1000131 through libm (--nofastsqrt)
port> soft-reset watcher: running, body polled 3596 times

---- SDK surface hit at boot: 0 distinct stubs, in first-call order ----
---- 0 stub calls total ----
