Mario Party 4 -- native port, PowerPC Edition 0.9.16 (milestone M48)
port> machine: model PowerMac3,5, 2 CPUs at 1000 MHz, 7450 (G4), AltiVec yes, 1536 MB RAM, Mac OS X 10.5.4
port> machine: GL ATI Technologies Inc. / ATI Radeon 9000 OpenGL Engine / 1.3 ATI-1.5.28, VRAM 64 MB, 6 texture units, max texture 2048
port> machine:   GL_ARB_multitexture                  present  required
port> machine:   GL_ARB_texture_env_combine           present  required
port> machine:   GL_ARB_texture_env_crossbar          present  required
port> machine:   GL_ATI_texture_env_combine3          present  required
port> machine:   GL_EXT_secondary_color               present  required
port> machine:   GL_ARB_vertex_program                present  degraded without
port> machine:   GL_APPLE_vertex_array_range          present  degraded without
port> machine:   GL_APPLE_fence                       present  degraded without
port> machine:   GL_EXT_multi_draw_arrays             present  degraded without
port> machine:   GL_EXT_blend_subtract                present  degraded without
port> machine:   GL_EXT_gpu_program_parameters        present  optional
port> machine:   GL_EXT_fog_coord                     present  optional
port> machine:   GL_EXT_texture_compression_s3tc      present  optional
port> machine:   GL_ARB_depth_texture                 MISSING  optional
port> machine:   GL_ATI_text_fragment_shader          present  not used
port> machine: verdict ok
port> machine:   - every probe within the G4's envelope
port> machine: tier: the reference class (dual 1 GHz G4, 64 MB Radeon 9000 or better), whose promise is 30 fps everywhere: 75 of 82 screens there today (0.9.16, docs/fps-scoreboard.md)
port> machine: applying --resident 256 (1536 MB of RAM; 0 under 768 MB, 128 at 1 GB, 256 at 1.5 GB+, 584 MB kept for the OS and the game)
port> machine: the roulette prefetch is on (every machine; --noprefetch)
port> machine: coroutine stacks x2 over the game's sizes (the default since M31; --stackmul N)
port> DVD: disc image /Users/zach/MarioParty4/mp4.nkit.iso, 357 files in the FST
port> GL: ATI Radeon 9000 OpenGL Engine / 1.3 ATI-1.5.28, 6 texture units
port> GL feature set used: combine3 1, crossbar 1, s3tc 1, blend_subtract 1, depth_texture 0, text_fragment_shader 1, 6 units
---- vprog probe ----
GL_ARB_vertex_program                     present
MAX_PROGRAM_INSTRUCTIONS            262144
MAX_PROGRAM_NATIVE_INSTRUCTIONS        128
MAX_PROGRAM_PARAMETERS                1024
MAX_PROGRAM_NATIVE_PARAMETERS          192
MAX_PROGRAM_TEMPORARIES              65535
MAX_PROGRAM_NATIVE_TEMPORARIES          12
MAX_PROGRAM_ATTRIBS                     32
MAX_PROGRAM_NATIVE_ATTRIBS              16
MAX_PROGRAM_ADDRESS_REGISTERS            2
MAX_PROGRAM_ENV_PARAMETERS             256
MAX_PROGRAM_LOCAL_PARAMETERS          1024
GL_EXT_gpu_program_parameters       present (one call per palette upload)
trivial program            loaded, 6 instructions (6 native), under native limits: YES
palette program (ARL)      loaded, 10 instructions (15 native), under native limits: YES
matrix palette             18 slots of 6 params from env[82]
---- end vprog probe ----
port> cpu: 2 cores (hw.ncpu); workers ON
port> loader: prefetch on (a thread); resident set 256 MB: 73 of the list's 73 files fit (103.1 of 103.1 MB), filling on the thread
port> vertex ring: 8192 KB in 4 chunks (+8192 KB static-geometry cache), vertex_array_range on, multi_draw_arrays yes
port> render thread: on, overlapped (the join at the gate) (--renderthread 3); stream 16384 KB
port> render thread: the display-list decode split per drawn frame between the two threads (auto, M33) (--rtdecode 3)
port> options: Mario Party 4 PowerPC Edition 0.9.16 (M48), the effective options
port> options: machine       ok: PowerMac3,5, 2 x 1000 MHz 7450 (G4), 1536 MB RAM, ATI Radeon 9000 OpenGL Engine, 64 MB VRAM, 6 units, OS 10.5.4
port> options: disc image    /Users/zach/MarioParty4/mp4.nkit.iso
port> options: data folder   /Users/zach/Library/Application Support/MarioParty4  (card image, config, log)
port> options: log           (stdout only)
port> options: fullscreen    0  (--noconfig: not remembered)
port> options: cores         2; workers on (--threads -1); render thread mode 3 (--renderthread -1: 0 direct, 1 inline twin, 2 joined, 3 overlapped); decode on it 3 (--rtdecode; 3 = auto)
port> options: pacing        realtime (deterministic clock); stack multiplier x2; texture budget 40 MB; resampler linear, depop on
port> options: loading       roulette prefetch on (--noprefetch); resident set 256 MB (--resident MB; the machine check's rule by the installed RAM)
port> options: every field of PortOptions (0/NULL = off or unset):
port> options:   image=/Users/zach/MarioParty4/mp4.nkit.iso  log=NULL  gxlog=0  deterministic=1  
port> options:   stub_trace=0  max_frames=2400  turbo=0  watchdog=0  verbose=0  reldir=NULL  gxdemo=0  
port> options:   reltest=0  memmap=0  guardtest=NULL  relzerobss=0  nodatareset=0  noaudio=0  glcheck=0  
port> options:   glinfo=0  seed=3838914000000000  perf=1  gxsplit=0  drawlog=0  dumptex=0  texhash_full=0  
port> options:   gxwarn=0  headless=0  dumpframe=NULL  shotdir=/Users/zach/fps-board-m48/goto-ztardll  
port> options:   scale=0  drawlog_frame=0  nocard=0  reldlclose=0  nopad=0  pad_debug=0  kbport=0  
port> options:   pad_play=NULL  pad_record=NULL  scenelog=NULL  ovllog=1  nanwatch=0  wav=NULL  mute=0  
port> options:   audiolog=0  rtc=1041472800  rtc_set=1  rtc_seen=1  rtc_offset=0  card=NULL  freshcard=1  
port> options:   minigame=NULL  com4=0  cast=NULL  dvdheap=0  turns=0  status=1  stuckwatch=0  soak=0  
port> options:   depop=1  resample4=0  clickstat=0  dlcache=0  vcache=3  vcache_mb=8  vcache_fit=28  
port> options:   vcache_vbo=0  cardwait=0  synclog=0  noaicb=0  olddecode=0  perfwin=NULL  nodraw=0  
port> options:   ffto=0  ffto_warm=1  snap_every=0  snap_keep=3  snap_dir=NULL  restore=NULL  snap_now=0  
port> options:   snapdiff=0  vprobe=0  cpuxf=0  vprogstats=0  vproglog=0  oldtev=0  tevstats=0  
port> options:   oldnulltev=0  tlutlog=0  oldsubmit=0  novar=0  batchmax=0  segrebase=0  gltrace=0  
port> options:   endlog=NULL  nomerge=0  nomultidraw=0  noindexed=1  nohilite=0  noenvbulk=0  nofixbase=0  
port> options:   submitstats=0  nohilitetex=0  nocopyhalf=0  copylog=0  noefbflip=0  oldfirsthash=0  
port> options:   norekey=0  dumpcopy=0  notint=0  tintlog=0  texdecodelog=0  threads=-1  nomixthread=0  
port> options:   renderthread=-1  rtsplit=0  rtgate_ms=4  stackmul=2  rtdecode=-1  rtauto_fit_ms=30  
port> options:   rtauto_max=0.75  fake_machine=NULL  machinecheck=0  force=0  mgdump=NULL  mgend=0  
port> options:   viewtexgen=0  nrmfrac0=0  vtxdivide=0  mghold=0  fullscreen=0  fullscreen_set=0  
port> options:   noconfig=1  print_defaults=0  print_keys=0  texbudget_set=0  predecode=0  predecodelog=0  
port> options:   regfix2dbg=0  lazyflush=0  premerge_max=0  cmpmask=8191  oldkonst=0  tfs=0  tfsprobe=0  
port> options:   tfslog=0  tfsdbg=0  tfsnorebind=0  tfscopycpu=0  tfssqcopy=0  tfsmtx=0  tfsforcebind=0  
port> options:   tfsenvreset=0  tfsdump=0  tfsall=0  oldspec0=0  nolitalpha=0  oldczero=0  clrasclr=0  
port> options:   nohoistmtx=0  nofastconcat=0  nostripes=0  nounitmemo=0  norotmemo=0  nopacklights=0  
port> options:   nofastsin=0  nomtxmemo=0  norotl=0  nowb=0  notexskip=0  nostripepool=0  giveitem=NULL  
port> options:   waterlook=1  pondlook=0  pondmix=0  wavegain=0  rgbcopy=0  novcposoff=1  nowaterpt=0  
port> options:   affinetex=0  halfwatch=0  presentdump=NULL  motlog=0  nolights=0  nopendlast=0  
port> options:   noskindecode=1  skinverify=0  oldvcskin=1  fullskinsig=0  noskindcbz=0  skinfree=0  
port> options:   oldwake=0  skinround=0  skinvec=0  dcbtdist=1  keytest=NULL  oldscissor=0  
port> options:   readbacktest=0  nodcbz=0  novpgen=0  notevdirty=0  noattrmemo=0  nowordhash=0  water=-1  
port> options:   watergrid=1  norastermemo=0  novcpos=0  wbpart=1  oldvtxjoin=0  rtgx=0  rtgx_fit=29  
port> options:   texmtxlog=0  maxbatchverts=0  skinreadwatch=0  nocompiled=1  compiled_mode=1  
port> options:   nocompiledpf=0  compiled_mb=8  glists=0  glists_mb=8  pmc=0  nomotionexec=0  
port> options:   nodirtyfilter=0  nodirty=0  oldakonst=0  mdposonly=0  mdmax=0  nospot=0  oldfog=0  
port> options:   noregchain=0  nocarry=0  forceobj=NULL  forceobj_flags=0  skipobj=NULL  zprepass=1  
port> options:   probeverts=0  skipverts=0  probeobj=NULL  nolinewidth=0  noregfix=0  realtime=1  
port> options:   lockstep=0  maxskip=0  perfdump=/Users/zach/fps-board-m48/goto-ztardll.csv  mpgl=0  
port> options:   olddecode2=0  altivec=0  nodcbt=0  olddecode3=0  decodestats=0  audiolead_set=0  
port> options:   audiolead=100  cpuskin=0  palette=0  nopalette=0  skinstats=0  palsize=0  palnoarl=0  
port> options:   palnofog=0  noskinlifetime=0  restore_lax=0  skindeferall=0  mixtrace=NULL  mixcheck=0  
port> options:   nosincos=0  snapsync=0  nomatwalk=0  nocurvememo=1  nosparsemtx=0  nofastsqrt=1  
port> options:   nodraw_user=0  noprefetch=0  resident=256  dvdlog=0  nomovies=0  thpyuv=0  
port> options:   gotoovl=ztardll:0:0  board=0  boardcycle=0  boarddump=NULL  foldxbar=0  foldcap=0  
port> options:   thplog=0  nothpslice=0  thpguard_set=0  thpguard=60  
port> audio: 32000 Hz, 2 ch, 512-frame buffer, 256 KB ring (2048 ms)
port> frame mode: --realtime (retrace at 60 Hz on the wall clock, present at most every 2nd retrace, at least every 6th; --lockstep for the old gate)
port> audio: 100 ms of lead queued ahead of the mix (--audiolead)
port> entering the game's own main()

port> OSInit: MEM1 24 MB [0x3970000, 0x5170000), ARAM 16 MB, bus 162 MHz
port> OSInit: RTC pinned to 1041472800 (2003-01-02T02:00:00Z), OSGetTime origin 3838914000000000 ticks
port> DVDInit
port> VIInit
port> controls: a scripted run (--play/--record/--soak/--noconfig/--com4/--nopad): PowerPCube's controls file and gamecontrollerdb.txt are not read
port> PADInit: controller 1 = keyboard
port> PADInit: rumble not available on controller 1
port> PADInit: controllers 2-4 unplugged (reference config: CPU players)
port> OSCreateHeap 0: 0x3a9c000..0x5170000 (23375 KB)
port> VIConfigure: 640x480 xfb, 640x480 efb, tv mode 0
port> GXInit: FIFO 0x3a9c00c, 1048576 bytes (the port keeps no FIFO; the write-gather writers are ordinary calls under TARGET_PC)
port> frame 1: overlay 0 (next 0) event 0
port> loader: list sound/mpgcsnd.msm 36823392 bytes in 378 ms, resident (asked at frame 0, done at 1)
port> roulette: frame 1 dealt mg 401 (m401dll, type 0)
port> OSCreateThread 0x259448 func 0x4210c (the soft-reset watcher; polled once per retrace, not run on a thread)
HuMem> left memory space 2383KB(2441120)
port> ARInit: 16 MB of ARAM
port> MusyX SAL: 32000 Hz, 4 x 640-byte AI buffers (20 ms), 32-sample sub-frame
port> musyx_mix: CPU mixer up, 50 voices, 1 studios, 32000 Hz
port> MusyX SAL: mixing started
port> musyx_aram: region [0x000000, 0x800000) zero_buf [0x000000, 0x000500) sample heap starts at 0x000500
port> AI: DMA callback registered (one call per 160-sample DSP frame)
port> CARD: --freshcard with no --card: using the scratch image /Users/zach/Library/Application Support/MarioParty4/scratch-slot-a.raw
            rather than formatting the save file next to it
port> CARD: slot A = /Users/zach/Library/Application Support/MarioParty4/scratch-slot-a.raw (--freshcard: formatted, 59 free blocks)
port> workers: the game thread's FPSCR control bits are 0x00 at job 0 (NI 0, RN 0)
DLL DBG OUT
objman>Call New Ovl 1(1)
port> frame 2: overlay -1 (next 1) event 0
++++++++++++++++++++ Start New OVL 1 (EVT:0 STAT:0x00000000) ++++++++++++++++++
======== HuMem heap dump 03b9c018 ========
MCB-----+Size----+MG+FL+Prev----+Next----+UNum----+Body----+Call----
03b9c018 0000a020 a5 01 03baa1f8 03ba6038 ffffff00 03b9c038 000088c4
03ba6038 000041c0 a5 01 03b9c018 03baa1f8 ffffff00 03ba6058 0003c558
03baa1f8 00231e20 cd 00 03ba6038 03b9c018 00000000 03baa218 0003c558
MCB:3(2/1) MEM:00240000(0000e1e0/00231e20)
======== HuMem heap dump 03b9c018 end =====
======== HuMem heap dump 03f1c030 ========
MCB-----+Size----+MG+FL+Prev----+Next----+UNum----+Body----+Call----
03f1c030 00a80000 cd 00 03f1c030 03f1c030 ffffff00 03f1c050 cdcdcdcd
MCB:1(0/1) MEM:00a80000(00000000/00a80000)
======== HuMem heap dump 03f1c030 end =====
======== HuMem heap dump 0499c03c ========
MCB-----+Size----+MG+FL+Prev----+Next----+UNum----+Body----+Call----
0499c03c 00580000 cd 00 0499c03c 0499c03c ffffff00 0499c05c cdcdcdcd
MCB:1(0/1) MEM:00580000(00000000/00580000)
======== HuMem heap dump 0499c03c end =====
objman>Used Memory Size:0000e1e0
objman>Used Memory Cnt:2
objman>Init esp
objman>Call objectsetup
DLLStart 1 0
Search:dll/bootdll.rel
objdll>Link DLL:dll/bootdll.rel
Rest Memory 580000
port> REL bundles: 99 in /Users/zach/mp4-m48final.app/Contents/MacOS/rels
===== DLL Module Info dump ====
                   ID:0x00000001
             LinkPrev:0x00000000
             LinkNext:0x00000000
          Section num:14
Section info tbl ofst:0x00000048
           nameOffset:0x00000000
             nameSize:47
              version:0x00000002
===============================
==== DLL Module Header dump ====
          bss Size:0x0000005c
        rel Offset:0x00005c9d
        imp Offset:0x00007a4d
    prolog Section:1
    epilog Section:1
unresolved Section:0
       prolog func:0x00000000
       epilog func:0x00000054
   unresolved func:0x00000000
================================
objdll>LinkOK 03baa578 30100000
objdll> dll/bootdll.rel prolog start
******* Boot ObjectSetup *********
objman>InitObjMan start
objman>InitObjMan end
objdll> dll/bootdll.rel prolog end
objman>ObjectSetup end
port> lazy flush: off; premerge: off (max 0 vertices an object) -- both measured and off by default, PLAN.md 37
port> matrix palette: off (opt-in: --palette; PLAN.md 33.2)
port> frame 3: overlay 1 (next -1) event 0
DLL DBG OUT
Rest Memory 57d540
ARAM Trans 808000
Rest Memory 55d020
ARAM Trans 80aaa0
Rest Memory 506400
ARAM Trans 82da60
Rest Memory 564f40
ARAM Trans 8a7640
Rest Memory 5395a0
data num 74000b
port> dvdheap: 3733270 bytes mode 1 num 10000000  caller 0x10fa8  caller2 0xeb4c
Rest Memory 1f08c0
port> stall: frame 35 took 129 ms (game 129 gx 0 present 0 aud 0) [consumed] tex: 0 decoded (0 KB -> 0 KB) dec 0 up 0 hash 0 ms, 0 re-keyed; staged 0 (0 ms saved) claimed 0 unstaged 0; frees 9, dll 0 ms
port> status f60      bootdll      board 0 turn 0/0  mg 401 (m401dll)  coins/stars 0/0h 0/0h 0/0h 0/0h  aud 0.01 ms  speed 0%  0.0 fps presented  tex 1/2048 KB  rss 176 MB  res 103/256 MB  cpu 2  rt 0.3 ms dec 0.0+0.0  machine ok  ur 38
port> status f120     bootdll      board 0 turn 0/0  mg 401 (m401dll)  coins/stars 0/0h 0/0h 0/0h 0/0h  aud 0.01 ms  speed 100%  30.0 fps presented  tex 1/2048 KB  rss 177 MB  res 103/256 MB  cpu 2  rt 0.2 ms dec 0.0+0.0  machine ok  ur 38
port> status f180     bootdll      board 0 turn 0/0  mg 401 (m401dll)  coins/stars 0/0h 0/0h 0/0h 0/0h  aud 0.01 ms  speed 100%  30.0 fps presented  tex 1/2048 KB  rss 177 MB  res 103/256 MB  cpu 2  rt 0.3 ms dec 0.0+0.0  machine ok  ur 38
port> status f240     bootdll      board 0 turn 0/0  mg 401 (m401dll)  coins/stars 0/0h 0/0h 0/0h 0/0h  aud 0.01 ms  speed 100%  30.0 fps presented  tex 1/2048 KB  rss 177 MB  res 103/256 MB  cpu 2  rt 0.4 ms dec 0.0+0.0  machine ok  ur 38
port> status f300     bootdll      board 0 turn 0/0  mg 401 (m401dll)  coins/stars 0/0h 0/0h 0/0h 0/0h  aud 0.01 ms  speed 100%  29.0 fps presented  tex 2/4096 KB  rss 179 MB  res 103/256 MB  cpu 2  rt 0.4 ms dec 0.0+0.0  machine ok  ur 38
port> status f360     bootdll      board 0 turn 0/0  mg 401 (m401dll)  coins/stars 0/0h 0/0h 0/0h 0/0h  aud 0.01 ms  speed 100%  29.0 fps presented  tex 2/4096 KB  rss 181 MB  res 103/256 MB  cpu 2  rt 0.3 ms dec 0.0+0.0  machine ok  ur 38
port> status f420     bootdll      board 0 turn 0/0  mg 401 (m401dll)  coins/stars 0/0h 0/0h 0/0h 0/0h  aud 0.01 ms  speed 100%  30.0 fps presented  tex 2/4096 KB  rss 181 MB  res 103/256 MB  cpu 2  rt 0.2 ms dec 0.0+0.0  machine ok  ur 38
port> status f480     bootdll      board 0 turn 0/0  mg 401 (m401dll)  coins/stars 0/0h 0/0h 0/0h 0/0h  aud 0.01 ms  speed 100%  30.0 fps presented  tex 2/4096 KB  rss 181 MB  res 103/256 MB  cpu 2  rt 0.2 ms dec 0.0+0.0  machine ok  ur 38
port> status f540     bootdll      board 0 turn 0/0  mg 401 (m401dll)  coins/stars 0/0h 0/0h 0/0h 0/0h  aud 0.01 ms  speed 100%  30.0 fps presented  tex 2/4096 KB  rss 181 MB  res 103/256 MB  cpu 2  rt 0.4 ms dec 0.0+0.0  machine ok  ur 38
0
GroupSet 0
***********GroupSet Error 0
port> status f600     bootdll      board 0 turn 0/0  mg 401 (m401dll)  coins/stars 0/0h 0/0h 0/0h 0/0h  aud 0.01 ms  speed 100%  30.0 fps presented  tex 2/4096 KB  rss 181 MB  res 103/256 MB  cpu 2  rt 0.4 ms dec 0.0+0.0  machine ok  ur 38
port> --goto: from the boot into ztardll (overlay 98) at event 0, character 0 first
objman>Call New Ovl 98(1)
OvlKill 1
objdll>omDLLNumEnd 1 1
Search:dll/bootdll.rel
+++++++++++ Find0: dll/bootdll.rel
objdll>omDLLEnd 0 1
objdll>End DLL:dll/bootdll.rel
odjdll>Unlink DLL:dll/bootdll.rel
objdll>Unlink DLL epilog
objdll>Unlink DLL epilog finish
objdll>End DLL finish
port> frame 609: overlay -1 (next 98) event 0
objman>Destory ObjMan
++++++++++++++++++++ Start New OVL 98 (EVT:0 STAT:0x00000000) ++++++++++++++++++
======== HuMem heap dump 03b9c018 ========
MCB-----+Size----+MG+FL+Prev----+Next----+UNum----+Body----+Call----
03b9c018 0000a020 a5 01 03bc21d8 03ba6038 ffffff00 03b9c038 000088c4
03ba6038 000041c0 a5 01 03b9c018 03baa1f8 ffffff00 03ba6058 0003c558
03baa1f8 00017640 cd 00 03ba6038 03bc1838 ffffff00 03baa218 0003ce8c
03bc1838 00000100 a5 01 03baa1f8 03bc1938 ffffff00 03bc1858 000375dc
03bc1938 00000400 a5 01 03bc1838 03bc1d38 ffffff00 03bc1958 0003762c
03bc1d38 00000400 a5 01 03bc1938 03bc2138 ffffff00 03bc1d58 00037678
03bc2138 00000060 a5 01 03bc1d38 03bc2198 ffffff00 03bc2158 000376c4
03bc2198 00000040 a5 01 03bc2138 03bc21d8 ffffff00 03bc21b8 00037710
03bc21d8 00219e40 cd 00 03bc2198 03b9c018 ffffff00 03bc21f8 0003ce8c
MCB:9(7/2) MEM:00240000(0000eb80/00231480)
======== HuMem heap dump 03b9c018 end =====
======== HuMem heap dump 03f1c030 ========
MCB-----+Size----+MG+FL+Prev----+Next----+UNum----+Body----+Call----
03f1c030 00a80000 cd 00 03f1c030 03f1c030 ffffff00 03f1c050 00040064
MCB:1(0/1) MEM:00a80000(00000000/00a80000)
======== HuMem heap dump 03f1c030 end =====
======== HuMem heap dump 0499c03c ========
MCB-----+Size----+MG+FL+Prev----+Next----+UNum----+Body----+Call----
0499c03c 00580000 cd 00 0499c03c 0499c03c 10000000 0499c05c 0000ff14
MCB:1(0/1) MEM:00580000(00000000/00580000)
======== HuMem heap dump 0499c03c end =====
objman>Used Memory Size:0000eb80
objman>Used Memory Cnt:7
objman>Init esp
objman>Call objectsetup
DLLStart 98 0
Search:dll/ztardll.rel
objdll>Link DLL:dll/ztardll.rel
Rest Memory 580000
===== DLL Module Info dump ====
                   ID:0x00000001
             LinkPrev:0x00000000
             LinkNext:0x00000000
          Section num:14
Section info tbl ofst:0x00000048
           nameOffset:0x00000000
             nameSize:47
              version:0x00000002
===============================
==== DLL Module Header dump ====
          bss Size:0x000002d8
        rel Offset:0x00012d3c
        imp Offset:0x0001d48c
    prolog Section:1
    epilog Section:1
unresolved Section:0
       prolog func:0x00000000
       epilog func:0x00000054
   unresolved func:0x00000000
================================
objdll>LinkOK 03bc21f8 35f00000
objdll> dll/ztardll.rel prolog start
******* ZP ObjectSetup *********
objman>InitObjMan start
objman>InitObjMan end
Rest Memory 5395a0
objdll> dll/ztardll.rel prolog end
objman>ObjectSetup end
port> frame 610: overlay 98 (next -1) event 0
DLL DBG OUT
data num 640046
port> dvdheap: 3382016 bytes mode 1 num 10000000  caller 0x10fa8  caller2 0xeb4c
Rest Memory 2464e0
data num 8b0003
port> dvdheap: 1513438 bytes mode 1 num 10000000  caller 0x10fa8  caller2 0xeb4c
Rest Memory 40e800
port> DVD: read of data/ztar.bin (1513438 bytes at 0) took 178 ms (frame 611)
data num 150010
Rest Memory 404260
port> stall: frame 612 took 209 ms (game 209 gx 0 present 0 aud 0) [consumed] tex: 0 decoded (0 KB -> 0 KB) dec 0 up 0 hash 0 ms, 0 re-keyed; staged 0 (0 ms saved) claimed 0 unstaged 0; frees 5, dll 0 ms
port> stall: frame 616 took 102 ms (game 4 gx 97 present 0 aud 0) tex: 26 decoded (503 KB -> 2051 KB) dec 32 up 23 hash 2 ms, 0 re-keyed; staged 0 (0 ms saved) claimed 0 unstaged 0; frees 0, dll 0 ms
port> HuSprBegin: audit: group 10 slot 0 sprite 102 bg 0x40ab0d0 fails counts -- drawn anyway [1/32]
port> status f660     ztardll      board 0 turn 0/0  mg 401 (m401dll)  coins/stars 0/0h 0/0h 0/0h 0/0h  aud 0.01 ms  speed 100%  22.0 fps presented  tex 28/8029 KB  rss 187 MB  res 103/256 MB  cpu 2  rt 5.2 ms dec 0.1+0.0  machine ok  ur 48
port> HuSprBegin: audit: group 10 slot 0 sprite 102 bg 0x40ab0d0 fails counts -- drawn anyway [2/32]
port> HuSprBegin: audit: group 10 slot 0 sprite 102 bg 0x40ab0d0 fails counts -- drawn anyway [3/32]
port> HuSprBegin: audit: group 10 slot 0 sprite 102 bg 0x40ab0d0 fails counts -- drawn anyway [4/32]
port> HuSprBegin: audit: group 10 slot 0 sprite 102 bg 0x40ab0d0 fails counts -- drawn anyway [5/32]
port> HuSprBegin: audit: group 10 slot 0 sprite 102 bg 0x40ab0d0 fails counts -- drawn anyway [6/32]
port> HuSprBegin: audit: group 10 slot 0 sprite 102 bg 0x40ab0d0 fails counts -- drawn anyway [7/32]
port> HuSprBegin: audit: group 10 slot 0 sprite 102 bg 0x40ab0d0 fails counts -- drawn anyway [8/32]
port> HuSprBegin: audit: group 10 slot 0 sprite 102 bg 0x40ab0d0 fails counts -- drawn anyway [9/32]
port> HuSprBegin: audit: group 10 slot 0 sprite 102 bg 0x40ab0d0 fails counts -- drawn anyway [10/32]
port> HuSprBegin: audit: group 10 slot 0 sprite 102 bg 0x40ab0d0 fails counts -- drawn anyway [11/32]
port> HuSprBegin: audit: group 10 slot 0 sprite 102 bg 0x40ab0d0 fails counts -- drawn anyway [12/32]
port> HuSprBegin: audit: group 10 slot 0 sprite 102 bg 0x40ab0d0 fails counts -- drawn anyway [13/32]
port> HuSprBegin: audit: group 10 slot 0 sprite 102 bg 0x40ab0d0 fails counts -- drawn anyway [14/32]
port> HuSprBegin: audit: group 10 slot 0 sprite 102 bg 0x40ab0d0 fails counts -- drawn anyway [15/32]
port> HuSprBegin: audit: group 10 slot 0 sprite 102 bg 0x40ab0d0 fails counts -- drawn anyway [16/32]
port> HuSprBegin: audit: group 10 slot 0 sprite 102 bg 0x40ab0d0 fails counts -- drawn anyway [17/32]
port> HuSprBegin: audit: group 10 slot 0 sprite 102 bg 0x40ab0d0 fails counts -- drawn anyway [18/32]
port> HuSprBegin: audit: group 10 slot 0 sprite 102 bg 0x40ab0d0 fails counts -- drawn anyway [19/32]
port> HuSprBegin: audit: group 10 slot 0 sprite 102 bg 0x40ab0d0 fails counts -- drawn anyway [20/32]
port> HuSprBegin: audit: group 10 slot 0 sprite 102 bg 0x40ab0d0 fails counts -- drawn anyway [21/32]
port> HuSprBegin: audit: group 10 slot 0 sprite 102 bg 0x40ab0d0 fails counts -- drawn anyway [22/32]
port> HuSprBegin: audit: group 10 slot 0 sprite 102 bg 0x40ab0d0 fails counts -- drawn anyway [23/32]
port> HuSprBegin: audit: group 10 slot 0 sprite 102 bg 0x40ab0d0 fails counts -- drawn anyway [24/32]
port> HuSprBegin: audit: group 10 slot 0 sprite 102 bg 0x40ab0d0 fails counts -- drawn anyway [25/32]
port> HuSprBegin: audit: group 10 slot 0 sprite 102 bg 0x40ab0d0 fails counts -- drawn anyway [26/32]
port> HuSprBegin: audit: group 10 slot 0 sprite 102 bg 0x40ab0d0 fails counts -- drawn anyway [27/32]
port> HuSprBegin: audit: group 10 slot 0 sprite 102 bg 0x40ab0d0 fails counts -- drawn anyway [28/32]
port> HuSprBegin: audit: group 10 slot 0 sprite 102 bg 0x40ab0d0 fails counts -- drawn anyway [29/32]
port> HuSprBegin: audit: group 10 slot 0 sprite 102 bg 0x40ab0d0 fails counts -- drawn anyway [30/32]
port> HuSprBegin: audit: group 10 slot 0 sprite 102 bg 0x40ab0d0 fails counts -- drawn anyway [31/32]
port> HuSprBegin: audit: group 10 slot 0 sprite 102 bg 0x40ab0d0 fails counts -- drawn anyway [32/32]
port> status f720     ztardll      board 0 turn 0/0  mg 401 (m401dll)  coins/stars 0/0h 0/0h 0/0h 0/0h  aud 0.01 ms  speed 100%  30.0 fps presented  tex 30/9069 KB  rss 188 MB  res 103/256 MB  cpu 2  rt 1.6 ms dec 0.1+0.0  machine ok  ur 48
port> status f780     ztardll      board 0 turn 0/0  mg 401 (m401dll)  coins/stars 0/0h 0/0h 0/0h 0/0h  aud 0.01 ms  speed 100%  30.0 fps presented  tex 30/9069 KB  rss 188 MB  res 103/256 MB  cpu 2  rt 1.4 ms dec 0.1+0.0  machine ok  ur 48
port> status f840     ztardll      board 0 turn 0/0  mg 401 (m401dll)  coins/stars 0/0h 0/0h 0/0h 0/0h  aud 0.01 ms  speed 100%  30.0 fps presented  tex 30/9069 KB  rss 188 MB  res 103/256 MB  cpu 2  rt 1.6 ms dec 0.1+0.0  machine ok  ur 48
port> status f900     ztardll      board 0 turn 0/0  mg 401 (m401dll)  coins/stars 0/0h 0/0h 0/0h 0/0h  aud 0.01 ms  speed 100%  30.0 fps presented  tex 30/9069 KB  rss 188 MB  res 103/256 MB  cpu 2  rt 1.3 ms dec 0.1+0.0  machine ok  ur 48
port> status f960     ztardll      board 0 turn 0/0  mg 401 (m401dll)  coins/stars 0/0h 0/0h 0/0h 0/0h  aud 0.01 ms  speed 100%  30.0 fps presented  tex 30/9069 KB  rss 188 MB  res 103/256 MB  cpu 2  rt 1.5 ms dec 0.1+0.0  machine ok  ur 48
port> status f1020    ztardll      board 0 turn 0/0  mg 401 (m401dll)  coins/stars 0/0h 0/0h 0/0h 0/0h  aud 0.01 ms  speed 100%  30.0 fps presented  tex 30/9069 KB  rss 188 MB  res 103/256 MB  cpu 2  rt 1.3 ms dec 0.1+0.0  machine ok  ur 48
port> status f1080    ztardll      board 0 turn 0/0  mg 401 (m401dll)  coins/stars 0/0h 0/0h 0/0h 0/0h  aud 0.01 ms  speed 100%  30.0 fps presented  tex 30/9069 KB  rss 188 MB  res 103/256 MB  cpu 2  rt 1.3 ms dec 0.1+0.0  machine ok  ur 48
port> status f1140    ztardll      board 0 turn 0/0  mg 401 (m401dll)  coins/stars 0/0h 0/0h 0/0h 0/0h  aud 0.01 ms  speed 100%  30.0 fps presented  tex 30/9069 KB  rss 188 MB  res 103/256 MB  cpu 2  rt 1.8 ms dec 0.2+0.0  machine ok  ur 48
port> status f1200    ztardll      board 0 turn 0/0  mg 401 (m401dll)  coins/stars 0/0h 0/0h 0/0h 0/0h  aud 0.01 ms  speed 100%  30.0 fps presented  tex 30/9069 KB  rss 188 MB  res 103/256 MB  cpu 2  rt 1.4 ms dec 0.1+0.0  machine ok  ur 48
port> status f1260    ztardll      board 0 turn 0/0  mg 401 (m401dll)  coins/stars 0/0h 0/0h 0/0h 0/0h  aud 0.01 ms  speed 100%  30.0 fps presented  tex 30/9069 KB  rss 188 MB  res 103/256 MB  cpu 2  rt 1.3 ms dec 0.1+0.0  machine ok  ur 48
port> status f1320    ztardll      board 0 turn 0/0  mg 401 (m401dll)  coins/stars 0/0h 0/0h 0/0h 0/0h  aud 0.01 ms  speed 100%  30.0 fps presented  tex 30/9069 KB  rss 188 MB  res 103/256 MB  cpu 2  rt 1.4 ms dec 0.1+0.0  machine ok  ur 48
port> status f1380    ztardll      board 0 turn 0/0  mg 401 (m401dll)  coins/stars 0/0h 0/0h 0/0h 0/0h  aud 0.01 ms  speed 100%  30.0 fps presented  tex 30/9069 KB  rss 188 MB  res 103/256 MB  cpu 2  rt 1.5 ms dec 0.2+0.0  machine ok  ur 48
port> status f1440    ztardll      board 0 turn 0/0  mg 401 (m401dll)  coins/stars 0/0h 0/0h 0/0h 0/0h  aud 0.01 ms  speed 100%  30.0 fps presented  tex 30/9069 KB  rss 188 MB  res 103/256 MB  cpu 2  rt 1.6 ms dec 0.1+0.0  machine ok  ur 48
port> status f1500    ztardll      board 0 turn 0/0  mg 401 (m401dll)  coins/stars 0/0h 0/0h 0/0h 0/0h  aud 0.01 ms  speed 100%  30.0 fps presented  tex 30/9069 KB  rss 188 MB  res 103/256 MB  cpu 2  rt 1.8 ms dec 0.2+0.0  machine ok  ur 48
port> status f1560    ztardll      board 0 turn 0/0  mg 401 (m401dll)  coins/stars 0/0h 0/0h 0/0h 0/0h  aud 0.01 ms  speed 100%  30.0 fps presented  tex 30/9069 KB  rss 188 MB  res 103/256 MB  cpu 2  rt 1.4 ms dec 0.1+0.0  machine ok  ur 48
port> status f1620    ztardll      board 0 turn 0/0  mg 401 (m401dll)  coins/stars 0/0h 0/0h 0/0h 0/0h  aud 0.01 ms  speed 100%  30.0 fps presented  tex 30/9069 KB  rss 188 MB  res 103/256 MB  cpu 2  rt 1.4 ms dec 0.1+0.0  machine ok  ur 48
port> status f1680    ztardll      board 0 turn 0/0  mg 401 (m401dll)  coins/stars 0/0h 0/0h 0/0h 0/0h  aud 0.01 ms  speed 100%  30.0 fps presented  tex 30/9069 KB  rss 188 MB  res 103/256 MB  cpu 2  rt 1.7 ms dec 0.1+0.0  machine ok  ur 48
port> status f1740    ztardll      board 0 turn 0/0  mg 401 (m401dll)  coins/stars 0/0h 0/0h 0/0h 0/0h  aud 0.01 ms  speed 100%  30.0 fps presented  tex 30/9069 KB  rss 188 MB  res 103/256 MB  cpu 2  rt 1.4 ms dec 0.1+0.0  machine ok  ur 48
port> status f1800    ztardll      board 0 turn 0/0  mg 401 (m401dll)  coins/stars 0/0h 0/0h 0/0h 0/0h  aud 0.01 ms  speed 100%  30.0 fps presented  tex 30/9069 KB  rss 188 MB  res 103/256 MB  cpu 2  rt 1.4 ms dec 0.1+0.0  machine ok  ur 48
port> status f1860    ztardll      board 0 turn 0/0  mg 401 (m401dll)  coins/stars 0/0h 0/0h 0/0h 0/0h  aud 0.01 ms  speed 100%  30.0 fps presented  tex 30/9069 KB  rss 188 MB  res 103/256 MB  cpu 2  rt 1.3 ms dec 0.1+0.0  machine ok  ur 48
port> status f1920    ztardll      board 0 turn 0/0  mg 401 (m401dll)  coins/stars 0/0h 0/0h 0/0h 0/0h  aud 0.01 ms  speed 100%  30.0 fps presented  tex 30/9069 KB  rss 188 MB  res 103/256 MB  cpu 2  rt 1.5 ms dec 0.1+0.0  machine ok  ur 48
port> status f1980    ztardll      board 0 turn 0/0  mg 401 (m401dll)  coins/stars 0/0h 0/0h 0/0h 0/0h  aud 0.01 ms  speed 100%  30.0 fps presented  tex 30/9069 KB  rss 188 MB  res 103/256 MB  cpu 2  rt 2.0 ms dec 0.1+0.0  machine ok  ur 48
port> status f2040    ztardll      board 0 turn 0/0  mg 401 (m401dll)  coins/stars 0/0h 0/0h 0/0h 0/0h  aud 0.01 ms  speed 100%  30.0 fps presented  tex 30/9069 KB  rss 188 MB  res 103/256 MB  cpu 2  rt 1.3 ms dec 0.1+0.0  machine ok  ur 48
port> status f2100    ztardll      board 0 turn 0/0  mg 401 (m401dll)  coins/stars 0/0h 0/0h 0/0h 0/0h  aud 0.01 ms  speed 100%  30.0 fps presented  tex 30/9069 KB  rss 188 MB  res 103/256 MB  cpu 2  rt 1.7 ms dec 0.2+0.0  machine ok  ur 48
port> status f2160    ztardll      board 0 turn 0/0  mg 401 (m401dll)  coins/stars 0/0h 0/0h 0/0h 0/0h  aud 0.01 ms  speed 100%  30.0 fps presented  tex 30/9069 KB  rss 188 MB  res 103/256 MB  cpu 2  rt 1.4 ms dec 0.1+0.0  machine ok  ur 48
port> status f2220    ztardll      board 0 turn 0/0  mg 401 (m401dll)  coins/stars 0/0h 0/0h 0/0h 0/0h  aud 0.01 ms  speed 100%  30.0 fps presented  tex 30/9069 KB  rss 188 MB  res 103/256 MB  cpu 2  rt 1.9 ms dec 0.1+0.0  machine ok  ur 48
port> status f2280    ztardll      board 0 turn 0/0  mg 401 (m401dll)  coins/stars 0/0h 0/0h 0/0h 0/0h  aud 0.01 ms  speed 100%  30.0 fps presented  tex 30/9069 KB  rss 188 MB  res 103/256 MB  cpu 2  rt 1.4 ms dec 0.1+0.0  machine ok  ur 48
port> status f2340    ztardll      board 0 turn 0/0  mg 401 (m401dll)  coins/stars 0/0h 0/0h 0/0h 0/0h  aud 0.01 ms  speed 100%  30.0 fps presented  tex 30/9069 KB  rss 188 MB  res 103/256 MB  cpu 2  rt 1.9 ms dec 0.2+0.0  machine ok  ur 48
port> status f2400    ztardll      board 0 turn 0/0  mg 401 (m401dll)  coins/stars 0/0h 0/0h 0/0h 0/0h  aud 0.01 ms  speed 100%  30.0 fps presented  tex 30/9069 KB  rss 188 MB  res 103/256 MB  cpu 2  rt 1.3 ms dec 0.1+0.0  machine ok  ur 48

port> --frames 2400 reached: 2400 retraces in 40.04 s wall (game clock 40.04 s)
port> tev: konst collision (two constants in one stage): 0 of 37499 draws carry one, in 0 distinct configs (PLAN.md 31.4)
port> --perfdump: 2399 frames written to /Users/zach/fps-board-m48/goto-ztardll.csv

---- --perf: 2399 frames ----
  game     mean   0.99  median   0.70  p95   1.38  worst 208.50 ms
  gx       mean   0.44  median   0.04  p95   1.03  worst  97.46 ms
  present  mean   0.11  median   0.01  p95   0.34  worst   1.60 ms
  aud      mean   0.01  median   0.01  p95   0.01  worst   0.35 ms
  frame    mean   1.55  median   0.78  p95   2.80  worst 208.56 ms
  budget   16.68 ms/frame at 59.94 Hz; 12 of 2399 frames over it (0.5%)
  clocks   game 40.02 s vs wall 40.11 s -- ratio 1.002  (keeping up)
  fps      59.8 effective

---- --realtime: 2400 paced retraces ----
  clocks   game 40.04 s vs wall 40.11 s -- speed 99.8%
  present  1186 drawn of 2400 (50.6% skipped), 29.6 presented fps, 5 forced by the skip cap, 0 by --dumpframe
  late     worst 260.1 ms behind the schedule; 0 resync(s) dropping 0.00 s of game time
  rt       2 frame(s) consumed because the render thread was still busy past --rtgate 4 ms

port> MusyX: 7994 frames of 160 samples mixed (39.97 s of audio) over 2396 retraces
port> audio: NOTHING was ever mixed above silence
port> musyx_mix: 7994 frames mixed, 0 voices started, 0 voices ended, peak |sample| 0, 0 clamped ARAM reads, 0 max concurrent voices (of 50 allocated)
port> musyx_mix: resampler linear, depop on; 0 voice(s) cut mid-frame
port> musyx_mix: --perf: mean 33.2 us/frame, worst 525.1 us/frame, over 7994 timed frames
port> musyx_mix: split frames: 7994 control halves on the game thread, 7994 value halves (265 ms), 2396 joins, 0 position mismatches
port> audio: M24 mixer job: 2396 ticks split (23982 steps), 0 ticks fused for a MEM1/vsample voice, 0 poisoned mid-tick, 0 out of pool, 0 jobs run at submit, 0 jobs finished mid-tick (ARAM writes)
port> musyx_aram: samples stored 419 (6166 KB), removed 0, refused 0
port> musyx_aram: region=[0x000000,0x800000) (8388608 bytes) zero_buf=[0x000000,0x000500) initialized=1
port> musyx_aram: sample heap write=0x6071e0 high_water=0x6071e0 (6319328 bytes at peak), stream cursor=0x7ee200
port> musyx_aram: stream buffers active=2 peak=2 of 64 slots
port> musyx_aram: bytes uploaded=6319328 -- rejected: store=0 stream=0 upload=0, remove mismatches=0
port> audio out: 39.97 s queued, 2532 callbacks, peak L 0 R 0 (of 32767)
port> audio out: 48 underrun(s) totalling 730.0 ms, 0.0 ms dropped to overrun
port> audio out: (the ring tracks the frame rate: audio is paced by the
port>             retrace, so under 60 fps it starves and under --turbo it
port>             overruns.  --wav is written before the ring and is whole.)
port> OS clock: 1620000000 ticks in 40.61 s = 39.895 MHz (console 40.500)  *** WRONG
port> decode jobs (M43): 924336 vertices; specialised 100.0%, the walker's by pick_fast's first failed test:
port> vcache (M40, auto): 28 list calls (0 left to the ring as animated), 28 primitives, 2092 vertices; 11 hits (328 vertices, 15.7%; per drawn frame 15.7% over 2 frames)
port> vcache (M44): 0 positions refreshes (0 vertices): stored runs whose position array alone had moved, copied and their positions decoded again
port> vcache (M45): on the frames the auto keyed off, 0 lists looked up refresh-only, 0 refreshes served there (--novcposoff)
port> vcache: misses -- new 14 (1046 v), plan changed 2 (490 v), arrays changed 1 (228 v), list bytes changed 0 lists; ineligible 0 (0 v, skinned/palette/premerge); not stored (region full this frame) 0 (0 v); stored 1764 v
port> vcache: auto keyed 2 drawn frame(s), left 882 to the decode (fit 28.0 ms); 0 list hash(es) memoised, 2393 memo end(s) leaving module code
port> vcache (M47): the skin body named its arrays 0 times (0 scans), 0 array memos ended by them (--oldvcskin: every memo, the epoch)
port> vcache: hashed 0.0 MB of lists and 0.1 MB of arrays (2.6 KB a list call); 4 ms keying on the game thread (sampled 1 in 8: lists 4, hits 0, misses 0); region 8192 KB, peak 62 KB, 0 reset(s), 0 cooldown(s); 14 entries, 36 arrays live, 0 clear(s)
port> GX draw: 66597 primitives, 1424764 vertices, 39266 glDrawArrays, 12376 display lists replayed
port> GX draw: M44 layout memo: 40934 primitives kept the last one's, 25663 settled anew
port> GX draw: 924336 vertices through the specialised decode loops (64.9%)
port> GX draw: M29: 12365 display-list runs (924336 vertices, 64.9%) handed to the render thread's decode, 0 runs decoded here instead, 0 kept here by --rtdecode auto (M33)
port> GX draw: 0 primitive(s) off-world (|position matrix translation| over 10000)
port> GL state: 172821 calls emitted, 805884 elided (82.3% of 978705)
port> texture cache: 27630 hits, 30 misses, 0 re-uploads, 30 entries, 4755 KB decoded, 13 padded to a power of two, 9069 KB held by GL
port> texture budget: 40 MB; 0 evictions (0 KB) to stay under it
port> texture decode (M23): 30 decodes, 73 ms decoding, 52 ms uploading, 88 ms hashing; 3 frames over 20 ms of it; 0 re-keyed by content (0 KB not decoded again)
port> texture dirty ranges (M35): 109 DC store/flush calls, 3 entries marked, 1 hashed clean, 0 decoded again; 99 calls touched no texture page (M41)
port> texture hash: 16613 KB hashed in full, 9095 KB sampled, 24977 revalidations (of 27660 binds)
port> indirect tiling: 1 composed backgrounds, 870 cache hits

port> render thread: mode 3 (thread, overlapped)
  stream   364533 records, 11719 KB (33 B/record); 1184 frames presented, peak 15 KB a frame; 0 KB of payload copies; 31 names handed out; 31 owned uploads freed
  replay   1646 ms in all; per presented frame mean 1.39 ms, worst 91.6 ms (1184 frames); present tail (swap executed - swap recorded) mean 0.1 ms, worst 19.6 ms
  decode   12365 runs recorded, 12365 decoded ahead by the decode cursor, 0 by the replay (late); 924336 vertices; 113 ms in all, per presented frame mean 0.10 ms, worst 0.5 ms (--rtdecode 3)
  auto     1186 drawn frames planned, 0 split (share mean 0.00, max 0.00); 0 vertices decoded on the game thread (0 ms) vs 924336 on the render thread; last plan: game 1.7 + consumed 0.6 vs replay 1.3 + decode 0.1 -> 0.0 ms moved (--rtdecode auto, fit 30 ms, max share 0.75)
  gate     1181 drained, 0 waited (0 ms, worst 0.0 ms), 2 busy (the frame was consumed instead)
  ring     0 reuse waits for the issue, 0 for the GPU (0 ms, worst 0.0 ms); stream full 0 times (0 ms); reader slept 1482 times, woken 3079
  join     retrace                  2400 (71 ms, worst 20.2 ms)
  join     call                     4 (35 ms, worst 31.6 ms)
  join     gate (forced frame)      5 (12 ms, worst 12.2 ms)
  join     shutdown                 1 (0 ms, worst 0.0 ms)
  fences   the ring's chunks by epoch: the writer waited 0 time(s) for the GPU (the `ring' line above); the reader tests pending fences after every present, every 256 records and while idle
port> DVD: 41 reads, 16623265 bytes, 233 ms in reads, 1 over 100 ms

port> loader (M36): prefetch on, 73 jobs, 72 files read ahead (1 skipped as resident), 103.0 MB in 1049 ms off the game thread (worst 378 ms); 0 inline slices on one CPU (0 ms)
port> loader: disk reads after a prefetch of the same file: 0, 0 of them over 100 ms
port> loader: resident set 256 MB: 73 files held (103 MB, 73 of them from the list), 36 reads (11.0 MB) served from memory, 5 (4.9 MB, 233 ms) from the disk, 1 adopted from the game's own reads, 0 evicted (0.0 MB); mlock allowed (103 MB locked)
port> REL bundles: 2 loads, 1 unloads, 0 re-entries, 0 modules dlclose would not unload

port> cpu 2: workers on
port> workers: the game thread's FPSCR adopted 2396 time(s) (the GL driver's FPU mode, for the reverb's floats)
port> worker mixer   2396 jobs: 2396 finished by the worker, 0 late (run inline by the game thread, 0 ms), 2 waited for (0 ms, worst 0.2 ms); 409 ms of work on the second core
port> sincos memo: 5294 hits, 9 misses (99.8% hit)
port> fast sin/cos (M42): 9 pairs without libm, 0 through libm
port> rotation memo (M42): mtxRot 1771 hits / 1 misses, mtxRotCat 17825 hits / 3571 misses
port> motion exec (M42): 2357 calls through the port's body
port> write barrier (M42, --wbpart: the ends' partial pages too): 8 pages armed in 6 calls, 5 faults (1 pages hot), 0 disarmed by kernel writes/frees; arrays clean 36 (1 by their ends' hash) / written 0, 0.0 MB of hashing skipped
port> material walk on consumed frames: skipped; 12586 faces skipped, 10788 material changes (10788 Hu3DLightSet, 0 Hu3DAnimSet kept)
port> sqrtf: 0 through frsqrte, 45695 through libm (--nofastsqrt)
port> soft-reset watcher: running, body polled 2396 times

---- SDK surface hit at boot: 0 distinct stubs, in first-call order ----
---- 0 stub calls total ----
