Mario Party 4 -- native port, PowerPC Edition 0.9.16 (milestone M48)
port> machine: model PowerMac3,5, 2 CPUs at 1000 MHz, 7450 (G4), AltiVec yes, 1536 MB RAM, Mac OS X 10.5.4
port> machine: GL ATI Technologies Inc. / ATI Radeon 9000 OpenGL Engine / 1.3 ATI-1.5.28, VRAM 64 MB, 6 texture units, max texture 2048
port> machine:   GL_ARB_multitexture                  present  required
port> machine:   GL_ARB_texture_env_combine           present  required
port> machine:   GL_ARB_texture_env_crossbar          present  required
port> machine:   GL_ATI_texture_env_combine3          present  required
port> machine:   GL_EXT_secondary_color               present  required
port> machine:   GL_ARB_vertex_program                present  degraded without
port> machine:   GL_APPLE_vertex_array_range          present  degraded without
port> machine:   GL_APPLE_fence                       present  degraded without
port> machine:   GL_EXT_multi_draw_arrays             present  degraded without
port> machine:   GL_EXT_blend_subtract                present  degraded without
port> machine:   GL_EXT_gpu_program_parameters        present  optional
port> machine:   GL_EXT_fog_coord                     present  optional
port> machine:   GL_EXT_texture_compression_s3tc      present  optional
port> machine:   GL_ARB_depth_texture                 MISSING  optional
port> machine:   GL_ATI_text_fragment_shader          present  not used
port> machine: verdict ok
port> machine:   - every probe within the G4's envelope
port> machine: tier: the reference class (dual 1 GHz G4, 64 MB Radeon 9000 or better), whose promise is 30 fps everywhere: 75 of 82 screens there today (0.9.16, docs/fps-scoreboard.md)
port> machine: applying --resident 256 (1536 MB of RAM; 0 under 768 MB, 128 at 1 GB, 256 at 1.5 GB+, 584 MB kept for the OS and the game)
port> machine: the roulette prefetch is on (every machine; --noprefetch)
port> machine: coroutine stacks x2 over the game's sizes (the default since M31; --stackmul N)
port> DVD: disc image /Users/zach/MarioParty4/mp4.nkit.iso, 357 files in the FST
port> GL: ATI Radeon 9000 OpenGL Engine / 1.3 ATI-1.5.28, 6 texture units
port> GL feature set used: combine3 1, crossbar 1, s3tc 1, blend_subtract 1, depth_texture 0, text_fragment_shader 1, 6 units
---- vprog probe ----
GL_ARB_vertex_program                     present
MAX_PROGRAM_INSTRUCTIONS            262144
MAX_PROGRAM_NATIVE_INSTRUCTIONS        128
MAX_PROGRAM_PARAMETERS                1024
MAX_PROGRAM_NATIVE_PARAMETERS          192
MAX_PROGRAM_TEMPORARIES              65535
MAX_PROGRAM_NATIVE_TEMPORARIES          12
MAX_PROGRAM_ATTRIBS                     32
MAX_PROGRAM_NATIVE_ATTRIBS              16
MAX_PROGRAM_ADDRESS_REGISTERS            2
MAX_PROGRAM_ENV_PARAMETERS             256
MAX_PROGRAM_LOCAL_PARAMETERS          1024
GL_EXT_gpu_program_parameters       present (one call per palette upload)
trivial program            loaded, 6 instructions (6 native), under native limits: YES
palette program (ARL)      loaded, 10 instructions (15 native), under native limits: YES
matrix palette             18 slots of 6 params from env[82]
---- end vprog probe ----
port> cpu: 2 cores (hw.ncpu); workers ON
port> loader: prefetch on (a thread); resident set 256 MB: 73 of the list's 73 files fit (103.1 of 103.1 MB), filling on the thread
port> vertex ring: 8192 KB in 4 chunks (+8192 KB static-geometry cache), vertex_array_range on, multi_draw_arrays yes
port> render thread: on, overlapped (the join at the gate) (--renderthread 3); stream 16384 KB
port> render thread: the display-list decode split per drawn frame between the two threads (auto, M33) (--rtdecode 3)
port> options: Mario Party 4 PowerPC Edition 0.9.16 (M48), the effective options
port> options: machine       ok: PowerMac3,5, 2 x 1000 MHz 7450 (G4), 1536 MB RAM, ATI Radeon 9000 OpenGL Engine, 64 MB VRAM, 6 units, OS 10.5.4
port> options: disc image    /Users/zach/MarioParty4/mp4.nkit.iso
port> options: data folder   /Users/zach/Library/Application Support/MarioParty4  (card image, config, log)
port> options: log           (stdout only)
port> options: fullscreen    0  (--noconfig: not remembered)
port> options: cores         2; workers on (--threads -1); render thread mode 3 (--renderthread -1: 0 direct, 1 inline twin, 2 joined, 3 overlapped); decode on it 3 (--rtdecode; 3 = auto)
port> options: pacing        realtime (deterministic clock); stack multiplier x2; texture budget 40 MB; resampler linear, depop on
port> options: loading       roulette prefetch on (--noprefetch); resident set 256 MB (--resident MB; the machine check's rule by the installed RAM)
port> options: every field of PortOptions (0/NULL = off or unset):
port> options:   image=/Users/zach/MarioParty4/mp4.nkit.iso  log=NULL  gxlog=0  deterministic=1  
port> options:   stub_trace=0  max_frames=20000  turbo=0  watchdog=0  verbose=0  reldir=NULL  gxdemo=0  
port> options:   reltest=0  memmap=0  guardtest=NULL  relzerobss=0  nodatareset=0  noaudio=0  glcheck=0  
port> options:   glinfo=0  seed=3838914000000000  perf=1  gxsplit=0  drawlog=0  dumptex=0  texhash_full=0  
port> options:   gxwarn=0  headless=0  dumpframe=NULL  shotdir=/Users/zach/fps-board-m48/m441  scale=0  
port> options:   drawlog_frame=0  nocard=0  reldlclose=0  nopad=0  pad_debug=0  kbport=0  
port> options:   pad_play=board-start-com4.play  pad_record=NULL  scenelog=NULL  ovllog=1  nanwatch=0  
port> options:   wav=NULL  mute=0  audiolog=0  rtc=1041472800  rtc_set=1  rtc_seen=1  rtc_offset=0  
port> options:   card=NULL  freshcard=1  minigame=m441  com4=1  cast=NULL  dvdheap=0  turns=1  status=1  
port> options:   stuckwatch=0  soak=0  depop=1  resample4=0  clickstat=0  dlcache=0  vcache=3  
port> options:   vcache_mb=8  vcache_fit=28  vcache_vbo=0  cardwait=0  synclog=0  noaicb=0  olddecode=0  
port> options:   perfwin=NULL  nodraw=1  ffto=14000  ffto_warm=1  snap_every=0  snap_keep=3  
port> options:   snap_dir=NULL  restore=NULL  snap_now=0  snapdiff=0  vprobe=0  cpuxf=0  vprogstats=0  
port> options:   vproglog=0  oldtev=0  tevstats=0  oldnulltev=0  tlutlog=0  oldsubmit=0  novar=0  
port> options:   batchmax=0  segrebase=0  gltrace=0  endlog=NULL  nomerge=0  nomultidraw=0  noindexed=1  
port> options:   nohilite=0  noenvbulk=0  nofixbase=0  submitstats=0  nohilitetex=0  nocopyhalf=0  
port> options:   copylog=0  noefbflip=0  oldfirsthash=0  norekey=0  dumpcopy=0  notint=0  tintlog=0  
port> options:   texdecodelog=0  threads=-1  nomixthread=0  renderthread=-1  rtsplit=0  rtgate_ms=4  
port> options:   stackmul=2  rtdecode=-1  rtauto_fit_ms=30  rtauto_max=0.75  fake_machine=NULL  
port> options:   machinecheck=0  force=0  mgdump=300,1200  mgend=1800  viewtexgen=0  nrmfrac0=0  
port> options:   vtxdivide=0  mghold=0  fullscreen=0  fullscreen_set=0  noconfig=1  print_defaults=0  
port> options:   print_keys=0  texbudget_set=0  predecode=0  predecodelog=0  regfix2dbg=0  lazyflush=0  
port> options:   premerge_max=0  cmpmask=8191  oldkonst=0  tfs=0  tfsprobe=0  tfslog=0  tfsdbg=0  
port> options:   tfsnorebind=0  tfscopycpu=0  tfssqcopy=0  tfsmtx=0  tfsforcebind=0  tfsenvreset=0  
port> options:   tfsdump=0  tfsall=0  oldspec0=0  nolitalpha=0  oldczero=0  clrasclr=0  nohoistmtx=0  
port> options:   nofastconcat=0  nostripes=0  nounitmemo=0  norotmemo=0  nopacklights=0  nofastsin=0  
port> options:   nomtxmemo=0  norotl=0  nowb=0  notexskip=0  nostripepool=0  giveitem=NULL  waterlook=1  
port> options:   pondlook=0  pondmix=0  wavegain=0  rgbcopy=0  novcposoff=1  nowaterpt=0  affinetex=0  
port> options:   halfwatch=0  presentdump=NULL  motlog=0  nolights=0  nopendlast=0  noskindecode=1  
port> options:   skinverify=0  oldvcskin=1  fullskinsig=0  noskindcbz=0  skinfree=0  oldwake=0  
port> options:   skinround=0  skinvec=0  dcbtdist=1  keytest=NULL  oldscissor=0  readbacktest=0  nodcbz=0  
port> options:   novpgen=0  notevdirty=0  noattrmemo=0  nowordhash=0  water=-1  watergrid=1  
port> options:   norastermemo=0  novcpos=0  wbpart=1  oldvtxjoin=0  rtgx=0  rtgx_fit=29  texmtxlog=0  
port> options:   maxbatchverts=0  skinreadwatch=0  nocompiled=1  compiled_mode=1  nocompiledpf=0  
port> options:   compiled_mb=8  glists=0  glists_mb=8  pmc=0  nomotionexec=0  nodirtyfilter=0  nodirty=0  
port> options:   oldakonst=0  mdposonly=0  mdmax=0  nospot=0  oldfog=0  noregchain=0  nocarry=0  
port> options:   forceobj=NULL  forceobj_flags=0  skipobj=NULL  zprepass=1  probeverts=0  skipverts=0  
port> options:   probeobj=NULL  nolinewidth=0  noregfix=0  realtime=1  lockstep=0  maxskip=0  
port> options:   perfdump=/Users/zach/fps-board-m48/m441.csv  mpgl=0  olddecode2=0  altivec=0  nodcbt=0  
port> options:   olddecode3=0  decodestats=0  audiolead_set=0  audiolead=100  cpuskin=0  palette=0  
port> options:   nopalette=0  skinstats=0  palsize=0  palnoarl=0  palnofog=0  noskinlifetime=0  
port> options:   restore_lax=0  skindeferall=0  mixtrace=NULL  mixcheck=0  nosincos=0  snapsync=0  
port> options:   nomatwalk=0  nocurvememo=1  nosparsemtx=0  nofastsqrt=1  nodraw_user=0  noprefetch=0  
port> options:   resident=256  dvdlog=0  nomovies=1  thpyuv=0  gotoovl=NULL  board=0  boardcycle=0  
port> options:   boarddump=NULL  foldxbar=0  foldcap=0  thplog=0  nothpslice=0  thpguard_set=0  
port> options:   thpguard=60  
port> audio: 32000 Hz, 2 ch, 512-frame buffer, 256 KB ring (2048 ms)
port> --minigame m441: parking the roulette on m441dll (mg 441, type 4)
port> --com4: all four players are CPU; instDll will dismiss its own instruction screen (src/REL/instDll/main.c:294)
port> --nodraw: the GX command streams are consumed and nothing is drawn
port> --ffto 14000: drawing is off until frame 14000 (warm-up 1)
port> frame mode: --realtime (retrace at 60 Hz on the wall clock, present at most every 2nd retrace, at least every 6th; --lockstep for the old gate)
port> audio: 100 ms of lead queued ahead of the mix (--audiolead)
port> entering the game's own main()

port> OSInit: MEM1 24 MB [0x3970000, 0x5170000), ARAM 16 MB, bus 162 MHz
port> OSInit: RTC pinned to 1041472800 (2003-01-02T02:00:00Z), OSGetTime origin 3838914000000000 ticks
port> DVDInit
port> VIInit
port> controls: a scripted run (--play/--record/--soak/--noconfig/--com4/--nopad): PowerPCube's controls file and gamecontrollerdb.txt are not read
port> PADInit: controller 1 = keyboard
port> PADInit: rumble not available on controller 1
port> PADInit: controllers 2-4 unplugged (reference config: CPU players)
port> pad: --play: board-start-com4.play -> /Users/zach/mp4-m48final.app/Contents/Resources/movies/board-start-com4.play
port> pad: --play board-start-com4.play: 460 directives, 0 marks
port> OSCreateHeap 0: 0x3a9c000..0x5170000 (23375 KB)
port> VIConfigure: 640x480 xfb, 640x480 efb, tv mode 0
port> GXInit: FIFO 0x3a9c00c, 1048576 bytes (the port keeps no FIFO; the write-gather writers are ordinary calls under TARGET_PC)
port> frame 1: overlay 0 (next 0) event 0
port> loader: list sound/mpgcsnd.msm 36823392 bytes in 396 ms, resident (asked at frame 0, done at 1)
port> roulette: frame 1 dealt mg 401 (m401dll, type 0)  -- overridden by --minigame
port> OSCreateThread 0x259448 func 0x4210c (the soft-reset watcher; polled once per retrace, not run on a thread)
HuMem> left memory space 2383KB(2441120)
port> ARInit: 16 MB of ARAM
port> MusyX SAL: 32000 Hz, 4 x 640-byte AI buffers (20 ms), 32-sample sub-frame
port> musyx_mix: CPU mixer up, 50 voices, 1 studios, 32000 Hz
port> MusyX SAL: mixing started
port> musyx_aram: region [0x000000, 0x800000) zero_buf [0x000000, 0x000500) sample heap starts at 0x000500
port> AI: DMA callback registered (one call per 160-sample DSP frame)
port> CARD: --freshcard with no --card: using the scratch image /Users/zach/Library/Application Support/MarioParty4/scratch-slot-a.raw
            rather than formatting the save file next to it
port> CARD: slot A = /Users/zach/Library/Application Support/MarioParty4/scratch-slot-a.raw (--freshcard: formatted, 59 free blocks)
port> workers: the game thread's FPSCR control bits are 0x00 at job 0 (NI 0, RN 0)
DLL DBG OUT
objman>Call New Ovl 1(1)
port> frame 2: overlay -1 (next 1) event 0
++++++++++++++++++++ Start New OVL 1 (EVT:0 STAT:0x00000000) ++++++++++++++++++
======== HuMem heap dump 03b9c018 ========
MCB-----+Size----+MG+FL+Prev----+Next----+UNum----+Body----+Call----
03b9c018 0000a020 a5 01 03baa1f8 03ba6038 ffffff00 03b9c038 000088c4
03ba6038 000041c0 a5 01 03b9c018 03baa1f8 ffffff00 03ba6058 0003c558
03baa1f8 00231e20 cd 00 03ba6038 03b9c018 00000000 03baa218 0003c558
MCB:3(2/1) MEM:00240000(0000e1e0/00231e20)
======== HuMem heap dump 03b9c018 end =====
======== HuMem heap dump 03f1c030 ========
MCB-----+Size----+MG+FL+Prev----+Next----+UNum----+Body----+Call----
03f1c030 00a80000 cd 00 03f1c030 03f1c030 ffffff00 03f1c050 cdcdcdcd
MCB:1(0/1) MEM:00a80000(00000000/00a80000)
======== HuMem heap dump 03f1c030 end =====
======== HuMem heap dump 0499c03c ========
MCB-----+Size----+MG+FL+Prev----+Next----+UNum----+Body----+Call----
0499c03c 00580000 cd 00 0499c03c 0499c03c ffffff00 0499c05c cdcdcdcd
MCB:1(0/1) MEM:00580000(00000000/00580000)
======== HuMem heap dump 0499c03c end =====
objman>Used Memory Size:0000e1e0
objman>Used Memory Cnt:2
objman>Init esp
objman>Call objectsetup
DLLStart 1 0
Search:dll/bootdll.rel
objdll>Link DLL:dll/bootdll.rel
Rest Memory 580000
port> REL bundles: 99 in /Users/zach/mp4-m48final.app/Contents/MacOS/rels
===== DLL Module Info dump ====
                   ID:0x00000001
             LinkPrev:0x00000000
             LinkNext:0x00000000
          Section num:14
Section info tbl ofst:0x00000048
           nameOffset:0x00000000
             nameSize:47
              version:0x00000002
===============================
==== DLL Module Header dump ====
          bss Size:0x0000005c
        rel Offset:0x00005c9d
        imp Offset:0x00007a4d
    prolog Section:1
    epilog Section:1
unresolved Section:0
       prolog func:0x00000000
       epilog func:0x00000054
   unresolved func:0x00000000
================================
objdll>LinkOK 03baa578 30100000
objdll> dll/bootdll.rel prolog start
******* Boot ObjectSetup *********
objman>InitObjMan start
objman>InitObjMan end
objdll> dll/bootdll.rel prolog end
objman>ObjectSetup end
port> frame 3: overlay 1 (next -1) event 0
DLL DBG OUT
Rest Memory 57d540
ARAM Trans 808000
Rest Memory 55d020
ARAM Trans 80aaa0
Rest Memory 506400
ARAM Trans 82da60
Rest Memory 564f40
ARAM Trans 8a7640
Rest Memory 5395a0
data num 74000b
port> dvdheap: 3733270 bytes mode 1 num 10000000  caller 0x10fa8  caller2 0xeb4c
Rest Memory 1f08c0
port> stall: frame 35 took 182 ms (game 182 gx 0 present 0 aud 0) tex: 0 decoded (0 KB -> 0 KB) dec 0 up 0 hash 0 ms, 0 re-keyed; staged 0 (0 ms saved) claimed 0 unstaged 0; frees 9, dll 0 ms
port> status f60      bootdll      board 0 turn 0/1  mg 441 (m441dll)  coins/stars 0/0c 0/0c 0/0c 0/0c  aud 0.01 ms  0.0 fps
port> status f120     bootdll      board 0 turn 0/1  mg 441 (m441dll)  coins/stars 0/0c 0/0c 0/0c 0/0c  aud 0.01 ms  1536.3 fps
port> status f180     bootdll      board 0 turn 0/1  mg 441 (m441dll)  coins/stars 0/0c 0/0c 0/0c 0/0c  aud 0.01 ms  2480.4 fps
port> status f240     bootdll      board 0 turn 0/1  mg 441 (m441dll)  coins/stars 0/0c 0/0c 0/0c 0/0c  aud 0.01 ms  2550.4 fps
port> status f300     bootdll      board 0 turn 0/1  mg 441 (m441dll)  coins/stars 0/0c 0/0c 0/0c 0/0c  aud 0.00 ms  2303.4 fps
port> status f360     bootdll      board 0 turn 0/1  mg 441 (m441dll)  coins/stars 0/0c 0/0c 0/0c 0/0c  aud 0.01 ms  814.1 fps
port> status f420     bootdll      board 0 turn 0/1  mg 441 (m441dll)  coins/stars 0/0c 0/0c 0/0c 0/0c  aud 0.00 ms  3659.6 fps
port> status f480     bootdll      board 0 turn 0/1  mg 441 (m441dll)  coins/stars 0/0c 0/0c 0/0c 0/0c  aud 0.00 ms  3947.3 fps
port> status f540     bootdll      board 0 turn 0/1  mg 441 (m441dll)  coins/stars 0/0c 0/0c 0/0c 0/0c  aud 0.01 ms  3080.7 fps
0
GroupSet 0
***********GroupSet Error 0
port> status f600     bootdll      board 0 turn 0/1  mg 441 (m441dll)  coins/stars 0/0c 0/0c 0/0c 0/0c  aud 0.01 ms  2584.4 fps
port> THP: movie/opmov_a00.thp skipped (--nomovies)
port> HuSprBegin: group 3 slot 0 names sprite 7, which is not a live sprite (data 0x0, attr 0010, data NULL) -- dropped [1/32]
port> HuSprBegin: audit: group 4 slot 0 sprite 8 bg 0x42764d0 fails counts -- drawn anyway [1/32]
port> HuSprBegin: audit: group 4 slot 0 sprite 8 bg 0x42764d0 fails counts -- drawn anyway [2/32]
port> HuSprBegin: audit: group 4 slot 0 sprite 8 bg 0x42764d0 fails counts -- drawn anyway [3/32]
port> HuSprBegin: audit: group 4 slot 0 sprite 8 bg 0x42764d0 fails counts -- drawn anyway [4/32]
port> HuSprBegin: audit: group 4 slot 0 sprite 8 bg 0x42764d0 fails counts -- drawn anyway [5/32]
port> HuSprBegin: audit: group 4 slot 0 sprite 8 bg 0x42764d0 fails counts -- drawn anyway [6/32]
port> HuSprBegin: audit: group 4 slot 0 sprite 8 bg 0x42764d0 fails counts -- drawn anyway [7/32]
port> HuSprBegin: audit: group 4 slot 0 sprite 8 bg 0x42764d0 fails counts -- drawn anyway [8/32]
port> HuSprBegin: audit: group 4 slot 0 sprite 8 bg 0x42764d0 fails counts -- drawn anyway [9/32]
port> HuSprBegin: audit: group 4 slot 0 sprite 8 bg 0x42764d0 fails counts -- drawn anyway [10/32]
port> HuSprBegin: audit: group 4 slot 0 sprite 8 bg 0x42764d0 fails counts -- drawn anyway [11/32]
port> HuSprBegin: audit: group 4 slot 0 sprite 8 bg 0x42764d0 fails counts -- drawn anyway [12/32]
port> HuSprBegin: audit: group 4 slot 0 sprite 8 bg 0x42764d0 fails counts -- drawn anyway [13/32]
port> HuSprBegin: audit: group 4 slot 0 sprite 8 bg 0x42764d0 fails counts -- drawn anyway [14/32]
port> HuSprBegin: audit: group 4 slot 0 sprite 8 bg 0x42764d0 fails counts -- drawn anyway [15/32]
port> HuSprBegin: audit: group 4 slot 0 sprite 8 bg 0x42764d0 fails counts -- drawn anyway [16/32]
port> HuSprBegin: audit: group 4 slot 0 sprite 8 bg 0x42764d0 fails counts -- drawn anyway [17/32]
port> HuSprBegin: audit: group 4 slot 0 sprite 8 bg 0x42764d0 fails counts -- drawn anyway [18/32]
port> HuSprBegin: audit: group 4 slot 0 sprite 8 bg 0x42764d0 fails counts -- drawn anyway [19/32]
port> HuSprBegin: audit: group 4 slot 0 sprite 8 bg 0x42764d0 fails counts -- drawn anyway [20/32]
port> HuSprBegin: audit: group 4 slot 0 sprite 8 bg 0x42764d0 fails counts -- drawn anyway [21/32]
port> HuSprBegin: audit: group 4 slot 0 sprite 8 bg 0x42764d0 fails counts -- drawn anyway [22/32]
port> HuSprBegin: audit: group 4 slot 0 sprite 8 bg 0x42764d0 fails counts -- drawn anyway [23/32]
port> HuSprBegin: audit: group 4 slot 0 sprite 8 bg 0x42764d0 fails counts -- drawn anyway [24/32]
port> HuSprBegin: audit: group 4 slot 0 sprite 8 bg 0x42764d0 fails counts -- drawn anyway [25/32]
port> HuSprBegin: audit: group 4 slot 0 sprite 8 bg 0x42764d0 fails counts -- drawn anyway [26/32]
port> HuSprBegin: audit: group 4 slot 0 sprite 8 bg 0x42764d0 fails counts -- drawn anyway [27/32]
port> HuSprBegin: audit: group 4 slot 0 sprite 8 bg 0x42764d0 fails counts -- drawn anyway [28/32]
port> HuSprBegin: audit: group 4 slot 0 sprite 8 bg 0x42764d0 fails counts -- drawn anyway [29/32]
port> HuSprBegin: audit: group 4 slot 0 sprite 8 bg 0x42764d0 fails counts -- drawn anyway [30/32]
port> HuSprBegin: audit: group 4 slot 0 sprite 8 bg 0x42764d0 fails counts -- drawn anyway [31/32]
port> HuSprBegin: audit: group 4 slot 0 sprite 8 bg 0x42764d0 fails counts -- drawn anyway [32/32]
port> status f660     bootdll      board 0 turn 0/1  mg 441 (m441dll)  coins/stars 0/0c 0/0c 0/0c 0/0c  aud 0.01 ms  2614.4 fps
port> status f720     bootdll      board 0 turn 0/1  mg 441 (m441dll)  coins/stars 0/0c 0/0c 0/0c 0/0c  aud 0.00 ms  3989.6 fps
>>>>>>>>MSM_SE_SEL_01 0
>>>>>>>>SE Num 0
port> audio: first non-silent sample at retrace 726 (12.03 s of mixed audio)
port> status f780     bootdll      board 0 turn 0/1  mg 441 (m441dll)  coins/stars 0/0c 0/0c 0/0c 0/0c  aud 0.04 ms  1051.5 fps
port> status f840     bootdll      board 0 turn 0/1  mg 441 (m441dll)  coins/stars 0/0c 0/0c 0/0c 0/0c  aud 0.05 ms  954.8 fps
objman>Call New Ovl 74(1)
OvlKill 1
objdll>omDLLNumEnd 1 1
Search:dll/bootdll.rel
+++++++++++ Find0: dll/bootdll.rel
objdll>omDLLEnd 0 1
objdll>End DLL:dll/bootdll.rel
odjdll>Unlink DLL:dll/bootdll.rel
objdll>Unlink DLL epilog
objdll>Unlink DLL epilog finish
objdll>End DLL finish
port> frame 877: overlay -1 (next 74) event 0
objman>Destory ObjMan
++++++++++++++++++++ Start New OVL 74 (EVT:0 STAT:0x00000000) ++++++++++++++++++
======== HuMem heap dump 03b9c018 ========
MCB-----+Size----+MG+FL+Prev----+Next----+UNum----+Body----+Call----
03b9c018 0000a020 a5 01 03bc21d8 03ba6038 ffffff00 03b9c038 000088c4
03ba6038 000041c0 a5 01 03b9c018 03baa1f8 ffffff00 03ba6058 0003c558
03baa1f8 00017640 cd 00 03ba6038 03bc1838 ffffff00 03baa218 0003ce8c
03bc1838 00000100 a5 01 03baa1f8 03bc1938 ffffff00 03bc1858 000375dc
03bc1938 00000400 a5 01 03bc1838 03bc1d38 ffffff00 03bc1958 0003762c
03bc1d38 00000400 a5 01 03bc1938 03bc2138 ffffff00 03bc1d58 00037678
03bc2138 00000060 a5 01 03bc1d38 03bc2198 ffffff00 03bc2158 000376c4
03bc2198 00000040 a5 01 03bc2138 03bc21d8 ffffff00 03bc21b8 00037710
03bc21d8 00219e40 cd 00 03bc2198 03b9c018 ffffff00 03bc21f8 0003ce8c
MCB:9(7/2) MEM:00240000(0000eb80/00231480)
======== HuMem heap dump 03b9c018 end =====
======== HuMem heap dump 03f1c030 ========
MCB-----+Size----+MG+FL+Prev----+Next----+UNum----+Body----+Call----
03f1c030 00a80000 cd 00 03f1c030 03f1c030 ffffff00 03f1c050 00040064
MCB:1(0/1) MEM:00a80000(00000000/00a80000)
======== HuMem heap dump 03f1c030 end =====
======== HuMem heap dump 0499c03c ========
MCB-----+Size----+MG+FL+Prev----+Next----+UNum----+Body----+Call----
0499c03c 00580000 cd 00 0499c03c 0499c03c 10000000 0499c05c 0000ff14
MCB:1(0/1) MEM:00580000(00000000/00580000)
======== HuMem heap dump 0499c03c end =====
objman>Used Memory Size:0000eb80
objman>Used Memory Cnt:7
objman>Init esp
objman>Call objectsetup
############CharGrpSet
Del Group OK
SOUND ##########################
500
Timed Out! Mus 0:SE 1
GroupSet 0
***********GroupSet Error 0
Change AUX 0,1
##########################
DLLStart 74 0
Search:dll/modeseldll.rel
objdll>Link DLL:dll/modeseldll.rel
Rest Memory 580000
===== DLL Module Info dump ====
                   ID:0x00000001
             LinkPrev:0x00000000
             LinkNext:0x00000000
          Section num:15
Section info tbl ofst:0x00000048
           nameOffset:0x00000000
             nameSize:53
              version:0x00000002
===============================
==== DLL Module Header dump ====
          bss Size:0x000001ca
        rel Offset:0x0000d154
        imp Offset:0x0001664c
    prolog Section:1
    epilog Section:1
unresolved Section:0
       prolog func:0x00000000
       epilog func:0x00000054
   unresolved func:0x00000000
================================
objdll>LinkOK 03baa578 34700000
objdll> dll/modeseldll.rel prolog start
******* MS ObjectSetup *********
objman>InitObjMan start
objman>InitObjMan end
Rest Memory 5395a0
objdll> dll/modeseldll.rel prolog end
objman>ObjectSetup end
port> frame 879: overlay 74 (next -1) event 0
DLL DBG OUT
data num 630000
port> dvdheap: 1303268 bytes mode 1 num 10000000  caller 0x10fa8  caller2 0xeb4c
Rest Memory 441ce0
port> status f900     modeseldll   board 0 turn 0/1  mg 441 (m441dll)  coins/stars 0/0c 0/0c 0/0c 0/0c  aud 0.09 ms  406.7 fps
port> status f960     modeseldll   board 0 turn 0/1  mg 441 (m441dll)  coins/stars 0/0c 0/0c 0/0c 0/0c  aud 0.13 ms  972.6 fps
port> status f1020    modeseldll   board 0 turn 0/1  mg 441 (m441dll)  coins/stars 0/0c 0/0c 0/0c 0/0c  aud 0.18 ms  729.0 fps
port> status f1080    modeseldll   board 0 turn 0/1  mg 441 (m441dll)  coins/stars 0/0c 0/0c 0/0c 0/0c  aud 0.21 ms  660.5 fps
port> status f1140    modeseldll   board 0 turn 0/1  mg 441 (m441dll)  coins/stars 0/0c 0/0c 0/0c 0/0c  aud 0.21 ms  638.5 fps
port> status f1200    modeseldll   board 0 turn 0/1  mg 441 (m441dll)  coins/stars 0/0c 0/0c 0/0c 0/0c  aud 0.22 ms  620.6 fps
Init
port> status f1260    modeseldll   board 0 turn 0/1  mg 441 (m441dll)  coins/stars 0/0c 0/0c 0/0c 0/0c  aud 0.20 ms  646.5 fps
ARAM data num 86001f
port> status f1320    modeseldll   board 0 turn 0/1  mg 441 (m441dll)  coins/stars 0/0c 0/0c 0/0c 0/0c  aud 0.31 ms  456.4 fps
port> CARD: created "MARIPA4BOX0", 16384 bytes (2 blocks)
port> status f1380    modeseldll   board 0 turn 0/1  mg 441 (m441dll)  coins/stars 0/0c 0/0c 0/0c 0/0c  aud 0.25 ms  492.4 fps
port> CARD: image flush took 51 ms behind the game (open 15, write 8, rename 28; frame 1362)
port> THP: movie/opmov_s00.thp skipped (--nomovies)
port> HuSprBegin: group 1 slot 0 names sprite 12, which is not a live sprite (data 0x0, attr 0010, data NULL) -- dropped [2/32]
port> status f1440    modeseldll   board 0 turn 0/1  mg 441 (m441dll)  coins/stars 0/0c 0/0c 0/0c 0/0c  aud 0.19 ms  675.9 fps
port> status f1500    modeseldll   board 0 turn 0/1  mg 441 (m441dll)  coins/stars 0/0c 0/0c 0/0c 0/0c  aud 0.25 ms  493.7 fps
port> status f1560    modeseldll   board 0 turn 0/1  mg 441 (m441dll)  coins/stars 0/0c 0/0c 0/0c 0/0c  aud 0.19 ms  685.2 fps
port> status f1620    modeseldll   board 0 turn 0/1  mg 441 (m441dll)  coins/stars 0/0c 0/0c 0/0c 0/0c  aud 0.25 ms  538.8 fps
port> status f1680    modeseldll   board 0 turn 0/1  mg 441 (m441dll)  coins/stars 0/0c 0/0c 0/0c 0/0c  aud 0.22 ms  557.1 fps
port> status f1740    modeseldll   board 0 turn 0/1  mg 441 (m441dll)  coins/stars 0/0c 0/0c 0/0c 0/0c  aud 0.23 ms  558.8 fps
port> THP: movie/opmov_c00.thp skipped (--nomovies)
port> HuSprBegin: group 2 slot 0 names sprite 14, which is not a live sprite (data 0x0, attr 0010, data NULL) -- dropped [3/32]
port> status f1800    modeseldll   board 0 turn 0/1  mg 441 (m441dll)  coins/stars 0/0c 0/0c 0/0c 0/0c  aud 0.20 ms  588.8 fps
port> status f1860    modeseldll   board 0 turn 0/1  mg 441 (m441dll)  coins/stars 0/0c 0/0c 0/0c 0/0c  aud 0.01 ms  1180.7 fps
port> status f1920    modeseldll   board 0 turn 0/1  mg 441 (m441dll)  coins/stars 0/0c 0/0c 0/0c 0/0c  aud 0.01 ms  1095.8 fps
objman>Call New Ovl 70(1)
OvlKill 1
objdll>omDLLNumEnd 74 1
Search:dll/modeseldll.rel
+++++++++++ Find0: dll/modeseldll.rel
objdll>omDLLEnd 0 1
objdll>End DLL:dll/modeseldll.rel
odjdll>Unlink DLL:dll/modeseldll.rel
objdll>Unlink DLL epilog
objdll>Unlink DLL epilog finish
objdll>End DLL finish
port> frame 1960: overlay -1 (next 70) event 0
objman>Destory ObjMan
++++++++++++++++++++ Start New OVL 70 (EVT:0 STAT:0x00000000) ++++++++++++++++++
======== HuMem heap dump 03b9c018 ========
MCB-----+Size----+MG+FL+Prev----+Next----+UNum----+Body----+Call----
03b9c018 0000a020 a5 01 03bc21d8 03ba6038 ffffff00 03b9c038 000088c4
03ba6038 000041c0 a5 01 03b9c018 03baa1f8 ffffff00 03ba6058 0003c558
03baa1f8 00017640 cd 00 03ba6038 03bc1838 ffffff00 03baa218 0003879c
03bc1838 00000100 a5 01 03baa1f8 03bc1938 ffffff00 03bc1858 000375dc
03bc1938 00000400 a5 01 03bc1838 03bc1d38 ffffff00 03bc1958 0003762c
03bc1d38 00000400 a5 01 03bc1938 03bc2138 ffffff00 03bc1d58 00037678
03bc2138 00000060 a5 01 03bc1d38 03bc2198 ffffff00 03bc2158 000376c4
03bc2198 00000040 a5 01 03bc2138 03bc21d8 ffffff00 03bc21b8 00037710
03bc21d8 00219e40 cd 00 03bc2198 03b9c018 ffffff00 03bc21f8 0003ce8c
MCB:9(7/2) MEM:00240000(0000eb80/00231480)
======== HuMem heap dump 03b9c018 end =====
======== HuMem heap dump 03f1c030 ========
MCB-----+Size----+MG+FL+Prev----+Next----+UNum----+Body----+Call----
03f1c030 00a80000 cd 00 03f1c030 03f1c030 ffffff00 03f1c050 00039248
MCB:1(0/1) MEM:00a80000(00000000/00a80000)
======== HuMem heap dump 03f1c030 end =====
======== HuMem heap dump 0499c03c ========
MCB-----+Size----+MG+FL+Prev----+Next----+UNum----+Body----+Call----
0499c03c 00580000 cd 00 0499c03c 0499c03c 10000000 0499c05c 0000ff14
MCB:1(0/1) MEM:00580000(00000000/00580000)
======== HuMem heap dump 0499c03c end =====
objman>Used Memory Size:0000eb80
objman>Used Memory Cnt:7
objman>Init esp
objman>Call objectsetup
DLLStart 70 0
Search:dll/mentdll.rel
objdll>Link DLL:dll/mentdll.rel
Rest Memory 580000
===== DLL Module Info dump ====
                   ID:0x00000001
             LinkPrev:0x00000000
             LinkNext:0x00000000
          Section num:15
Section info tbl ofst:0x00000048
           nameOffset:0x00000000
             nameSize:47
              version:0x00000002
===============================
==== DLL Module Header dump ====
          bss Size:0x000036c4
        rel Offset:0x000246f8
        imp Offset:0x00036a90
    prolog Section:1
    epilog Section:1
unresolved Section:0
       prolog func:0x000000a4
       epilog func:0x000000f8
   unresolved func:0x00000000
================================
objdll>LinkOK 03bc21f8 34300000
objdll> dll/mentdll.rel prolog start
objman>InitObjMan start
objman>InitObjMan end
Rest Memory 5395a0
0
GroupSet 7
***********GroupSet Error 0
objdll> dll/mentdll.rel prolog end
objman>ObjectSetup end
port> frame 1961: overlay 70 (next -1) event 0
DLL DBG OUT
data num 600008
port> dvdheap: 4008196 bytes mode 1 num 10000000  caller 0x10fa8  caller2 0xeb4c
Rest Memory 1ad6c0
ARAM data num 120006
port> stall: frame 1962 took 120 ms (game 120 gx 0 present 0 aud 0) tex: 0 decoded (0 KB -> 0 KB) dec 0 up 0 hash 0 ms, 0 re-keyed; staged 0 (0 ms saved) claimed 0 unstaged 0; frees 21, dll 0 ms
port> status f1980    mentdll      board 0 turn 0/1  mg 441 (m441dll)  coins/stars 0/0c 0/0c 0/0c 0/0c  aud 0.01 ms  292.0 fps
########### ME_MainProcFunc000
port> status f2040    mentdll      board 0 turn 0/1  mg 441 (m441dll)  coins/stars 0/0c 0/0c 0/0c 0/0c  aud 0.01 ms  374.3 fps
port> status f2100    mentdll      board 0 turn 0/1  mg 441 (m441dll)  coins/stars 0/0c 0/0c 0/0c 0/0c  aud 0.05 ms  385.4 fps
port> status f2160    mentdll      board 0 turn 0/1  mg 441 (m441dll)  coins/stars 0/0c 0/0c 0/0c 0/0c  aud 0.05 ms  307.1 fps
port> status f2220    mentdll      board 0 turn 0/1  mg 441 (m441dll)  coins/stars 0/0c 0/0c 0/0c 0/0c  aud 0.05 ms  278.5 fps
port> status f2280    mentdll      board 0 turn 0/1  mg 441 (m441dll)  coins/stars 0/0c 0/0c 0/0c 0/0c  aud 0.05 ms  280.3 fps
port> status f2340    mentdll      board 0 turn 0/1  mg 441 (m441dll)  coins/stars 0/0c 0/0c 0/0c 0/0c  aud 0.05 ms  323.9 fps
port> status f2400    mentdll      board 0 turn 0/1  mg 441 (m441dll)  coins/stars 0/0c 0/0c 0/0c 0/0c  aud 0.05 ms  320.7 fps
port> status f2460    mentdll      board 0 turn 0/1  mg 441 (m441dll)  coins/stars 0/0c 0/0c 0/0c 0/0c  aud 0.12 ms  323.2 fps
port> status f2520    mentdll      board 0 turn 0/1  mg 441 (m441dll)  coins/stars 0/0c 0/0c 0/0c 0/0c  aud 0.36 ms  269.9 fps
port> status f2580    mentdll      board 0 turn 0/1  mg 441 (m441dll)  coins/stars 0/0c 0/0c 0/0c 0/0c  aud 0.27 ms  272.1 fps
port> status f2640    mentdll      board 0 turn 0/1  mg 441 (m441dll)  coins/stars 0/0c 0/0c 0/0c 0/0c  aud 0.37 ms  272.6 fps
port> status f2700    mentdll      board 0 turn 0/1  mg 441 (m441dll)  coins/stars 0/0c 0/0c 0/0c 0/0c  aud 0.15 ms  302.6 fps
port> status f2760    mentdll      board 0 turn 0/1  mg 441 (m441dll)  coins/stars 0/0c 0/0c 0/0c 0/0c  aud 0.29 ms  272.7 fps
port> status f2820    mentdll      board 0 turn 0/1  mg 441 (m441dll)  coins/stars 0/0c 0/0c 0/0c 0/0c  aud 0.16 ms  273.0 fps
port> status f2880    mentdll      board 0 turn 0/1  mg 441 (m441dll)  coins/stars 0/0c 0/0c 0/0c 0/0c  aud 0.19 ms  293.0 fps
port> status f2940    mentdll      board 0 turn 0/1  mg 441 (m441dll)  coins/stars 0/0c 0/0c 0/0c 0/0c  aud 0.17 ms  306.9 fps
port> status f3000    mentdll      board 0 turn 0/1  mg 441 (m441dll)  coins/stars 0/0c 0/0c 0/0c 0/0c  aud 0.31 ms  271.2 fps
port> status f3060    mentdll      board 0 turn 0/1  mg 441 (m441dll)  coins/stars 0/0c 0/0c 0/0c 0/0c  aud 0.33 ms  258.4 fps
port> status f3120    mentdll      board 0 turn 0/1  mg 441 (m441dll)  coins/stars 0/0c 0/0c 0/0c 0/0c  aud 0.25 ms  281.3 fps
port> status f3180    mentdll      board 0 turn 0/1  mg 441 (m441dll)  coins/stars 0/0c 0/0c 0/0c 0/0c  aud 0.30 ms  264.3 fps
port> status f3240    mentdll      board 0 turn 0/1  mg 441 (m441dll)  coins/stars 0/0c 0/0c 0/0c 0/0c  aud 0.29 ms  250.7 fps
port> status f3300    mentdll      board 0 turn 0/1  mg 441 (m441dll)  coins/stars 0/0c 0/0c 0/0c 0/0c  aud 0.35 ms  252.5 fps
port> status f3360    mentdll      board 0 turn 0/1  mg 441 (m441dll)  coins/stars 0/0c 0/0c 0/0c 0/0c  aud 0.18 ms  266.4 fps
port> status f3420    mentdll      board 0 turn 0/1  mg 441 (m441dll)  coins/stars 0/0c 0/0c 0/0c 0/0c  aud 0.32 ms  253.4 fps
port> status f3480    mentdll      board 0 turn 0/1  mg 441 (m441dll)  coins/stars 0/0c 0/0c 0/0c 0/0c  aud 0.38 ms  241.8 fps
port> status f3540    mentdll      board 0 turn 0/1  mg 441 (m441dll)  coins/stars 0/0c 0/0c 0/0c 0/0c  aud 0.30 ms  259.8 fps
port> status f3600    mentdll      board 0 turn 0/1  mg 441 (m441dll)  coins/stars 0/0c 0/0c 0/0c 0/0c  aud 0.26 ms  283.0 fps
port> status f3660    mentdll      board 0 turn 0/1  mg 441 (m441dll)  coins/stars 0/0c 0/0c 0/0c 0/0c  aud 0.18 ms  313.3 fps
port> status f3720    mentdll      board 0 turn 0/1  mg 441 (m441dll)  coins/stars 0/0c 0/0c 0/0c 0/0c  aud 0.30 ms  277.3 fps
port> status f3780    mentdll      board 0 turn 0/1  mg 441 (m441dll)  coins/stars 0/0c 0/0c 0/0c 0/0c  aud 0.30 ms  252.7 fps
port> status f3840    mentdll      board 0 turn 0/1  mg 441 (m441dll)  coins/stars 0/0c 0/0c 0/0c 0/0c  aud 0.36 ms  270.9 fps
port> status f3900    mentdll      board 0 turn 0/1  mg 441 (m441dll)  coins/stars 0/0c 0/0c 0/0c 0/0c  aud 0.22 ms  289.0 fps
port> status f3960    mentdll      board 0 turn 0/1  mg 441 (m441dll)  coins/stars 0/0c 0/0c 0/0c 0/0c  aud 0.22 ms  283.8 fps
port> status f4020    mentdll      board 0 turn 0/1  mg 441 (m441dll)  coins/stars 0/0c 0/0c 0/0c 0/0c  aud 0.22 ms  284.2 fps
port> status f4080    mentdll      board 0 turn 0/1  mg 441 (m441dll)  coins/stars 0/0c 0/0c 0/0c 0/0c  aud 0.15 ms  297.0 fps
port> status f4140    mentdll      board 0 turn 0/1  mg 441 (m441dll)  coins/stars 0/0c 0/0c 0/0c 0/0c  aud 0.18 ms  286.5 fps
port> status f4200    mentdll      board 0 turn 0/1  mg 441 (m441dll)  coins/stars 0/0c 0/0c 0/0c 0/0c  aud 0.26 ms  268.7 fps
port> status f4260    mentdll      board 0 turn 0/1  mg 441 (m441dll)  coins/stars 0/0c 0/0c 0/0c 0/0c  aud 0.35 ms  251.7 fps
port> status f4320    mentdll      board 0 turn 0/1  mg 441 (m441dll)  coins/stars 0/0c 0/0c 0/0c 0/0c  aud 0.26 ms  250.3 fps
port> status f4380    mentdll      board 0 turn 0/1  mg 441 (m441dll)  coins/stars 0/0c 0/0c 0/0c 0/0c  aud 0.29 ms  252.5 fps
port> status f4440    mentdll      board 0 turn 0/1  mg 441 (m441dll)  coins/stars 0/0c 0/0c 0/0c 0/0c  aud 0.28 ms  251.7 fps
port> status f4500    mentdll      board 0 turn 0/1  mg 441 (m441dll)  coins/stars 0/0c 0/0c 0/0c 0/0c  aud 0.37 ms  242.2 fps
port> status f4560    mentdll      board 0 turn 0/1  mg 441 (m441dll)  coins/stars 0/0c 0/0c 0/0c 0/0c  aud 0.23 ms  248.5 fps
port> status f4620    mentdll      board 0 turn 0/1  mg 441 (m441dll)  coins/stars 0/0c 0/0c 0/0c 0/0c  aud 0.27 ms  258.7 fps
port> status f4680    mentdll      board 0 turn 0/1  mg 441 (m441dll)  coins/stars 0/0c 0/0c 0/0c 0/0c  aud 0.37 ms  265.8 fps
port> status f4740    mentdll      board 0 turn 1/1  mg 441 (m441dll)  coins/stars 0/0c 0/0c 0/0c 0/0c  aud 0.32 ms  281.5 fps
port> dvdheap: 1615946 bytes mode 0 num 0  caller 0xf224  caller2 0x34303aa0
Rest Memory 3f5780
port> dvdheap: 1438648 bytes mode 0 num 0  caller 0xf224  caller2 0x34303b68
Rest Memory 420c20
port> status f4800    mentdll      board 0 turn 1/1  mg 441 (m441dll)  coins/stars 0/0c 0/0c 0/0c 0/0c  aud 0.23 ms  290.4 fps
port> status f4860    mentdll      board 0 turn 1/1  mg 441 (m441dll)  coins/stars 0/0c 0/0c 0/0c 0/0c  aud 0.20 ms  336.3 fps
port> status f4920    mentdll      board 0 turn 1/1  mg 441 (m441dll)  coins/stars 0/0c 0/0c 0/0c 0/0c  aud 0.25 ms  353.1 fps
port> status f4980    mentdll      board 0 turn 1/1  mg 441 (m441dll)  coins/stars 0/0c 0/0c 0/0c 0/0c  aud 0.37 ms  311.1 fps
port> status f5040    mentdll      board 0 turn 1/1  mg 441 (m441dll)  coins/stars 0/0c 0/0c 0/0c 0/0c  aud 0.35 ms  309.1 fps
port> status f5100    mentdll      board 0 turn 1/1  mg 441 (m441dll)  coins/stars 0/0c 0/0c 0/0c 0/0c  aud 0.20 ms  337.0 fps
port> dvdheap: 1301598 bytes mode 0 num 0  caller 0x10f10  caller2 0xef70
Rest Memory 2e2fa0
ARAM Trans a4cf40
port> dvdheap: 1336948 bytes mode 0 num 0  caller 0x10f10  caller2 0xef70
Rest Memory 2da580
ARAM Trans b8aba0
port> dvdheap: 1260022 bytes mode 0 num 0  caller 0x10f10  caller2 0xef70
Rest Memory 2ed200
ARAM Trans cd1220
port> dvdheap: 1413496 bytes mode 0 num 0  caller 0x10f10  caller2 0xef70
Rest Memory 2c7a80
ARAM Trans e04c20
objman>Call New Ovl 89(1)
OvlKill 1
objdll>omDLLNumEnd 70 1
Search:dll/mentdll.rel
+++++++++++ Find0: dll/mentdll.rel
objdll>omDLLEnd 0 1
objdll>End DLL:dll/mentdll.rel
odjdll>Unlink DLL:dll/mentdll.rel
objdll>Unlink DLL epilog
objdll>Unlink DLL epilog finish
objdll>End DLL finish
port> frame 5101: overlay -1 (next 89) event 0
objman>Destory ObjMan
++++++++++++++++++++ Start New OVL 89 (EVT:0 STAT:0x00000000) ++++++++++++++++++
======== HuMem heap dump 03b9c018 ========
MCB-----+Size----+MG+FL+Prev----+Next----+UNum----+Body----+Call----
03b9c018 0000a020 a5 01 03c8f178 03ba6038 ffffff00 03b9c038 000088c4
03ba6038 000041c0 a5 01 03b9c018 03baa1f8 ffffff00 03ba6058 0003c558
03baa1f8 00016c80 cd 00 03ba6038 03bc0e78 ffffff00 03baa218 0003ce8c
03bc0e78 00000260 a5 01 03baa1f8 03bc10d8 ffffff00 03bc0e98 000090d8
03bc10d8 00000260 a5 01 03bc0e78 03bc1338 ffffff00 03bc10f8 000090d8
03bc1338 000002c0 a5 01 03bc10d8 03bc15f8 ffffff00 03bc1358 000090d8
03bc15f8 00000240 cd 00 03bc1338 03bc1838 10000000 03bc1618 00039228
03bc1838 00000100 a5 01 03bc15f8 03bc1938 ffffff00 03bc1858 000375dc
03bc1938 00000400 a5 01 03bc1838 03bc1d38 ffffff00 03bc1958 0003762c
03bc1d38 00000400 a5 01 03bc1938 03bc2138 ffffff00 03bc1d58 00037678
03bc2138 00000060 a5 01 03bc1d38 03bc2198 ffffff00 03bc2158 000376c4
03bc2198 00000040 a5 01 03bc2138 03bc21d8 ffffff00 03bc21b8 00037710
03bc21d8 000befc0 cd 00 03bc2198 03c81198 ffffff00 03bc21f8 0003ce8c
03c81198 00002100 a5 01 03bc21d8 03c83298 ffffff00 03c811b8 000090d8
03c83298 00000f80 a5 01 03c81198 03c84218 ffffff00 03c832b8 000090d8
03c84218 000041c0 a5 01 03c83298 03c883d8 ffffff00 03c84238 000090d8
03c883d8 000041c0 a5 01 03c84218 03c8c598 ffffff00 03c883f8 000090d8
03c8c598 00002be0 a5 01 03c883d8 03c8f178 ffffff00 03c8c5b8 000090d8
03c8f178 0014cea0 cd 00 03c8c598 03b9c018 ffffff00 03c8f198 0003ce8c
MCB:19(15/4) MEM:00240000(0001d2e0/00222d20)
======== HuMem heap dump 03b9c018 end =====
======== HuMem heap dump 03f1c030 ========
MCB-----+Size----+MG+FL+Prev----+Next----+UNum----+Body----+Call----
03f1c030 00a80000 cd 00 03f1c030 03f1c030 ffffff00 03f1c050 00040064
MCB:1(0/1) MEM:00a80000(00000000/00a80000)
======== HuMem heap dump 03f1c030 end =====
======== HuMem heap dump 0499c03c ========
MCB-----+Size----+MG+FL+Prev----+Next----+UNum----+Body----+Call----
0499c03c 0015f3e0 a5 01 04afb41c 04afb41c ffffff00 0499c05c 00010b1c
04afb41c 00420c20 cd 00 0499c03c 0499c03c ffffff00 04afb43c 0000ff14
MCB:2(1/1) MEM:00580000(0015f3e0/00420c20)
======== HuMem heap dump 0499c03c end =====
objman>Used Memory Size:0001d2e0
objman>Used Memory Cnt:15
objman>Init esp
objman>Call objectsetup
SOUND ##########################
0
GroupSet 9
***********GroupSet Error 0
##########################
DLLStart 89 0
Search:dll/w01dll.rel
objdll>Link DLL:dll/w01dll.rel
Rest Memory 420c20
===== DLL Module Info dump ====
                   ID:0x00000001
             LinkPrev:0x00000000
             LinkNext:0x00000000
          Section num:16
Section info tbl ofst:0x00000048
           nameOffset:0x00000000
             nameSize:45
              version:0x00000002
===============================
==== DLL Module Header dump ====
          bss Size:0x0000081c
        rel Offset:0x00012e34
        imp Offset:0x0001f174
    prolog Section:1
    epilog Section:1
unresolved Section:0
       prolog func:0x00000030
       epilog func:0x00000094
   unresolved func:0x00000000
================================
objdll>LinkOK 03bc21f8 35600000
objdll> dll/w01dll.rel prolog start
objman>InitObjMan start
objman>InitObjMan end
objdll> dll/w01dll.rel prolog end
objman>ObjectSetup end
port> frame 5102: overlay 89 (next -1) event 0
DLL DBG OUT
Rest Memory 37b3c0
Rest Memory 334960
data num 5e0000
Rest Memory 31dea0
ARAM data num 120006
data num 190000
Rest Memory 322ae0
data num 6c0000
Rest Memory 302e20
data num 890000
Rest Memory 31a860
ARAM data num 7001d
data num 50000
Rest Memory 136ce0
data num 90000
Rest Memory 1424a0
port> stall: frame 5104 took 341 ms (game 341 gx 0 present 0 aud 0) tex: 0 decoded (0 KB -> 0 KB) dec 0 up 0 hash 0 ms, 0 re-keyed; staged 0 (0 ms saved) claimed 0 unstaged 0; frees 113, dll 0 ms
port> loader: mg_next dealt mg 441 (m441dll) at frame 5105 -- prefetching its module and data
port> status f5160    w01dll       board 0 turn 1/1  mg 441 (m441dll)  coins/stars 0/0c 0/0c 0/0c 0/0c  aud 0.05 ms  97.4 fps
port> status f5220    w01dll       board 0 turn 1/1  mg 441 (m441dll)  coins/stars 0/0c 0/0c 0/0c 0/0c  aud 0.07 ms  243.7 fps
port> status f5280    w01dll       board 0 turn 1/1  mg 441 (m441dll)  coins/stars 0/0c 0/0c 0/0c 0/0c  aud 0.07 ms  249.3 fps
port> status f5340    w01dll       board 0 turn 1/1  mg 441 (m441dll)  coins/stars 0/0c 0/0c 0/0c 0/0c  aud 0.07 ms  253.2 fps
port> status f5400    w01dll       board 0 turn 1/1  mg 441 (m441dll)  coins/stars 0/0c 0/0c 0/0c 0/0c  aud 0.06 ms  242.0 fps
port> status f5460    w01dll       board 0 turn 1/1  mg 441 (m441dll)  coins/stars 0/0c 0/0c 0/0c 0/0c  aud 0.05 ms  246.4 fps
port> status f5520    w01dll       board 0 turn 1/1  mg 441 (m441dll)  coins/stars 0/0c 0/0c 0/0c 0/0c  aud 0.05 ms  263.0 fps
port> status f5580    w01dll       board 0 turn 1/1  mg 441 (m441dll)  coins/stars 0/0c 0/0c 0/0c 0/0c  aud 0.05 ms  261.1 fps
port> status f5640    w01dll       board 0 turn 1/1  mg 441 (m441dll)  coins/stars 0/0c 0/0c 0/0c 0/0c  aud 0.05 ms  305.4 fps
port> status f5700    w01dll       board 0 turn 1/1  mg 441 (m441dll)  coins/stars 0/0c 0/0c 0/0c 0/0c  aud 0.05 ms  344.7 fps
port> status f5760    w01dll       board 0 turn 1/1  mg 441 (m441dll)  coins/stars 0/0c 0/0c 0/0c 0/0c  aud 0.06 ms  347.7 fps
port> status f5820    w01dll       board 0 turn 1/1  mg 441 (m441dll)  coins/stars 0/0c 0/0c 0/0c 0/0c  aud 0.06 ms  338.3 fps
port> status f5880    w01dll       board 0 turn 1/1  mg 441 (m441dll)  coins/stars 0/0c 0/0c 0/0c 0/0c  aud 0.21 ms  215.0 fps
port> status f5940    w01dll       board 0 turn 1/1  mg 441 (m441dll)  coins/stars 0/0c 0/0c 0/0c 0/0c  aud 0.32 ms  187.2 fps
port> status f6000    w01dll       board 0 turn 1/1  mg 441 (m441dll)  coins/stars 0/0c 0/0c 0/0c 0/0c  aud 0.29 ms  199.7 fps
port> status f6060    w01dll       board 0 turn 1/1  mg 441 (m441dll)  coins/stars 0/0c 0/0c 0/0c 0/0c  aud 0.27 ms  204.4 fps
port> status f6120    w01dll       board 0 turn 1/1  mg 441 (m441dll)  coins/stars 0/0c 0/0c 0/0c 0/0c  aud 0.29 ms  213.4 fps
port> status f6180    w01dll       board 0 turn 1/1  mg 441 (m441dll)  coins/stars 0/0c 0/0c 0/0c 0/0c  aud 0.29 ms  206.2 fps
port> status f6240    w01dll       board 0 turn 1/1  mg 441 (m441dll)  coins/stars 0/0c 0/0c 0/0c 0/0c  aud 0.28 ms  193.4 fps
#########SE Entry Error<SE 770:ErrorNo -33>
#########SE Entry Error<SE 770:ErrorNo -33>
#########SE Entry Error<SE 770:ErrorNo -33>
port> status f6300    w01dll       board 0 turn 1/1  mg 441 (m441dll)  coins/stars 0/0c 0/0c 0/0c 0/0c  aud 0.28 ms  189.8 fps
#########SE Entry Error<SE 771:ErrorNo -33>
port> status f6360    w01dll       board 0 turn 1/1  mg 441 (m441dll)  coins/stars 0/0c 0/0c 0/0c 0/0c  aud 0.36 ms  177.7 fps
port> status f6420    w01dll       board 0 turn 1/1  mg 441 (m441dll)  coins/stars 0/0c 0/0c 0/0c 0/0c  aud 0.30 ms  181.0 fps
port> status f6480    w01dll       board 0 turn 1/1  mg 441 (m441dll)  coins/stars 0/0c 0/0c 0/0c 0/0c  aud 0.26 ms  176.5 fps
port> status f6540    w01dll       board 0 turn 1/1  mg 441 (m441dll)  coins/stars 0/0c 0/0c 0/0c 0/0c  aud 0.22 ms  189.1 fps
port> status f6600    w01dll       board 0 turn 1/1  mg 441 (m441dll)  coins/stars 0/0c 0/0c 0/0c 0/0c  aud 0.28 ms  202.6 fps
port> status f6660    w01dll       board 0 turn 1/1  mg 441 (m441dll)  coins/stars 0/0c 0/0c 0/0c 0/0c  aud 0.34 ms  196.0 fps
port> status f6720    w01dll       board 0 turn 1/1  mg 441 (m441dll)  coins/stars 0/0c 0/0c 0/0c 0/0c  aud 0.29 ms  200.9 fps
port> status f6780    w01dll       board 0 turn 1/1  mg 441 (m441dll)  coins/stars 0/0c 0/0c 0/0c 0/0c  aud 0.27 ms  194.3 fps
port> status f6840    w01dll       board 0 turn 1/1  mg 441 (m441dll)  coins/stars 0/0c 0/0c 0/0c 0/0c  aud 0.31 ms  189.4 fps
port> status f6900    w01dll       board 0 turn 1/1  mg 441 (m441dll)  coins/stars 0/0c 0/0c 0/0c 0/0c  aud 0.34 ms  187.9 fps
port> status f6960    w01dll       board 0 turn 1/1  mg 441 (m441dll)  coins/stars 0/0c 0/0c 0/0c 0/0c  aud 0.28 ms  193.5 fps
port> status f7020    w01dll       board 0 turn 1/1  mg 441 (m441dll)  coins/stars 0/0c 0/0c 0/0c 0/0c  aud 0.29 ms  192.3 fps
port> status f7080    w01dll       board 0 turn 1/1  mg 441 (m441dll)  coins/stars 0/0c 0/0c 0/0c 0/0c  aud 0.31 ms  192.6 fps
port> status f7140    w01dll       board 0 turn 1/1  mg 441 (m441dll)  coins/stars 0/0c 0/0c 0/0c 0/0c  aud 0.30 ms  198.5 fps
port> status f7200    w01dll       board 0 turn 1/1  mg 441 (m441dll)  coins/stars 0/0c 0/0c 0/0c 0/0c  aud 0.24 ms  191.7 fps
port> status f7260    w01dll       board 0 turn 1/1  mg 441 (m441dll)  coins/stars 0/0c 0/0c 0/0c 0/0c  aud 0.25 ms  205.1 fps
port> status f7320    w01dll       board 0 turn 1/1  mg 441 (m441dll)  coins/stars 9/0c 9/0c 9/0c 9/0c  aud 0.33 ms  196.1 fps
port> status f7380    w01dll       board 0 turn 1/1  mg 441 (m441dll)  coins/stars 10/0c 10/0c 10/0c 10/0c  aud 0.33 ms  186.5 fps
port> status f7440    w01dll       board 0 turn 1/1  mg 441 (m441dll)  coins/stars 10/0c 10/0c 10/0c 10/0c  aud 0.28 ms  187.7 fps
port> status f7500    w01dll       board 0 turn 1/1  mg 441 (m441dll)  coins/stars 10/0c 10/0c 10/0c 10/0c  aud 0.28 ms  193.9 fps
port> status f7560    w01dll       board 0 turn 1/1  mg 441 (m441dll)  coins/stars 10/0c 10/0c 10/0c 10/0c  aud 0.28 ms  200.9 fps
port> status f7620    w01dll       board 0 turn 1/1  mg 441 (m441dll)  coins/stars 10/0c 10/0c 10/0c 10/0c  aud 0.29 ms  197.1 fps
port> status f7680    w01dll       board 0 turn 1/1  mg 441 (m441dll)  coins/stars 10/0c 10/0c 10/0c 10/0c  aud 0.28 ms  199.6 fps
port> status f7740    w01dll       board 0 turn 1/1  mg 441 (m441dll)  coins/stars 10/0c 10/0c 10/0c 10/0c  aud 0.31 ms  195.2 fps
port> status f7800    w01dll       board 0 turn 1/1  mg 441 (m441dll)  coins/stars 10/0c 10/0c 10/0c 10/0c  aud 0.28 ms  193.1 fps
port> status f7860    w01dll       board 0 turn 1/1  mg 441 (m441dll)  coins/stars 10/0c 10/0c 10/0c 10/0c  aud 0.29 ms  190.0 fps
port> status f7920    w01dll       board 0 turn 1/1  mg 441 (m441dll)  coins/stars 10/0c 10/0c 10/0c 10/0c  aud 0.30 ms  188.4 fps
port> status f7980    w01dll       board 0 turn 1/1  mg 441 (m441dll)  coins/stars 10/0c 10/0c 10/0c 10/0c  aud 0.25 ms  197.9 fps
port> status f8040    w01dll       board 0 turn 1/1  mg 441 (m441dll)  coins/stars 10/0c 10/0c 10/0c 10/0c  aud 0.25 ms  191.7 fps
data num 60017
Rest Memory 1960c0
port> status f8100    w01dll       board 0 turn 1/1  mg 441 (m441dll)  coins/stars 10/0c 10/0c 10/0c 10/0c  aud 0.21 ms  226.8 fps
port> status f8160    w01dll       board 0 turn 1/1  mg 441 (m441dll)  coins/stars 10/0c 10/0c 10/0c 10/0c  aud 0.31 ms  248.4 fps
port> status f8220    w01dll       board 0 turn 1/1  mg 441 (m441dll)  coins/stars 10/0c 10/0c 10/0c 10/0c  aud 0.31 ms  243.4 fps
port> status f8280    w01dll       board 0 turn 1/1  mg 441 (m441dll)  coins/stars 10/0c 10/0c 10/0c 10/0c  aud 0.27 ms  247.5 fps
port> status f8340    w01dll       board 0 turn 1/1  mg 441 (m441dll)  coins/stars 10/0c 10/0c 10/0c 10/0c  aud 0.24 ms  256.6 fps
port> status f8400    w01dll       board 0 turn 1/1  mg 441 (m441dll)  coins/stars 10/0c 10/0c 10/0c 10/0c  aud 0.23 ms  272.9 fps
port> status f8460    w01dll       board 0 turn 1/1  mg 441 (m441dll)  coins/stars 10/0c 10/0c 10/0c 10/0c  aud 0.23 ms  259.2 fps
port> status f8520    w01dll       board 0 turn 1/1  mg 441 (m441dll)  coins/stars 10/0c 10/0c 10/0c 10/0c  aud 0.23 ms  256.2 fps
port> status f8580    w01dll       board 0 turn 1/1  mg 441 (m441dll)  coins/stars 10/0c 10/0c 10/0c 10/0c  aud 0.27 ms  256.7 fps
port> status f8640    w01dll       board 0 turn 1/1  mg 441 (m441dll)  coins/stars 10/0c 10/0c 10/0c 10/0c  aud 0.27 ms  260.5 fps
port> status f8700    w01dll       board 0 turn 1/1  mg 441 (m441dll)  coins/stars 10/0c 10/0c 10/0c 10/0c  aud 0.22 ms  256.0 fps
port> status f8760    w01dll       board 0 turn 1/1  mg 441 (m441dll)  coins/stars 10/0c 10/0c 10/0c 10/0c  aud 0.19 ms  264.5 fps
port> status f8820    w01dll       board 0 turn 1/1  mg 441 (m441dll)  coins/stars 10/0c 10/0c 10/0c 10/0c  aud 0.19 ms  265.2 fps
port> status f8880    w01dll       board 0 turn 1/1  mg 441 (m441dll)  coins/stars 10/0c 10/0c 10/0c 10/0c  aud 0.18 ms  264.9 fps
port> status f8940    w01dll       board 0 turn 1/1  mg 441 (m441dll)  coins/stars 10/0c 10/0c 10/0c 10/0c  aud 0.16 ms  250.0 fps
port> status f9000    w01dll       board 0 turn 1/1  mg 441 (m441dll)  coins/stars 10/0c 10/0c 10/0c 10/0c  aud 0.17 ms  238.4 fps
port> status f9060    w01dll       board 0 turn 1/1  mg 441 (m441dll)  coins/stars 10/0c 10/0c 10/0c 10/0c  aud 0.23 ms  230.6 fps
port> status f9120    w01dll       board 0 turn 1/1  mg 441 (m441dll)  coins/stars 10/0c 10/0c 10/0c 10/0c  aud 0.28 ms  236.3 fps
port> status f9180    w01dll       board 0 turn 1/1  mg 441 (m441dll)  coins/stars 10/0c 10/0c 10/0c 10/0c  aud 0.23 ms  241.0 fps
port> status f9240    w01dll       board 0 turn 1/1  mg 441 (m441dll)  coins/stars 10/0c 10/0c 10/0c 10/0c  aud 0.25 ms  232.7 fps
port> status f9300    w01dll       board 0 turn 1/1  mg 441 (m441dll)  coins/stars 10/0c 10/0c 10/0c 10/0c  aud 0.23 ms  236.5 fps
port> status f9360    w01dll       board 0 turn 1/1  mg 441 (m441dll)  coins/stars 10/0c 10/0c 10/0c 10/0c  aud 0.17 ms  230.0 fps
port> status f9420    w01dll       board 0 turn 1/1  mg 441 (m441dll)  coins/stars 10/0c 10/0c 10/0c 10/0c  aud 0.22 ms  240.0 fps
port> status f9480    w01dll       board 0 turn 1/1  mg 441 (m441dll)  coins/stars 10/0c 10/0c 10/0c 10/0c  aud 0.25 ms  254.1 fps
port> status f9540    w01dll       board 0 turn 1/1  mg 441 (m441dll)  coins/stars 10/0c 10/0c 10/0c 10/0c  aud 0.26 ms  244.5 fps
port> status f9600    w01dll       board 0 turn 1/1  mg 441 (m441dll)  coins/stars 10/0c 10/0c 10/0c 10/0c  aud 0.25 ms  255.9 fps
port> status f9660    w01dll       board 0 turn 1/1  mg 441 (m441dll)  coins/stars 10/0c 10/0c 10/0c 10/0c  aud 0.23 ms  254.9 fps
port> status f9720    w01dll       board 0 turn 1/1  mg 441 (m441dll)  coins/stars 10/0c 10/0c 10/0c 10/0c  aud 0.03 ms  219.7 fps
port> status f9780    w01dll       board 0 turn 1/1  mg 441 (m441dll)  coins/stars 10/0c 10/0c 10/0c 10/0c  aud 0.22 ms  200.8 fps
port> status f9840    w01dll       board 0 turn 1/1  mg 441 (m441dll)  coins/stars 10/0c 10/0c 10/0c 10/0c  aud 0.26 ms  203.3 fps
port> status f9900    w01dll       board 0 turn 1/1  mg 441 (m441dll)  coins/stars 10/0c 10/0c 10/0c 10/0c  aud 0.22 ms  203.9 fps
port> status f9960    w01dll       board 0 turn 1/1  mg 441 (m441dll)  coins/stars 10/0c 10/0c 10/0c 10/0c  aud 0.23 ms  184.3 fps
port> status f10020   w01dll       board 0 turn 1/1  mg 441 (m441dll)  coins/stars 10/0c 10/0c 10/0c 10/0c  aud 0.27 ms  190.1 fps
port> status f10080   w01dll       board 0 turn 1/1  mg 441 (m441dll)  coins/stars 10/0c 10/0c 10/0c 10/0c  aud 0.30 ms  196.5 fps
port> status f10140   w01dll       board 0 turn 1/1  mg 441 (m441dll)  coins/stars 10/0c 10/0c 10/0c 10/0c  aud 0.33 ms  207.3 fps
port> status f10200   w01dll       board 0 turn 1/1  mg 441 (m441dll)  coins/stars 10/0c 10/0c 10/0c 10/0c  aud 0.26 ms  190.4 fps
port> status f10260   w01dll       board 0 turn 1/1  mg 441 (m441dll)  coins/stars 10/0c 10/0c 10/0c 10/0c  aud 0.28 ms  189.8 fps
port> status f10320   w01dll       board 0 turn 1/1  mg 441 (m441dll)  coins/stars 10/0c 10/0c 10/0c 10/0c  aud 0.33 ms  194.6 fps
port> status f10380   w01dll       board 0 turn 1/1  mg 441 (m441dll)  coins/stars 10/0c 10/0c 10/0c 10/0c  aud 0.27 ms  192.8 fps
port> status f10440   w01dll       board 0 turn 1/1  mg 441 (m441dll)  coins/stars 10/0c 10/0c 10/0c 10/0c  aud 0.23 ms  200.7 fps
port> status f10500   w01dll       board 0 turn 1/1  mg 441 (m441dll)  coins/stars 10/0c 10/0c 10/0c 10/0c  aud 0.23 ms  193.8 fps
port> status f10560   w01dll       board 0 turn 1/1  mg 441 (m441dll)  coins/stars 10/0c 10/0c 10/0c 10/0c  aud 0.26 ms  196.5 fps
port> status f10620   w01dll       board 0 turn 1/1  mg 441 (m441dll)  coins/stars 13/0c 10/0c 10/0c 10/0c  aud 0.27 ms  199.2 fps
port> status f10680   w01dll       board 0 turn 1/1  mg 441 (m441dll)  coins/stars 13/0c 10/0c 10/0c 10/0c  aud 0.21 ms  199.6 fps
port> status f10740   w01dll       board 0 turn 1/1  mg 441 (m441dll)  coins/stars 13/0c 10/0c 10/0c 10/0c  aud 0.14 ms  214.9 fps
port> status f10800   w01dll       board 0 turn 1/1  mg 441 (m441dll)  coins/stars 13/0c 10/0c 10/0c 10/0c  aud 0.16 ms  213.1 fps
port> status f10860   w01dll       board 0 turn 1/1  mg 441 (m441dll)  coins/stars 13/0c 10/0c 10/0c 10/0c  aud 0.22 ms  203.8 fps
port> status f10920   w01dll       board 0 turn 1/1  mg 441 (m441dll)  coins/stars 13/0c 10/0c 10/0c 10/0c  aud 0.20 ms  203.9 fps
port> status f10980   w01dll       board 0 turn 1/1  mg 441 (m441dll)  coins/stars 13/0c 10/0c 10/0c 10/0c  aud 0.22 ms  190.4 fps
port> status f11040   w01dll       board 0 turn 1/1  mg 441 (m441dll)  coins/stars 13/0c 10/0c 10/0c 10/0c  aud 0.21 ms  199.0 fps
port> status f11100   w01dll       board 0 turn 1/1  mg 441 (m441dll)  coins/stars 13/0c 10/0c 10/0c 10/0c  aud 0.23 ms  208.0 fps
port> status f11160   w01dll       board 0 turn 1/1  mg 441 (m441dll)  coins/stars 13/0c 10/0c 10/0c 10/0c  aud 0.32 ms  189.5 fps
port> status f11220   w01dll       board 0 turn 1/1  mg 441 (m441dll)  coins/stars 13/0c 10/0c 10/0c 10/0c  aud 0.24 ms  196.1 fps
port> status f11280   w01dll       board 0 turn 1/1  mg 441 (m441dll)  coins/stars 13/0c 10/0c 10/0c 10/0c  aud 0.24 ms  191.6 fps
port> status f11340   w01dll       board 0 turn 1/1  mg 441 (m441dll)  coins/stars 13/0c 10/0c 10/0c 10/0c  aud 0.33 ms  189.9 fps
port> status f11400   w01dll       board 0 turn 1/1  mg 441 (m441dll)  coins/stars 13/0c 10/0c 10/0c 10/0c  aud 0.39 ms  182.4 fps
port> status f11460   w01dll       board 0 turn 1/1  mg 441 (m441dll)  coins/stars 13/0c 10/0c 10/0c 10/0c  aud 0.32 ms  198.1 fps
port> status f11520   w01dll       board 0 turn 1/1  mg 441 (m441dll)  coins/stars 13/0c 10/0c 10/0c 10/0c  aud 0.23 ms  210.3 fps
port> status f11580   w01dll       board 0 turn 1/1  mg 441 (m441dll)  coins/stars 13/0c 10/0c 10/0c 10/0c  aud 0.31 ms  192.2 fps
port> status f11640   w01dll       board 0 turn 1/1  mg 441 (m441dll)  coins/stars 13/0c 10/0c 10/0c 10/0c  aud 0.21 ms  202.5 fps
port> status f11700   w01dll       board 0 turn 1/1  mg 441 (m441dll)  coins/stars 13/0c 10/0c 10/0c 10/0c  aud 0.30 ms  216.8 fps
port> status f11760   w01dll       board 0 turn 1/1  mg 441 (m441dll)  coins/stars 13/0c 10/0c 10/0c 10/0c  aud 0.22 ms  202.6 fps
port> status f11820   w01dll       board 0 turn 1/1  mg 441 (m441dll)  coins/stars 13/0c 10/0c 10/0c 10/0c  aud 0.25 ms  209.3 fps
port> status f11880   w01dll       board 0 turn 1/1  mg 441 (m441dll)  coins/stars 13/0c 10/0c 10/0c 10/0c  aud 0.31 ms  208.1 fps
port> status f11940   w01dll       board 0 turn 1/1  mg 441 (m441dll)  coins/stars 13/0c 10/0c 10/0c 10/0c  aud 0.26 ms  205.9 fps
port> status f12000   w01dll       board 0 turn 1/1  mg 441 (m441dll)  coins/stars 13/0c 10/0c 10/0c 10/0c  aud 0.32 ms  198.1 fps
port> status f12060   w01dll       board 0 turn 1/1  mg 441 (m441dll)  coins/stars 13/0c 10/0c 10/0c 10/0c  aud 0.27 ms  206.4 fps
port> status f12120   w01dll       board 0 turn 1/1  mg 441 (m441dll)  coins/stars 13/0c 10/0c 10/0c 10/0c  aud 0.27 ms  201.2 fps
port> status f12180   w01dll       board 0 turn 1/1  mg 441 (m441dll)  coins/stars 13/0c 10/0c 10/0c 10/0c  aud 0.26 ms  204.0 fps
port> status f12240   w01dll       board 0 turn 1/1  mg 441 (m441dll)  coins/stars 13/0c 10/0c 10/0c 10/0c  aud 0.24 ms  204.4 fps
port> status f12300   w01dll       board 0 turn 1/1  mg 441 (m441dll)  coins/stars 13/0c 10/0c 10/0c 10/0c  aud 0.28 ms  195.8 fps
port> status f12360   w01dll       board 0 turn 1/1  mg 441 (m441dll)  coins/stars 13/0c 10/0c 10/0c 10/0c  aud 0.30 ms  205.2 fps
port> status f12420   w01dll       board 0 turn 1/1  mg 441 (m441dll)  coins/stars 13/0c 10/0c 10/0c 10/0c  aud 0.24 ms  207.8 fps
port> status f12480   w01dll       board 0 turn 1/1  mg 441 (m441dll)  coins/stars 13/0c 10/0c 10/0c 10/0c  aud 0.35 ms  187.3 fps
port> status f12540   w01dll       board 0 turn 1/1  mg 441 (m441dll)  coins/stars 13/0c 10/0c 10/0c 10/0c  aud 0.36 ms  193.2 fps
port> status f12600   w01dll       board 0 turn 1/1  mg 441 (m441dll)  coins/stars 13/0c 10/0c 10/0c 10/0c  aud 0.26 ms  197.6 fps
port> status f12660   w01dll       board 0 turn 1/1  mg 441 (m441dll)  coins/stars 13/0c 10/0c 10/0c 10/0c  aud 0.30 ms  198.2 fps
port> status f12720   w01dll       board 0 turn 1/1  mg 441 (m441dll)  coins/stars 13/0c 10/0c 10/0c 10/0c  aud 0.27 ms  191.8 fps
port> status f12780   w01dll       board 0 turn 1/1  mg 441 (m441dll)  coins/stars 13/0c 10/0c 10/0c 10/0c  aud 0.26 ms  201.4 fps
port> status f12840   w01dll       board 0 turn 1/1  mg 441 (m441dll)  coins/stars 13/0c 10/0c 10/0c 10/0c  aud 0.30 ms  174.3 fps
port> status f12900   w01dll       board 0 turn 1/1  mg 441 (m441dll)  coins/stars 13/0c 10/0c 10/0c 10/0c  aud 0.31 ms  194.9 fps
port> status f12960   w01dll       board 0 turn 1/1  mg 441 (m441dll)  coins/stars 13/0c 10/0c 10/0c 10/0c  aud 0.28 ms  179.5 fps
port> status f13020   w01dll       board 0 turn 1/1  mg 441 (m441dll)  coins/stars 13/0c 10/0c 10/0c 10/0c  aud 0.31 ms  160.9 fps
port> status f13080   w01dll       board 0 turn 1/1  mg 441 (m441dll)  coins/stars 13/0c 10/0c 10/0c 10/0c  aud 0.32 ms  189.5 fps
port> status f13140   w01dll       board 0 turn 1/1  mg 441 (m441dll)  coins/stars 13/0c 10/0c 10/0c 10/0c  aud 0.23 ms  186.5 fps
port> status f13200   w01dll       board 0 turn 1/1  mg 441 (m441dll)  coins/stars 13/0c 10/0c 10/0c 10/0c  aud 0.20 ms  219.0 fps
port> status f13260   w01dll       board 0 turn 1/1  mg 441 (m441dll)  coins/stars 13/0c 10/0c 10/0c 10/0c  aud 0.26 ms  194.5 fps
port> status f13320   w01dll       board 0 turn 1/1  mg 441 (m441dll)  coins/stars 13/0c 10/0c 10/0c 10/0c  aud 0.31 ms  203.4 fps
port> status f13380   w01dll       board 0 turn 1/1  mg 441 (m441dll)  coins/stars 13/0c 10/0c 10/0c 10/0c  aud 0.29 ms  198.1 fps
port> status f13440   w01dll       board 0 turn 1/1  mg 441 (m441dll)  coins/stars 13/0c 10/0c 10/0c 10/0c  aud 0.30 ms  189.8 fps
port> status f13500   w01dll       board 0 turn 1/1  mg 441 (m441dll)  coins/stars 13/0c 10/0c 10/0c 13/0c  aud 0.32 ms  178.0 fps
port> status f13560   w01dll       board 0 turn 1/1  mg 441 (m441dll)  coins/stars 13/0c 10/0c 10/0c 13/0c  aud 0.23 ms  206.2 fps
port> status f13620   w01dll       board 0 turn 1/1  mg 441 (m441dll)  coins/stars 13/0c 10/0c 10/0c 13/0c  aud 0.25 ms  200.3 fps
port> status f13680   w01dll       board 0 turn 1/1  mg 441 (m441dll)  coins/stars 13/0c 10/0c 10/0c 13/0c  aud 0.27 ms  195.8 fps
port> status f13740   w01dll       board 0 turn 1/1  mg 441 (m441dll)  coins/stars 13/0c 10/0c 10/0c 13/0c  aud 0.35 ms  194.0 fps
port> status f13800   w01dll       board 0 turn 1/1  mg 441 (m441dll)  coins/stars 13/0c 10/0c 10/0c 13/0c  aud 0.31 ms  197.5 fps
port> status f13860   w01dll       board 0 turn 1/1  mg 441 (m441dll)  coins/stars 13/0c 10/0c 10/0c 13/0c  aud 0.36 ms  190.4 fps
port> status f13920   w01dll       board 0 turn 1/1  mg 441 (m441dll)  coins/stars 13/0c 10/0c 10/0c 13/0c  aud 0.30 ms  193.6 fps
port> loader: roulette dealt mg 422 (m422dll) at frame 13953 -- prefetching its module and data
port> status f13980   w01dll       board 0 turn 1/1  mg 441 (m441dll)  coins/stars 13/0c 10/0c 10/0c 13/0c  aud 0.26 ms  192.6 fps
port> ffto: reached frame 14000 in 57.1 s (13997 frames, 244.9 fps, drawing back on at frame 13999)
port> stall: frame 13998 took 104 ms (game 5 gx 0 present 99 aud 0) tex: 0 decoded (0 KB -> 0 KB) dec 0 up 0 hash 0 ms, 0 re-keyed; staged 0 (0 ms saved) claimed 0 unstaged 0; frees 0, dll 0 ms
port> lazy flush: off; premerge: off (max 0 vertices an object) -- both measured and off by default, PLAN.md 37
port> matrix palette: off (opt-in: --palette; PLAN.md 33.2)
port> stall: frame 13999 took 407 ms (game 23 gx 384 present 1 aud 0) tex: 125 decoded (968 KB -> 5716 KB) dec 79 up 60 hash 4 ms, 0 re-keyed; staged 0 (0 ms saved) claimed 0 unstaged 0; frees 0, dll 0 ms
port> status f14040   w01dll       board 0 turn 1/1  mg 441 (m441dll)  coins/stars 13/0c 10/0c 10/0c 13/0c  aud 0.30 ms  speed 65%  6.5 fps presented  tex 126/9453 KB  rss 204 MB  res 112/256 MB  cpu 2  rt 15.1 ms dec 4.9+0.0  machine ok  ur 20
port> status f14100   w01dll       board 0 turn 1/1  mg 441 (m441dll)  coins/stars 13/0c 10/0c 10/0c 13/0c  aud 0.30 ms  speed 110%  28.6 fps presented  tex 126/9453 KB  rss 205 MB  res 112/256 MB  cpu 2  rt 15.0 ms dec 5.7+0.0  machine ok  ur 20
port> dvdheap: 1529578 bytes mode 0 num 0  caller 0xf224  caller2 0x70f78
Rest Memory 40a8e0
port> roulette: frame 14140 dealt mg 422 (m422dll, type 1)  -- overridden by --minigame
objman>Call New Ovl 3(1)
OvlKill 1
objdll>omDLLNumEnd 89 1
Search:dll/w01dll.rel
+++++++++++ Find0: dll/w01dll.rel
objdll>omDLLEnd 0 1
objdll>End DLL:dll/w01dll.rel
odjdll>Unlink DLL:dll/w01dll.rel
objdll>Unlink DLL epilog
objdll>Unlink DLL epilog finish
objdll>End DLL finish
port> frame 14135: overlay -1 (next 3) event 0
objman>Destory ObjMan
++++++++++++++++++++ Start New OVL 3 (EVT:0 STAT:0x00000000) ++++++++++++++++++
======== HuMem heap dump 03b9c018 ========
MCB-----+Size----+MG+FL+Prev----+Next----+UNum----+Body----+Call----
03b9c018 0000a020 a5 01 03c8f178 03ba6038 ffffff00 03b9c038 000088c4
03ba6038 000041c0 a5 01 03b9c018 03baa1f8 ffffff00 03ba6058 0003c558
03baa1f8 00016c80 cd 00 03ba6038 03bc0e78 ffffff00 03baa218 0003ce8c
03bc0e78 00000260 a5 01 03baa1f8 03bc10d8 ffffff00 03bc0e98 000090d8
03bc10d8 00000260 a5 01 03bc0e78 03bc1338 ffffff00 03bc10f8 000090d8
03bc1338 000002c0 a5 01 03bc10d8 03bc15f8 ffffff00 03bc1358 000090d8
03bc15f8 00000240 cd 00 03bc1338 03bc1838 10000000 03bc1618 0007dd34
03bc1838 00000100 a5 01 03bc15f8 03bc1938 ffffff00 03bc1858 000375dc
03bc1938 00000400 a5 01 03bc1838 03bc1d38 ffffff00 03bc1958 0003762c
03bc1d38 00000400 a5 01 03bc1938 03bc2138 ffffff00 03bc1d58 00037678
03bc2138 00000060 a5 01 03bc1d38 03bc2198 ffffff00 03bc2158 000376c4
03bc2198 00000040 a5 01 03bc2138 03bc21d8 ffffff00 03bc21b8 00037710
03bc21d8 000befc0 cd 00 03bc2198 03c81198 ffffff00 03bc21f8 0003ce8c
03c81198 00002100 a5 01 03bc21d8 03c83298 ffffff00 03c811b8 000090d8
03c83298 00000f80 a5 01 03c81198 03c84218 ffffff00 03c832b8 000090d8
03c84218 000041c0 a5 01 03c83298 03c883d8 ffffff00 03c84238 000090d8
03c883d8 000041c0 a5 01 03c84218 03c8c598 ffffff00 03c883f8 000090d8
03c8c598 00002be0 a5 01 03c883d8 03c8f178 ffffff00 03c8c5b8 000090d8
03c8f178 0014cea0 cd 00 03c8c598 03b9c018 ffffff00 03c8f198 0003ce8c
MCB:19(15/4) MEM:00240000(0001d2e0/00222d20)
======== HuMem heap dump 03b9c018 end =====
======== HuMem heap dump 03f1c030 ========
MCB-----+Size----+MG+FL+Prev----+Next----+UNum----+Body----+Call----
03f1c030 00a80000 cd 00 03f1c030 03f1c030 10000000 03f1c050 00028070
MCB:1(0/1) MEM:00a80000(00000000/00a80000)
======== HuMem heap dump 03f1c030 end =====
======== HuMem heap dump 0499c03c ========
MCB-----+Size----+MG+FL+Prev----+Next----+UNum----+Body----+Call----
0499c03c 00175720 a5 01 04b1175c 04b1175c ffffff00 0499c05c 00010b1c
04b1175c 0040a8e0 cd 00 0499c03c 0499c03c bdbe92cf 04b1177c 00010b1c
MCB:2(1/1) MEM:00580000(00175720/0040a8e0)
======== HuMem heap dump 0499c03c end =====
objman>Used Memory Size:0001d2e0
objman>Used Memory Cnt:15
objman>Init esp
objman>Call objectsetup
DLLStart 3 0
Search:dll/instdll.rel
objdll>Link DLL:dll/instdll.rel
Rest Memory 40a8e0
===== DLL Module Info dump ====
                   ID:0x00000001
             LinkPrev:0x00000000
             LinkNext:0x00000000
          Section num:15
Section info tbl ofst:0x00000048
           nameOffset:0x00000000
             nameSize:47
              version:0x00000002
===============================
==== DLL Module Header dump ====
          bss Size:0x00000064
        rel Offset:0x00006aa8
        imp Offset:0x0000ad98
    prolog Section:1
    epilog Section:1
unresolved Section:0
       prolog func:0x00000000
       epilog func:0x00000054
   unresolved func:0x00000000
================================
objdll>LinkOK 03baa578 30200000
objdll> dll/instdll.rel prolog start
******* INST ObjectSetup *********
objman>InitObjMan start
objman>InitObjMan end
0
GroupSet 58
***********GroupSet Error 0
Rest Memory 3c3e80
objdll> dll/instdll.rel prolog end
objman>ObjectSetup end
port> frame 14136: overlay 3 (next -1) event 0
DLL DBG OUT
data num 890000
Rest Memory 3a9d80
ARAM data num 120006
data num 190000
Rest Memory 3b2000
data num 6c0000
Rest Memory 392340
data num 5e0000
Rest Memory 3ad3c0
port> stall: frame 14137 took 110 ms (game 110 gx 0 present 0 aud 0) [consumed] tex: 0 decoded (0 KB -> 0 KB) dec 0 up 0 hash 0 ms, 0 re-keyed; staged 0 (0 ms saved) claimed 0 unstaged 0; frees 38, dll 0 ms
port> stall: frame 14142 took 173 ms (game 10 gx 162 present 0 aud 0) tex: 53 decoded (861 KB -> 3710 KB) dec 64 up 14 hash 4 ms, 4 re-keyed; staged 0 (0 ms saved) claimed 0 unstaged 0; frees 0, dll 0 ms
port> status f14160   instdll      board 0 turn 1/1  mg 441 (m441dll)  coins/stars 13/0c 10/0c 10/0c 13/0c  aud 0.21 ms  speed 92%  22.0 fps presented  tex 180/15472 KB  rss 211 MB  res 112/256 MB  cpu 2  rt 13.6 ms dec 1.9+0.0  machine ok  ur 20
port> status f14220   instdll      board 0 turn 1/1  mg 441 (m441dll)  coins/stars 13/0c 10/0c 10/0c 13/0c  aud 0.21 ms  speed 110%  30.9 fps presented  tex 180/15472 KB  rss 211 MB  res 112/256 MB  cpu 2  rt 6.2 ms dec 4.5+0.0  machine ok  ur 20
port> status f14280   instdll      board 0 turn 1/1  mg 441 (m441dll)  coins/stars 13/0c 10/0c 10/0c 13/0c  aud 0.29 ms  speed 100%  29.0 fps presented  tex 185/16512 KB  rss 213 MB  res 112/256 MB  cpu 2  rt 7.7 ms dec 4.9+0.0  machine ok  ur 20
port> dvdheap: 1109854 bytes mode 0 num 0  caller 0xf224  caller2 0x30203508
Rest Memory 471080
port> status f14340   instdll      board 0 turn 1/1  mg 441 (m441dll)  coins/stars 13/0c 10/0c 10/0c 13/0c  aud 0.27 ms  speed 100%  30.0 fps presented  tex 186/16516 KB  rss 213 MB  res 112/256 MB  cpu 2  rt 7.8 ms dec 4.1+0.0  machine ok  ur 20
port> status f14400   instdll      board 0 turn 1/1  mg 441 (m441dll)  coins/stars 13/0c 10/0c 10/0c 13/0c  aud 0.33 ms  speed 100%  30.0 fps presented  tex 186/16516 KB  rss 213 MB  res 112/256 MB  cpu 2  rt 6.8 ms dec 5.1+0.0  machine ok  ur 20
port> status f14460   instdll      board 0 turn 1/1  mg 441 (m441dll)  coins/stars 13/0c 10/0c 10/0c 13/0c  aud 0.32 ms  speed 100%  30.0 fps presented  tex 186/16516 KB  rss 213 MB  res 112/256 MB  cpu 2  rt 7.1 ms dec 4.4+0.0  machine ok  ur 20
objman>Call New Ovl 49(1)
OvlKill 1
objdll>omDLLNumEnd 3 1
Search:dll/instdll.rel
+++++++++++ Find0: dll/instdll.rel
objdll>omDLLEnd 0 1
objdll>End DLL:dll/instdll.rel
odjdll>Unlink DLL:dll/instdll.rel
objdll>Unlink DLL epilog
objdll>Unlink DLL epilog finish
objdll>End DLL finish
port> frame 14470: overlay -1 (next 49) event 0
objman>Destory ObjMan
++++++++++++++++++++ Start New OVL 49 (EVT:0 STAT:0x00000000) ++++++++++++++++++
======== HuMem heap dump 03b9c018 ========
MCB-----+Size----+MG+FL+Prev----+Next----+UNum----+Body----+Call----
03b9c018 0000a020 a5 01 03c8f178 03ba6038 ffffff00 03b9c038 000088c4
03ba6038 000041c0 a5 01 03b9c018 03baa1f8 ffffff00 03ba6058 0003c558
03baa1f8 00016c80 cd 00 03ba6038 03bc0e78 ffffff00 03baa218 0003ce8c
03bc0e78 00000260 a5 01 03baa1f8 03bc10d8 ffffff00 03bc0e98 000090d8
03bc10d8 00000260 a5 01 03bc0e78 03bc1338 ffffff00 03bc10f8 000090d8
03bc1338 000002c0 a5 01 03bc10d8 03bc15f8 ffffff00 03bc1358 000090d8
03bc15f8 00000240 cd 00 03bc1338 03bc1838 10000000 03bc1618 0004465c
03bc1838 00000100 a5 01 03bc15f8 03bc1938 ffffff00 03bc1858 000375dc
03bc1938 00000400 a5 01 03bc1838 03bc1d38 ffffff00 03bc1958 0003762c
03bc1d38 00000400 a5 01 03bc1938 03bc2138 ffffff00 03bc1d58 00037678
03bc2138 00000060 a5 01 03bc1d38 03bc2198 ffffff00 03bc2158 000376c4
03bc2198 00000040 a5 01 03bc2138 03bc21d8 ffffff00 03bc21b8 00037710
03bc21d8 000befc0 cd 00 03bc2198 03c81198 ffffff00 03bc21f8 0003ce8c
03c81198 00002100 a5 01 03bc21d8 03c83298 ffffff00 03c811b8 000090d8
03c83298 00000f80 a5 01 03c81198 03c84218 ffffff00 03c832b8 000090d8
03c84218 000041c0 a5 01 03c83298 03c883d8 ffffff00 03c84238 000090d8
03c883d8 000041c0 a5 01 03c84218 03c8c598 ffffff00 03c883f8 000090d8
03c8c598 00002be0 a5 01 03c883d8 03c8f178 ffffff00 03c8c5b8 000090d8
03c8f178 0014cea0 cd 00 03c8c598 03b9c018 ffffff00 03c8f198 0004465c
MCB:19(15/4) MEM:00240000(0001d2e0/00222d20)
======== HuMem heap dump 03b9c018 end =====
======== HuMem heap dump 03f1c030 ========
MCB-----+Size----+MG+FL+Prev----+Next----+UNum----+Body----+Call----
03f1c030 00a80000 cd 00 03f1c030 03f1c030 10000000 03f1c050 00039248
MCB:1(0/1) MEM:00a80000(00000000/00a80000)
======== HuMem heap dump 03f1c030 end =====
======== HuMem heap dump 0499c03c ========
MCB-----+Size----+MG+FL+Prev----+Next----+UNum----+Body----+Call----
0499c03c 0010ef80 a5 01 04aaafbc 04aaafbc ffffff00 0499c05c 00010b1c
04aaafbc 00471080 cd 00 0499c03c 0499c03c 3e50ddc6 04aaafdc 00010b1c
MCB:2(1/1) MEM:00580000(0010ef80/00471080)
======== HuMem heap dump 0499c03c end =====
objman>Used Memory Size:0001d2e0
objman>Used Memory Cnt:15
objman>Init esp
objman>Call objectsetup
SOUND ##########################
##########################
DLLStart 49 0
Search:dll/m441dll.rel
objdll>Link DLL:dll/m441dll.rel
Rest Memory 471080
===== DLL Module Info dump ====
                   ID:0x00000001
             LinkPrev:0x00000000
             LinkNext:0x00000000
          Section num:15
Section info tbl ofst:0x00000048
           nameOffset:0x00000000
             nameSize:47
              version:0x00000002
===============================
==== DLL Module Header dump ====
          bss Size:0x00000204
        rel Offset:0x0000b3a4
        imp Offset:0x000118c4
    prolog Section:1
    epilog Section:1
unresolved Section:0
       prolog func:0x000023b4
       epilog func:0x00002408
   unresolved func:0x00000000
================================
objdll>LinkOK 03baa578 32e00000
objdll> dll/m441dll.rel prolog start
******* M441 ObjectSetup *********
objman>InitObjMan start
objman>InitObjMan end
objdll> dll/m441dll.rel prolog end
objman>ObjectSetup end
port> frame 14471: overlay 49 (next -1) event 0
port> mgdump: entered minigame m441dll (mg 441) at frame 14477; dumping 14777,15677; the run ends at 16277
DLL DBG OUT
data num 5e0000
Rest Memory 413b60
ARAM data num 120006
ARAM data num 610022
data num 6c0000
Rest Memory 380500
data num 190000
Rest Memory 327c20
data num 890000
Rest Memory 2c70c0
port> stall: frame 14472 took 369 ms (game 295 gx 73 present 0 aud 0) tex: 39 decoded (390 KB -> 717 KB) dec 10 up 0 hash 3 ms, 17 re-keyed; staged 0 (0 ms saved) claimed 0 unstaged 0; frees 53, dll 0 ms
port> status f14520   m441dll      board 0 turn 1/1  mg 441 (m441dll)  coins/stars 13/0c 10/0c 10/0c 13/0c  aud 0.29 ms  speed 99%  15.8 fps presented  tex 228/18278 KB  rss 216 MB  res 112/256 MB  cpu 2  rt 17.2 ms dec 8.1+0.0  machine ok  ur 20
port> status f14580   m441dll      board 0 turn 1/1  mg 441 (m441dll)  coins/stars 13/0c 10/0c 10/0c 13/0c  aud 0.12 ms  speed 101%  30.3 fps presented  tex 228/18278 KB  rss 216 MB  res 112/256 MB  cpu 2  rt 17.6 ms dec 7.7+0.0  machine ok  ur 20
//////////////////////////////////
sndDist 10000.000000
sndSpeed 36000.000000
startDis 0.000000
frontSurDis 300.000000
backSurDis 300.000000
//////////////////////////////////
port> status f14640   m441dll      board 0 turn 1/1  mg 441 (m441dll)  coins/stars 13/0c 10/0c 10/0c 13/0c  aud 0.11 ms  speed 100%  30.0 fps presented  tex 228/18278 KB  rss 216 MB  res 112/256 MB  cpu 2  rt 18.3 ms dec 7.9+0.0  machine ok  ur 20
#########SE Entry Error<SE 1814:ErrorNo -33>
#########SE Entry Error<SE 1814:ErrorNo -33>
port> status f14700   m441dll      board 0 turn 1/1  mg 441 (m441dll)  coins/stars 13/0c 10/0c 10/0c 13/0c  aud 0.12 ms  speed 98%  26.5 fps presented  tex 229/18282 KB  rss 216 MB  res 112/256 MB  cpu 2  rt 21.4 ms dec 8.4+0.0  machine ok  ur 20
#########SE Entry Error<SE 1814:ErrorNo -33>
#########SE Entry Error<SE 1814:ErrorNo -33>
port> status f14760   m441dll      board 0 turn 1/1  mg 441 (m441dll)  coins/stars 13/0c 10/0c 10/0c 13/0c  aud 0.10 ms  speed 102%  24.4 fps presented  tex 229/18282 KB  rss 217 MB  res 112/256 MB  cpu 2  rt 19.6 ms dec 14.0+0.0  machine ok  ur 20
port> --dumpframe: wrote /Users/zach/fps-board-m48/m441/frame-14777.ppm
port> stall: frame 14777 took 164 ms (game 19 gx 28 present 117 aud 0) tex: 6 decoded (18 KB -> 73 KB) dec 1 up 1 hash 0 ms, 0 re-keyed; staged 0 (0 ms saved) claimed 0 unstaged 0; frees 0, dll 0 ms
port> status f14820   m441dll      board 0 turn 1/1  mg 441 (m441dll)  coins/stars 13/0c 10/0c 10/0c 13/0c  aud 0.05 ms  speed 98%  16.6 fps presented  tex 235/18378 KB  rss 220 MB  res 112/256 MB  cpu 2  rt 47.0 ms dec 8.6+5.3  machine ok  ur 20
port> status f14880   m441dll      board 0 turn 1/1  mg 441 (m441dll)  coins/stars 13/0c 10/0c 10/0c 13/0c  aud 0.11 ms  speed 101%  27.3 fps presented  tex 235/18378 KB  rss 220 MB  res 112/256 MB  cpu 2  rt 22.8 ms dec 10.5+0.0  machine ok  ur 20
port> status f14940   m441dll      board 0 turn 1/1  mg 441 (m441dll)  coins/stars 13/0c 10/0c 10/0c 13/0c  aud 0.17 ms  speed 101%  30.3 fps presented  tex 235/18378 KB  rss 220 MB  res 112/256 MB  cpu 2  rt 20.0 ms dec 9.5+0.0  machine ok  ur 20
#########SE Entry Error<SE 1814:ErrorNo -33>
#########SE Entry Error<SE 1814:ErrorNo -33>
port> status f15000   m441dll      board 0 turn 1/1  mg 441 (m441dll)  coins/stars 13/0c 10/0c 10/0c 13/0c  aud 0.37 ms  speed 99%  25.8 fps presented  tex 238/18506 KB  rss 220 MB  res 112/256 MB  cpu 2  rt 22.1 ms dec 9.5+0.0  machine ok  ur 20
port> status f15060   m441dll      board 0 turn 1/1  mg 441 (m441dll)  coins/stars 13/0c 10/0c 10/0c 13/0c  aud 0.37 ms  speed 101%  27.3 fps presented  tex 238/18506 KB  rss 220 MB  res 112/256 MB  cpu 2  rt 19.2 ms dec 9.8+0.0  machine ok  ur 20
port> status f15120   m441dll      board 0 turn 1/1  mg 441 (m441dll)  coins/stars 13/0c 10/0c 10/0c 13/0c  aud 0.38 ms  speed 99%  25.8 fps presented  tex 238/18506 KB  rss 220 MB  res 112/256 MB  cpu 2  rt 18.4 ms dec 6.4+0.0  machine ok  ur 20
port> status f15180   m441dll      board 0 turn 1/1  mg 441 (m441dll)  coins/stars 13/0c 10/0c 10/0c 13/0c  aud 0.40 ms  speed 99%  26.8 fps presented  tex 238/18506 KB  rss 220 MB  res 112/256 MB  cpu 2  rt 23.1 ms dec 9.3+0.0  machine ok  ur 20
port> status f15240   m441dll      board 0 turn 1/1  mg 441 (m441dll)  coins/stars 13/0c 10/0c 10/0c 13/0c  aud 0.41 ms  speed 97%  25.3 fps presented  tex 238/18506 KB  rss 220 MB  res 112/256 MB  cpu 2  rt 21.4 ms dec 9.9+0.0  machine ok  ur 20
port> status f15300   m441dll      board 0 turn 1/1  mg 441 (m441dll)  coins/stars 13/0c 10/0c 10/0c 13/0c  aud 0.42 ms  speed 103%  25.8 fps presented  tex 238/18506 KB  rss 220 MB  res 112/256 MB  cpu 2  rt 22.1 ms dec 9.6+0.0  machine ok  ur 20
port> status f15360   m441dll      board 0 turn 1/1  mg 441 (m441dll)  coins/stars 13/0c 10/0c 10/0c 13/0c  aud 0.39 ms  speed 101%  26.1 fps presented  tex 238/18506 KB  rss 220 MB  res 112/256 MB  cpu 2  rt 21.0 ms dec 9.5+0.0  machine ok  ur 20
port> status f15420   m441dll      board 0 turn 1/1  mg 441 (m441dll)  coins/stars 13/0c 10/0c 10/0c 13/0c  aud 0.41 ms  speed 99%  24.7 fps presented  tex 238/18506 KB  rss 221 MB  res 112/256 MB  cpu 2  rt 20.8 ms dec 7.2+0.0  machine ok  ur 20
port> status f15480   m441dll      board 0 turn 1/1  mg 441 (m441dll)  coins/stars 13/0c 10/0c 10/0c 13/0c  aud 0.38 ms  speed 102%  26.4 fps presented  tex 238/18506 KB  rss 221 MB  res 112/256 MB  cpu 2  rt 23.4 ms dec 9.3+0.0  machine ok  ur 20
port> status f15540   m441dll      board 0 turn 1/1  mg 441 (m441dll)  coins/stars 13/0c 10/0c 10/0c 13/0c  aud 0.38 ms  speed 100%  24.9 fps presented  tex 238/18506 KB  rss 221 MB  res 112/256 MB  cpu 2  rt 18.2 ms dec 6.5+0.0  machine ok  ur 20
port> status f15600   m441dll      board 0 turn 1/1  mg 441 (m441dll)  coins/stars 13/0c 10/0c 10/0c 13/0c  aud 0.41 ms  speed 101%  27.1 fps presented  tex 238/18506 KB  rss 221 MB  res 112/256 MB  cpu 2  rt 17.8 ms dec 6.3+0.0  machine ok  ur 20
port> status f15660   m441dll      board 0 turn 1/1  mg 441 (m441dll)  coins/stars 13/0c 10/0c 10/0c 13/0c  aud 0.38 ms  speed 99%  25.7 fps presented  tex 238/18506 KB  rss 221 MB  res 112/256 MB  cpu 2  rt 18.9 ms dec 6.2+0.0  machine ok  ur 20
port> --dumpframe: wrote /Users/zach/fps-board-m48/m441/frame-15677.ppm
port> status f15720   m441dll      board 0 turn 1/1  mg 441 (m441dll)  coins/stars 13/0c 10/0c 10/0c 13/0c  aud 0.37 ms  speed 100%  23.0 fps presented  tex 238/18506 KB  rss 221 MB  res 112/256 MB  cpu 2  rt 18.5 ms dec 6.2+0.0  machine ok  ur 20
port> status f15780   m441dll      board 0 turn 1/1  mg 441 (m441dll)  coins/stars 13/0c 10/0c 10/0c 13/0c  aud 0.33 ms  speed 100%  26.9 fps presented  tex 238/18506 KB  rss 221 MB  res 112/256 MB  cpu 2  rt 20.8 ms dec 10.0+0.0  machine ok  ur 20
port> status f15840   m441dll      board 0 turn 1/1  mg 441 (m441dll)  coins/stars 13/0c 10/0c 10/0c 13/0c  aud 0.41 ms  speed 100%  27.1 fps presented  tex 238/18506 KB  rss 221 MB  res 112/256 MB  cpu 2  rt 24.2 ms dec 9.9+0.0  machine ok  ur 20
port> status f15900   m441dll      board 0 turn 1/1  mg 441 (m441dll)  coins/stars 13/0c 10/0c 10/0c 13/0c  aud 0.51 ms  speed 99%  24.8 fps presented  tex 238/18506 KB  rss 221 MB  res 112/256 MB  cpu 2  rt 17.1 ms dec 6.2+0.0  machine ok  ur 20
port> status f15960   m441dll      board 0 turn 1/1  mg 441 (m441dll)  coins/stars 13/0c 10/0c 10/0c 13/0c  aud 0.45 ms  speed 99%  26.8 fps presented  tex 238/18506 KB  rss 221 MB  res 112/256 MB  cpu 2  rt 19.4 ms dec 9.4+0.0  machine ok  ur 20
port> status f16020   m441dll      board 0 turn 1/1  mg 441 (m441dll)  coins/stars 13/0c 10/0c 10/0c 13/0c  aud 0.43 ms  speed 102%  26.4 fps presented  tex 238/18506 KB  rss 221 MB  res 112/256 MB  cpu 2  rt 22.7 ms dec 10.3+0.0  machine ok  ur 20
port> status f16080   m441dll      board 0 turn 1/1  mg 441 (m441dll)  coins/stars 13/0c 10/0c 10/0c 13/0c  aud 0.48 ms  speed 100%  25.9 fps presented  tex 238/18506 KB  rss 221 MB  res 112/256 MB  cpu 2  rt 22.0 ms dec 10.4+0.0  machine ok  ur 20
port> status f16140   m441dll      board 0 turn 1/1  mg 441 (m441dll)  coins/stars 13/0c 10/0c 10/0c 13/0c  aud 0.49 ms  speed 99%  24.6 fps presented  tex 238/18506 KB  rss 221 MB  res 112/256 MB  cpu 2  rt 21.4 ms dec 9.2+0.0  machine ok  ur 20
port> status f16200   m441dll      board 0 turn 1/1  mg 441 (m441dll)  coins/stars 13/0c 10/0c 10/0c 13/0c  aud 0.46 ms  speed 101%  26.1 fps presented  tex 238/18506 KB  rss 221 MB  res 112/256 MB  cpu 2  rt 20.2 ms dec 9.6+0.0  machine ok  ur 20
port> status f16260   m441dll      board 0 turn 1/1  mg 441 (m441dll)  coins/stars 13/0c 10/0c 10/0c 13/0c  aud 0.46 ms  speed 100%  24.9 fps presented  tex 238/18506 KB  rss 221 MB  res 112/256 MB  cpu 2  rt 17.4 ms dec 6.2+0.0  machine ok  ur 20

port> --frames 16277 reached: 16277 retraces in 94.81 s wall (game clock 271.55 s)
port> tev: konst collision (two constants in one stage): 0 of 356362 draws carry one, in 0 distinct configs (PLAN.md 31.4)
port> tev: 16539 hilite stage emissions folded into the specular colour sum (PLAN.md 36)
port> tev: 39735 unit emissions through the register rewrite (PLAN.md 31.3), 0 stage emissions still folding a register write to PREV
port> --perfdump: 16276 frames written to /Users/zach/fps-board-m48/m441.csv

---- --perf: 16276 frames ----
  game     mean   4.60  median   4.24  p95  11.65  worst 341.31 ms
  gx       mean   0.75  median   0.07  p95   7.52  worst 383.52 ms
  present  mean   0.04  median   0.00  p95   0.34  worst 116.75 ms
  aud      mean   0.24  median   0.25  p95   0.44  worst   2.54 ms
  frame    mean   5.63  median   4.57  p95  19.65  worst 407.33 ms
  budget   16.68 ms/frame at 59.94 Hz; 847 of 16276 frames over it (5.2%)
  clocks   game 271.54 s vs wall 95.18 s -- ratio 0.351  (keeping up)
  fps      171.0 effective

---- --realtime: 2273 paced retraces ----
  clocks   game 37.92 s vs wall 38.36 s -- speed 98.9%
  present  980 drawn of 2273 (56.9% skipped), 25.5 presented fps, 21 forced by the skip cap, 2 by --dumpframe
  late     worst 390.4 ms behind the schedule; 0 resync(s) dropping 0.00 s of game time
  rt       16 frame(s) consumed because the render thread was still busy past --rtgate 4 ms

port> MusyX: 54297 frames of 160 samples mixed (271.49 s of audio) over 16273 retraces
port> audio: first sound at retrace 726; Dolphin's own DSP dump of the same boot starts at 10.95 s = retrace ~656
port> musyx_mix: 54297 frames mixed, 12862 voices started, 9268 voices ended, peak |sample| 32767 (near full scale), 0 clamped ARAM reads, 28 max concurrent voices (of 50 allocated)
port> musyx_mix: resampler linear, depop on; 5394 voice(s) cut mid-frame
port> musyx_mix: 673 start(s) refused by start_voice_init (a zero-length one-shot, an envelope done at once, an unreadable sample); the slot's entry cleared on both halves (M25)
port> musyx_mix: --perf: mean 366.2 us/frame, worst 1939.7 us/frame, over 54297 timed frames
port> musyx_mix: split frames: 54297 control halves on the game thread, 54297 value halves (19881 ms), 16285 joins, 0 position mismatches
port> audio: M24 mixer job: 16273 ticks split (162891 steps), 0 ticks fused for a MEM1/vsample voice, 0 poisoned mid-tick, 0 out of pool, 0 jobs run at submit, 22 jobs finished mid-tick (ARAM writes)
port> musyx_aram: samples stored 690 (10511 KB), removed 188, refused 0
port> musyx_aram: region=[0x000000,0x800000) (8388608 bytes) zero_buf=[0x000000,0x000500) initialized=1
port> musyx_aram: sample heap write=0x642340 high_water=0x6de860 (7201632 bytes at peak), stream cursor=0x7ee200
port> musyx_aram: stream buffers active=2 peak=2 of 64 slots
port> musyx_aram: bytes uploaded=11797216 -- rejected: store=0 stream=0 upload=0, remove mismatches=0
port> audio out: 96.72 s queued, 5949 callbacks, peak L 32767 R 32767 (of 32767)
port> audio out: 20 underrun(s) totalling 302.0 ms, 174768.0 ms dropped to overrun
port> audio out: (the ring tracks the frame rate: audio is paced by the
port>             retrace, so under 60 fps it starves and under --turbo it
port>             overruns.  --wav is written before the ring and is whole.)
port> OS clock: 10986975000 ticks in 95.60 s = 114.924 MHz (console 40.500)  *** WRONG
port> decode jobs (M43): 53001531 vertices; specialised 100.0%, the walker's by pick_fast's first failed test:
port> vcache (M40, auto): 198767 list calls (78905 left to the ring as animated), 119862 primitives, 4579602 vertices; 112734 hits (3900732 vertices, 85.2%; per drawn frame 92.5% over 194 frames)
port> vcache (M44): 13 positions refreshes (195 vertices): stored runs whose position array alone had moved, copied and their positions decoded again
port> vcache (M45): on the frames the auto keyed off, 0 lists looked up refresh-only, 0 refreshes served there (--novcposoff)
port> vcache: misses -- new 1656 (117468 v), plan changed 414 (27690 v), arrays changed 5045 (533517 v), list bytes changed 0 lists; ineligible 0 (0 v, skinned/palette/premerge); not stored (region full this frame) 0 (0 v); stored 432777 v
port> vcache: auto keyed 194 drawn frame(s), left 784 to the decode (fit 28.0 ms); 53590 list hash(es) memoised, 192362 memo end(s) leaving module code
port> vcache (M47): the skin body named its arrays 0 times (0 scans), 0 array memos ended by them (--oldvcskin: every memo, the epoch)
port> vcache: hashed 1.1 MB of lists and 38.0 MB of arrays (0.2 KB a list call); 801 ms keying on the game thread (sampled 1 in 8: lists 401, hits 279, misses 122); region 8192 KB, peak 8189 KB, 1 reset(s), 0 cooldown(s); 445 entries, 726 arrays live, 0 clear(s)
port> GX draw: 2079790 primitives, 65058661 vertices, 527840 glDrawArrays, 2325572 display lists replayed
port> GX draw: M44 layout memo: 568669 primitives kept the last one's, 1511121 settled anew
port> GX draw: 53331021 vertices through the specialised decode loops (82.0%)
port> GX draw: M29: 764427 display-list runs (53001531 vertices, 81.5%) handed to the render thread's decode, 0 runs decoded here instead, 7641 kept here by --rtdecode auto (M33)
port> GX draw: 0 primitive(s) off-world (|position matrix translation| over 10000)
port> skin: deferred CPU skinning; EnvelopeProc 96313 calls: 96313 deferred, 0 run by the game; 31 HSFs registered (0 rebuilt); 10425 deferred bodies run at the draw (3072 of them at the array bind), 690483 syncs skipped on consumed frames; palette: 96313 bone syncs, 0 pose builds
port> skin: lifetime: 23 entries dropped by the game's frees, 0 guard hits (must be 0); signatures: 401 full, 95912 by the pointers alone (M47)
port> GL state: 1137274 calls emitted, 7663428 elided (87.1% of 8800702)
port> texture cache: 166423 hits, 238 misses, 0 re-uploads, 238 entries, 11589 KB decoded, 79 padded to a power of two, 18506 KB held by GL
port> texture budget: 40 MB; 0 evictions (0 KB) to stay under it
port> texture decode (M23): 236 decodes, 160 ms decoding, 82 ms uploading, 321 ms hashing; 2 frames over 20 ms of it; 28 re-keyed by content (2720 KB not decoded again)
port> texture dirty ranges (M35): 346298 DC store/flush calls, 186 entries marked, 0 hashed clean, 0 decoded again; 294148 calls touched no texture page (M41)
port> texture hash: 19598 KB hashed in full, 33881 KB sampled, 61779 revalidations (of 166661 binds)
port> EFB copies: 926 colour copies into the cache (on consumed frames from the front buffer: 0 whole-screen, 0 region; 1207 clear-after copies kept from the last drawn frame, M21; 926 half-scale copies kept at source size, M23)
port> indirect tiling: 9 composed backgrounds, 674 cache hits

port> render thread: mode 3 (thread, overlapped)
  stream   3541814 records, 204795 KB (59 B/record); 982 frames presented, peak 269 KB a frame; 0 KB of payload copies; 247 names handed out; 247 owned uploads freed
  replay   18559 ms in all; per presented frame mean 18.90 ms, worst 316.8 ms (982 frames); present tail (swap executed - swap recorded) mean 5.3 ms, worst 31.5 ms
  decode   764427 runs recorded, 764427 decoded ahead by the decode cursor, 0 by the replay (late); 53001531 vertices; 7601 ms in all, per presented frame mean 7.74 ms, worst 20.1 ms (--rtdecode 3)
  auto     14984 drawn frames planned, 24 split (share mean 0.36, max 0.75); 329490 vertices decoded on the game thread (59 ms) vs 53001531 on the render thread; last plan: game 25.7 + consumed 6.1 vs replay 19.6 + decode 10.0 -> 0.0 ms moved (--rtdecode auto, fit 30 ms, max share 0.75)
  gate     879 drained, 77 waited (166 ms, worst 8.0 ms), 16 busy (the frame was consumed instead)
  ring     0 reuse waits for the issue, 0 for the GPU (0 ms, worst 0.0 ms); stream full 0 times (0 ms); reader slept 4360 times, woken 12733
  join     retrace                  16277 (148 ms, worst 23.3 ms)
  join     ClusterProc range        513 (0 ms, worst 0.0 ms)
  join     call                     32 (276 ms, worst 76.7 ms)
  join     gate (forced frame)      24 (1 ms, worst 0.8 ms)
  join     skin body                9884 (3 ms, worst 3.1 ms)
  join     skin free                7 (0 ms, worst 0.0 ms)
  join     glReadPixels             2 (140 ms, worst 100.1 ms)
  join     shutdown                 1 (0 ms, worst 0.0 ms)
  rewrite  513 buffer range(s) named by ClusterProc/ShapeProc (M43): 0 free at once, 513 waited for their pages' records; 1357 record array(s) outside MEM1
  fences   the ring's chunks by epoch: the writer waited 0 time(s) for the GPU (the `ring' line above); the reader tests pending fences after every present, every 256 records and while idle
port> DVD: 159 reads, 42721389 bytes, 10 ms in reads, 0 over 100 ms

port> loader (M36): prefetch on, 99 jobs, 94 files read ahead (5 skipped as resident), 113.0 MB in 1215 ms off the game thread (worst 396 ms); 0 inline slices on one CPU (0 ms)
port> loader: disk reads after a prefetch of the same file: 0, 0 of them over 100 ms
port> loader: resident set 256 MB: 85 files held (112 MB, 73 of them from the list), 154 reads (40.0 MB) served from memory, 5 (0.8 MB, 10 ms) from the disk, 5 adopted from the game's own reads, 0 evicted (0.0 MB); mlock allowed (112 MB locked)
port> THP: 3 movie(s) skipped, first movie/opmov_a00.thp
port> CARD: 0 reads, 1 writes, 1 files created, 0 deleted, 3 image flushes, 57 of 59 blocks free
port> CARD: flushes on a thread (M29): 9 ms on the game thread in all, 72 ms behind it (worst 51 ms); 0 flush(es) waited for the previous one (0 ms)
port> CARD: M40: 2 flush(es) found the writer busy and left their image for it (1 replaced by a newer one before it started)
port> REL bundles: 6 loads, 5 unloads, 0 re-entries, 0 modules dlclose would not unload

port> cpu 2: workers on
port> workers: the game thread's FPSCR adopted 14579 time(s) (the GL driver's FPU mode, for the reverb's floats)
port> worker mixer   16263 jobs: 16259 finished by the worker, 4 late (run inline by the game thread, 3 ms), 777 waited for (366 ms, worst 2.0 ms); 20818 ms of work on the second core
port> sincos memo: 9131246 hits, 3286281 misses (73.5% hit)
port> fast sin/cos (M42): 3284113 pairs without libm, 2168 through libm
port> rotation memo (M42): mtxRot 377883 hits / 157708 misses, mtxRotCat 1240230 hits / 583734 misses
port> motion exec (M42): 368655 calls through the port's body
port> vertex rewriters (M43): 513 ClusterProc, 0 ShapeProc calls, 513 ranges named; the joins are the render thread's report (precise)
port> write barrier (M42, --wbpart: the ends' partial pages too): 869 pages armed in 491 calls, 467 faults (199 pages hot), 256 disarmed by kernel writes/frees; arrays clean 149012 (75626 by their ends' hash) / written 259, 42.6 MB of hashing skipped
port> material walk on consumed frames: skipped; 10329596 faces skipped, 2306295 material changes (1977968 Hu3DLightSet, 2655 Hu3DAnimSet kept)
port> sparse concats (bone walk): 16830763 sparse, 0 general
port> sqrtf: 0 through frsqrte, 12165979 through libm (--nofastsqrt)
port> soft-reset watcher: running, body polled 16273 times

---- SDK surface hit at boot: 0 distinct stubs, in first-call order ----
---- 0 stub calls total ----
